23:40:33 **** Build of configuration GOS2022_minimal_example for project GOS2022 ****
make -j8 all 
arm-none-eabi-gcc "../os/services/src/gos.c" -mcpu=cortex-m4 -std=c99 -g3 -DSTM32F446xx -DDEBUG -DGOS2022_MINIMAL_EXAMPLE -c -I"C:/Users/Gabor/Documents/GitHub/GOS2022/1_Examples/GOS2022/os/services/inc" -I"C:/Users/Gabor/Documents/GitHub/GOS2022/1_Examples/GOS2022/os/kernel/inc" -I"C:/Users/Gabor/Documents/GitHub/GOS2022/1_Examples/GOS2022/os/driver/inc" -O0 -ffunction-sections -fdata-sections -Wall -fstack-usage -fcyclomatic-complexity -MMD -MP -MF"os/services/src/gos.d" -MT"os/services/src/gos.o" --specs=nano.specs -mfpu=fpv4-sp-d16 -mfloat-abi=hard -mthumb -o "os/services/src/gos.o"
arm-none-eabi-gcc "../os/services/src/gos_error.c" -mcpu=cortex-m4 -std=c99 -g3 -DSTM32F446xx -DDEBUG -DGOS2022_MINIMAL_EXAMPLE -c -I"C:/Users/Gabor/Documents/GitHub/GOS2022/1_Examples/GOS2022/os/services/inc" -I"C:/Users/Gabor/Documents/GitHub/GOS2022/1_Examples/GOS2022/os/kernel/inc" -I"C:/Users/Gabor/Documents/GitHub/GOS2022/1_Examples/GOS2022/os/driver/inc" -O0 -ffunction-sections -fdata-sections -Wall -fstack-usage -fcyclomatic-complexity -MMD -MP -MF"os/services/src/gos_error.d" -MT"os/services/src/gos_error.o" --specs=nano.specs -mfpu=fpv4-sp-d16 -mfloat-abi=hard -mthumb -o "os/services/src/gos_error.o"
arm-none-eabi-gcc "../os/services/src/gos_gcp.c" -mcpu=cortex-m4 -std=c99 -g3 -DSTM32F446xx -DDEBUG -DGOS2022_MINIMAL_EXAMPLE -c -I"C:/Users/Gabor/Documents/GitHub/GOS2022/1_Examples/GOS2022/os/services/inc" -I"C:/Users/Gabor/Documents/GitHub/GOS2022/1_Examples/GOS2022/os/kernel/inc" -I"C:/Users/Gabor/Documents/GitHub/GOS2022/1_Examples/GOS2022/os/driver/inc" -O0 -ffunction-sections -fdata-sections -Wall -fstack-usage -fcyclomatic-complexity -MMD -MP -MF"os/services/src/gos_gcp.d" -MT"os/services/src/gos_gcp.o" --specs=nano.specs -mfpu=fpv4-sp-d16 -mfloat-abi=hard -mthumb -o "os/services/src/gos_gcp.o"
arm-none-eabi-gcc "../os/services/src/gos_message.c" -mcpu=cortex-m4 -std=c99 -g3 -DSTM32F446xx -DDEBUG -DGOS2022_MINIMAL_EXAMPLE -c -I"C:/Users/Gabor/Documents/GitHub/GOS2022/1_Examples/GOS2022/os/services/inc" -I"C:/Users/Gabor/Documents/GitHub/GOS2022/1_Examples/GOS2022/os/kernel/inc" -I"C:/Users/Gabor/Documents/GitHub/GOS2022/1_Examples/GOS2022/os/driver/inc" -O0 -ffunction-sections -fdata-sections -Wall -fstack-usage -fcyclomatic-complexity -MMD -MP -MF"os/services/src/gos_message.d" -MT"os/services/src/gos_message.o" --specs=nano.specs -mfpu=fpv4-sp-d16 -mfloat-abi=hard -mthumb -o "os/services/src/gos_message.o"
arm-none-eabi-gcc "../os/services/src/gos_mutex.c" -mcpu=cortex-m4 -std=c99 -g3 -DSTM32F446xx -DDEBUG -DGOS2022_MINIMAL_EXAMPLE -c -I"C:/Users/Gabor/Documents/GitHub/GOS2022/1_Examples/GOS2022/os/services/inc" -I"C:/Users/Gabor/Documents/GitHub/GOS2022/1_Examples/GOS2022/os/kernel/inc" -I"C:/Users/Gabor/Documents/GitHub/GOS2022/1_Examples/GOS2022/os/driver/inc" -O0 -ffunction-sections -fdata-sections -Wall -fstack-usage -fcyclomatic-complexity -MMD -MP -MF"os/services/src/gos_mutex.d" -MT"os/services/src/gos_mutex.o" --specs=nano.specs -mfpu=fpv4-sp-d16 -mfloat-abi=hard -mthumb -o "os/services/src/gos_mutex.o"
arm-none-eabi-gcc "../os/services/src/gos_queue.c" -mcpu=cortex-m4 -std=c99 -g3 -DSTM32F446xx -DDEBUG -DGOS2022_MINIMAL_EXAMPLE -c -I"C:/Users/Gabor/Documents/GitHub/GOS2022/1_Examples/GOS2022/os/services/inc" -I"C:/Users/Gabor/Documents/GitHub/GOS2022/1_Examples/GOS2022/os/kernel/inc" -I"C:/Users/Gabor/Documents/GitHub/GOS2022/1_Examples/GOS2022/os/driver/inc" -O0 -ffunction-sections -fdata-sections -Wall -fstack-usage -fcyclomatic-complexity -MMD -MP -MF"os/services/src/gos_queue.d" -MT"os/services/src/gos_queue.o" --specs=nano.specs -mfpu=fpv4-sp-d16 -mfloat-abi=hard -mthumb -o "os/services/src/gos_queue.o"
arm-none-eabi-gcc "../os/services/src/gos_shell.c" -mcpu=cortex-m4 -std=c99 -g3 -DSTM32F446xx -DDEBUG -DGOS2022_MINIMAL_EXAMPLE -c -I"C:/Users/Gabor/Documents/GitHub/GOS2022/1_Examples/GOS2022/os/services/inc" -I"C:/Users/Gabor/Documents/GitHub/GOS2022/1_Examples/GOS2022/os/kernel/inc" -I"C:/Users/Gabor/Documents/GitHub/GOS2022/1_Examples/GOS2022/os/driver/inc" -O0 -ffunction-sections -fdata-sections -Wall -fstack-usage -fcyclomatic-complexity -MMD -MP -MF"os/services/src/gos_shell.d" -MT"os/services/src/gos_shell.o" --specs=nano.specs -mfpu=fpv4-sp-d16 -mfloat-abi=hard -mthumb -o "os/services/src/gos_shell.o"
arm-none-eabi-gcc "../os/services/src/gos_signal.c" -mcpu=cortex-m4 -std=c99 -g3 -DSTM32F446xx -DDEBUG -DGOS2022_MINIMAL_EXAMPLE -c -I"C:/Users/Gabor/Documents/GitHub/GOS2022/1_Examples/GOS2022/os/services/inc" -I"C:/Users/Gabor/Documents/GitHub/GOS2022/1_Examples/GOS2022/os/kernel/inc" -I"C:/Users/Gabor/Documents/GitHub/GOS2022/1_Examples/GOS2022/os/driver/inc" -O0 -ffunction-sections -fdata-sections -Wall -fstack-usage -fcyclomatic-complexity -MMD -MP -MF"os/services/src/gos_signal.d" -MT"os/services/src/gos_signal.o" --specs=nano.specs -mfpu=fpv4-sp-d16 -mfloat-abi=hard -mthumb -o "os/services/src/gos_signal.o"
arm-none-eabi-gcc "../os/services/src/gos_sysmon.c" -mcpu=cortex-m4 -std=c99 -g3 -DSTM32F446xx -DDEBUG -DGOS2022_MINIMAL_EXAMPLE -c -I"C:/Users/Gabor/Documents/GitHub/GOS2022/1_Examples/GOS2022/os/services/inc" -I"C:/Users/Gabor/Documents/GitHub/GOS2022/1_Examples/GOS2022/os/kernel/inc" -I"C:/Users/Gabor/Documents/GitHub/GOS2022/1_Examples/GOS2022/os/driver/inc" -O0 -ffunction-sections -fdata-sections -Wall -fstack-usage -fcyclomatic-complexity -MMD -MP -MF"os/services/src/gos_sysmon.d" -MT"os/services/src/gos_sysmon.o" --specs=nano.specs -mfpu=fpv4-sp-d16 -mfloat-abi=hard -mthumb -o "os/services/src/gos_sysmon.o"
arm-none-eabi-gcc "../os/services/src/gos_time.c" -mcpu=cortex-m4 -std=c99 -g3 -DSTM32F446xx -DDEBUG -DGOS2022_MINIMAL_EXAMPLE -c -I"C:/Users/Gabor/Documents/GitHub/GOS2022/1_Examples/GOS2022/os/services/inc" -I"C:/Users/Gabor/Documents/GitHub/GOS2022/1_Examples/GOS2022/os/kernel/inc" -I"C:/Users/Gabor/Documents/GitHub/GOS2022/1_Examples/GOS2022/os/driver/inc" -O0 -ffunction-sections -fdata-sections -Wall -fstack-usage -fcyclomatic-complexity -MMD -MP -MF"os/services/src/gos_time.d" -MT"os/services/src/gos_time.o" --specs=nano.specs -mfpu=fpv4-sp-d16 -mfloat-abi=hard -mthumb -o "os/services/src/gos_time.o"
arm-none-eabi-gcc "../os/services/src/gos_trace.c" -mcpu=cortex-m4 -std=c99 -g3 -DSTM32F446xx -DDEBUG -DGOS2022_MINIMAL_EXAMPLE -c -I"C:/Users/Gabor/Documents/GitHub/GOS2022/1_Examples/GOS2022/os/services/inc" -I"C:/Users/Gabor/Documents/GitHub/GOS2022/1_Examples/GOS2022/os/kernel/inc" -I"C:/Users/Gabor/Documents/GitHub/GOS2022/1_Examples/GOS2022/os/driver/inc" -O0 -ffunction-sections -fdata-sections -Wall -fstack-usage -fcyclomatic-complexity -MMD -MP -MF"os/services/src/gos_trace.d" -MT"os/services/src/gos_trace.o" --specs=nano.specs -mfpu=fpv4-sp-d16 -mfloat-abi=hard -mthumb -o "os/services/src/gos_trace.o"
arm-none-eabi-gcc "../os/services/src/gos_trigger.c" -mcpu=cortex-m4 -std=c99 -g3 -DSTM32F446xx -DDEBUG -DGOS2022_MINIMAL_EXAMPLE -c -I"C:/Users/Gabor/Documents/GitHub/GOS2022/1_Examples/GOS2022/os/services/inc" -I"C:/Users/Gabor/Documents/GitHub/GOS2022/1_Examples/GOS2022/os/kernel/inc" -I"C:/Users/Gabor/Documents/GitHub/GOS2022/1_Examples/GOS2022/os/driver/inc" -O0 -ffunction-sections -fdata-sections -Wall -fstack-usage -fcyclomatic-complexity -MMD -MP -MF"os/services/src/gos_trigger.d" -MT"os/services/src/gos_trigger.o" --specs=nano.specs -mfpu=fpv4-sp-d16 -mfloat-abi=hard -mthumb -o "os/services/src/gos_trigger.o"
arm-none-eabi-gcc "../os/kernel/src/gos_kernel.c" -mcpu=cortex-m4 -std=c99 -g3 -DSTM32F446xx -DDEBUG -DGOS2022_MINIMAL_EXAMPLE -c -I"C:/Users/Gabor/Documents/GitHub/GOS2022/1_Examples/GOS2022/os/services/inc" -I"C:/Users/Gabor/Documents/GitHub/GOS2022/1_Examples/GOS2022/os/kernel/inc" -I"C:/Users/Gabor/Documents/GitHub/GOS2022/1_Examples/GOS2022/os/driver/inc" -O0 -ffunction-sections -fdata-sections -Wall -fstack-usage -fcyclomatic-complexity -MMD -MP -MF"os/kernel/src/gos_kernel.d" -MT"os/kernel/src/gos_kernel.o" --specs=nano.specs -mfpu=fpv4-sp-d16 -mfloat-abi=hard -mthumb -o "os/kernel/src/gos_kernel.o"
arm-none-eabi-gcc "../os/kernel/src/gos_task.c" -mcpu=cortex-m4 -std=c99 -g3 -DSTM32F446xx -DDEBUG -DGOS2022_MINIMAL_EXAMPLE -c -I"C:/Users/Gabor/Documents/GitHub/GOS2022/1_Examples/GOS2022/os/services/inc" -I"C:/Users/Gabor/Documents/GitHub/GOS2022/1_Examples/GOS2022/os/kernel/inc" -I"C:/Users/Gabor/Documents/GitHub/GOS2022/1_Examples/GOS2022/os/driver/inc" -O0 -ffunction-sections -fdata-sections -Wall -fstack-usage -fcyclomatic-complexity -MMD -MP -MF"os/kernel/src/gos_task.d" -MT"os/kernel/src/gos_task.o" --specs=nano.specs -mfpu=fpv4-sp-d16 -mfloat-abi=hard -mthumb -o "os/kernel/src/gos_task.o"
arm-none-eabi-gcc "../os/driver/src/gos_crc_driver.c" -mcpu=cortex-m4 -std=c99 -g3 -DSTM32F446xx -DDEBUG -DGOS2022_MINIMAL_EXAMPLE -c -I"C:/Users/Gabor/Documents/GitHub/GOS2022/1_Examples/GOS2022/os/services/inc" -I"C:/Users/Gabor/Documents/GitHub/GOS2022/1_Examples/GOS2022/os/kernel/inc" -I"C:/Users/Gabor/Documents/GitHub/GOS2022/1_Examples/GOS2022/os/driver/inc" -O0 -ffunction-sections -fdata-sections -Wall -fstack-usage -fcyclomatic-complexity -MMD -MP -MF"os/driver/src/gos_crc_driver.d" -MT"os/driver/src/gos_crc_driver.o" --specs=nano.specs -mfpu=fpv4-sp-d16 -mfloat-abi=hard -mthumb -o "os/driver/src/gos_crc_driver.o"
arm-none-eabi-gcc "../os/driver/src/gos_driver.c" -mcpu=cortex-m4 -std=c99 -g3 -DSTM32F446xx -DDEBUG -DGOS2022_MINIMAL_EXAMPLE -c -I"C:/Users/Gabor/Documents/GitHub/GOS2022/1_Examples/GOS2022/os/services/inc" -I"C:/Users/Gabor/Documents/GitHub/GOS2022/1_Examples/GOS2022/os/kernel/inc" -I"C:/Users/Gabor/Documents/GitHub/GOS2022/1_Examples/GOS2022/os/driver/inc" -O0 -ffunction-sections -fdata-sections -Wall -fstack-usage -fcyclomatic-complexity -MMD -MP -MF"os/driver/src/gos_driver.d" -MT"os/driver/src/gos_driver.o" --specs=nano.specs -mfpu=fpv4-sp-d16 -mfloat-abi=hard -mthumb -o "os/driver/src/gos_driver.o"
arm-none-eabi-gcc "../os/driver/src/gos_shell_driver.c" -mcpu=cortex-m4 -std=c99 -g3 -DSTM32F446xx -DDEBUG -DGOS2022_MINIMAL_EXAMPLE -c -I"C:/Users/Gabor/Documents/GitHub/GOS2022/1_Examples/GOS2022/os/services/inc" -I"C:/Users/Gabor/Documents/GitHub/GOS2022/1_Examples/GOS2022/os/kernel/inc" -I"C:/Users/Gabor/Documents/GitHub/GOS2022/1_Examples/GOS2022/os/driver/inc" -O0 -ffunction-sections -fdata-sections -Wall -fstack-usage -fcyclomatic-complexity -MMD -MP -MF"os/driver/src/gos_shell_driver.d" -MT"os/driver/src/gos_shell_driver.o" --specs=nano.specs -mfpu=fpv4-sp-d16 -mfloat-abi=hard -mthumb -o "os/driver/src/gos_shell_driver.o"
arm-none-eabi-gcc "../os/driver/src/gos_sysmon_driver.c" -mcpu=cortex-m4 -std=c99 -g3 -DSTM32F446xx -DDEBUG -DGOS2022_MINIMAL_EXAMPLE -c -I"C:/Users/Gabor/Documents/GitHub/GOS2022/1_Examples/GOS2022/os/services/inc" -I"C:/Users/Gabor/Documents/GitHub/GOS2022/1_Examples/GOS2022/os/kernel/inc" -I"C:/Users/Gabor/Documents/GitHub/GOS2022/1_Examples/GOS2022/os/driver/inc" -O0 -ffunction-sections -fdata-sections -Wall -fstack-usage -fcyclomatic-complexity -MMD -MP -MF"os/driver/src/gos_sysmon_driver.d" -MT"os/driver/src/gos_sysmon_driver.o" --specs=nano.specs -mfpu=fpv4-sp-d16 -mfloat-abi=hard -mthumb -o "os/driver/src/gos_sysmon_driver.o"
arm-none-eabi-gcc "../os/driver/src/gos_timer_driver.c" -mcpu=cortex-m4 -std=c99 -g3 -DSTM32F446xx -DDEBUG -DGOS2022_MINIMAL_EXAMPLE -c -I"C:/Users/Gabor/Documents/GitHub/GOS2022/1_Examples/GOS2022/os/services/inc" -I"C:/Users/Gabor/Documents/GitHub/GOS2022/1_Examples/GOS2022/os/kernel/inc" -I"C:/Users/Gabor/Documents/GitHub/GOS2022/1_Examples/GOS2022/os/driver/inc" -O0 -ffunction-sections -fdata-sections -Wall -fstack-usage -fcyclomatic-complexity -MMD -MP -MF"os/driver/src/gos_timer_driver.d" -MT"os/driver/src/gos_timer_driver.o" --specs=nano.specs -mfpu=fpv4-sp-d16 -mfloat-abi=hard -mthumb -o "os/driver/src/gos_timer_driver.o"
arm-none-eabi-gcc "../os/driver/src/gos_trace_driver.c" -mcpu=cortex-m4 -std=c99 -g3 -DSTM32F446xx -DDEBUG -DGOS2022_MINIMAL_EXAMPLE -c -I"C:/Users/Gabor/Documents/GitHub/GOS2022/1_Examples/GOS2022/os/services/inc" -I"C:/Users/Gabor/Documents/GitHub/GOS2022/1_Examples/GOS2022/os/kernel/inc" -I"C:/Users/Gabor/Documents/GitHub/GOS2022/1_Examples/GOS2022/os/driver/inc" -O0 -ffunction-sections -fdata-sections -Wall -fstack-usage -fcyclomatic-complexity -MMD -MP -MF"os/driver/src/gos_trace_driver.d" -MT"os/driver/src/gos_trace_driver.o" --specs=nano.specs -mfpu=fpv4-sp-d16 -mfloat-abi=hard -mthumb -o "os/driver/src/gos_trace_driver.o"
arm-none-eabi-ar -r  "libGOS2022.a" @"objects.list"  
arm-none-eabi-ar: creating libGOS2022.a
Finished building target: libGOS2022.a
 
23:40:47 **** Incremental Build of configuration GOS2022_minimal_example for project GOS2022 ****
make -j8 all 
make: Nothing to be done for 'all'.
23:40:48 **** Build of configuration Debug for project GOS2022_lib ****
make -j8 all 
arm-none-eabi-gcc "../svl/src/svl_bldHandler.c" -mcpu=cortex-m4 -std=gnu11 -g3 -DDEBUG -DSTM32 -DSTM32F4 -DSTM32F446RETx -DNUCLEO_F446RE -DSTM32F446xx -c -I"C:/Users/Gabor/Documents/GitHub/GOS2022/1_Examples/GOS2022" -I"C:/Users/Gabor/Documents/GitHub/GOS2022/1_Examples/GOS2022/os/kernel/inc" -I"C:/Users/Gabor/Documents/GitHub/GOS2022/1_Examples/GOS2022/os/driver/inc" -I"C:/Users/Gabor/Documents/GitHub/GOS2022/1_Examples/GOS2022/os/services/inc" -I"C:/Users/Gabor/Documents/GitHub/GOS2022/1_Examples/GOS2022_lib/drv/inc" -I"C:/Users/Gabor/Documents/GitHub/GOS2022/1_Examples/GOS2022_lib/bld/inc" -I"C:/Users/Gabor/Documents/GitHub/GOS2022/1_Examples/GOS2022_lib/Inc" -I"C:/Users/Gabor/Documents/GitHub/GOS2022/1_Examples/GOS2022_lib/hal/STM32F4xx_HAL_Driver/Inc" -I"C:/Users/Gabor/Documents/GitHub/GOS2022/1_Examples/GOS2022_lib/hal/STM32F4xx_HAL_Driver/Inc/Legacy" -I"C:/Users/Gabor/Documents/GitHub/GOS2022/1_Examples/GOS2022_lib/hal/CMSIS/Include" -I"C:/Users/Gabor/Documents/GitHub/GOS2022/1_Examples/GOS2022_lib/hal/CMSIS/Device/ST/STM32F4xx/Include" -I"C:/Users/Gabor/Documents/GitHub/GOS2022/1_Examples/GOS2022_lib/svl/inc" -O0 -ffunction-sections -fdata-sections -Wall -fstack-usage -fcyclomatic-complexity -MMD -MP -MF"svl/src/svl_bldHandler.d" -MT"svl/src/svl_bldHandler.o" --specs=nano.specs -mfpu=fpv4-sp-d16 -mfloat-abi=hard -mthumb -o "svl/src/svl_bldHandler.o"
arm-none-eabi-gcc "../svl/src/svl_dhs.c" -mcpu=cortex-m4 -std=gnu11 -g3 -DDEBUG -DSTM32 -DSTM32F4 -DSTM32F446RETx -DNUCLEO_F446RE -DSTM32F446xx -c -I"C:/Users/Gabor/Documents/GitHub/GOS2022/1_Examples/GOS2022" -I"C:/Users/Gabor/Documents/GitHub/GOS2022/1_Examples/GOS2022/os/kernel/inc" -I"C:/Users/Gabor/Documents/GitHub/GOS2022/1_Examples/GOS2022/os/driver/inc" -I"C:/Users/Gabor/Documents/GitHub/GOS2022/1_Examples/GOS2022/os/services/inc" -I"C:/Users/Gabor/Documents/GitHub/GOS2022/1_Examples/GOS2022_lib/drv/inc" -I"C:/Users/Gabor/Documents/GitHub/GOS2022/1_Examples/GOS2022_lib/bld/inc" -I"C:/Users/Gabor/Documents/GitHub/GOS2022/1_Examples/GOS2022_lib/Inc" -I"C:/Users/Gabor/Documents/GitHub/GOS2022/1_Examples/GOS2022_lib/hal/STM32F4xx_HAL_Driver/Inc" -I"C:/Users/Gabor/Documents/GitHub/GOS2022/1_Examples/GOS2022_lib/hal/STM32F4xx_HAL_Driver/Inc/Legacy" -I"C:/Users/Gabor/Documents/GitHub/GOS2022/1_Examples/GOS2022_lib/hal/CMSIS/Include" -I"C:/Users/Gabor/Documents/GitHub/GOS2022/1_Examples/GOS2022_lib/hal/CMSIS/Device/ST/STM32F4xx/Include" -I"C:/Users/Gabor/Documents/GitHub/GOS2022/1_Examples/GOS2022_lib/svl/inc" -O0 -ffunction-sections -fdata-sections -Wall -fstack-usage -fcyclomatic-complexity -MMD -MP -MF"svl/src/svl_dhs.d" -MT"svl/src/svl_dhs.o" --specs=nano.specs -mfpu=fpv4-sp-d16 -mfloat-abi=hard -mthumb -o "svl/src/svl_dhs.o"
arm-none-eabi-gcc "../svl/src/svl_frs.c" -mcpu=cortex-m4 -std=gnu11 -g3 -DDEBUG -DSTM32 -DSTM32F4 -DSTM32F446RETx -DNUCLEO_F446RE -DSTM32F446xx -c -I"C:/Users/Gabor/Documents/GitHub/GOS2022/1_Examples/GOS2022" -I"C:/Users/Gabor/Documents/GitHub/GOS2022/1_Examples/GOS2022/os/kernel/inc" -I"C:/Users/Gabor/Documents/GitHub/GOS2022/1_Examples/GOS2022/os/driver/inc" -I"C:/Users/Gabor/Documents/GitHub/GOS2022/1_Examples/GOS2022/os/services/inc" -I"C:/Users/Gabor/Documents/GitHub/GOS2022/1_Examples/GOS2022_lib/drv/inc" -I"C:/Users/Gabor/Documents/GitHub/GOS2022/1_Examples/GOS2022_lib/bld/inc" -I"C:/Users/Gabor/Documents/GitHub/GOS2022/1_Examples/GOS2022_lib/Inc" -I"C:/Users/Gabor/Documents/GitHub/GOS2022/1_Examples/GOS2022_lib/hal/STM32F4xx_HAL_Driver/Inc" -I"C:/Users/Gabor/Documents/GitHub/GOS2022/1_Examples/GOS2022_lib/hal/STM32F4xx_HAL_Driver/Inc/Legacy" -I"C:/Users/Gabor/Documents/GitHub/GOS2022/1_Examples/GOS2022_lib/hal/CMSIS/Include" -I"C:/Users/Gabor/Documents/GitHub/GOS2022/1_Examples/GOS2022_lib/hal/CMSIS/Device/ST/STM32F4xx/Include" -I"C:/Users/Gabor/Documents/GitHub/GOS2022/1_Examples/GOS2022_lib/svl/inc" -O0 -ffunction-sections -fdata-sections -Wall -fstack-usage -fcyclomatic-complexity -MMD -MP -MF"svl/src/svl_frs.d" -MT"svl/src/svl_frs.o" --specs=nano.specs -mfpu=fpv4-sp-d16 -mfloat-abi=hard -mthumb -o "svl/src/svl_frs.o"
arm-none-eabi-gcc "../svl/src/svl_hwi.c" -mcpu=cortex-m4 -std=gnu11 -g3 -DDEBUG -DSTM32 -DSTM32F4 -DSTM32F446RETx -DNUCLEO_F446RE -DSTM32F446xx -c -I"C:/Users/Gabor/Documents/GitHub/GOS2022/1_Examples/GOS2022" -I"C:/Users/Gabor/Documents/GitHub/GOS2022/1_Examples/GOS2022/os/kernel/inc" -I"C:/Users/Gabor/Documents/GitHub/GOS2022/1_Examples/GOS2022/os/driver/inc" -I"C:/Users/Gabor/Documents/GitHub/GOS2022/1_Examples/GOS2022/os/services/inc" -I"C:/Users/Gabor/Documents/GitHub/GOS2022/1_Examples/GOS2022_lib/drv/inc" -I"C:/Users/Gabor/Documents/GitHub/GOS2022/1_Examples/GOS2022_lib/bld/inc" -I"C:/Users/Gabor/Documents/GitHub/GOS2022/1_Examples/GOS2022_lib/Inc" -I"C:/Users/Gabor/Documents/GitHub/GOS2022/1_Examples/GOS2022_lib/hal/STM32F4xx_HAL_Driver/Inc" -I"C:/Users/Gabor/Documents/GitHub/GOS2022/1_Examples/GOS2022_lib/hal/STM32F4xx_HAL_Driver/Inc/Legacy" -I"C:/Users/Gabor/Documents/GitHub/GOS2022/1_Examples/GOS2022_lib/hal/CMSIS/Include" -I"C:/Users/Gabor/Documents/GitHub/GOS2022/1_Examples/GOS2022_lib/hal/CMSIS/Device/ST/STM32F4xx/Include" -I"C:/Users/Gabor/Documents/GitHub/GOS2022/1_Examples/GOS2022_lib/svl/inc" -O0 -ffunction-sections -fdata-sections -Wall -fstack-usage -fcyclomatic-complexity -MMD -MP -MF"svl/src/svl_hwi.d" -MT"svl/src/svl_hwi.o" --specs=nano.specs -mfpu=fpv4-sp-d16 -mfloat-abi=hard -mthumb -o "svl/src/svl_hwi.o"
arm-none-eabi-gcc "../drv/src/drv.c" -mcpu=cortex-m4 -std=gnu11 -g3 -DDEBUG -DSTM32 -DSTM32F4 -DSTM32F446RETx -DNUCLEO_F446RE -DSTM32F446xx -c -I"C:/Users/Gabor/Documents/GitHub/GOS2022/1_Examples/GOS2022" -I"C:/Users/Gabor/Documents/GitHub/GOS2022/1_Examples/GOS2022/os/kernel/inc" -I"C:/Users/Gabor/Documents/GitHub/GOS2022/1_Examples/GOS2022/os/driver/inc" -I"C:/Users/Gabor/Documents/GitHub/GOS2022/1_Examples/GOS2022/os/services/inc" -I"C:/Users/Gabor/Documents/GitHub/GOS2022/1_Examples/GOS2022_lib/drv/inc" -I"C:/Users/Gabor/Documents/GitHub/GOS2022/1_Examples/GOS2022_lib/bld/inc" -I"C:/Users/Gabor/Documents/GitHub/GOS2022/1_Examples/GOS2022_lib/Inc" -I"C:/Users/Gabor/Documents/GitHub/GOS2022/1_Examples/GOS2022_lib/hal/STM32F4xx_HAL_Driver/Inc" -I"C:/Users/Gabor/Documents/GitHub/GOS2022/1_Examples/GOS2022_lib/hal/STM32F4xx_HAL_Driver/Inc/Legacy" -I"C:/Users/Gabor/Documents/GitHub/GOS2022/1_Examples/GOS2022_lib/hal/CMSIS/Include" -I"C:/Users/Gabor/Documents/GitHub/GOS2022/1_Examples/GOS2022_lib/hal/CMSIS/Device/ST/STM32F4xx/Include" -I"C:/Users/Gabor/Documents/GitHub/GOS2022/1_Examples/GOS2022_lib/svl/inc" -O0 -ffunction-sections -fdata-sections -Wall -fstack-usage -fcyclomatic-complexity -MMD -MP -MF"drv/src/drv.d" -MT"drv/src/drv.o" --specs=nano.specs -mfpu=fpv4-sp-d16 -mfloat-abi=hard -mthumb -o "drv/src/drv.o"
arm-none-eabi-gcc "../drv/src/drv_24lc256.c" -mcpu=cortex-m4 -std=gnu11 -g3 -DDEBUG -DSTM32 -DSTM32F4 -DSTM32F446RETx -DNUCLEO_F446RE -DSTM32F446xx -c -I"C:/Users/Gabor/Documents/GitHub/GOS2022/1_Examples/GOS2022" -I"C:/Users/Gabor/Documents/GitHub/GOS2022/1_Examples/GOS2022/os/kernel/inc" -I"C:/Users/Gabor/Documents/GitHub/GOS2022/1_Examples/GOS2022/os/driver/inc" -I"C:/Users/Gabor/Documents/GitHub/GOS2022/1_Examples/GOS2022/os/services/inc" -I"C:/Users/Gabor/Documents/GitHub/GOS2022/1_Examples/GOS2022_lib/drv/inc" -I"C:/Users/Gabor/Documents/GitHub/GOS2022/1_Examples/GOS2022_lib/bld/inc" -I"C:/Users/Gabor/Documents/GitHub/GOS2022/1_Examples/GOS2022_lib/Inc" -I"C:/Users/Gabor/Documents/GitHub/GOS2022/1_Examples/GOS2022_lib/hal/STM32F4xx_HAL_Driver/Inc" -I"C:/Users/Gabor/Documents/GitHub/GOS2022/1_Examples/GOS2022_lib/hal/STM32F4xx_HAL_Driver/Inc/Legacy" -I"C:/Users/Gabor/Documents/GitHub/GOS2022/1_Examples/GOS2022_lib/hal/CMSIS/Include" -I"C:/Users/Gabor/Documents/GitHub/GOS2022/1_Examples/GOS2022_lib/hal/CMSIS/Device/ST/STM32F4xx/Include" -I"C:/Users/Gabor/Documents/GitHub/GOS2022/1_Examples/GOS2022_lib/svl/inc" -O0 -ffunction-sections -fdata-sections -Wall -fstack-usage -fcyclomatic-complexity -MMD -MP -MF"drv/src/drv_24lc256.d" -MT"drv/src/drv_24lc256.o" --specs=nano.specs -mfpu=fpv4-sp-d16 -mfloat-abi=hard -mthumb -o "drv/src/drv_24lc256.o"
arm-none-eabi-gcc "../drv/src/drv_adc.c" -mcpu=cortex-m4 -std=gnu11 -g3 -DDEBUG -DSTM32 -DSTM32F4 -DSTM32F446RETx -DNUCLEO_F446RE -DSTM32F446xx -c -I"C:/Users/Gabor/Documents/GitHub/GOS2022/1_Examples/GOS2022" -I"C:/Users/Gabor/Documents/GitHub/GOS2022/1_Examples/GOS2022/os/kernel/inc" -I"C:/Users/Gabor/Documents/GitHub/GOS2022/1_Examples/GOS2022/os/driver/inc" -I"C:/Users/Gabor/Documents/GitHub/GOS2022/1_Examples/GOS2022/os/services/inc" -I"C:/Users/Gabor/Documents/GitHub/GOS2022/1_Examples/GOS2022_lib/drv/inc" -I"C:/Users/Gabor/Documents/GitHub/GOS2022/1_Examples/GOS2022_lib/bld/inc" -I"C:/Users/Gabor/Documents/GitHub/GOS2022/1_Examples/GOS2022_lib/Inc" -I"C:/Users/Gabor/Documents/GitHub/GOS2022/1_Examples/GOS2022_lib/hal/STM32F4xx_HAL_Driver/Inc" -I"C:/Users/Gabor/Documents/GitHub/GOS2022/1_Examples/GOS2022_lib/hal/STM32F4xx_HAL_Driver/Inc/Legacy" -I"C:/Users/Gabor/Documents/GitHub/GOS2022/1_Examples/GOS2022_lib/hal/CMSIS/Include" -I"C:/Users/Gabor/Documents/GitHub/GOS2022/1_Examples/GOS2022_lib/hal/CMSIS/Device/ST/STM32F4xx/Include" -I"C:/Users/Gabor/Documents/GitHub/GOS2022/1_Examples/GOS2022_lib/svl/inc" -O0 -ffunction-sections -fdata-sections -Wall -fstack-usage -fcyclomatic-complexity -MMD -MP -MF"drv/src/drv_adc.d" -MT"drv/src/drv_adc.o" --specs=nano.specs -mfpu=fpv4-sp-d16 -mfloat-abi=hard -mthumb -o "drv/src/drv_adc.o"
arm-none-eabi-gcc "../drv/src/drv_crc.c" -mcpu=cortex-m4 -std=gnu11 -g3 -DDEBUG -DSTM32 -DSTM32F4 -DSTM32F446RETx -DNUCLEO_F446RE -DSTM32F446xx -c -I"C:/Users/Gabor/Documents/GitHub/GOS2022/1_Examples/GOS2022" -I"C:/Users/Gabor/Documents/GitHub/GOS2022/1_Examples/GOS2022/os/kernel/inc" -I"C:/Users/Gabor/Documents/GitHub/GOS2022/1_Examples/GOS2022/os/driver/inc" -I"C:/Users/Gabor/Documents/GitHub/GOS2022/1_Examples/GOS2022/os/services/inc" -I"C:/Users/Gabor/Documents/GitHub/GOS2022/1_Examples/GOS2022_lib/drv/inc" -I"C:/Users/Gabor/Documents/GitHub/GOS2022/1_Examples/GOS2022_lib/bld/inc" -I"C:/Users/Gabor/Documents/GitHub/GOS2022/1_Examples/GOS2022_lib/Inc" -I"C:/Users/Gabor/Documents/GitHub/GOS2022/1_Examples/GOS2022_lib/hal/STM32F4xx_HAL_Driver/Inc" -I"C:/Users/Gabor/Documents/GitHub/GOS2022/1_Examples/GOS2022_lib/hal/STM32F4xx_HAL_Driver/Inc/Legacy" -I"C:/Users/Gabor/Documents/GitHub/GOS2022/1_Examples/GOS2022_lib/hal/CMSIS/Include" -I"C:/Users/Gabor/Documents/GitHub/GOS2022/1_Examples/GOS2022_lib/hal/CMSIS/Device/ST/STM32F4xx/Include" -I"C:/Users/Gabor/Documents/GitHub/GOS2022/1_Examples/GOS2022_lib/svl/inc" -O0 -ffunction-sections -fdata-sections -Wall -fstack-usage -fcyclomatic-complexity -MMD -MP -MF"drv/src/drv_crc.d" -MT"drv/src/drv_crc.o" --specs=nano.specs -mfpu=fpv4-sp-d16 -mfloat-abi=hard -mthumb -o "drv/src/drv_crc.o"
arm-none-eabi-gcc "../drv/src/drv_dma.c" -mcpu=cortex-m4 -std=gnu11 -g3 -DDEBUG -DSTM32 -DSTM32F4 -DSTM32F446RETx -DNUCLEO_F446RE -DSTM32F446xx -c -I"C:/Users/Gabor/Documents/GitHub/GOS2022/1_Examples/GOS2022" -I"C:/Users/Gabor/Documents/GitHub/GOS2022/1_Examples/GOS2022/os/kernel/inc" -I"C:/Users/Gabor/Documents/GitHub/GOS2022/1_Examples/GOS2022/os/driver/inc" -I"C:/Users/Gabor/Documents/GitHub/GOS2022/1_Examples/GOS2022/os/services/inc" -I"C:/Users/Gabor/Documents/GitHub/GOS2022/1_Examples/GOS2022_lib/drv/inc" -I"C:/Users/Gabor/Documents/GitHub/GOS2022/1_Examples/GOS2022_lib/bld/inc" -I"C:/Users/Gabor/Documents/GitHub/GOS2022/1_Examples/GOS2022_lib/Inc" -I"C:/Users/Gabor/Documents/GitHub/GOS2022/1_Examples/GOS2022_lib/hal/STM32F4xx_HAL_Driver/Inc" -I"C:/Users/Gabor/Documents/GitHub/GOS2022/1_Examples/GOS2022_lib/hal/STM32F4xx_HAL_Driver/Inc/Legacy" -I"C:/Users/Gabor/Documents/GitHub/GOS2022/1_Examples/GOS2022_lib/hal/CMSIS/Include" -I"C:/Users/Gabor/Documents/GitHub/GOS2022/1_Examples/GOS2022_lib/hal/CMSIS/Device/ST/STM32F4xx/Include" -I"C:/Users/Gabor/Documents/GitHub/GOS2022/1_Examples/GOS2022_lib/svl/inc" -O0 -ffunction-sections -fdata-sections -Wall -fstack-usage -fcyclomatic-complexity -MMD -MP -MF"drv/src/drv_dma.d" -MT"drv/src/drv_dma.o" --specs=nano.specs -mfpu=fpv4-sp-d16 -mfloat-abi=hard -mthumb -o "drv/src/drv_dma.o"
arm-none-eabi-gcc "../drv/src/drv_error.c" -mcpu=cortex-m4 -std=gnu11 -g3 -DDEBUG -DSTM32 -DSTM32F4 -DSTM32F446RETx -DNUCLEO_F446RE -DSTM32F446xx -c -I"C:/Users/Gabor/Documents/GitHub/GOS2022/1_Examples/GOS2022" -I"C:/Users/Gabor/Documents/GitHub/GOS2022/1_Examples/GOS2022/os/kernel/inc" -I"C:/Users/Gabor/Documents/GitHub/GOS2022/1_Examples/GOS2022/os/driver/inc" -I"C:/Users/Gabor/Documents/GitHub/GOS2022/1_Examples/GOS2022/os/services/inc" -I"C:/Users/Gabor/Documents/GitHub/GOS2022/1_Examples/GOS2022_lib/drv/inc" -I"C:/Users/Gabor/Documents/GitHub/GOS2022/1_Examples/GOS2022_lib/bld/inc" -I"C:/Users/Gabor/Documents/GitHub/GOS2022/1_Examples/GOS2022_lib/Inc" -I"C:/Users/Gabor/Documents/GitHub/GOS2022/1_Examples/GOS2022_lib/hal/STM32F4xx_HAL_Driver/Inc" -I"C:/Users/Gabor/Documents/GitHub/GOS2022/1_Examples/GOS2022_lib/hal/STM32F4xx_HAL_Driver/Inc/Legacy" -I"C:/Users/Gabor/Documents/GitHub/GOS2022/1_Examples/GOS2022_lib/hal/CMSIS/Include" -I"C:/Users/Gabor/Documents/GitHub/GOS2022/1_Examples/GOS2022_lib/hal/CMSIS/Device/ST/STM32F4xx/Include" -I"C:/Users/Gabor/Documents/GitHub/GOS2022/1_Examples/GOS2022_lib/svl/inc" -O0 -ffunction-sections -fdata-sections -Wall -fstack-usage -fcyclomatic-complexity -MMD -MP -MF"drv/src/drv_error.d" -MT"drv/src/drv_error.o" --specs=nano.specs -mfpu=fpv4-sp-d16 -mfloat-abi=hard -mthumb -o "drv/src/drv_error.o"
arm-none-eabi-gcc "../drv/src/drv_flash.c" -mcpu=cortex-m4 -std=gnu11 -g3 -DDEBUG -DSTM32 -DSTM32F4 -DSTM32F446RETx -DNUCLEO_F446RE -DSTM32F446xx -c -I"C:/Users/Gabor/Documents/GitHub/GOS2022/1_Examples/GOS2022" -I"C:/Users/Gabor/Documents/GitHub/GOS2022/1_Examples/GOS2022/os/kernel/inc" -I"C:/Users/Gabor/Documents/GitHub/GOS2022/1_Examples/GOS2022/os/driver/inc" -I"C:/Users/Gabor/Documents/GitHub/GOS2022/1_Examples/GOS2022/os/services/inc" -I"C:/Users/Gabor/Documents/GitHub/GOS2022/1_Examples/GOS2022_lib/drv/inc" -I"C:/Users/Gabor/Documents/GitHub/GOS2022/1_Examples/GOS2022_lib/bld/inc" -I"C:/Users/Gabor/Documents/GitHub/GOS2022/1_Examples/GOS2022_lib/Inc" -I"C:/Users/Gabor/Documents/GitHub/GOS2022/1_Examples/GOS2022_lib/hal/STM32F4xx_HAL_Driver/Inc" -I"C:/Users/Gabor/Documents/GitHub/GOS2022/1_Examples/GOS2022_lib/hal/STM32F4xx_HAL_Driver/Inc/Legacy" -I"C:/Users/Gabor/Documents/GitHub/GOS2022/1_Examples/GOS2022_lib/hal/CMSIS/Include" -I"C:/Users/Gabor/Documents/GitHub/GOS2022/1_Examples/GOS2022_lib/hal/CMSIS/Device/ST/STM32F4xx/Include" -I"C:/Users/Gabor/Documents/GitHub/GOS2022/1_Examples/GOS2022_lib/svl/inc" -O0 -ffunction-sections -fdata-sections -Wall -fstack-usage -fcyclomatic-complexity -MMD -MP -MF"drv/src/drv_flash.d" -MT"drv/src/drv_flash.o" --specs=nano.specs -mfpu=fpv4-sp-d16 -mfloat-abi=hard -mthumb -o "drv/src/drv_flash.o"
arm-none-eabi-gcc "../drv/src/drv_gpio.c" -mcpu=cortex-m4 -std=gnu11 -g3 -DDEBUG -DSTM32 -DSTM32F4 -DSTM32F446RETx -DNUCLEO_F446RE -DSTM32F446xx -c -I"C:/Users/Gabor/Documents/GitHub/GOS2022/1_Examples/GOS2022" -I"C:/Users/Gabor/Documents/GitHub/GOS2022/1_Examples/GOS2022/os/kernel/inc" -I"C:/Users/Gabor/Documents/GitHub/GOS2022/1_Examples/GOS2022/os/driver/inc" -I"C:/Users/Gabor/Documents/GitHub/GOS2022/1_Examples/GOS2022/os/services/inc" -I"C:/Users/Gabor/Documents/GitHub/GOS2022/1_Examples/GOS2022_lib/drv/inc" -I"C:/Users/Gabor/Documents/GitHub/GOS2022/1_Examples/GOS2022_lib/bld/inc" -I"C:/Users/Gabor/Documents/GitHub/GOS2022/1_Examples/GOS2022_lib/Inc" -I"C:/Users/Gabor/Documents/GitHub/GOS2022/1_Examples/GOS2022_lib/hal/STM32F4xx_HAL_Driver/Inc" -I"C:/Users/Gabor/Documents/GitHub/GOS2022/1_Examples/GOS2022_lib/hal/STM32F4xx_HAL_Driver/Inc/Legacy" -I"C:/Users/Gabor/Documents/GitHub/GOS2022/1_Examples/GOS2022_lib/hal/CMSIS/Include" -I"C:/Users/Gabor/Documents/GitHub/GOS2022/1_Examples/GOS2022_lib/hal/CMSIS/Device/ST/STM32F4xx/Include" -I"C:/Users/Gabor/Documents/GitHub/GOS2022/1_Examples/GOS2022_lib/svl/inc" -O0 -ffunction-sections -fdata-sections -Wall -fstack-usage -fcyclomatic-complexity -MMD -MP -MF"drv/src/drv_gpio.d" -MT"drv/src/drv_gpio.o" --specs=nano.specs -mfpu=fpv4-sp-d16 -mfloat-abi=hard -mthumb -o "drv/src/drv_gpio.o"
arm-none-eabi-gcc "../drv/src/drv_i2c.c" -mcpu=cortex-m4 -std=gnu11 -g3 -DDEBUG -DSTM32 -DSTM32F4 -DSTM32F446RETx -DNUCLEO_F446RE -DSTM32F446xx -c -I"C:/Users/Gabor/Documents/GitHub/GOS2022/1_Examples/GOS2022" -I"C:/Users/Gabor/Documents/GitHub/GOS2022/1_Examples/GOS2022/os/kernel/inc" -I"C:/Users/Gabor/Documents/GitHub/GOS2022/1_Examples/GOS2022/os/driver/inc" -I"C:/Users/Gabor/Documents/GitHub/GOS2022/1_Examples/GOS2022/os/services/inc" -I"C:/Users/Gabor/Documents/GitHub/GOS2022/1_Examples/GOS2022_lib/drv/inc" -I"C:/Users/Gabor/Documents/GitHub/GOS2022/1_Examples/GOS2022_lib/bld/inc" -I"C:/Users/Gabor/Documents/GitHub/GOS2022/1_Examples/GOS2022_lib/Inc" -I"C:/Users/Gabor/Documents/GitHub/GOS2022/1_Examples/GOS2022_lib/hal/STM32F4xx_HAL_Driver/Inc" -I"C:/Users/Gabor/Documents/GitHub/GOS2022/1_Examples/GOS2022_lib/hal/STM32F4xx_HAL_Driver/Inc/Legacy" -I"C:/Users/Gabor/Documents/GitHub/GOS2022/1_Examples/GOS2022_lib/hal/CMSIS/Include" -I"C:/Users/Gabor/Documents/GitHub/GOS2022/1_Examples/GOS2022_lib/hal/CMSIS/Device/ST/STM32F4xx/Include" -I"C:/Users/Gabor/Documents/GitHub/GOS2022/1_Examples/GOS2022_lib/svl/inc" -O0 -ffunction-sections -fdata-sections -Wall -fstack-usage -fcyclomatic-complexity -MMD -MP -MF"drv/src/drv_i2c.d" -MT"drv/src/drv_i2c.o" --specs=nano.specs -mfpu=fpv4-sp-d16 -mfloat-abi=hard -mthumb -o "drv/src/drv_i2c.o"
arm-none-eabi-gcc "../drv/src/drv_it.c" -mcpu=cortex-m4 -std=gnu11 -g3 -DDEBUG -DSTM32 -DSTM32F4 -DSTM32F446RETx -DNUCLEO_F446RE -DSTM32F446xx -c -I"C:/Users/Gabor/Documents/GitHub/GOS2022/1_Examples/GOS2022" -I"C:/Users/Gabor/Documents/GitHub/GOS2022/1_Examples/GOS2022/os/kernel/inc" -I"C:/Users/Gabor/Documents/GitHub/GOS2022/1_Examples/GOS2022/os/driver/inc" -I"C:/Users/Gabor/Documents/GitHub/GOS2022/1_Examples/GOS2022/os/services/inc" -I"C:/Users/Gabor/Documents/GitHub/GOS2022/1_Examples/GOS2022_lib/drv/inc" -I"C:/Users/Gabor/Documents/GitHub/GOS2022/1_Examples/GOS2022_lib/bld/inc" -I"C:/Users/Gabor/Documents/GitHub/GOS2022/1_Examples/GOS2022_lib/Inc" -I"C:/Users/Gabor/Documents/GitHub/GOS2022/1_Examples/GOS2022_lib/hal/STM32F4xx_HAL_Driver/Inc" -I"C:/Users/Gabor/Documents/GitHub/GOS2022/1_Examples/GOS2022_lib/hal/STM32F4xx_HAL_Driver/Inc/Legacy" -I"C:/Users/Gabor/Documents/GitHub/GOS2022/1_Examples/GOS2022_lib/hal/CMSIS/Include" -I"C:/Users/Gabor/Documents/GitHub/GOS2022/1_Examples/GOS2022_lib/hal/CMSIS/Device/ST/STM32F4xx/Include" -I"C:/Users/Gabor/Documents/GitHub/GOS2022/1_Examples/GOS2022_lib/svl/inc" -O0 -ffunction-sections -fdata-sections -Wall -fstack-usage -fcyclomatic-complexity -MMD -MP -MF"drv/src/drv_it.d" -MT"drv/src/drv_it.o" --specs=nano.specs -mfpu=fpv4-sp-d16 -mfloat-abi=hard -mthumb -o "drv/src/drv_it.o"
arm-none-eabi-gcc "../drv/src/drv_mcp23017.c" -mcpu=cortex-m4 -std=gnu11 -g3 -DDEBUG -DSTM32 -DSTM32F4 -DSTM32F446RETx -DNUCLEO_F446RE -DSTM32F446xx -c -I"C:/Users/Gabor/Documents/GitHub/GOS2022/1_Examples/GOS2022" -I"C:/Users/Gabor/Documents/GitHub/GOS2022/1_Examples/GOS2022/os/kernel/inc" -I"C:/Users/Gabor/Documents/GitHub/GOS2022/1_Examples/GOS2022/os/driver/inc" -I"C:/Users/Gabor/Documents/GitHub/GOS2022/1_Examples/GOS2022/os/services/inc" -I"C:/Users/Gabor/Documents/GitHub/GOS2022/1_Examples/GOS2022_lib/drv/inc" -I"C:/Users/Gabor/Documents/GitHub/GOS2022/1_Examples/GOS2022_lib/bld/inc" -I"C:/Users/Gabor/Documents/GitHub/GOS2022/1_Examples/GOS2022_lib/Inc" -I"C:/Users/Gabor/Documents/GitHub/GOS2022/1_Examples/GOS2022_lib/hal/STM32F4xx_HAL_Driver/Inc" -I"C:/Users/Gabor/Documents/GitHub/GOS2022/1_Examples/GOS2022_lib/hal/STM32F4xx_HAL_Driver/Inc/Legacy" -I"C:/Users/Gabor/Documents/GitHub/GOS2022/1_Examples/GOS2022_lib/hal/CMSIS/Include" -I"C:/Users/Gabor/Documents/GitHub/GOS2022/1_Examples/GOS2022_lib/hal/CMSIS/Device/ST/STM32F4xx/Include" -I"C:/Users/Gabor/Documents/GitHub/GOS2022/1_Examples/GOS2022_lib/svl/inc" -O0 -ffunction-sections -fdata-sections -Wall -fstack-usage -fcyclomatic-complexity -MMD -MP -MF"drv/src/drv_mcp23017.d" -MT"drv/src/drv_mcp23017.o" --specs=nano.specs -mfpu=fpv4-sp-d16 -mfloat-abi=hard -mthumb -o "drv/src/drv_mcp23017.o"
arm-none-eabi-gcc "../drv/src/drv_shell.c" -mcpu=cortex-m4 -std=gnu11 -g3 -DDEBUG -DSTM32 -DSTM32F4 -DSTM32F446RETx -DNUCLEO_F446RE -DSTM32F446xx -c -I"C:/Users/Gabor/Documents/GitHub/GOS2022/1_Examples/GOS2022" -I"C:/Users/Gabor/Documents/GitHub/GOS2022/1_Examples/GOS2022/os/kernel/inc" -I"C:/Users/Gabor/Documents/GitHub/GOS2022/1_Examples/GOS2022/os/driver/inc" -I"C:/Users/Gabor/Documents/GitHub/GOS2022/1_Examples/GOS2022/os/services/inc" -I"C:/Users/Gabor/Documents/GitHub/GOS2022/1_Examples/GOS2022_lib/drv/inc" -I"C:/Users/Gabor/Documents/GitHub/GOS2022/1_Examples/GOS2022_lib/bld/inc" -I"C:/Users/Gabor/Documents/GitHub/GOS2022/1_Examples/GOS2022_lib/Inc" -I"C:/Users/Gabor/Documents/GitHub/GOS2022/1_Examples/GOS2022_lib/hal/STM32F4xx_HAL_Driver/Inc" -I"C:/Users/Gabor/Documents/GitHub/GOS2022/1_Examples/GOS2022_lib/hal/STM32F4xx_HAL_Driver/Inc/Legacy" -I"C:/Users/Gabor/Documents/GitHub/GOS2022/1_Examples/GOS2022_lib/hal/CMSIS/Include" -I"C:/Users/Gabor/Documents/GitHub/GOS2022/1_Examples/GOS2022_lib/hal/CMSIS/Device/ST/STM32F4xx/Include" -I"C:/Users/Gabor/Documents/GitHub/GOS2022/1_Examples/GOS2022_lib/svl/inc" -O0 -ffunction-sections -fdata-sections -Wall -fstack-usage -fcyclomatic-complexity -MMD -MP -MF"drv/src/drv_shell.d" -MT"drv/src/drv_shell.o" --specs=nano.specs -mfpu=fpv4-sp-d16 -mfloat-abi=hard -mthumb -o "drv/src/drv_shell.o"
arm-none-eabi-gcc "../drv/src/drv_spi.c" -mcpu=cortex-m4 -std=gnu11 -g3 -DDEBUG -DSTM32 -DSTM32F4 -DSTM32F446RETx -DNUCLEO_F446RE -DSTM32F446xx -c -I"C:/Users/Gabor/Documents/GitHub/GOS2022/1_Examples/GOS2022" -I"C:/Users/Gabor/Documents/GitHub/GOS2022/1_Examples/GOS2022/os/kernel/inc" -I"C:/Users/Gabor/Documents/GitHub/GOS2022/1_Examples/GOS2022/os/driver/inc" -I"C:/Users/Gabor/Documents/GitHub/GOS2022/1_Examples/GOS2022/os/services/inc" -I"C:/Users/Gabor/Documents/GitHub/GOS2022/1_Examples/GOS2022_lib/drv/inc" -I"C:/Users/Gabor/Documents/GitHub/GOS2022/1_Examples/GOS2022_lib/bld/inc" -I"C:/Users/Gabor/Documents/GitHub/GOS2022/1_Examples/GOS2022_lib/Inc" -I"C:/Users/Gabor/Documents/GitHub/GOS2022/1_Examples/GOS2022_lib/hal/STM32F4xx_HAL_Driver/Inc" -I"C:/Users/Gabor/Documents/GitHub/GOS2022/1_Examples/GOS2022_lib/hal/STM32F4xx_HAL_Driver/Inc/Legacy" -I"C:/Users/Gabor/Documents/GitHub/GOS2022/1_Examples/GOS2022_lib/hal/CMSIS/Include" -I"C:/Users/Gabor/Documents/GitHub/GOS2022/1_Examples/GOS2022_lib/hal/CMSIS/Device/ST/STM32F4xx/Include" -I"C:/Users/Gabor/Documents/GitHub/GOS2022/1_Examples/GOS2022_lib/svl/inc" -O0 -ffunction-sections -fdata-sections -Wall -fstack-usage -fcyclomatic-complexity -MMD -MP -MF"drv/src/drv_spi.d" -MT"drv/src/drv_spi.o" --specs=nano.specs -mfpu=fpv4-sp-d16 -mfloat-abi=hard -mthumb -o "drv/src/drv_spi.o"
arm-none-eabi-gcc "../drv/src/drv_sysmon.c" -mcpu=cortex-m4 -std=gnu11 -g3 -DDEBUG -DSTM32 -DSTM32F4 -DSTM32F446RETx -DNUCLEO_F446RE -DSTM32F446xx -c -I"C:/Users/Gabor/Documents/GitHub/GOS2022/1_Examples/GOS2022" -I"C:/Users/Gabor/Documents/GitHub/GOS2022/1_Examples/GOS2022/os/kernel/inc" -I"C:/Users/Gabor/Documents/GitHub/GOS2022/1_Examples/GOS2022/os/driver/inc" -I"C:/Users/Gabor/Documents/GitHub/GOS2022/1_Examples/GOS2022/os/services/inc" -I"C:/Users/Gabor/Documents/GitHub/GOS2022/1_Examples/GOS2022_lib/drv/inc" -I"C:/Users/Gabor/Documents/GitHub/GOS2022/1_Examples/GOS2022_lib/bld/inc" -I"C:/Users/Gabor/Documents/GitHub/GOS2022/1_Examples/GOS2022_lib/Inc" -I"C:/Users/Gabor/Documents/GitHub/GOS2022/1_Examples/GOS2022_lib/hal/STM32F4xx_HAL_Driver/Inc" -I"C:/Users/Gabor/Documents/GitHub/GOS2022/1_Examples/GOS2022_lib/hal/STM32F4xx_HAL_Driver/Inc/Legacy" -I"C:/Users/Gabor/Documents/GitHub/GOS2022/1_Examples/GOS2022_lib/hal/CMSIS/Include" -I"C:/Users/Gabor/Documents/GitHub/GOS2022/1_Examples/GOS2022_lib/hal/CMSIS/Device/ST/STM32F4xx/Include" -I"C:/Users/Gabor/Documents/GitHub/GOS2022/1_Examples/GOS2022_lib/svl/inc" -O0 -ffunction-sections -fdata-sections -Wall -fstack-usage -fcyclomatic-complexity -MMD -MP -MF"drv/src/drv_sysmon.d" -MT"drv/src/drv_sysmon.o" --specs=nano.specs -mfpu=fpv4-sp-d16 -mfloat-abi=hard -mthumb -o "drv/src/drv_sysmon.o"
arm-none-eabi-gcc "../drv/src/drv_tmr.c" -mcpu=cortex-m4 -std=gnu11 -g3 -DDEBUG -DSTM32 -DSTM32F4 -DSTM32F446RETx -DNUCLEO_F446RE -DSTM32F446xx -c -I"C:/Users/Gabor/Documents/GitHub/GOS2022/1_Examples/GOS2022" -I"C:/Users/Gabor/Documents/GitHub/GOS2022/1_Examples/GOS2022/os/kernel/inc" -I"C:/Users/Gabor/Documents/GitHub/GOS2022/1_Examples/GOS2022/os/driver/inc" -I"C:/Users/Gabor/Documents/GitHub/GOS2022/1_Examples/GOS2022/os/services/inc" -I"C:/Users/Gabor/Documents/GitHub/GOS2022/1_Examples/GOS2022_lib/drv/inc" -I"C:/Users/Gabor/Documents/GitHub/GOS2022/1_Examples/GOS2022_lib/bld/inc" -I"C:/Users/Gabor/Documents/GitHub/GOS2022/1_Examples/GOS2022_lib/Inc" -I"C:/Users/Gabor/Documents/GitHub/GOS2022/1_Examples/GOS2022_lib/hal/STM32F4xx_HAL_Driver/Inc" -I"C:/Users/Gabor/Documents/GitHub/GOS2022/1_Examples/GOS2022_lib/hal/STM32F4xx_HAL_Driver/Inc/Legacy" -I"C:/Users/Gabor/Documents/GitHub/GOS2022/1_Examples/GOS2022_lib/hal/CMSIS/Include" -I"C:/Users/Gabor/Documents/GitHub/GOS2022/1_Examples/GOS2022_lib/hal/CMSIS/Device/ST/STM32F4xx/Include" -I"C:/Users/Gabor/Documents/GitHub/GOS2022/1_Examples/GOS2022_lib/svl/inc" -O0 -ffunction-sections -fdata-sections -Wall -fstack-usage -fcyclomatic-complexity -MMD -MP -MF"drv/src/drv_tmr.d" -MT"drv/src/drv_tmr.o" --specs=nano.specs -mfpu=fpv4-sp-d16 -mfloat-abi=hard -mthumb -o "drv/src/drv_tmr.o"
arm-none-eabi-gcc "../drv/src/drv_trace.c" -mcpu=cortex-m4 -std=gnu11 -g3 -DDEBUG -DSTM32 -DSTM32F4 -DSTM32F446RETx -DNUCLEO_F446RE -DSTM32F446xx -c -I"C:/Users/Gabor/Documents/GitHub/GOS2022/1_Examples/GOS2022" -I"C:/Users/Gabor/Documents/GitHub/GOS2022/1_Examples/GOS2022/os/kernel/inc" -I"C:/Users/Gabor/Documents/GitHub/GOS2022/1_Examples/GOS2022/os/driver/inc" -I"C:/Users/Gabor/Documents/GitHub/GOS2022/1_Examples/GOS2022/os/services/inc" -I"C:/Users/Gabor/Documents/GitHub/GOS2022/1_Examples/GOS2022_lib/drv/inc" -I"C:/Users/Gabor/Documents/GitHub/GOS2022/1_Examples/GOS2022_lib/bld/inc" -I"C:/Users/Gabor/Documents/GitHub/GOS2022/1_Examples/GOS2022_lib/Inc" -I"C:/Users/Gabor/Documents/GitHub/GOS2022/1_Examples/GOS2022_lib/hal/STM32F4xx_HAL_Driver/Inc" -I"C:/Users/Gabor/Documents/GitHub/GOS2022/1_Examples/GOS2022_lib/hal/STM32F4xx_HAL_Driver/Inc/Legacy" -I"C:/Users/Gabor/Documents/GitHub/GOS2022/1_Examples/GOS2022_lib/hal/CMSIS/Include" -I"C:/Users/Gabor/Documents/GitHub/GOS2022/1_Examples/GOS2022_lib/hal/CMSIS/Device/ST/STM32F4xx/Include" -I"C:/Users/Gabor/Documents/GitHub/GOS2022/1_Examples/GOS2022_lib/svl/inc" -O0 -ffunction-sections -fdata-sections -Wall -fstack-usage -fcyclomatic-complexity -MMD -MP -MF"drv/src/drv_trace.d" -MT"drv/src/drv_trace.o" --specs=nano.specs -mfpu=fpv4-sp-d16 -mfloat-abi=hard -mthumb -o "drv/src/drv_trace.o"
arm-none-eabi-gcc "../drv/src/drv_uart.c" -mcpu=cortex-m4 -std=gnu11 -g3 -DDEBUG -DSTM32 -DSTM32F4 -DSTM32F446RETx -DNUCLEO_F446RE -DSTM32F446xx -c -I"C:/Users/Gabor/Documents/GitHub/GOS2022/1_Examples/GOS2022" -I"C:/Users/Gabor/Documents/GitHub/GOS2022/1_Examples/GOS2022/os/kernel/inc" -I"C:/Users/Gabor/Documents/GitHub/GOS2022/1_Examples/GOS2022/os/driver/inc" -I"C:/Users/Gabor/Documents/GitHub/GOS2022/1_Examples/GOS2022/os/services/inc" -I"C:/Users/Gabor/Documents/GitHub/GOS2022/1_Examples/GOS2022_lib/drv/inc" -I"C:/Users/Gabor/Documents/GitHub/GOS2022/1_Examples/GOS2022_lib/bld/inc" -I"C:/Users/Gabor/Documents/GitHub/GOS2022/1_Examples/GOS2022_lib/Inc" -I"C:/Users/Gabor/Documents/GitHub/GOS2022/1_Examples/GOS2022_lib/hal/STM32F4xx_HAL_Driver/Inc" -I"C:/Users/Gabor/Documents/GitHub/GOS2022/1_Examples/GOS2022_lib/hal/STM32F4xx_HAL_Driver/Inc/Legacy" -I"C:/Users/Gabor/Documents/GitHub/GOS2022/1_Examples/GOS2022_lib/hal/CMSIS/Include" -I"C:/Users/Gabor/Documents/GitHub/GOS2022/1_Examples/GOS2022_lib/hal/CMSIS/Device/ST/STM32F4xx/Include" -I"C:/Users/Gabor/Documents/GitHub/GOS2022/1_Examples/GOS2022_lib/svl/inc" -O0 -ffunction-sections -fdata-sections -Wall -fstack-usage -fcyclomatic-complexity -MMD -MP -MF"drv/src/drv_uart.d" -MT"drv/src/drv_uart.o" --specs=nano.specs -mfpu=fpv4-sp-d16 -mfloat-abi=hard -mthumb -o "drv/src/drv_uart.o"
arm-none-eabi-gcc "../bld/src/bld.c" -mcpu=cortex-m4 -std=gnu11 -g3 -DDEBUG -DSTM32 -DSTM32F4 -DSTM32F446RETx -DNUCLEO_F446RE -DSTM32F446xx -c -I"C:/Users/Gabor/Documents/GitHub/GOS2022/1_Examples/GOS2022" -I"C:/Users/Gabor/Documents/GitHub/GOS2022/1_Examples/GOS2022/os/kernel/inc" -I"C:/Users/Gabor/Documents/GitHub/GOS2022/1_Examples/GOS2022/os/driver/inc" -I"C:/Users/Gabor/Documents/GitHub/GOS2022/1_Examples/GOS2022/os/services/inc" -I"C:/Users/Gabor/Documents/GitHub/GOS2022/1_Examples/GOS2022_lib/drv/inc" -I"C:/Users/Gabor/Documents/GitHub/GOS2022/1_Examples/GOS2022_lib/bld/inc" -I"C:/Users/Gabor/Documents/GitHub/GOS2022/1_Examples/GOS2022_lib/Inc" -I"C:/Users/Gabor/Documents/GitHub/GOS2022/1_Examples/GOS2022_lib/hal/STM32F4xx_HAL_Driver/Inc" -I"C:/Users/Gabor/Documents/GitHub/GOS2022/1_Examples/GOS2022_lib/hal/STM32F4xx_HAL_Driver/Inc/Legacy" -I"C:/Users/Gabor/Documents/GitHub/GOS2022/1_Examples/GOS2022_lib/hal/CMSIS/Include" -I"C:/Users/Gabor/Documents/GitHub/GOS2022/1_Examples/GOS2022_lib/hal/CMSIS/Device/ST/STM32F4xx/Include" -I"C:/Users/Gabor/Documents/GitHub/GOS2022/1_Examples/GOS2022_lib/svl/inc" -O0 -ffunction-sections -fdata-sections -Wall -fstack-usage -fcyclomatic-complexity -MMD -MP -MF"bld/src/bld.d" -MT"bld/src/bld.o" --specs=nano.specs -mfpu=fpv4-sp-d16 -mfloat-abi=hard -mthumb -o "bld/src/bld.o"
arm-none-eabi-gcc "../bld/src/bld_data.c" -mcpu=cortex-m4 -std=gnu11 -g3 -DDEBUG -DSTM32 -DSTM32F4 -DSTM32F446RETx -DNUCLEO_F446RE -DSTM32F446xx -c -I"C:/Users/Gabor/Documents/GitHub/GOS2022/1_Examples/GOS2022" -I"C:/Users/Gabor/Documents/GitHub/GOS2022/1_Examples/GOS2022/os/kernel/inc" -I"C:/Users/Gabor/Documents/GitHub/GOS2022/1_Examples/GOS2022/os/driver/inc" -I"C:/Users/Gabor/Documents/GitHub/GOS2022/1_Examples/GOS2022/os/services/inc" -I"C:/Users/Gabor/Documents/GitHub/GOS2022/1_Examples/GOS2022_lib/drv/inc" -I"C:/Users/Gabor/Documents/GitHub/GOS2022/1_Examples/GOS2022_lib/bld/inc" -I"C:/Users/Gabor/Documents/GitHub/GOS2022/1_Examples/GOS2022_lib/Inc" -I"C:/Users/Gabor/Documents/GitHub/GOS2022/1_Examples/GOS2022_lib/hal/STM32F4xx_HAL_Driver/Inc" -I"C:/Users/Gabor/Documents/GitHub/GOS2022/1_Examples/GOS2022_lib/hal/STM32F4xx_HAL_Driver/Inc/Legacy" -I"C:/Users/Gabor/Documents/GitHub/GOS2022/1_Examples/GOS2022_lib/hal/CMSIS/Include" -I"C:/Users/Gabor/Documents/GitHub/GOS2022/1_Examples/GOS2022_lib/hal/CMSIS/Device/ST/STM32F4xx/Include" -I"C:/Users/Gabor/Documents/GitHub/GOS2022/1_Examples/GOS2022_lib/svl/inc" -O0 -ffunction-sections -fdata-sections -Wall -fstack-usage -fcyclomatic-complexity -MMD -MP -MF"bld/src/bld_data.d" -MT"bld/src/bld_data.o" --specs=nano.specs -mfpu=fpv4-sp-d16 -mfloat-abi=hard -mthumb -o "bld/src/bld_data.o"
arm-none-eabi-gcc "../bld/src/bld_statemachine.c" -mcpu=cortex-m4 -std=gnu11 -g3 -DDEBUG -DSTM32 -DSTM32F4 -DSTM32F446RETx -DNUCLEO_F446RE -DSTM32F446xx -c -I"C:/Users/Gabor/Documents/GitHub/GOS2022/1_Examples/GOS2022" -I"C:/Users/Gabor/Documents/GitHub/GOS2022/1_Examples/GOS2022/os/kernel/inc" -I"C:/Users/Gabor/Documents/GitHub/GOS2022/1_Examples/GOS2022/os/driver/inc" -I"C:/Users/Gabor/Documents/GitHub/GOS2022/1_Examples/GOS2022/os/services/inc" -I"C:/Users/Gabor/Documents/GitHub/GOS2022/1_Examples/GOS2022_lib/drv/inc" -I"C:/Users/Gabor/Documents/GitHub/GOS2022/1_Examples/GOS2022_lib/bld/inc" -I"C:/Users/Gabor/Documents/GitHub/GOS2022/1_Examples/GOS2022_lib/Inc" -I"C:/Users/Gabor/Documents/GitHub/GOS2022/1_Examples/GOS2022_lib/hal/STM32F4xx_HAL_Driver/Inc" -I"C:/Users/Gabor/Documents/GitHub/GOS2022/1_Examples/GOS2022_lib/hal/STM32F4xx_HAL_Driver/Inc/Legacy" -I"C:/Users/Gabor/Documents/GitHub/GOS2022/1_Examples/GOS2022_lib/hal/CMSIS/Include" -I"C:/Users/Gabor/Documents/GitHub/GOS2022/1_Examples/GOS2022_lib/hal/CMSIS/Device/ST/STM32F4xx/Include" -I"C:/Users/Gabor/Documents/GitHub/GOS2022/1_Examples/GOS2022_lib/svl/inc" -O0 -ffunction-sections -fdata-sections -Wall -fstack-usage -fcyclomatic-complexity -MMD -MP -MF"bld/src/bld_statemachine.d" -MT"bld/src/bld_statemachine.o" --specs=nano.specs -mfpu=fpv4-sp-d16 -mfloat-abi=hard -mthumb -o "bld/src/bld_statemachine.o"
../bld/src/bld.c: In function 'bld_jumpToApplication':
../bld/src/bld.c:144:9: warning: implicit declaration of function 'HAL_RCC_DeInit' [-Wimplicit-function-declaration]
  144 |         HAL_RCC_DeInit();
      |         ^~~~~~~~~~~~~~
../bld/src/bld.c:145:9: warning: implicit declaration of function 'HAL_DeInit' [-Wimplicit-function-declaration]
  145 |         HAL_DeInit();
      |         ^~~~~~~~~~
arm-none-eabi-ar -r  "libGOS2022_lib.a" @"objects.list"  
arm-none-eabi-ar: creating libGOS2022_lib.a
Finished building target: libGOS2022_lib.a
 
23:41:13 **** Incremental Build of configuration GOS2022_minimal_example for project GOS2022 ****
make -j8 all 
make: Nothing to be done for 'all'.
23:41:14 **** Incremental Build of configuration Debug for project GOS2022_lib ****
make -j8 all 
make: Nothing to be done for 'all'.
23:41:15 **** Build of configuration Debug for project GOS2022_minimal_example ****
make -j8 all 
arm-none-eabi-gcc "../Drivers/STM32F4xx_HAL_Driver/Src/stm32f4xx_hal.c" -mcpu=cortex-m4 -std=c99 -g3 -DUSE_HAL_DRIVER -DSTM32F446xx -DDEBUG -c -I"C:/Users/Gabor/Documents/GitHub/GOS2022/1_Examples/GOS2022_lib" -I"C:/Users/Gabor/Documents/GitHub/GOS2022/1_Examples/GOS2022" -I"C:/Users/Gabor/Documents/GitHub/GOS2022/1_Examples/GOS2022/os/kernel/inc" -I"C:/Users/Gabor/Documents/GitHub/GOS2022/1_Examples/GOS2022/os/services/inc" -I"C:/Users/Gabor/Documents/GitHub/GOS2022/1_Examples/GOS2022/os/driver/inc" -I../Core/Inc -I../Drivers/STM32F4xx_HAL_Driver/Inc -I../Drivers/STM32F4xx_HAL_Driver/Inc/Legacy -I../Drivers/CMSIS/Device/ST/STM32F4xx/Include -I../Drivers/CMSIS/Include -I"C:/Users/Gabor/Documents/GitHub/GOS2022/1_Examples/GOS2022_minimal_example/Core/driver/inc" -I"C:/Users/Gabor/Documents/GitHub/GOS2022/1_Examples/GOS2022_lib/drv/inc" -I"C:/Users/Gabor/Documents/GitHub/GOS2022/1_Examples/GOS2022_minimal_example/Core/driver/cfg" -O0 -ffunction-sections -fdata-sections -Wall -fstack-usage -fcyclomatic-complexity -MMD -MP -MF"Drivers/STM32F4xx_HAL_Driver/Src/stm32f4xx_hal.d" -MT"Drivers/STM32F4xx_HAL_Driver/Src/stm32f4xx_hal.o" --specs=nano.specs -mfpu=fpv4-sp-d16 -mfloat-abi=hard -mthumb -o "Drivers/STM32F4xx_HAL_Driver/Src/stm32f4xx_hal.o"
arm-none-eabi-gcc "../Drivers/STM32F4xx_HAL_Driver/Src/stm32f4xx_hal_adc.c" -mcpu=cortex-m4 -std=c99 -g3 -DUSE_HAL_DRIVER -DSTM32F446xx -DDEBUG -c -I"C:/Users/Gabor/Documents/GitHub/GOS2022/1_Examples/GOS2022_lib" -I"C:/Users/Gabor/Documents/GitHub/GOS2022/1_Examples/GOS2022" -I"C:/Users/Gabor/Documents/GitHub/GOS2022/1_Examples/GOS2022/os/kernel/inc" -I"C:/Users/Gabor/Documents/GitHub/GOS2022/1_Examples/GOS2022/os/services/inc" -I"C:/Users/Gabor/Documents/GitHub/GOS2022/1_Examples/GOS2022/os/driver/inc" -I../Core/Inc -I../Drivers/STM32F4xx_HAL_Driver/Inc -I../Drivers/STM32F4xx_HAL_Driver/Inc/Legacy -I../Drivers/CMSIS/Device/ST/STM32F4xx/Include -I../Drivers/CMSIS/Include -I"C:/Users/Gabor/Documents/GitHub/GOS2022/1_Examples/GOS2022_minimal_example/Core/driver/inc" -I"C:/Users/Gabor/Documents/GitHub/GOS2022/1_Examples/GOS2022_lib/drv/inc" -I"C:/Users/Gabor/Documents/GitHub/GOS2022/1_Examples/GOS2022_minimal_example/Core/driver/cfg" -O0 -ffunction-sections -fdata-sections -Wall -fstack-usage -fcyclomatic-complexity -MMD -MP -MF"Drivers/STM32F4xx_HAL_Driver/Src/stm32f4xx_hal_adc.d" -MT"Drivers/STM32F4xx_HAL_Driver/Src/stm32f4xx_hal_adc.o" --specs=nano.specs -mfpu=fpv4-sp-d16 -mfloat-abi=hard -mthumb -o "Drivers/STM32F4xx_HAL_Driver/Src/stm32f4xx_hal_adc.o"
arm-none-eabi-gcc "../Drivers/STM32F4xx_HAL_Driver/Src/stm32f4xx_hal_adc_ex.c" -mcpu=cortex-m4 -std=c99 -g3 -DUSE_HAL_DRIVER -DSTM32F446xx -DDEBUG -c -I"C:/Users/Gabor/Documents/GitHub/GOS2022/1_Examples/GOS2022_lib" -I"C:/Users/Gabor/Documents/GitHub/GOS2022/1_Examples/GOS2022" -I"C:/Users/Gabor/Documents/GitHub/GOS2022/1_Examples/GOS2022/os/kernel/inc" -I"C:/Users/Gabor/Documents/GitHub/GOS2022/1_Examples/GOS2022/os/services/inc" -I"C:/Users/Gabor/Documents/GitHub/GOS2022/1_Examples/GOS2022/os/driver/inc" -I../Core/Inc -I../Drivers/STM32F4xx_HAL_Driver/Inc -I../Drivers/STM32F4xx_HAL_Driver/Inc/Legacy -I../Drivers/CMSIS/Device/ST/STM32F4xx/Include -I../Drivers/CMSIS/Include -I"C:/Users/Gabor/Documents/GitHub/GOS2022/1_Examples/GOS2022_minimal_example/Core/driver/inc" -I"C:/Users/Gabor/Documents/GitHub/GOS2022/1_Examples/GOS2022_lib/drv/inc" -I"C:/Users/Gabor/Documents/GitHub/GOS2022/1_Examples/GOS2022_minimal_example/Core/driver/cfg" -O0 -ffunction-sections -fdata-sections -Wall -fstack-usage -fcyclomatic-complexity -MMD -MP -MF"Drivers/STM32F4xx_HAL_Driver/Src/stm32f4xx_hal_adc_ex.d" -MT"Drivers/STM32F4xx_HAL_Driver/Src/stm32f4xx_hal_adc_ex.o" --specs=nano.specs -mfpu=fpv4-sp-d16 -mfloat-abi=hard -mthumb -o "Drivers/STM32F4xx_HAL_Driver/Src/stm32f4xx_hal_adc_ex.o"
arm-none-eabi-gcc "../Drivers/STM32F4xx_HAL_Driver/Src/stm32f4xx_hal_cortex.c" -mcpu=cortex-m4 -std=c99 -g3 -DUSE_HAL_DRIVER -DSTM32F446xx -DDEBUG -c -I"C:/Users/Gabor/Documents/GitHub/GOS2022/1_Examples/GOS2022_lib" -I"C:/Users/Gabor/Documents/GitHub/GOS2022/1_Examples/GOS2022" -I"C:/Users/Gabor/Documents/GitHub/GOS2022/1_Examples/GOS2022/os/kernel/inc" -I"C:/Users/Gabor/Documents/GitHub/GOS2022/1_Examples/GOS2022/os/services/inc" -I"C:/Users/Gabor/Documents/GitHub/GOS2022/1_Examples/GOS2022/os/driver/inc" -I../Core/Inc -I../Drivers/STM32F4xx_HAL_Driver/Inc -I../Drivers/STM32F4xx_HAL_Driver/Inc/Legacy -I../Drivers/CMSIS/Device/ST/STM32F4xx/Include -I../Drivers/CMSIS/Include -I"C:/Users/Gabor/Documents/GitHub/GOS2022/1_Examples/GOS2022_minimal_example/Core/driver/inc" -I"C:/Users/Gabor/Documents/GitHub/GOS2022/1_Examples/GOS2022_lib/drv/inc" -I"C:/Users/Gabor/Documents/GitHub/GOS2022/1_Examples/GOS2022_minimal_example/Core/driver/cfg" -O0 -ffunction-sections -fdata-sections -Wall -fstack-usage -fcyclomatic-complexity -MMD -MP -MF"Drivers/STM32F4xx_HAL_Driver/Src/stm32f4xx_hal_cortex.d" -MT"Drivers/STM32F4xx_HAL_Driver/Src/stm32f4xx_hal_cortex.o" --specs=nano.specs -mfpu=fpv4-sp-d16 -mfloat-abi=hard -mthumb -o "Drivers/STM32F4xx_HAL_Driver/Src/stm32f4xx_hal_cortex.o"
arm-none-eabi-gcc "../Drivers/STM32F4xx_HAL_Driver/Src/stm32f4xx_hal_dac.c" -mcpu=cortex-m4 -std=c99 -g3 -DUSE_HAL_DRIVER -DSTM32F446xx -DDEBUG -c -I"C:/Users/Gabor/Documents/GitHub/GOS2022/1_Examples/GOS2022_lib" -I"C:/Users/Gabor/Documents/GitHub/GOS2022/1_Examples/GOS2022" -I"C:/Users/Gabor/Documents/GitHub/GOS2022/1_Examples/GOS2022/os/kernel/inc" -I"C:/Users/Gabor/Documents/GitHub/GOS2022/1_Examples/GOS2022/os/services/inc" -I"C:/Users/Gabor/Documents/GitHub/GOS2022/1_Examples/GOS2022/os/driver/inc" -I../Core/Inc -I../Drivers/STM32F4xx_HAL_Driver/Inc -I../Drivers/STM32F4xx_HAL_Driver/Inc/Legacy -I../Drivers/CMSIS/Device/ST/STM32F4xx/Include -I../Drivers/CMSIS/Include -I"C:/Users/Gabor/Documents/GitHub/GOS2022/1_Examples/GOS2022_minimal_example/Core/driver/inc" -I"C:/Users/Gabor/Documents/GitHub/GOS2022/1_Examples/GOS2022_lib/drv/inc" -I"C:/Users/Gabor/Documents/GitHub/GOS2022/1_Examples/GOS2022_minimal_example/Core/driver/cfg" -O0 -ffunction-sections -fdata-sections -Wall -fstack-usage -fcyclomatic-complexity -MMD -MP -MF"Drivers/STM32F4xx_HAL_Driver/Src/stm32f4xx_hal_dac.d" -MT"Drivers/STM32F4xx_HAL_Driver/Src/stm32f4xx_hal_dac.o" --specs=nano.specs -mfpu=fpv4-sp-d16 -mfloat-abi=hard -mthumb -o "Drivers/STM32F4xx_HAL_Driver/Src/stm32f4xx_hal_dac.o"
arm-none-eabi-gcc "../Drivers/STM32F4xx_HAL_Driver/Src/stm32f4xx_hal_dac_ex.c" -mcpu=cortex-m4 -std=c99 -g3 -DUSE_HAL_DRIVER -DSTM32F446xx -DDEBUG -c -I"C:/Users/Gabor/Documents/GitHub/GOS2022/1_Examples/GOS2022_lib" -I"C:/Users/Gabor/Documents/GitHub/GOS2022/1_Examples/GOS2022" -I"C:/Users/Gabor/Documents/GitHub/GOS2022/1_Examples/GOS2022/os/kernel/inc" -I"C:/Users/Gabor/Documents/GitHub/GOS2022/1_Examples/GOS2022/os/services/inc" -I"C:/Users/Gabor/Documents/GitHub/GOS2022/1_Examples/GOS2022/os/driver/inc" -I../Core/Inc -I../Drivers/STM32F4xx_HAL_Driver/Inc -I../Drivers/STM32F4xx_HAL_Driver/Inc/Legacy -I../Drivers/CMSIS/Device/ST/STM32F4xx/Include -I../Drivers/CMSIS/Include -I"C:/Users/Gabor/Documents/GitHub/GOS2022/1_Examples/GOS2022_minimal_example/Core/driver/inc" -I"C:/Users/Gabor/Documents/GitHub/GOS2022/1_Examples/GOS2022_lib/drv/inc" -I"C:/Users/Gabor/Documents/GitHub/GOS2022/1_Examples/GOS2022_minimal_example/Core/driver/cfg" -O0 -ffunction-sections -fdata-sections -Wall -fstack-usage -fcyclomatic-complexity -MMD -MP -MF"Drivers/STM32F4xx_HAL_Driver/Src/stm32f4xx_hal_dac_ex.d" -MT"Drivers/STM32F4xx_HAL_Driver/Src/stm32f4xx_hal_dac_ex.o" --specs=nano.specs -mfpu=fpv4-sp-d16 -mfloat-abi=hard -mthumb -o "Drivers/STM32F4xx_HAL_Driver/Src/stm32f4xx_hal_dac_ex.o"
arm-none-eabi-gcc "../Drivers/STM32F4xx_HAL_Driver/Src/stm32f4xx_hal_dma.c" -mcpu=cortex-m4 -std=c99 -g3 -DUSE_HAL_DRIVER -DSTM32F446xx -DDEBUG -c -I"C:/Users/Gabor/Documents/GitHub/GOS2022/1_Examples/GOS2022_lib" -I"C:/Users/Gabor/Documents/GitHub/GOS2022/1_Examples/GOS2022" -I"C:/Users/Gabor/Documents/GitHub/GOS2022/1_Examples/GOS2022/os/kernel/inc" -I"C:/Users/Gabor/Documents/GitHub/GOS2022/1_Examples/GOS2022/os/services/inc" -I"C:/Users/Gabor/Documents/GitHub/GOS2022/1_Examples/GOS2022/os/driver/inc" -I../Core/Inc -I../Drivers/STM32F4xx_HAL_Driver/Inc -I../Drivers/STM32F4xx_HAL_Driver/Inc/Legacy -I../Drivers/CMSIS/Device/ST/STM32F4xx/Include -I../Drivers/CMSIS/Include -I"C:/Users/Gabor/Documents/GitHub/GOS2022/1_Examples/GOS2022_minimal_example/Core/driver/inc" -I"C:/Users/Gabor/Documents/GitHub/GOS2022/1_Examples/GOS2022_lib/drv/inc" -I"C:/Users/Gabor/Documents/GitHub/GOS2022/1_Examples/GOS2022_minimal_example/Core/driver/cfg" -O0 -ffunction-sections -fdata-sections -Wall -fstack-usage -fcyclomatic-complexity -MMD -MP -MF"Drivers/STM32F4xx_HAL_Driver/Src/stm32f4xx_hal_dma.d" -MT"Drivers/STM32F4xx_HAL_Driver/Src/stm32f4xx_hal_dma.o" --specs=nano.specs -mfpu=fpv4-sp-d16 -mfloat-abi=hard -mthumb -o "Drivers/STM32F4xx_HAL_Driver/Src/stm32f4xx_hal_dma.o"
arm-none-eabi-gcc "../Drivers/STM32F4xx_HAL_Driver/Src/stm32f4xx_hal_dma_ex.c" -mcpu=cortex-m4 -std=c99 -g3 -DUSE_HAL_DRIVER -DSTM32F446xx -DDEBUG -c -I"C:/Users/Gabor/Documents/GitHub/GOS2022/1_Examples/GOS2022_lib" -I"C:/Users/Gabor/Documents/GitHub/GOS2022/1_Examples/GOS2022" -I"C:/Users/Gabor/Documents/GitHub/GOS2022/1_Examples/GOS2022/os/kernel/inc" -I"C:/Users/Gabor/Documents/GitHub/GOS2022/1_Examples/GOS2022/os/services/inc" -I"C:/Users/Gabor/Documents/GitHub/GOS2022/1_Examples/GOS2022/os/driver/inc" -I../Core/Inc -I../Drivers/STM32F4xx_HAL_Driver/Inc -I../Drivers/STM32F4xx_HAL_Driver/Inc/Legacy -I../Drivers/CMSIS/Device/ST/STM32F4xx/Include -I../Drivers/CMSIS/Include -I"C:/Users/Gabor/Documents/GitHub/GOS2022/1_Examples/GOS2022_minimal_example/Core/driver/inc" -I"C:/Users/Gabor/Documents/GitHub/GOS2022/1_Examples/GOS2022_lib/drv/inc" -I"C:/Users/Gabor/Documents/GitHub/GOS2022/1_Examples/GOS2022_minimal_example/Core/driver/cfg" -O0 -ffunction-sections -fdata-sections -Wall -fstack-usage -fcyclomatic-complexity -MMD -MP -MF"Drivers/STM32F4xx_HAL_Driver/Src/stm32f4xx_hal_dma_ex.d" -MT"Drivers/STM32F4xx_HAL_Driver/Src/stm32f4xx_hal_dma_ex.o" --specs=nano.specs -mfpu=fpv4-sp-d16 -mfloat-abi=hard -mthumb -o "Drivers/STM32F4xx_HAL_Driver/Src/stm32f4xx_hal_dma_ex.o"
arm-none-eabi-gcc "../Drivers/STM32F4xx_HAL_Driver/Src/stm32f4xx_hal_exti.c" -mcpu=cortex-m4 -std=c99 -g3 -DUSE_HAL_DRIVER -DSTM32F446xx -DDEBUG -c -I"C:/Users/Gabor/Documents/GitHub/GOS2022/1_Examples/GOS2022_lib" -I"C:/Users/Gabor/Documents/GitHub/GOS2022/1_Examples/GOS2022" -I"C:/Users/Gabor/Documents/GitHub/GOS2022/1_Examples/GOS2022/os/kernel/inc" -I"C:/Users/Gabor/Documents/GitHub/GOS2022/1_Examples/GOS2022/os/services/inc" -I"C:/Users/Gabor/Documents/GitHub/GOS2022/1_Examples/GOS2022/os/driver/inc" -I../Core/Inc -I../Drivers/STM32F4xx_HAL_Driver/Inc -I../Drivers/STM32F4xx_HAL_Driver/Inc/Legacy -I../Drivers/CMSIS/Device/ST/STM32F4xx/Include -I../Drivers/CMSIS/Include -I"C:/Users/Gabor/Documents/GitHub/GOS2022/1_Examples/GOS2022_minimal_example/Core/driver/inc" -I"C:/Users/Gabor/Documents/GitHub/GOS2022/1_Examples/GOS2022_lib/drv/inc" -I"C:/Users/Gabor/Documents/GitHub/GOS2022/1_Examples/GOS2022_minimal_example/Core/driver/cfg" -O0 -ffunction-sections -fdata-sections -Wall -fstack-usage -fcyclomatic-complexity -MMD -MP -MF"Drivers/STM32F4xx_HAL_Driver/Src/stm32f4xx_hal_exti.d" -MT"Drivers/STM32F4xx_HAL_Driver/Src/stm32f4xx_hal_exti.o" --specs=nano.specs -mfpu=fpv4-sp-d16 -mfloat-abi=hard -mthumb -o "Drivers/STM32F4xx_HAL_Driver/Src/stm32f4xx_hal_exti.o"
arm-none-eabi-gcc "../Drivers/STM32F4xx_HAL_Driver/Src/stm32f4xx_hal_flash.c" -mcpu=cortex-m4 -std=c99 -g3 -DUSE_HAL_DRIVER -DSTM32F446xx -DDEBUG -c -I"C:/Users/Gabor/Documents/GitHub/GOS2022/1_Examples/GOS2022_lib" -I"C:/Users/Gabor/Documents/GitHub/GOS2022/1_Examples/GOS2022" -I"C:/Users/Gabor/Documents/GitHub/GOS2022/1_Examples/GOS2022/os/kernel/inc" -I"C:/Users/Gabor/Documents/GitHub/GOS2022/1_Examples/GOS2022/os/services/inc" -I"C:/Users/Gabor/Documents/GitHub/GOS2022/1_Examples/GOS2022/os/driver/inc" -I../Core/Inc -I../Drivers/STM32F4xx_HAL_Driver/Inc -I../Drivers/STM32F4xx_HAL_Driver/Inc/Legacy -I../Drivers/CMSIS/Device/ST/STM32F4xx/Include -I../Drivers/CMSIS/Include -I"C:/Users/Gabor/Documents/GitHub/GOS2022/1_Examples/GOS2022_minimal_example/Core/driver/inc" -I"C:/Users/Gabor/Documents/GitHub/GOS2022/1_Examples/GOS2022_lib/drv/inc" -I"C:/Users/Gabor/Documents/GitHub/GOS2022/1_Examples/GOS2022_minimal_example/Core/driver/cfg" -O0 -ffunction-sections -fdata-sections -Wall -fstack-usage -fcyclomatic-complexity -MMD -MP -MF"Drivers/STM32F4xx_HAL_Driver/Src/stm32f4xx_hal_flash.d" -MT"Drivers/STM32F4xx_HAL_Driver/Src/stm32f4xx_hal_flash.o" --specs=nano.specs -mfpu=fpv4-sp-d16 -mfloat-abi=hard -mthumb -o "Drivers/STM32F4xx_HAL_Driver/Src/stm32f4xx_hal_flash.o"
arm-none-eabi-gcc "../Drivers/STM32F4xx_HAL_Driver/Src/stm32f4xx_hal_flash_ex.c" -mcpu=cortex-m4 -std=c99 -g3 -DUSE_HAL_DRIVER -DSTM32F446xx -DDEBUG -c -I"C:/Users/Gabor/Documents/GitHub/GOS2022/1_Examples/GOS2022_lib" -I"C:/Users/Gabor/Documents/GitHub/GOS2022/1_Examples/GOS2022" -I"C:/Users/Gabor/Documents/GitHub/GOS2022/1_Examples/GOS2022/os/kernel/inc" -I"C:/Users/Gabor/Documents/GitHub/GOS2022/1_Examples/GOS2022/os/services/inc" -I"C:/Users/Gabor/Documents/GitHub/GOS2022/1_Examples/GOS2022/os/driver/inc" -I../Core/Inc -I../Drivers/STM32F4xx_HAL_Driver/Inc -I../Drivers/STM32F4xx_HAL_Driver/Inc/Legacy -I../Drivers/CMSIS/Device/ST/STM32F4xx/Include -I../Drivers/CMSIS/Include -I"C:/Users/Gabor/Documents/GitHub/GOS2022/1_Examples/GOS2022_minimal_example/Core/driver/inc" -I"C:/Users/Gabor/Documents/GitHub/GOS2022/1_Examples/GOS2022_lib/drv/inc" -I"C:/Users/Gabor/Documents/GitHub/GOS2022/1_Examples/GOS2022_minimal_example/Core/driver/cfg" -O0 -ffunction-sections -fdata-sections -Wall -fstack-usage -fcyclomatic-complexity -MMD -MP -MF"Drivers/STM32F4xx_HAL_Driver/Src/stm32f4xx_hal_flash_ex.d" -MT"Drivers/STM32F4xx_HAL_Driver/Src/stm32f4xx_hal_flash_ex.o" --specs=nano.specs -mfpu=fpv4-sp-d16 -mfloat-abi=hard -mthumb -o "Drivers/STM32F4xx_HAL_Driver/Src/stm32f4xx_hal_flash_ex.o"
arm-none-eabi-gcc "../Drivers/STM32F4xx_HAL_Driver/Src/stm32f4xx_hal_flash_ramfunc.c" -mcpu=cortex-m4 -std=c99 -g3 -DUSE_HAL_DRIVER -DSTM32F446xx -DDEBUG -c -I"C:/Users/Gabor/Documents/GitHub/GOS2022/1_Examples/GOS2022_lib" -I"C:/Users/Gabor/Documents/GitHub/GOS2022/1_Examples/GOS2022" -I"C:/Users/Gabor/Documents/GitHub/GOS2022/1_Examples/GOS2022/os/kernel/inc" -I"C:/Users/Gabor/Documents/GitHub/GOS2022/1_Examples/GOS2022/os/services/inc" -I"C:/Users/Gabor/Documents/GitHub/GOS2022/1_Examples/GOS2022/os/driver/inc" -I../Core/Inc -I../Drivers/STM32F4xx_HAL_Driver/Inc -I../Drivers/STM32F4xx_HAL_Driver/Inc/Legacy -I../Drivers/CMSIS/Device/ST/STM32F4xx/Include -I../Drivers/CMSIS/Include -I"C:/Users/Gabor/Documents/GitHub/GOS2022/1_Examples/GOS2022_minimal_example/Core/driver/inc" -I"C:/Users/Gabor/Documents/GitHub/GOS2022/1_Examples/GOS2022_lib/drv/inc" -I"C:/Users/Gabor/Documents/GitHub/GOS2022/1_Examples/GOS2022_minimal_example/Core/driver/cfg" -O0 -ffunction-sections -fdata-sections -Wall -fstack-usage -fcyclomatic-complexity -MMD -MP -MF"Drivers/STM32F4xx_HAL_Driver/Src/stm32f4xx_hal_flash_ramfunc.d" -MT"Drivers/STM32F4xx_HAL_Driver/Src/stm32f4xx_hal_flash_ramfunc.o" --specs=nano.specs -mfpu=fpv4-sp-d16 -mfloat-abi=hard -mthumb -o "Drivers/STM32F4xx_HAL_Driver/Src/stm32f4xx_hal_flash_ramfunc.o"
arm-none-eabi-gcc "../Drivers/STM32F4xx_HAL_Driver/Src/stm32f4xx_hal_gpio.c" -mcpu=cortex-m4 -std=c99 -g3 -DUSE_HAL_DRIVER -DSTM32F446xx -DDEBUG -c -I"C:/Users/Gabor/Documents/GitHub/GOS2022/1_Examples/GOS2022_lib" -I"C:/Users/Gabor/Documents/GitHub/GOS2022/1_Examples/GOS2022" -I"C:/Users/Gabor/Documents/GitHub/GOS2022/1_Examples/GOS2022/os/kernel/inc" -I"C:/Users/Gabor/Documents/GitHub/GOS2022/1_Examples/GOS2022/os/services/inc" -I"C:/Users/Gabor/Documents/GitHub/GOS2022/1_Examples/GOS2022/os/driver/inc" -I../Core/Inc -I../Drivers/STM32F4xx_HAL_Driver/Inc -I../Drivers/STM32F4xx_HAL_Driver/Inc/Legacy -I../Drivers/CMSIS/Device/ST/STM32F4xx/Include -I../Drivers/CMSIS/Include -I"C:/Users/Gabor/Documents/GitHub/GOS2022/1_Examples/GOS2022_minimal_example/Core/driver/inc" -I"C:/Users/Gabor/Documents/GitHub/GOS2022/1_Examples/GOS2022_lib/drv/inc" -I"C:/Users/Gabor/Documents/GitHub/GOS2022/1_Examples/GOS2022_minimal_example/Core/driver/cfg" -O0 -ffunction-sections -fdata-sections -Wall -fstack-usage -fcyclomatic-complexity -MMD -MP -MF"Drivers/STM32F4xx_HAL_Driver/Src/stm32f4xx_hal_gpio.d" -MT"Drivers/STM32F4xx_HAL_Driver/Src/stm32f4xx_hal_gpio.o" --specs=nano.specs -mfpu=fpv4-sp-d16 -mfloat-abi=hard -mthumb -o "Drivers/STM32F4xx_HAL_Driver/Src/stm32f4xx_hal_gpio.o"
arm-none-eabi-gcc "../Drivers/STM32F4xx_HAL_Driver/Src/stm32f4xx_hal_i2c.c" -mcpu=cortex-m4 -std=c99 -g3 -DUSE_HAL_DRIVER -DSTM32F446xx -DDEBUG -c -I"C:/Users/Gabor/Documents/GitHub/GOS2022/1_Examples/GOS2022_lib" -I"C:/Users/Gabor/Documents/GitHub/GOS2022/1_Examples/GOS2022" -I"C:/Users/Gabor/Documents/GitHub/GOS2022/1_Examples/GOS2022/os/kernel/inc" -I"C:/Users/Gabor/Documents/GitHub/GOS2022/1_Examples/GOS2022/os/services/inc" -I"C:/Users/Gabor/Documents/GitHub/GOS2022/1_Examples/GOS2022/os/driver/inc" -I../Core/Inc -I../Drivers/STM32F4xx_HAL_Driver/Inc -I../Drivers/STM32F4xx_HAL_Driver/Inc/Legacy -I../Drivers/CMSIS/Device/ST/STM32F4xx/Include -I../Drivers/CMSIS/Include -I"C:/Users/Gabor/Documents/GitHub/GOS2022/1_Examples/GOS2022_minimal_example/Core/driver/inc" -I"C:/Users/Gabor/Documents/GitHub/GOS2022/1_Examples/GOS2022_lib/drv/inc" -I"C:/Users/Gabor/Documents/GitHub/GOS2022/1_Examples/GOS2022_minimal_example/Core/driver/cfg" -O0 -ffunction-sections -fdata-sections -Wall -fstack-usage -fcyclomatic-complexity -MMD -MP -MF"Drivers/STM32F4xx_HAL_Driver/Src/stm32f4xx_hal_i2c.d" -MT"Drivers/STM32F4xx_HAL_Driver/Src/stm32f4xx_hal_i2c.o" --specs=nano.specs -mfpu=fpv4-sp-d16 -mfloat-abi=hard -mthumb -o "Drivers/STM32F4xx_HAL_Driver/Src/stm32f4xx_hal_i2c.o"
arm-none-eabi-gcc "../Drivers/STM32F4xx_HAL_Driver/Src/stm32f4xx_hal_i2c_ex.c" -mcpu=cortex-m4 -std=c99 -g3 -DUSE_HAL_DRIVER -DSTM32F446xx -DDEBUG -c -I"C:/Users/Gabor/Documents/GitHub/GOS2022/1_Examples/GOS2022_lib" -I"C:/Users/Gabor/Documents/GitHub/GOS2022/1_Examples/GOS2022" -I"C:/Users/Gabor/Documents/GitHub/GOS2022/1_Examples/GOS2022/os/kernel/inc" -I"C:/Users/Gabor/Documents/GitHub/GOS2022/1_Examples/GOS2022/os/services/inc" -I"C:/Users/Gabor/Documents/GitHub/GOS2022/1_Examples/GOS2022/os/driver/inc" -I../Core/Inc -I../Drivers/STM32F4xx_HAL_Driver/Inc -I../Drivers/STM32F4xx_HAL_Driver/Inc/Legacy -I../Drivers/CMSIS/Device/ST/STM32F4xx/Include -I../Drivers/CMSIS/Include -I"C:/Users/Gabor/Documents/GitHub/GOS2022/1_Examples/GOS2022_minimal_example/Core/driver/inc" -I"C:/Users/Gabor/Documents/GitHub/GOS2022/1_Examples/GOS2022_lib/drv/inc" -I"C:/Users/Gabor/Documents/GitHub/GOS2022/1_Examples/GOS2022_minimal_example/Core/driver/cfg" -O0 -ffunction-sections -fdata-sections -Wall -fstack-usage -fcyclomatic-complexity -MMD -MP -MF"Drivers/STM32F4xx_HAL_Driver/Src/stm32f4xx_hal_i2c_ex.d" -MT"Drivers/STM32F4xx_HAL_Driver/Src/stm32f4xx_hal_i2c_ex.o" --specs=nano.specs -mfpu=fpv4-sp-d16 -mfloat-abi=hard -mthumb -o "Drivers/STM32F4xx_HAL_Driver/Src/stm32f4xx_hal_i2c_ex.o"
arm-none-eabi-gcc "../Drivers/STM32F4xx_HAL_Driver/Src/stm32f4xx_hal_pwr.c" -mcpu=cortex-m4 -std=c99 -g3 -DUSE_HAL_DRIVER -DSTM32F446xx -DDEBUG -c -I"C:/Users/Gabor/Documents/GitHub/GOS2022/1_Examples/GOS2022_lib" -I"C:/Users/Gabor/Documents/GitHub/GOS2022/1_Examples/GOS2022" -I"C:/Users/Gabor/Documents/GitHub/GOS2022/1_Examples/GOS2022/os/kernel/inc" -I"C:/Users/Gabor/Documents/GitHub/GOS2022/1_Examples/GOS2022/os/services/inc" -I"C:/Users/Gabor/Documents/GitHub/GOS2022/1_Examples/GOS2022/os/driver/inc" -I../Core/Inc -I../Drivers/STM32F4xx_HAL_Driver/Inc -I../Drivers/STM32F4xx_HAL_Driver/Inc/Legacy -I../Drivers/CMSIS/Device/ST/STM32F4xx/Include -I../Drivers/CMSIS/Include -I"C:/Users/Gabor/Documents/GitHub/GOS2022/1_Examples/GOS2022_minimal_example/Core/driver/inc" -I"C:/Users/Gabor/Documents/GitHub/GOS2022/1_Examples/GOS2022_lib/drv/inc" -I"C:/Users/Gabor/Documents/GitHub/GOS2022/1_Examples/GOS2022_minimal_example/Core/driver/cfg" -O0 -ffunction-sections -fdata-sections -Wall -fstack-usage -fcyclomatic-complexity -MMD -MP -MF"Drivers/STM32F4xx_HAL_Driver/Src/stm32f4xx_hal_pwr.d" -MT"Drivers/STM32F4xx_HAL_Driver/Src/stm32f4xx_hal_pwr.o" --specs=nano.specs -mfpu=fpv4-sp-d16 -mfloat-abi=hard -mthumb -o "Drivers/STM32F4xx_HAL_Driver/Src/stm32f4xx_hal_pwr.o"
arm-none-eabi-gcc "../Drivers/STM32F4xx_HAL_Driver/Src/stm32f4xx_hal_pwr_ex.c" -mcpu=cortex-m4 -std=c99 -g3 -DUSE_HAL_DRIVER -DSTM32F446xx -DDEBUG -c -I"C:/Users/Gabor/Documents/GitHub/GOS2022/1_Examples/GOS2022_lib" -I"C:/Users/Gabor/Documents/GitHub/GOS2022/1_Examples/GOS2022" -I"C:/Users/Gabor/Documents/GitHub/GOS2022/1_Examples/GOS2022/os/kernel/inc" -I"C:/Users/Gabor/Documents/GitHub/GOS2022/1_Examples/GOS2022/os/services/inc" -I"C:/Users/Gabor/Documents/GitHub/GOS2022/1_Examples/GOS2022/os/driver/inc" -I../Core/Inc -I../Drivers/STM32F4xx_HAL_Driver/Inc -I../Drivers/STM32F4xx_HAL_Driver/Inc/Legacy -I../Drivers/CMSIS/Device/ST/STM32F4xx/Include -I../Drivers/CMSIS/Include -I"C:/Users/Gabor/Documents/GitHub/GOS2022/1_Examples/GOS2022_minimal_example/Core/driver/inc" -I"C:/Users/Gabor/Documents/GitHub/GOS2022/1_Examples/GOS2022_lib/drv/inc" -I"C:/Users/Gabor/Documents/GitHub/GOS2022/1_Examples/GOS2022_minimal_example/Core/driver/cfg" -O0 -ffunction-sections -fdata-sections -Wall -fstack-usage -fcyclomatic-complexity -MMD -MP -MF"Drivers/STM32F4xx_HAL_Driver/Src/stm32f4xx_hal_pwr_ex.d" -MT"Drivers/STM32F4xx_HAL_Driver/Src/stm32f4xx_hal_pwr_ex.o" --specs=nano.specs -mfpu=fpv4-sp-d16 -mfloat-abi=hard -mthumb -o "Drivers/STM32F4xx_HAL_Driver/Src/stm32f4xx_hal_pwr_ex.o"
arm-none-eabi-gcc "../Drivers/STM32F4xx_HAL_Driver/Src/stm32f4xx_hal_rcc.c" -mcpu=cortex-m4 -std=c99 -g3 -DUSE_HAL_DRIVER -DSTM32F446xx -DDEBUG -c -I"C:/Users/Gabor/Documents/GitHub/GOS2022/1_Examples/GOS2022_lib" -I"C:/Users/Gabor/Documents/GitHub/GOS2022/1_Examples/GOS2022" -I"C:/Users/Gabor/Documents/GitHub/GOS2022/1_Examples/GOS2022/os/kernel/inc" -I"C:/Users/Gabor/Documents/GitHub/GOS2022/1_Examples/GOS2022/os/services/inc" -I"C:/Users/Gabor/Documents/GitHub/GOS2022/1_Examples/GOS2022/os/driver/inc" -I../Core/Inc -I../Drivers/STM32F4xx_HAL_Driver/Inc -I../Drivers/STM32F4xx_HAL_Driver/Inc/Legacy -I../Drivers/CMSIS/Device/ST/STM32F4xx/Include -I../Drivers/CMSIS/Include -I"C:/Users/Gabor/Documents/GitHub/GOS2022/1_Examples/GOS2022_minimal_example/Core/driver/inc" -I"C:/Users/Gabor/Documents/GitHub/GOS2022/1_Examples/GOS2022_lib/drv/inc" -I"C:/Users/Gabor/Documents/GitHub/GOS2022/1_Examples/GOS2022_minimal_example/Core/driver/cfg" -O0 -ffunction-sections -fdata-sections -Wall -fstack-usage -fcyclomatic-complexity -MMD -MP -MF"Drivers/STM32F4xx_HAL_Driver/Src/stm32f4xx_hal_rcc.d" -MT"Drivers/STM32F4xx_HAL_Driver/Src/stm32f4xx_hal_rcc.o" --specs=nano.specs -mfpu=fpv4-sp-d16 -mfloat-abi=hard -mthumb -o "Drivers/STM32F4xx_HAL_Driver/Src/stm32f4xx_hal_rcc.o"
arm-none-eabi-gcc "../Drivers/STM32F4xx_HAL_Driver/Src/stm32f4xx_hal_rcc_ex.c" -mcpu=cortex-m4 -std=c99 -g3 -DUSE_HAL_DRIVER -DSTM32F446xx -DDEBUG -c -I"C:/Users/Gabor/Documents/GitHub/GOS2022/1_Examples/GOS2022_lib" -I"C:/Users/Gabor/Documents/GitHub/GOS2022/1_Examples/GOS2022" -I"C:/Users/Gabor/Documents/GitHub/GOS2022/1_Examples/GOS2022/os/kernel/inc" -I"C:/Users/Gabor/Documents/GitHub/GOS2022/1_Examples/GOS2022/os/services/inc" -I"C:/Users/Gabor/Documents/GitHub/GOS2022/1_Examples/GOS2022/os/driver/inc" -I../Core/Inc -I../Drivers/STM32F4xx_HAL_Driver/Inc -I../Drivers/STM32F4xx_HAL_Driver/Inc/Legacy -I../Drivers/CMSIS/Device/ST/STM32F4xx/Include -I../Drivers/CMSIS/Include -I"C:/Users/Gabor/Documents/GitHub/GOS2022/1_Examples/GOS2022_minimal_example/Core/driver/inc" -I"C:/Users/Gabor/Documents/GitHub/GOS2022/1_Examples/GOS2022_lib/drv/inc" -I"C:/Users/Gabor/Documents/GitHub/GOS2022/1_Examples/GOS2022_minimal_example/Core/driver/cfg" -O0 -ffunction-sections -fdata-sections -Wall -fstack-usage -fcyclomatic-complexity -MMD -MP -MF"Drivers/STM32F4xx_HAL_Driver/Src/stm32f4xx_hal_rcc_ex.d" -MT"Drivers/STM32F4xx_HAL_Driver/Src/stm32f4xx_hal_rcc_ex.o" --specs=nano.specs -mfpu=fpv4-sp-d16 -mfloat-abi=hard -mthumb -o "Drivers/STM32F4xx_HAL_Driver/Src/stm32f4xx_hal_rcc_ex.o"
arm-none-eabi-gcc "../Drivers/STM32F4xx_HAL_Driver/Src/stm32f4xx_hal_spi.c" -mcpu=cortex-m4 -std=c99 -g3 -DUSE_HAL_DRIVER -DSTM32F446xx -DDEBUG -c -I"C:/Users/Gabor/Documents/GitHub/GOS2022/1_Examples/GOS2022_lib" -I"C:/Users/Gabor/Documents/GitHub/GOS2022/1_Examples/GOS2022" -I"C:/Users/Gabor/Documents/GitHub/GOS2022/1_Examples/GOS2022/os/kernel/inc" -I"C:/Users/Gabor/Documents/GitHub/GOS2022/1_Examples/GOS2022/os/services/inc" -I"C:/Users/Gabor/Documents/GitHub/GOS2022/1_Examples/GOS2022/os/driver/inc" -I../Core/Inc -I../Drivers/STM32F4xx_HAL_Driver/Inc -I../Drivers/STM32F4xx_HAL_Driver/Inc/Legacy -I../Drivers/CMSIS/Device/ST/STM32F4xx/Include -I../Drivers/CMSIS/Include -I"C:/Users/Gabor/Documents/GitHub/GOS2022/1_Examples/GOS2022_minimal_example/Core/driver/inc" -I"C:/Users/Gabor/Documents/GitHub/GOS2022/1_Examples/GOS2022_lib/drv/inc" -I"C:/Users/Gabor/Documents/GitHub/GOS2022/1_Examples/GOS2022_minimal_example/Core/driver/cfg" -O0 -ffunction-sections -fdata-sections -Wall -fstack-usage -fcyclomatic-complexity -MMD -MP -MF"Drivers/STM32F4xx_HAL_Driver/Src/stm32f4xx_hal_spi.d" -MT"Drivers/STM32F4xx_HAL_Driver/Src/stm32f4xx_hal_spi.o" --specs=nano.specs -mfpu=fpv4-sp-d16 -mfloat-abi=hard -mthumb -o "Drivers/STM32F4xx_HAL_Driver/Src/stm32f4xx_hal_spi.o"
arm-none-eabi-gcc "../Drivers/STM32F4xx_HAL_Driver/Src/stm32f4xx_hal_tim.c" -mcpu=cortex-m4 -std=c99 -g3 -DUSE_HAL_DRIVER -DSTM32F446xx -DDEBUG -c -I"C:/Users/Gabor/Documents/GitHub/GOS2022/1_Examples/GOS2022_lib" -I"C:/Users/Gabor/Documents/GitHub/GOS2022/1_Examples/GOS2022" -I"C:/Users/Gabor/Documents/GitHub/GOS2022/1_Examples/GOS2022/os/kernel/inc" -I"C:/Users/Gabor/Documents/GitHub/GOS2022/1_Examples/GOS2022/os/services/inc" -I"C:/Users/Gabor/Documents/GitHub/GOS2022/1_Examples/GOS2022/os/driver/inc" -I../Core/Inc -I../Drivers/STM32F4xx_HAL_Driver/Inc -I../Drivers/STM32F4xx_HAL_Driver/Inc/Legacy -I../Drivers/CMSIS/Device/ST/STM32F4xx/Include -I../Drivers/CMSIS/Include -I"C:/Users/Gabor/Documents/GitHub/GOS2022/1_Examples/GOS2022_minimal_example/Core/driver/inc" -I"C:/Users/Gabor/Documents/GitHub/GOS2022/1_Examples/GOS2022_lib/drv/inc" -I"C:/Users/Gabor/Documents/GitHub/GOS2022/1_Examples/GOS2022_minimal_example/Core/driver/cfg" -O0 -ffunction-sections -fdata-sections -Wall -fstack-usage -fcyclomatic-complexity -MMD -MP -MF"Drivers/STM32F4xx_HAL_Driver/Src/stm32f4xx_hal_tim.d" -MT"Drivers/STM32F4xx_HAL_Driver/Src/stm32f4xx_hal_tim.o" --specs=nano.specs -mfpu=fpv4-sp-d16 -mfloat-abi=hard -mthumb -o "Drivers/STM32F4xx_HAL_Driver/Src/stm32f4xx_hal_tim.o"
arm-none-eabi-gcc "../Drivers/STM32F4xx_HAL_Driver/Src/stm32f4xx_hal_tim_ex.c" -mcpu=cortex-m4 -std=c99 -g3 -DUSE_HAL_DRIVER -DSTM32F446xx -DDEBUG -c -I"C:/Users/Gabor/Documents/GitHub/GOS2022/1_Examples/GOS2022_lib" -I"C:/Users/Gabor/Documents/GitHub/GOS2022/1_Examples/GOS2022" -I"C:/Users/Gabor/Documents/GitHub/GOS2022/1_Examples/GOS2022/os/kernel/inc" -I"C:/Users/Gabor/Documents/GitHub/GOS2022/1_Examples/GOS2022/os/services/inc" -I"C:/Users/Gabor/Documents/GitHub/GOS2022/1_Examples/GOS2022/os/driver/inc" -I../Core/Inc -I../Drivers/STM32F4xx_HAL_Driver/Inc -I../Drivers/STM32F4xx_HAL_Driver/Inc/Legacy -I../Drivers/CMSIS/Device/ST/STM32F4xx/Include -I../Drivers/CMSIS/Include -I"C:/Users/Gabor/Documents/GitHub/GOS2022/1_Examples/GOS2022_minimal_example/Core/driver/inc" -I"C:/Users/Gabor/Documents/GitHub/GOS2022/1_Examples/GOS2022_lib/drv/inc" -I"C:/Users/Gabor/Documents/GitHub/GOS2022/1_Examples/GOS2022_minimal_example/Core/driver/cfg" -O0 -ffunction-sections -fdata-sections -Wall -fstack-usage -fcyclomatic-complexity -MMD -MP -MF"Drivers/STM32F4xx_HAL_Driver/Src/stm32f4xx_hal_tim_ex.d" -MT"Drivers/STM32F4xx_HAL_Driver/Src/stm32f4xx_hal_tim_ex.o" --specs=nano.specs -mfpu=fpv4-sp-d16 -mfloat-abi=hard -mthumb -o "Drivers/STM32F4xx_HAL_Driver/Src/stm32f4xx_hal_tim_ex.o"
arm-none-eabi-gcc "../Drivers/STM32F4xx_HAL_Driver/Src/stm32f4xx_hal_uart.c" -mcpu=cortex-m4 -std=c99 -g3 -DUSE_HAL_DRIVER -DSTM32F446xx -DDEBUG -c -I"C:/Users/Gabor/Documents/GitHub/GOS2022/1_Examples/GOS2022_lib" -I"C:/Users/Gabor/Documents/GitHub/GOS2022/1_Examples/GOS2022" -I"C:/Users/Gabor/Documents/GitHub/GOS2022/1_Examples/GOS2022/os/kernel/inc" -I"C:/Users/Gabor/Documents/GitHub/GOS2022/1_Examples/GOS2022/os/services/inc" -I"C:/Users/Gabor/Documents/GitHub/GOS2022/1_Examples/GOS2022/os/driver/inc" -I../Core/Inc -I../Drivers/STM32F4xx_HAL_Driver/Inc -I../Drivers/STM32F4xx_HAL_Driver/Inc/Legacy -I../Drivers/CMSIS/Device/ST/STM32F4xx/Include -I../Drivers/CMSIS/Include -I"C:/Users/Gabor/Documents/GitHub/GOS2022/1_Examples/GOS2022_minimal_example/Core/driver/inc" -I"C:/Users/Gabor/Documents/GitHub/GOS2022/1_Examples/GOS2022_lib/drv/inc" -I"C:/Users/Gabor/Documents/GitHub/GOS2022/1_Examples/GOS2022_minimal_example/Core/driver/cfg" -O0 -ffunction-sections -fdata-sections -Wall -fstack-usage -fcyclomatic-complexity -MMD -MP -MF"Drivers/STM32F4xx_HAL_Driver/Src/stm32f4xx_hal_uart.d" -MT"Drivers/STM32F4xx_HAL_Driver/Src/stm32f4xx_hal_uart.o" --specs=nano.specs -mfpu=fpv4-sp-d16 -mfloat-abi=hard -mthumb -o "Drivers/STM32F4xx_HAL_Driver/Src/stm32f4xx_hal_uart.o"
arm-none-eabi-gcc "../Core/driver/src/driver.c" -mcpu=cortex-m4 -std=c99 -g3 -DUSE_HAL_DRIVER -DSTM32F446xx -DDEBUG -c -I"C:/Users/Gabor/Documents/GitHub/GOS2022/1_Examples/GOS2022_lib" -I"C:/Users/Gabor/Documents/GitHub/GOS2022/1_Examples/GOS2022" -I"C:/Users/Gabor/Documents/GitHub/GOS2022/1_Examples/GOS2022/os/kernel/inc" -I"C:/Users/Gabor/Documents/GitHub/GOS2022/1_Examples/GOS2022/os/services/inc" -I"C:/Users/Gabor/Documents/GitHub/GOS2022/1_Examples/GOS2022/os/driver/inc" -I../Core/Inc -I../Drivers/STM32F4xx_HAL_Driver/Inc -I../Drivers/STM32F4xx_HAL_Driver/Inc/Legacy -I../Drivers/CMSIS/Device/ST/STM32F4xx/Include -I../Drivers/CMSIS/Include -I"C:/Users/Gabor/Documents/GitHub/GOS2022/1_Examples/GOS2022_minimal_example/Core/driver/inc" -I"C:/Users/Gabor/Documents/GitHub/GOS2022/1_Examples/GOS2022_lib/drv/inc" -I"C:/Users/Gabor/Documents/GitHub/GOS2022/1_Examples/GOS2022_minimal_example/Core/driver/cfg" -O0 -ffunction-sections -fdata-sections -Wall -fstack-usage -fcyclomatic-complexity -MMD -MP -MF"Core/driver/src/driver.d" -MT"Core/driver/src/driver.o" --specs=nano.specs -mfpu=fpv4-sp-d16 -mfloat-abi=hard -mthumb -o "Core/driver/src/driver.o"
arm-none-eabi-gcc "../Core/driver/src/rcc_driver.c" -mcpu=cortex-m4 -std=c99 -g3 -DUSE_HAL_DRIVER -DSTM32F446xx -DDEBUG -c -I"C:/Users/Gabor/Documents/GitHub/GOS2022/1_Examples/GOS2022_lib" -I"C:/Users/Gabor/Documents/GitHub/GOS2022/1_Examples/GOS2022" -I"C:/Users/Gabor/Documents/GitHub/GOS2022/1_Examples/GOS2022/os/kernel/inc" -I"C:/Users/Gabor/Documents/GitHub/GOS2022/1_Examples/GOS2022/os/services/inc" -I"C:/Users/Gabor/Documents/GitHub/GOS2022/1_Examples/GOS2022/os/driver/inc" -I../Core/Inc -I../Drivers/STM32F4xx_HAL_Driver/Inc -I../Drivers/STM32F4xx_HAL_Driver/Inc/Legacy -I../Drivers/CMSIS/Device/ST/STM32F4xx/Include -I../Drivers/CMSIS/Include -I"C:/Users/Gabor/Documents/GitHub/GOS2022/1_Examples/GOS2022_minimal_example/Core/driver/inc" -I"C:/Users/Gabor/Documents/GitHub/GOS2022/1_Examples/GOS2022_lib/drv/inc" -I"C:/Users/Gabor/Documents/GitHub/GOS2022/1_Examples/GOS2022_minimal_example/Core/driver/cfg" -O0 -ffunction-sections -fdata-sections -Wall -fstack-usage -fcyclomatic-complexity -MMD -MP -MF"Core/driver/src/rcc_driver.d" -MT"Core/driver/src/rcc_driver.o" --specs=nano.specs -mfpu=fpv4-sp-d16 -mfloat-abi=hard -mthumb -o "Core/driver/src/rcc_driver.o"
arm-none-eabi-gcc "../Core/driver/src/timer_driver.c" -mcpu=cortex-m4 -std=c99 -g3 -DUSE_HAL_DRIVER -DSTM32F446xx -DDEBUG -c -I"C:/Users/Gabor/Documents/GitHub/GOS2022/1_Examples/GOS2022_lib" -I"C:/Users/Gabor/Documents/GitHub/GOS2022/1_Examples/GOS2022" -I"C:/Users/Gabor/Documents/GitHub/GOS2022/1_Examples/GOS2022/os/kernel/inc" -I"C:/Users/Gabor/Documents/GitHub/GOS2022/1_Examples/GOS2022/os/services/inc" -I"C:/Users/Gabor/Documents/GitHub/GOS2022/1_Examples/GOS2022/os/driver/inc" -I../Core/Inc -I../Drivers/STM32F4xx_HAL_Driver/Inc -I../Drivers/STM32F4xx_HAL_Driver/Inc/Legacy -I../Drivers/CMSIS/Device/ST/STM32F4xx/Include -I../Drivers/CMSIS/Include -I"C:/Users/Gabor/Documents/GitHub/GOS2022/1_Examples/GOS2022_minimal_example/Core/driver/inc" -I"C:/Users/Gabor/Documents/GitHub/GOS2022/1_Examples/GOS2022_lib/drv/inc" -I"C:/Users/Gabor/Documents/GitHub/GOS2022/1_Examples/GOS2022_minimal_example/Core/driver/cfg" -O0 -ffunction-sections -fdata-sections -Wall -fstack-usage -fcyclomatic-complexity -MMD -MP -MF"Core/driver/src/timer_driver.d" -MT"Core/driver/src/timer_driver.o" --specs=nano.specs -mfpu=fpv4-sp-d16 -mfloat-abi=hard -mthumb -o "Core/driver/src/timer_driver.o"
arm-none-eabi-gcc "../Core/driver/cfg/dma_cfg.c" -mcpu=cortex-m4 -std=c99 -g3 -DUSE_HAL_DRIVER -DSTM32F446xx -DDEBUG -c -I"C:/Users/Gabor/Documents/GitHub/GOS2022/1_Examples/GOS2022_lib" -I"C:/Users/Gabor/Documents/GitHub/GOS2022/1_Examples/GOS2022" -I"C:/Users/Gabor/Documents/GitHub/GOS2022/1_Examples/GOS2022/os/kernel/inc" -I"C:/Users/Gabor/Documents/GitHub/GOS2022/1_Examples/GOS2022/os/services/inc" -I"C:/Users/Gabor/Documents/GitHub/GOS2022/1_Examples/GOS2022/os/driver/inc" -I../Core/Inc -I../Drivers/STM32F4xx_HAL_Driver/Inc -I../Drivers/STM32F4xx_HAL_Driver/Inc/Legacy -I../Drivers/CMSIS/Device/ST/STM32F4xx/Include -I../Drivers/CMSIS/Include -I"C:/Users/Gabor/Documents/GitHub/GOS2022/1_Examples/GOS2022_minimal_example/Core/driver/inc" -I"C:/Users/Gabor/Documents/GitHub/GOS2022/1_Examples/GOS2022_lib/drv/inc" -I"C:/Users/Gabor/Documents/GitHub/GOS2022/1_Examples/GOS2022_minimal_example/Core/driver/cfg" -O0 -ffunction-sections -fdata-sections -Wall -fstack-usage -fcyclomatic-complexity -MMD -MP -MF"Core/driver/cfg/dma_cfg.d" -MT"Core/driver/cfg/dma_cfg.o" --specs=nano.specs -mfpu=fpv4-sp-d16 -mfloat-abi=hard -mthumb -o "Core/driver/cfg/dma_cfg.o"
arm-none-eabi-gcc "../Core/driver/cfg/gpio_cfg.c" -mcpu=cortex-m4 -std=c99 -g3 -DUSE_HAL_DRIVER -DSTM32F446xx -DDEBUG -c -I"C:/Users/Gabor/Documents/GitHub/GOS2022/1_Examples/GOS2022_lib" -I"C:/Users/Gabor/Documents/GitHub/GOS2022/1_Examples/GOS2022" -I"C:/Users/Gabor/Documents/GitHub/GOS2022/1_Examples/GOS2022/os/kernel/inc" -I"C:/Users/Gabor/Documents/GitHub/GOS2022/1_Examples/GOS2022/os/services/inc" -I"C:/Users/Gabor/Documents/GitHub/GOS2022/1_Examples/GOS2022/os/driver/inc" -I../Core/Inc -I../Drivers/STM32F4xx_HAL_Driver/Inc -I../Drivers/STM32F4xx_HAL_Driver/Inc/Legacy -I../Drivers/CMSIS/Device/ST/STM32F4xx/Include -I../Drivers/CMSIS/Include -I"C:/Users/Gabor/Documents/GitHub/GOS2022/1_Examples/GOS2022_minimal_example/Core/driver/inc" -I"C:/Users/Gabor/Documents/GitHub/GOS2022/1_Examples/GOS2022_lib/drv/inc" -I"C:/Users/Gabor/Documents/GitHub/GOS2022/1_Examples/GOS2022_minimal_example/Core/driver/cfg" -O0 -ffunction-sections -fdata-sections -Wall -fstack-usage -fcyclomatic-complexity -MMD -MP -MF"Core/driver/cfg/gpio_cfg.d" -MT"Core/driver/cfg/gpio_cfg.o" --specs=nano.specs -mfpu=fpv4-sp-d16 -mfloat-abi=hard -mthumb -o "Core/driver/cfg/gpio_cfg.o"
arm-none-eabi-gcc "../Core/driver/cfg/it_cfg.c" -mcpu=cortex-m4 -std=c99 -g3 -DUSE_HAL_DRIVER -DSTM32F446xx -DDEBUG -c -I"C:/Users/Gabor/Documents/GitHub/GOS2022/1_Examples/GOS2022_lib" -I"C:/Users/Gabor/Documents/GitHub/GOS2022/1_Examples/GOS2022" -I"C:/Users/Gabor/Documents/GitHub/GOS2022/1_Examples/GOS2022/os/kernel/inc" -I"C:/Users/Gabor/Documents/GitHub/GOS2022/1_Examples/GOS2022/os/services/inc" -I"C:/Users/Gabor/Documents/GitHub/GOS2022/1_Examples/GOS2022/os/driver/inc" -I../Core/Inc -I../Drivers/STM32F4xx_HAL_Driver/Inc -I../Drivers/STM32F4xx_HAL_Driver/Inc/Legacy -I../Drivers/CMSIS/Device/ST/STM32F4xx/Include -I../Drivers/CMSIS/Include -I"C:/Users/Gabor/Documents/GitHub/GOS2022/1_Examples/GOS2022_minimal_example/Core/driver/inc" -I"C:/Users/Gabor/Documents/GitHub/GOS2022/1_Examples/GOS2022_lib/drv/inc" -I"C:/Users/Gabor/Documents/GitHub/GOS2022/1_Examples/GOS2022_minimal_example/Core/driver/cfg" -O0 -ffunction-sections -fdata-sections -Wall -fstack-usage -fcyclomatic-complexity -MMD -MP -MF"Core/driver/cfg/it_cfg.d" -MT"Core/driver/cfg/it_cfg.o" --specs=nano.specs -mfpu=fpv4-sp-d16 -mfloat-abi=hard -mthumb -o "Core/driver/cfg/it_cfg.o"
arm-none-eabi-gcc "../Core/driver/cfg/uart_cfg.c" -mcpu=cortex-m4 -std=c99 -g3 -DUSE_HAL_DRIVER -DSTM32F446xx -DDEBUG -c -I"C:/Users/Gabor/Documents/GitHub/GOS2022/1_Examples/GOS2022_lib" -I"C:/Users/Gabor/Documents/GitHub/GOS2022/1_Examples/GOS2022" -I"C:/Users/Gabor/Documents/GitHub/GOS2022/1_Examples/GOS2022/os/kernel/inc" -I"C:/Users/Gabor/Documents/GitHub/GOS2022/1_Examples/GOS2022/os/services/inc" -I"C:/Users/Gabor/Documents/GitHub/GOS2022/1_Examples/GOS2022/os/driver/inc" -I../Core/Inc -I../Drivers/STM32F4xx_HAL_Driver/Inc -I../Drivers/STM32F4xx_HAL_Driver/Inc/Legacy -I../Drivers/CMSIS/Device/ST/STM32F4xx/Include -I../Drivers/CMSIS/Include -I"C:/Users/Gabor/Documents/GitHub/GOS2022/1_Examples/GOS2022_minimal_example/Core/driver/inc" -I"C:/Users/Gabor/Documents/GitHub/GOS2022/1_Examples/GOS2022_lib/drv/inc" -I"C:/Users/Gabor/Documents/GitHub/GOS2022/1_Examples/GOS2022_minimal_example/Core/driver/cfg" -O0 -ffunction-sections -fdata-sections -Wall -fstack-usage -fcyclomatic-complexity -MMD -MP -MF"Core/driver/cfg/uart_cfg.d" -MT"Core/driver/cfg/uart_cfg.o" --specs=nano.specs -mfpu=fpv4-sp-d16 -mfloat-abi=hard -mthumb -o "Core/driver/cfg/uart_cfg.o"
arm-none-eabi-gcc -mcpu=cortex-m4 -g3 -DSTM32F446xx -c -I"C:/Users/Gabor/Documents/GitHub/GOS2022/1_Examples/GOS2022_lib" -I"C:/Users/Gabor/Documents/GitHub/GOS2022/1_Examples/GOS2022" -I"C:/Users/Gabor/Documents/GitHub/GOS2022/1_Examples/GOS2022/os/kernel/inc" -I"C:/Users/Gabor/Documents/GitHub/GOS2022/1_Examples/GOS2022/os/services/inc" -I../Core/Inc -I../Drivers/STM32F4xx_HAL_Driver/Inc -I../Drivers/STM32F4xx_HAL_Driver/Inc/Legacy -I../Drivers/CMSIS/Device/ST/STM32F4xx/Include -I../Drivers/CMSIS/Include -I"C:/Users/Gabor/Documents/GitHub/GOS2022/1_Examples/GOS2022/os/driver/inc" -I"C:/Users/Gabor/Documents/GitHub/GOS2022/1_Examples/GOS2022_minimal_example/Core/driver/inc" -I"C:/Users/Gabor/Documents/GitHub/GOS2022/1_Examples/GOS2022_lib/drv/inc" -I"C:/Users/Gabor/Documents/GitHub/GOS2022/1_Examples/GOS2022_minimal_example/Core/driver/cfg" -x assembler-with-cpp -MMD -MP -MF"Core/Startup/startup_stm32f446retx.d" -MT"Core/Startup/startup_stm32f446retx.o" --specs=nano.specs -mfpu=fpv4-sp-d16 -mfloat-abi=hard -mthumb -o "Core/Startup/startup_stm32f446retx.o" "../Core/Startup/startup_stm32f446retx.s"
arm-none-eabi-gcc "../Core/Src/app_button.c" -mcpu=cortex-m4 -std=c99 -g3 -DUSE_HAL_DRIVER -DSTM32F446xx -DDEBUG -c -I"C:/Users/Gabor/Documents/GitHub/GOS2022/1_Examples/GOS2022_lib" -I"C:/Users/Gabor/Documents/GitHub/GOS2022/1_Examples/GOS2022" -I"C:/Users/Gabor/Documents/GitHub/GOS2022/1_Examples/GOS2022/os/kernel/inc" -I"C:/Users/Gabor/Documents/GitHub/GOS2022/1_Examples/GOS2022/os/services/inc" -I"C:/Users/Gabor/Documents/GitHub/GOS2022/1_Examples/GOS2022/os/driver/inc" -I../Core/Inc -I../Drivers/STM32F4xx_HAL_Driver/Inc -I../Drivers/STM32F4xx_HAL_Driver/Inc/Legacy -I../Drivers/CMSIS/Device/ST/STM32F4xx/Include -I../Drivers/CMSIS/Include -I"C:/Users/Gabor/Documents/GitHub/GOS2022/1_Examples/GOS2022_minimal_example/Core/driver/inc" -I"C:/Users/Gabor/Documents/GitHub/GOS2022/1_Examples/GOS2022_lib/drv/inc" -I"C:/Users/Gabor/Documents/GitHub/GOS2022/1_Examples/GOS2022_minimal_example/Core/driver/cfg" -O0 -ffunction-sections -fdata-sections -Wall -fstack-usage -fcyclomatic-complexity -MMD -MP -MF"Core/Src/app_button.d" -MT"Core/Src/app_button.o" --specs=nano.specs -mfpu=fpv4-sp-d16 -mfloat-abi=hard -mthumb -o "Core/Src/app_button.o"
arm-none-eabi-gcc "../Core/Src/app_cpu.c" -mcpu=cortex-m4 -std=c99 -g3 -DUSE_HAL_DRIVER -DSTM32F446xx -DDEBUG -c -I"C:/Users/Gabor/Documents/GitHub/GOS2022/1_Examples/GOS2022_lib" -I"C:/Users/Gabor/Documents/GitHub/GOS2022/1_Examples/GOS2022" -I"C:/Users/Gabor/Documents/GitHub/GOS2022/1_Examples/GOS2022/os/kernel/inc" -I"C:/Users/Gabor/Documents/GitHub/GOS2022/1_Examples/GOS2022/os/services/inc" -I"C:/Users/Gabor/Documents/GitHub/GOS2022/1_Examples/GOS2022/os/driver/inc" -I../Core/Inc -I../Drivers/STM32F4xx_HAL_Driver/Inc -I../Drivers/STM32F4xx_HAL_Driver/Inc/Legacy -I../Drivers/CMSIS/Device/ST/STM32F4xx/Include -I../Drivers/CMSIS/Include -I"C:/Users/Gabor/Documents/GitHub/GOS2022/1_Examples/GOS2022_minimal_example/Core/driver/inc" -I"C:/Users/Gabor/Documents/GitHub/GOS2022/1_Examples/GOS2022_lib/drv/inc" -I"C:/Users/Gabor/Documents/GitHub/GOS2022/1_Examples/GOS2022_minimal_example/Core/driver/cfg" -O0 -ffunction-sections -fdata-sections -Wall -fstack-usage -fcyclomatic-complexity -MMD -MP -MF"Core/Src/app_cpu.d" -MT"Core/Src/app_cpu.o" --specs=nano.specs -mfpu=fpv4-sp-d16 -mfloat-abi=hard -mthumb -o "Core/Src/app_cpu.o"
arm-none-eabi-gcc "../Core/Src/app_init.c" -mcpu=cortex-m4 -std=c99 -g3 -DUSE_HAL_DRIVER -DSTM32F446xx -DDEBUG -c -I"C:/Users/Gabor/Documents/GitHub/GOS2022/1_Examples/GOS2022_lib" -I"C:/Users/Gabor/Documents/GitHub/GOS2022/1_Examples/GOS2022" -I"C:/Users/Gabor/Documents/GitHub/GOS2022/1_Examples/GOS2022/os/kernel/inc" -I"C:/Users/Gabor/Documents/GitHub/GOS2022/1_Examples/GOS2022/os/services/inc" -I"C:/Users/Gabor/Documents/GitHub/GOS2022/1_Examples/GOS2022/os/driver/inc" -I../Core/Inc -I../Drivers/STM32F4xx_HAL_Driver/Inc -I../Drivers/STM32F4xx_HAL_Driver/Inc/Legacy -I../Drivers/CMSIS/Device/ST/STM32F4xx/Include -I../Drivers/CMSIS/Include -I"C:/Users/Gabor/Documents/GitHub/GOS2022/1_Examples/GOS2022_minimal_example/Core/driver/inc" -I"C:/Users/Gabor/Documents/GitHub/GOS2022/1_Examples/GOS2022_lib/drv/inc" -I"C:/Users/Gabor/Documents/GitHub/GOS2022/1_Examples/GOS2022_minimal_example/Core/driver/cfg" -O0 -ffunction-sections -fdata-sections -Wall -fstack-usage -fcyclomatic-complexity -MMD -MP -MF"Core/Src/app_init.d" -MT"Core/Src/app_init.o" --specs=nano.specs -mfpu=fpv4-sp-d16 -mfloat-abi=hard -mthumb -o "Core/Src/app_init.o"
arm-none-eabi-gcc "../Core/Src/app_led.c" -mcpu=cortex-m4 -std=c99 -g3 -DUSE_HAL_DRIVER -DSTM32F446xx -DDEBUG -c -I"C:/Users/Gabor/Documents/GitHub/GOS2022/1_Examples/GOS2022_lib" -I"C:/Users/Gabor/Documents/GitHub/GOS2022/1_Examples/GOS2022" -I"C:/Users/Gabor/Documents/GitHub/GOS2022/1_Examples/GOS2022/os/kernel/inc" -I"C:/Users/Gabor/Documents/GitHub/GOS2022/1_Examples/GOS2022/os/services/inc" -I"C:/Users/Gabor/Documents/GitHub/GOS2022/1_Examples/GOS2022/os/driver/inc" -I../Core/Inc -I../Drivers/STM32F4xx_HAL_Driver/Inc -I../Drivers/STM32F4xx_HAL_Driver/Inc/Legacy -I../Drivers/CMSIS/Device/ST/STM32F4xx/Include -I../Drivers/CMSIS/Include -I"C:/Users/Gabor/Documents/GitHub/GOS2022/1_Examples/GOS2022_minimal_example/Core/driver/inc" -I"C:/Users/Gabor/Documents/GitHub/GOS2022/1_Examples/GOS2022_lib/drv/inc" -I"C:/Users/Gabor/Documents/GitHub/GOS2022/1_Examples/GOS2022_minimal_example/Core/driver/cfg" -O0 -ffunction-sections -fdata-sections -Wall -fstack-usage -fcyclomatic-complexity -MMD -MP -MF"Core/Src/app_led.d" -MT"Core/Src/app_led.o" --specs=nano.specs -mfpu=fpv4-sp-d16 -mfloat-abi=hard -mthumb -o "Core/Src/app_led.o"
arm-none-eabi-gcc "../Core/Src/syscalls.c" -mcpu=cortex-m4 -std=c99 -g3 -DUSE_HAL_DRIVER -DSTM32F446xx -DDEBUG -c -I"C:/Users/Gabor/Documents/GitHub/GOS2022/1_Examples/GOS2022_lib" -I"C:/Users/Gabor/Documents/GitHub/GOS2022/1_Examples/GOS2022" -I"C:/Users/Gabor/Documents/GitHub/GOS2022/1_Examples/GOS2022/os/kernel/inc" -I"C:/Users/Gabor/Documents/GitHub/GOS2022/1_Examples/GOS2022/os/services/inc" -I"C:/Users/Gabor/Documents/GitHub/GOS2022/1_Examples/GOS2022/os/driver/inc" -I../Core/Inc -I../Drivers/STM32F4xx_HAL_Driver/Inc -I../Drivers/STM32F4xx_HAL_Driver/Inc/Legacy -I../Drivers/CMSIS/Device/ST/STM32F4xx/Include -I../Drivers/CMSIS/Include -I"C:/Users/Gabor/Documents/GitHub/GOS2022/1_Examples/GOS2022_minimal_example/Core/driver/inc" -I"C:/Users/Gabor/Documents/GitHub/GOS2022/1_Examples/GOS2022_lib/drv/inc" -I"C:/Users/Gabor/Documents/GitHub/GOS2022/1_Examples/GOS2022_minimal_example/Core/driver/cfg" -O0 -ffunction-sections -fdata-sections -Wall -fstack-usage -fcyclomatic-complexity -MMD -MP -MF"Core/Src/syscalls.d" -MT"Core/Src/syscalls.o" --specs=nano.specs -mfpu=fpv4-sp-d16 -mfloat-abi=hard -mthumb -o "Core/Src/syscalls.o"
arm-none-eabi-gcc "../Core/Src/sysmem.c" -mcpu=cortex-m4 -std=c99 -g3 -DUSE_HAL_DRIVER -DSTM32F446xx -DDEBUG -c -I"C:/Users/Gabor/Documents/GitHub/GOS2022/1_Examples/GOS2022_lib" -I"C:/Users/Gabor/Documents/GitHub/GOS2022/1_Examples/GOS2022" -I"C:/Users/Gabor/Documents/GitHub/GOS2022/1_Examples/GOS2022/os/kernel/inc" -I"C:/Users/Gabor/Documents/GitHub/GOS2022/1_Examples/GOS2022/os/services/inc" -I"C:/Users/Gabor/Documents/GitHub/GOS2022/1_Examples/GOS2022/os/driver/inc" -I../Core/Inc -I../Drivers/STM32F4xx_HAL_Driver/Inc -I../Drivers/STM32F4xx_HAL_Driver/Inc/Legacy -I../Drivers/CMSIS/Device/ST/STM32F4xx/Include -I../Drivers/CMSIS/Include -I"C:/Users/Gabor/Documents/GitHub/GOS2022/1_Examples/GOS2022_minimal_example/Core/driver/inc" -I"C:/Users/Gabor/Documents/GitHub/GOS2022/1_Examples/GOS2022_lib/drv/inc" -I"C:/Users/Gabor/Documents/GitHub/GOS2022/1_Examples/GOS2022_minimal_example/Core/driver/cfg" -O0 -ffunction-sections -fdata-sections -Wall -fstack-usage -fcyclomatic-complexity -MMD -MP -MF"Core/Src/sysmem.d" -MT"Core/Src/sysmem.o" --specs=nano.specs -mfpu=fpv4-sp-d16 -mfloat-abi=hard -mthumb -o "Core/Src/sysmem.o"
arm-none-eabi-gcc "../Core/Src/system_stm32f4xx.c" -mcpu=cortex-m4 -std=c99 -g3 -DUSE_HAL_DRIVER -DSTM32F446xx -DDEBUG -c -I"C:/Users/Gabor/Documents/GitHub/GOS2022/1_Examples/GOS2022_lib" -I"C:/Users/Gabor/Documents/GitHub/GOS2022/1_Examples/GOS2022" -I"C:/Users/Gabor/Documents/GitHub/GOS2022/1_Examples/GOS2022/os/kernel/inc" -I"C:/Users/Gabor/Documents/GitHub/GOS2022/1_Examples/GOS2022/os/services/inc" -I"C:/Users/Gabor/Documents/GitHub/GOS2022/1_Examples/GOS2022/os/driver/inc" -I../Core/Inc -I../Drivers/STM32F4xx_HAL_Driver/Inc -I../Drivers/STM32F4xx_HAL_Driver/Inc/Legacy -I../Drivers/CMSIS/Device/ST/STM32F4xx/Include -I../Drivers/CMSIS/Include -I"C:/Users/Gabor/Documents/GitHub/GOS2022/1_Examples/GOS2022_minimal_example/Core/driver/inc" -I"C:/Users/Gabor/Documents/GitHub/GOS2022/1_Examples/GOS2022_lib/drv/inc" -I"C:/Users/Gabor/Documents/GitHub/GOS2022/1_Examples/GOS2022_minimal_example/Core/driver/cfg" -O0 -ffunction-sections -fdata-sections -Wall -fstack-usage -fcyclomatic-complexity -MMD -MP -MF"Core/Src/system_stm32f4xx.d" -MT"Core/Src/system_stm32f4xx.o" --specs=nano.specs -mfpu=fpv4-sp-d16 -mfloat-abi=hard -mthumb -o "Core/Src/system_stm32f4xx.o"
arm-none-eabi-gcc -o "GOS2022_minimal_example.elf" @"objects.list"  -lGOS2022_lib -lGOS2022 -mcpu=cortex-m4 -T"C:\Users\Gabor\Documents\GitHub\GOS2022\1_Examples\GOS2022_minimal_example\STM32F446RETX_FLASH.ld" --specs=nosys.specs -Wl,-Map="GOS2022_minimal_example.map" -Wl,--gc-sections -static -L"C:\Users\Gabor\Documents\GitHub\GOS2022\1_Examples\GOS2022_lib\Debug" -L"C:\Users\Gabor\Documents\GitHub\GOS2022\1_Examples\GOS2022\GOS2022_minimal_example" --specs=nano.specs -mfpu=fpv4-sp-d16 -mfloat-abi=hard -mthumb -u _printf_float -Wl,--start-group -lc -lm -Wl,--end-group
Finished building target: GOS2022_minimal_example.elf
 
arm-none-eabi-size  GOS2022_minimal_example.elf 
arm-none-eabi-objdump -h -S GOS2022_minimal_example.elf  > "GOS2022_minimal_example.list"
   text	   data	    bss	    dec	    hex	filename
  65500	   4024	  37992	 107516	  1a3fc	GOS2022_minimal_example.elf
arm-none-eabi-objcopy  -O binary GOS2022_minimal_example.elf  "GOS2022_minimal_example.bin"
Finished building: default.size.stdout
 
Finished building: GOS2022_minimal_example.list
 
Finished building: GOS2022_minimal_example.bin
 
