23:41:15 **** Build of configuration Debug for project GOS2022_minimal_example ****
make -j8 all 
arm-none-eabi-gcc "../Drivers/STM32F4xx_HAL_Driver/Src/stm32f4xx_hal.c" -mcpu=cortex-m4 -std=c99 -g3 -DUSE_HAL_DRIVER -DSTM32F446xx -DDEBUG -c -I"C:/Users/Gabor/Documents/GitHub/GOS2022/1_Examples/GOS2022_lib" -I"C:/Users/Gabor/Documents/GitHub/GOS2022/1_Examples/GOS2022" -I"C:/Users/Gabor/Documents/GitHub/GOS2022/1_Examples/GOS2022/os/kernel/inc" -I"C:/Users/Gabor/Documents/GitHub/GOS2022/1_Examples/GOS2022/os/services/inc" -I"C:/Users/Gabor/Documents/GitHub/GOS2022/1_Examples/GOS2022/os/driver/inc" -I../Core/Inc -I../Drivers/STM32F4xx_HAL_Driver/Inc -I../Drivers/STM32F4xx_HAL_Driver/Inc/Legacy -I../Drivers/CMSIS/Device/ST/STM32F4xx/Include -I../Drivers/CMSIS/Include -I"C:/Users/Gabor/Documents/GitHub/GOS2022/1_Examples/GOS2022_minimal_example/Core/driver/inc" -I"C:/Users/Gabor/Documents/GitHub/GOS2022/1_Examples/GOS2022_lib/drv/inc" -I"C:/Users/Gabor/Documents/GitHub/GOS2022/1_Examples/GOS2022_minimal_example/Core/driver/cfg" -O0 -ffunction-sections -fdata-sections -Wall -fstack-usage -fcyclomatic-complexity -MMD -MP -MF"Drivers/STM32F4xx_HAL_Driver/Src/stm32f4xx_hal.d" -MT"Drivers/STM32F4xx_HAL_Driver/Src/stm32f4xx_hal.o" --specs=nano.specs -mfpu=fpv4-sp-d16 -mfloat-abi=hard -mthumb -o "Drivers/STM32F4xx_HAL_Driver/Src/stm32f4xx_hal.o"
arm-none-eabi-gcc "../Drivers/STM32F4xx_HAL_Driver/Src/stm32f4xx_hal_adc.c" -mcpu=cortex-m4 -std=c99 -g3 -DUSE_HAL_DRIVER -DSTM32F446xx -DDEBUG -c -I"C:/Users/Gabor/Documents/GitHub/GOS2022/1_Examples/GOS2022_lib" -I"C:/Users/Gabor/Documents/GitHub/GOS2022/1_Examples/GOS2022" -I"C:/Users/Gabor/Documents/GitHub/GOS2022/1_Examples/GOS2022/os/kernel/inc" -I"C:/Users/Gabor/Documents/GitHub/GOS2022/1_Examples/GOS2022/os/services/inc" -I"C:/Users/Gabor/Documents/GitHub/GOS2022/1_Examples/GOS2022/os/driver/inc" -I../Core/Inc -I../Drivers/STM32F4xx_HAL_Driver/Inc -I../Drivers/STM32F4xx_HAL_Driver/Inc/Legacy -I../Drivers/CMSIS/Device/ST/STM32F4xx/Include -I../Drivers/CMSIS/Include -I"C:/Users/Gabor/Documents/GitHub/GOS2022/1_Examples/GOS2022_minimal_example/Core/driver/inc" -I"C:/Users/Gabor/Documents/GitHub/GOS2022/1_Examples/GOS2022_lib/drv/inc" -I"C:/Users/Gabor/Documents/GitHub/GOS2022/1_Examples/GOS2022_minimal_example/Core/driver/cfg" -O0 -ffunction-sections -fdata-sections -Wall -fstack-usage -fcyclomatic-complexity -MMD -MP -MF"Drivers/STM32F4xx_HAL_Driver/Src/stm32f4xx_hal_adc.d" -MT"Drivers/STM32F4xx_HAL_Driver/Src/stm32f4xx_hal_adc.o" --specs=nano.specs -mfpu=fpv4-sp-d16 -mfloat-abi=hard -mthumb -o "Drivers/STM32F4xx_HAL_Driver/Src/stm32f4xx_hal_adc.o"
arm-none-eabi-gcc "../Drivers/STM32F4xx_HAL_Driver/Src/stm32f4xx_hal_adc_ex.c" -mcpu=cortex-m4 -std=c99 -g3 -DUSE_HAL_DRIVER -DSTM32F446xx -DDEBUG -c -I"C:/Users/Gabor/Documents/GitHub/GOS2022/1_Examples/GOS2022_lib" -I"C:/Users/Gabor/Documents/GitHub/GOS2022/1_Examples/GOS2022" -I"C:/Users/Gabor/Documents/GitHub/GOS2022/1_Examples/GOS2022/os/kernel/inc" -I"C:/Users/Gabor/Documents/GitHub/GOS2022/1_Examples/GOS2022/os/services/inc" -I"C:/Users/Gabor/Documents/GitHub/GOS2022/1_Examples/GOS2022/os/driver/inc" -I../Core/Inc -I../Drivers/STM32F4xx_HAL_Driver/Inc -I../Drivers/STM32F4xx_HAL_Driver/Inc/Legacy -I../Drivers/CMSIS/Device/ST/STM32F4xx/Include -I../Drivers/CMSIS/Include -I"C:/Users/Gabor/Documents/GitHub/GOS2022/1_Examples/GOS2022_minimal_example/Core/driver/inc" -I"C:/Users/Gabor/Documents/GitHub/GOS2022/1_Examples/GOS2022_lib/drv/inc" -I"C:/Users/Gabor/Documents/GitHub/GOS2022/1_Examples/GOS2022_minimal_example/Core/driver/cfg" -O0 -ffunction-sections -fdata-sections -Wall -fstack-usage -fcyclomatic-complexity -MMD -MP -MF"Drivers/STM32F4xx_HAL_Driver/Src/stm32f4xx_hal_adc_ex.d" -MT"Drivers/STM32F4xx_HAL_Driver/Src/stm32f4xx_hal_adc_ex.o" --specs=nano.specs -mfpu=fpv4-sp-d16 -mfloat-abi=hard -mthumb -o "Drivers/STM32F4xx_HAL_Driver/Src/stm32f4xx_hal_adc_ex.o"
arm-none-eabi-gcc "../Drivers/STM32F4xx_HAL_Driver/Src/stm32f4xx_hal_cortex.c" -mcpu=cortex-m4 -std=c99 -g3 -DUSE_HAL_DRIVER -DSTM32F446xx -DDEBUG -c -I"C:/Users/Gabor/Documents/GitHub/GOS2022/1_Examples/GOS2022_lib" -I"C:/Users/Gabor/Documents/GitHub/GOS2022/1_Examples/GOS2022" -I"C:/Users/Gabor/Documents/GitHub/GOS2022/1_Examples/GOS2022/os/kernel/inc" -I"C:/Users/Gabor/Documents/GitHub/GOS2022/1_Examples/GOS2022/os/services/inc" -I"C:/Users/Gabor/Documents/GitHub/GOS2022/1_Examples/GOS2022/os/driver/inc" -I../Core/Inc -I../Drivers/STM32F4xx_HAL_Driver/Inc -I../Drivers/STM32F4xx_HAL_Driver/Inc/Legacy -I../Drivers/CMSIS/Device/ST/STM32F4xx/Include -I../Drivers/CMSIS/Include -I"C:/Users/Gabor/Documents/GitHub/GOS2022/1_Examples/GOS2022_minimal_example/Core/driver/inc" -I"C:/Users/Gabor/Documents/GitHub/GOS2022/1_Examples/GOS2022_lib/drv/inc" -I"C:/Users/Gabor/Documents/GitHub/GOS2022/1_Examples/GOS2022_minimal_example/Core/driver/cfg" -O0 -ffunction-sections -fdata-sections -Wall -fstack-usage -fcyclomatic-complexity -MMD -MP -MF"Drivers/STM32F4xx_HAL_Driver/Src/stm32f4xx_hal_cortex.d" -MT"Drivers/STM32F4xx_HAL_Driver/Src/stm32f4xx_hal_cortex.o" --specs=nano.specs -mfpu=fpv4-sp-d16 -mfloat-abi=hard -mthumb -o "Drivers/STM32F4xx_HAL_Driver/Src/stm32f4xx_hal_cortex.o"
arm-none-eabi-gcc "../Drivers/STM32F4xx_HAL_Driver/Src/stm32f4xx_hal_dac.c" -mcpu=cortex-m4 -std=c99 -g3 -DUSE_HAL_DRIVER -DSTM32F446xx -DDEBUG -c -I"C:/Users/Gabor/Documents/GitHub/GOS2022/1_Examples/GOS2022_lib" -I"C:/Users/Gabor/Documents/GitHub/GOS2022/1_Examples/GOS2022" -I"C:/Users/Gabor/Documents/GitHub/GOS2022/1_Examples/GOS2022/os/kernel/inc" -I"C:/Users/Gabor/Documents/GitHub/GOS2022/1_Examples/GOS2022/os/services/inc" -I"C:/Users/Gabor/Documents/GitHub/GOS2022/1_Examples/GOS2022/os/driver/inc" -I../Core/Inc -I../Drivers/STM32F4xx_HAL_Driver/Inc -I../Drivers/STM32F4xx_HAL_Driver/Inc/Legacy -I../Drivers/CMSIS/Device/ST/STM32F4xx/Include -I../Drivers/CMSIS/Include -I"C:/Users/Gabor/Documents/GitHub/GOS2022/1_Examples/GOS2022_minimal_example/Core/driver/inc" -I"C:/Users/Gabor/Documents/GitHub/GOS2022/1_Examples/GOS2022_lib/drv/inc" -I"C:/Users/Gabor/Documents/GitHub/GOS2022/1_Examples/GOS2022_minimal_example/Core/driver/cfg" -O0 -ffunction-sections -fdata-sections -Wall -fstack-usage -fcyclomatic-complexity -MMD -MP -MF"Drivers/STM32F4xx_HAL_Driver/Src/stm32f4xx_hal_dac.d" -MT"Drivers/STM32F4xx_HAL_Driver/Src/stm32f4xx_hal_dac.o" --specs=nano.specs -mfpu=fpv4-sp-d16 -mfloat-abi=hard -mthumb -o "Drivers/STM32F4xx_HAL_Driver/Src/stm32f4xx_hal_dac.o"
arm-none-eabi-gcc "../Drivers/STM32F4xx_HAL_Driver/Src/stm32f4xx_hal_dac_ex.c" -mcpu=cortex-m4 -std=c99 -g3 -DUSE_HAL_DRIVER -DSTM32F446xx -DDEBUG -c -I"C:/Users/Gabor/Documents/GitHub/GOS2022/1_Examples/GOS2022_lib" -I"C:/Users/Gabor/Documents/GitHub/GOS2022/1_Examples/GOS2022" -I"C:/Users/Gabor/Documents/GitHub/GOS2022/1_Examples/GOS2022/os/kernel/inc" -I"C:/Users/Gabor/Documents/GitHub/GOS2022/1_Examples/GOS2022/os/services/inc" -I"C:/Users/Gabor/Documents/GitHub/GOS2022/1_Examples/GOS2022/os/driver/inc" -I../Core/Inc -I../Drivers/STM32F4xx_HAL_Driver/Inc -I../Drivers/STM32F4xx_HAL_Driver/Inc/Legacy -I../Drivers/CMSIS/Device/ST/STM32F4xx/Include -I../Drivers/CMSIS/Include -I"C:/Users/Gabor/Documents/GitHub/GOS2022/1_Examples/GOS2022_minimal_example/Core/driver/inc" -I"C:/Users/Gabor/Documents/GitHub/GOS2022/1_Examples/GOS2022_lib/drv/inc" -I"C:/Users/Gabor/Documents/GitHub/GOS2022/1_Examples/GOS2022_minimal_example/Core/driver/cfg" -O0 -ffunction-sections -fdata-sections -Wall -fstack-usage -fcyclomatic-complexity -MMD -MP -MF"Drivers/STM32F4xx_HAL_Driver/Src/stm32f4xx_hal_dac_ex.d" -MT"Drivers/STM32F4xx_HAL_Driver/Src/stm32f4xx_hal_dac_ex.o" --specs=nano.specs -mfpu=fpv4-sp-d16 -mfloat-abi=hard -mthumb -o "Drivers/STM32F4xx_HAL_Driver/Src/stm32f4xx_hal_dac_ex.o"
arm-none-eabi-gcc "../Drivers/STM32F4xx_HAL_Driver/Src/stm32f4xx_hal_dma.c" -mcpu=cortex-m4 -std=c99 -g3 -DUSE_HAL_DRIVER -DSTM32F446xx -DDEBUG -c -I"C:/Users/Gabor/Documents/GitHub/GOS2022/1_Examples/GOS2022_lib" -I"C:/Users/Gabor/Documents/GitHub/GOS2022/1_Examples/GOS2022" -I"C:/Users/Gabor/Documents/GitHub/GOS2022/1_Examples/GOS2022/os/kernel/inc" -I"C:/Users/Gabor/Documents/GitHub/GOS2022/1_Examples/GOS2022/os/services/inc" -I"C:/Users/Gabor/Documents/GitHub/GOS2022/1_Examples/GOS2022/os/driver/inc" -I../Core/Inc -I../Drivers/STM32F4xx_HAL_Driver/Inc -I../Drivers/STM32F4xx_HAL_Driver/Inc/Legacy -I../Drivers/CMSIS/Device/ST/STM32F4xx/Include -I../Drivers/CMSIS/Include -I"C:/Users/Gabor/Documents/GitHub/GOS2022/1_Examples/GOS2022_minimal_example/Core/driver/inc" -I"C:/Users/Gabor/Documents/GitHub/GOS2022/1_Examples/GOS2022_lib/drv/inc" -I"C:/Users/Gabor/Documents/GitHub/GOS2022/1_Examples/GOS2022_minimal_example/Core/driver/cfg" -O0 -ffunction-sections -fdata-sections -Wall -fstack-usage -fcyclomatic-complexity -MMD -MP -MF"Drivers/STM32F4xx_HAL_Driver/Src/stm32f4xx_hal_dma.d" -MT"Drivers/STM32F4xx_HAL_Driver/Src/stm32f4xx_hal_dma.o" --specs=nano.specs -mfpu=fpv4-sp-d16 -mfloat-abi=hard -mthumb -o "Drivers/STM32F4xx_HAL_Driver/Src/stm32f4xx_hal_dma.o"
arm-none-eabi-gcc "../Drivers/STM32F4xx_HAL_Driver/Src/stm32f4xx_hal_dma_ex.c" -mcpu=cortex-m4 -std=c99 -g3 -DUSE_HAL_DRIVER -DSTM32F446xx -DDEBUG -c -I"C:/Users/Gabor/Documents/GitHub/GOS2022/1_Examples/GOS2022_lib" -I"C:/Users/Gabor/Documents/GitHub/GOS2022/1_Examples/GOS2022" -I"C:/Users/Gabor/Documents/GitHub/GOS2022/1_Examples/GOS2022/os/kernel/inc" -I"C:/Users/Gabor/Documents/GitHub/GOS2022/1_Examples/GOS2022/os/services/inc" -I"C:/Users/Gabor/Documents/GitHub/GOS2022/1_Examples/GOS2022/os/driver/inc" -I../Core/Inc -I../Drivers/STM32F4xx_HAL_Driver/Inc -I../Drivers/STM32F4xx_HAL_Driver/Inc/Legacy -I../Drivers/CMSIS/Device/ST/STM32F4xx/Include -I../Drivers/CMSIS/Include -I"C:/Users/Gabor/Documents/GitHub/GOS2022/1_Examples/GOS2022_minimal_example/Core/driver/inc" -I"C:/Users/Gabor/Documents/GitHub/GOS2022/1_Examples/GOS2022_lib/drv/inc" -I"C:/Users/Gabor/Documents/GitHub/GOS2022/1_Examples/GOS2022_minimal_example/Core/driver/cfg" -O0 -ffunction-sections -fdata-sections -Wall -fstack-usage -fcyclomatic-complexity -MMD -MP -MF"Drivers/STM32F4xx_HAL_Driver/Src/stm32f4xx_hal_dma_ex.d" -MT"Drivers/STM32F4xx_HAL_Driver/Src/stm32f4xx_hal_dma_ex.o" --specs=nano.specs -mfpu=fpv4-sp-d16 -mfloat-abi=hard -mthumb -o "Drivers/STM32F4xx_HAL_Driver/Src/stm32f4xx_hal_dma_ex.o"
arm-none-eabi-gcc "../Drivers/STM32F4xx_HAL_Driver/Src/stm32f4xx_hal_exti.c" -mcpu=cortex-m4 -std=c99 -g3 -DUSE_HAL_DRIVER -DSTM32F446xx -DDEBUG -c -I"C:/Users/Gabor/Documents/GitHub/GOS2022/1_Examples/GOS2022_lib" -I"C:/Users/Gabor/Documents/GitHub/GOS2022/1_Examples/GOS2022" -I"C:/Users/Gabor/Documents/GitHub/GOS2022/1_Examples/GOS2022/os/kernel/inc" -I"C:/Users/Gabor/Documents/GitHub/GOS2022/1_Examples/GOS2022/os/services/inc" -I"C:/Users/Gabor/Documents/GitHub/GOS2022/1_Examples/GOS2022/os/driver/inc" -I../Core/Inc -I../Drivers/STM32F4xx_HAL_Driver/Inc -I../Drivers/STM32F4xx_HAL_Driver/Inc/Legacy -I../Drivers/CMSIS/Device/ST/STM32F4xx/Include -I../Drivers/CMSIS/Include -I"C:/Users/Gabor/Documents/GitHub/GOS2022/1_Examples/GOS2022_minimal_example/Core/driver/inc" -I"C:/Users/Gabor/Documents/GitHub/GOS2022/1_Examples/GOS2022_lib/drv/inc" -I"C:/Users/Gabor/Documents/GitHub/GOS2022/1_Examples/GOS2022_minimal_example/Core/driver/cfg" -O0 -ffunction-sections -fdata-sections -Wall -fstack-usage -fcyclomatic-complexity -MMD -MP -MF"Drivers/STM32F4xx_HAL_Driver/Src/stm32f4xx_hal_exti.d" -MT"Drivers/STM32F4xx_HAL_Driver/Src/stm32f4xx_hal_exti.o" --specs=nano.specs -mfpu=fpv4-sp-d16 -mfloat-abi=hard -mthumb -o "Drivers/STM32F4xx_HAL_Driver/Src/stm32f4xx_hal_exti.o"
arm-none-eabi-gcc "../Drivers/STM32F4xx_HAL_Driver/Src/stm32f4xx_hal_flash.c" -mcpu=cortex-m4 -std=c99 -g3 -DUSE_HAL_DRIVER -DSTM32F446xx -DDEBUG -c -I"C:/Users/Gabor/Documents/GitHub/GOS2022/1_Examples/GOS2022_lib" -I"C:/Users/Gabor/Documents/GitHub/GOS2022/1_Examples/GOS2022" -I"C:/Users/Gabor/Documents/GitHub/GOS2022/1_Examples/GOS2022/os/kernel/inc" -I"C:/Users/Gabor/Documents/GitHub/GOS2022/1_Examples/GOS2022/os/services/inc" -I"C:/Users/Gabor/Documents/GitHub/GOS2022/1_Examples/GOS2022/os/driver/inc" -I../Core/Inc -I../Drivers/STM32F4xx_HAL_Driver/Inc -I../Drivers/STM32F4xx_HAL_Driver/Inc/Legacy -I../Drivers/CMSIS/Device/ST/STM32F4xx/Include -I../Drivers/CMSIS/Include -I"C:/Users/Gabor/Documents/GitHub/GOS2022/1_Examples/GOS2022_minimal_example/Core/driver/inc" -I"C:/Users/Gabor/Documents/GitHub/GOS2022/1_Examples/GOS2022_lib/drv/inc" -I"C:/Users/Gabor/Documents/GitHub/GOS2022/1_Examples/GOS2022_minimal_example/Core/driver/cfg" -O0 -ffunction-sections -fdata-sections -Wall -fstack-usage -fcyclomatic-complexity -MMD -MP -MF"Drivers/STM32F4xx_HAL_Driver/Src/stm32f4xx_hal_flash.d" -MT"Drivers/STM32F4xx_HAL_Driver/Src/stm32f4xx_hal_flash.o" --specs=nano.specs -mfpu=fpv4-sp-d16 -mfloat-abi=hard -mthumb -o "Drivers/STM32F4xx_HAL_Driver/Src/stm32f4xx_hal_flash.o"
arm-none-eabi-gcc "../Drivers/STM32F4xx_HAL_Driver/Src/stm32f4xx_hal_flash_ex.c" -mcpu=cortex-m4 -std=c99 -g3 -DUSE_HAL_DRIVER -DSTM32F446xx -DDEBUG -c -I"C:/Users/Gabor/Documents/GitHub/GOS2022/1_Examples/GOS2022_lib" -I"C:/Users/Gabor/Documents/GitHub/GOS2022/1_Examples/GOS2022" -I"C:/Users/Gabor/Documents/GitHub/GOS2022/1_Examples/GOS2022/os/kernel/inc" -I"C:/Users/Gabor/Documents/GitHub/GOS2022/1_Examples/GOS2022/os/services/inc" -I"C:/Users/Gabor/Documents/GitHub/GOS2022/1_Examples/GOS2022/os/driver/inc" -I../Core/Inc -I../Drivers/STM32F4xx_HAL_Driver/Inc -I../Drivers/STM32F4xx_HAL_Driver/Inc/Legacy -I../Drivers/CMSIS/Device/ST/STM32F4xx/Include -I../Drivers/CMSIS/Include -I"C:/Users/Gabor/Documents/GitHub/GOS2022/1_Examples/GOS2022_minimal_example/Core/driver/inc" -I"C:/Users/Gabor/Documents/GitHub/GOS2022/1_Examples/GOS2022_lib/drv/inc" -I"C:/Users/Gabor/Documents/GitHub/GOS2022/1_Examples/GOS2022_minimal_example/Core/driver/cfg" -O0 -ffunction-sections -fdata-sections -Wall -fstack-usage -fcyclomatic-complexity -MMD -MP -MF"Drivers/STM32F4xx_HAL_Driver/Src/stm32f4xx_hal_flash_ex.d" -MT"Drivers/STM32F4xx_HAL_Driver/Src/stm32f4xx_hal_flash_ex.o" --specs=nano.specs -mfpu=fpv4-sp-d16 -mfloat-abi=hard -mthumb -o "Drivers/STM32F4xx_HAL_Driver/Src/stm32f4xx_hal_flash_ex.o"
arm-none-eabi-gcc "../Drivers/STM32F4xx_HAL_Driver/Src/stm32f4xx_hal_flash_ramfunc.c" -mcpu=cortex-m4 -std=c99 -g3 -DUSE_HAL_DRIVER -DSTM32F446xx -DDEBUG -c -I"C:/Users/Gabor/Documents/GitHub/GOS2022/1_Examples/GOS2022_lib" -I"C:/Users/Gabor/Documents/GitHub/GOS2022/1_Examples/GOS2022" -I"C:/Users/Gabor/Documents/GitHub/GOS2022/1_Examples/GOS2022/os/kernel/inc" -I"C:/Users/Gabor/Documents/GitHub/GOS2022/1_Examples/GOS2022/os/services/inc" -I"C:/Users/Gabor/Documents/GitHub/GOS2022/1_Examples/GOS2022/os/driver/inc" -I../Core/Inc -I../Drivers/STM32F4xx_HAL_Driver/Inc -I../Drivers/STM32F4xx_HAL_Driver/Inc/Legacy -I../Drivers/CMSIS/Device/ST/STM32F4xx/Include -I../Drivers/CMSIS/Include -I"C:/Users/Gabor/Documents/GitHub/GOS2022/1_Examples/GOS2022_minimal_example/Core/driver/inc" -I"C:/Users/Gabor/Documents/GitHub/GOS2022/1_Examples/GOS2022_lib/drv/inc" -I"C:/Users/Gabor/Documents/GitHub/GOS2022/1_Examples/GOS2022_minimal_example/Core/driver/cfg" -O0 -ffunction-sections -fdata-sections -Wall -fstack-usage -fcyclomatic-complexity -MMD -MP -MF"Drivers/STM32F4xx_HAL_Driver/Src/stm32f4xx_hal_flash_ramfunc.d" -MT"Drivers/STM32F4xx_HAL_Driver/Src/stm32f4xx_hal_flash_ramfunc.o" --specs=nano.specs -mfpu=fpv4-sp-d16 -mfloat-abi=hard -mthumb -o "Drivers/STM32F4xx_HAL_Driver/Src/stm32f4xx_hal_flash_ramfunc.o"
arm-none-eabi-gcc "../Drivers/STM32F4xx_HAL_Driver/Src/stm32f4xx_hal_gpio.c" -mcpu=cortex-m4 -std=c99 -g3 -DUSE_HAL_DRIVER -DSTM32F446xx -DDEBUG -c -I"C:/Users/Gabor/Documents/GitHub/GOS2022/1_Examples/GOS2022_lib" -I"C:/Users/Gabor/Documents/GitHub/GOS2022/1_Examples/GOS2022" -I"C:/Users/Gabor/Documents/GitHub/GOS2022/1_Examples/GOS2022/os/kernel/inc" -I"C:/Users/Gabor/Documents/GitHub/GOS2022/1_Examples/GOS2022/os/services/inc" -I"C:/Users/Gabor/Documents/GitHub/GOS2022/1_Examples/GOS2022/os/driver/inc" -I../Core/Inc -I../Drivers/STM32F4xx_HAL_Driver/Inc -I../Drivers/STM32F4xx_HAL_Driver/Inc/Legacy -I../Drivers/CMSIS/Device/ST/STM32F4xx/Include -I../Drivers/CMSIS/Include -I"C:/Users/Gabor/Documents/GitHub/GOS2022/1_Examples/GOS2022_minimal_example/Core/driver/inc" -I"C:/Users/Gabor/Documents/GitHub/GOS2022/1_Examples/GOS2022_lib/drv/inc" -I"C:/Users/Gabor/Documents/GitHub/GOS2022/1_Examples/GOS2022_minimal_example/Core/driver/cfg" -O0 -ffunction-sections -fdata-sections -Wall -fstack-usage -fcyclomatic-complexity -MMD -MP -MF"Drivers/STM32F4xx_HAL_Driver/Src/stm32f4xx_hal_gpio.d" -MT"Drivers/STM32F4xx_HAL_Driver/Src/stm32f4xx_hal_gpio.o" --specs=nano.specs -mfpu=fpv4-sp-d16 -mfloat-abi=hard -mthumb -o "Drivers/STM32F4xx_HAL_Driver/Src/stm32f4xx_hal_gpio.o"
arm-none-eabi-gcc "../Drivers/STM32F4xx_HAL_Driver/Src/stm32f4xx_hal_i2c.c" -mcpu=cortex-m4 -std=c99 -g3 -DUSE_HAL_DRIVER -DSTM32F446xx -DDEBUG -c -I"C:/Users/Gabor/Documents/GitHub/GOS2022/1_Examples/GOS2022_lib" -I"C:/Users/Gabor/Documents/GitHub/GOS2022/1_Examples/GOS2022" -I"C:/Users/Gabor/Documents/GitHub/GOS2022/1_Examples/GOS2022/os/kernel/inc" -I"C:/Users/Gabor/Documents/GitHub/GOS2022/1_Examples/GOS2022/os/services/inc" -I"C:/Users/Gabor/Documents/GitHub/GOS2022/1_Examples/GOS2022/os/driver/inc" -I../Core/Inc -I../Drivers/STM32F4xx_HAL_Driver/Inc -I../Drivers/STM32F4xx_HAL_Driver/Inc/Legacy -I../Drivers/CMSIS/Device/ST/STM32F4xx/Include -I../Drivers/CMSIS/Include -I"C:/Users/Gabor/Documents/GitHub/GOS2022/1_Examples/GOS2022_minimal_example/Core/driver/inc" -I"C:/Users/Gabor/Documents/GitHub/GOS2022/1_Examples/GOS2022_lib/drv/inc" -I"C:/Users/Gabor/Documents/GitHub/GOS2022/1_Examples/GOS2022_minimal_example/Core/driver/cfg" -O0 -ffunction-sections -fdata-sections -Wall -fstack-usage -fcyclomatic-complexity -MMD -MP -MF"Drivers/STM32F4xx_HAL_Driver/Src/stm32f4xx_hal_i2c.d" -MT"Drivers/STM32F4xx_HAL_Driver/Src/stm32f4xx_hal_i2c.o" --specs=nano.specs -mfpu=fpv4-sp-d16 -mfloat-abi=hard -mthumb -o "Drivers/STM32F4xx_HAL_Driver/Src/stm32f4xx_hal_i2c.o"
arm-none-eabi-gcc "../Drivers/STM32F4xx_HAL_Driver/Src/stm32f4xx_hal_i2c_ex.c" -mcpu=cortex-m4 -std=c99 -g3 -DUSE_HAL_DRIVER -DSTM32F446xx -DDEBUG -c -I"C:/Users/Gabor/Documents/GitHub/GOS2022/1_Examples/GOS2022_lib" -I"C:/Users/Gabor/Documents/GitHub/GOS2022/1_Examples/GOS2022" -I"C:/Users/Gabor/Documents/GitHub/GOS2022/1_Examples/GOS2022/os/kernel/inc" -I"C:/Users/Gabor/Documents/GitHub/GOS2022/1_Examples/GOS2022/os/services/inc" -I"C:/Users/Gabor/Documents/GitHub/GOS2022/1_Examples/GOS2022/os/driver/inc" -I../Core/Inc -I../Drivers/STM32F4xx_HAL_Driver/Inc -I../Drivers/STM32F4xx_HAL_Driver/Inc/Legacy -I../Drivers/CMSIS/Device/ST/STM32F4xx/Include -I../Drivers/CMSIS/Include -I"C:/Users/Gabor/Documents/GitHub/GOS2022/1_Examples/GOS2022_minimal_example/Core/driver/inc" -I"C:/Users/Gabor/Documents/GitHub/GOS2022/1_Examples/GOS2022_lib/drv/inc" -I"C:/Users/Gabor/Documents/GitHub/GOS2022/1_Examples/GOS2022_minimal_example/Core/driver/cfg" -O0 -ffunction-sections -fdata-sections -Wall -fstack-usage -fcyclomatic-complexity -MMD -MP -MF"Drivers/STM32F4xx_HAL_Driver/Src/stm32f4xx_hal_i2c_ex.d" -MT"Drivers/STM32F4xx_HAL_Driver/Src/stm32f4xx_hal_i2c_ex.o" --specs=nano.specs -mfpu=fpv4-sp-d16 -mfloat-abi=hard -mthumb -o "Drivers/STM32F4xx_HAL_Driver/Src/stm32f4xx_hal_i2c_ex.o"
arm-none-eabi-gcc "../Drivers/STM32F4xx_HAL_Driver/Src/stm32f4xx_hal_pwr.c" -mcpu=cortex-m4 -std=c99 -g3 -DUSE_HAL_DRIVER -DSTM32F446xx -DDEBUG -c -I"C:/Users/Gabor/Documents/GitHub/GOS2022/1_Examples/GOS2022_lib" -I"C:/Users/Gabor/Documents/GitHub/GOS2022/1_Examples/GOS2022" -I"C:/Users/Gabor/Documents/GitHub/GOS2022/1_Examples/GOS2022/os/kernel/inc" -I"C:/Users/Gabor/Documents/GitHub/GOS2022/1_Examples/GOS2022/os/services/inc" -I"C:/Users/Gabor/Documents/GitHub/GOS2022/1_Examples/GOS2022/os/driver/inc" -I../Core/Inc -I../Drivers/STM32F4xx_HAL_Driver/Inc -I../Drivers/STM32F4xx_HAL_Driver/Inc/Legacy -I../Drivers/CMSIS/Device/ST/STM32F4xx/Include -I../Drivers/CMSIS/Include -I"C:/Users/Gabor/Documents/GitHub/GOS2022/1_Examples/GOS2022_minimal_example/Core/driver/inc" -I"C:/Users/Gabor/Documents/GitHub/GOS2022/1_Examples/GOS2022_lib/drv/inc" -I"C:/Users/Gabor/Documents/GitHub/GOS2022/1_Examples/GOS2022_minimal_example/Core/driver/cfg" -O0 -ffunction-sections -fdata-sections -Wall -fstack-usage -fcyclomatic-complexity -MMD -MP -MF"Drivers/STM32F4xx_HAL_Driver/Src/stm32f4xx_hal_pwr.d" -MT"Drivers/STM32F4xx_HAL_Driver/Src/stm32f4xx_hal_pwr.o" --specs=nano.specs -mfpu=fpv4-sp-d16 -mfloat-abi=hard -mthumb -o "Drivers/STM32F4xx_HAL_Driver/Src/stm32f4xx_hal_pwr.o"
arm-none-eabi-gcc "../Drivers/STM32F4xx_HAL_Driver/Src/stm32f4xx_hal_pwr_ex.c" -mcpu=cortex-m4 -std=c99 -g3 -DUSE_HAL_DRIVER -DSTM32F446xx -DDEBUG -c -I"C:/Users/Gabor/Documents/GitHub/GOS2022/1_Examples/GOS2022_lib" -I"C:/Users/Gabor/Documents/GitHub/GOS2022/1_Examples/GOS2022" -I"C:/Users/Gabor/Documents/GitHub/GOS2022/1_Examples/GOS2022/os/kernel/inc" -I"C:/Users/Gabor/Documents/GitHub/GOS2022/1_Examples/GOS2022/os/services/inc" -I"C:/Users/Gabor/Documents/GitHub/GOS2022/1_Examples/GOS2022/os/driver/inc" -I../Core/Inc -I../Drivers/STM32F4xx_HAL_Driver/Inc -I../Drivers/STM32F4xx_HAL_Driver/Inc/Legacy -I../Drivers/CMSIS/Device/ST/STM32F4xx/Include -I../Drivers/CMSIS/Include -I"C:/Users/Gabor/Documents/GitHub/GOS2022/1_Examples/GOS2022_minimal_example/Core/driver/inc" -I"C:/Users/Gabor/Documents/GitHub/GOS2022/1_Examples/GOS2022_lib/drv/inc" -I"C:/Users/Gabor/Documents/GitHub/GOS2022/1_Examples/GOS2022_minimal_example/Core/driver/cfg" -O0 -ffunction-sections -fdata-sections -Wall -fstack-usage -fcyclomatic-complexity -MMD -MP -MF"Drivers/STM32F4xx_HAL_Driver/Src/stm32f4xx_hal_pwr_ex.d" -MT"Drivers/STM32F4xx_HAL_Driver/Src/stm32f4xx_hal_pwr_ex.o" --specs=nano.specs -mfpu=fpv4-sp-d16 -mfloat-abi=hard -mthumb -o "Drivers/STM32F4xx_HAL_Driver/Src/stm32f4xx_hal_pwr_ex.o"
arm-none-eabi-gcc "../Drivers/STM32F4xx_HAL_Driver/Src/stm32f4xx_hal_rcc.c" -mcpu=cortex-m4 -std=c99 -g3 -DUSE_HAL_DRIVER -DSTM32F446xx -DDEBUG -c -I"C:/Users/Gabor/Documents/GitHub/GOS2022/1_Examples/GOS2022_lib" -I"C:/Users/Gabor/Documents/GitHub/GOS2022/1_Examples/GOS2022" -I"C:/Users/Gabor/Documents/GitHub/GOS2022/1_Examples/GOS2022/os/kernel/inc" -I"C:/Users/Gabor/Documents/GitHub/GOS2022/1_Examples/GOS2022/os/services/inc" -I"C:/Users/Gabor/Documents/GitHub/GOS2022/1_Examples/GOS2022/os/driver/inc" -I../Core/Inc -I../Drivers/STM32F4xx_HAL_Driver/Inc -I../Drivers/STM32F4xx_HAL_Driver/Inc/Legacy -I../Drivers/CMSIS/Device/ST/STM32F4xx/Include -I../Drivers/CMSIS/Include -I"C:/Users/Gabor/Documents/GitHub/GOS2022/1_Examples/GOS2022_minimal_example/Core/driver/inc" -I"C:/Users/Gabor/Documents/GitHub/GOS2022/1_Examples/GOS2022_lib/drv/inc" -I"C:/Users/Gabor/Documents/GitHub/GOS2022/1_Examples/GOS2022_minimal_example/Core/driver/cfg" -O0 -ffunction-sections -fdata-sections -Wall -fstack-usage -fcyclomatic-complexity -MMD -MP -MF"Drivers/STM32F4xx_HAL_Driver/Src/stm32f4xx_hal_rcc.d" -MT"Drivers/STM32F4xx_HAL_Driver/Src/stm32f4xx_hal_rcc.o" --specs=nano.specs -mfpu=fpv4-sp-d16 -mfloat-abi=hard -mthumb -o "Drivers/STM32F4xx_HAL_Driver/Src/stm32f4xx_hal_rcc.o"
arm-none-eabi-gcc "../Drivers/STM32F4xx_HAL_Driver/Src/stm32f4xx_hal_rcc_ex.c" -mcpu=cortex-m4 -std=c99 -g3 -DUSE_HAL_DRIVER -DSTM32F446xx -DDEBUG -c -I"C:/Users/Gabor/Documents/GitHub/GOS2022/1_Examples/GOS2022_lib" -I"C:/Users/Gabor/Documents/GitHub/GOS2022/1_Examples/GOS2022" -I"C:/Users/Gabor/Documents/GitHub/GOS2022/1_Examples/GOS2022/os/kernel/inc" -I"C:/Users/Gabor/Documents/GitHub/GOS2022/1_Examples/GOS2022/os/services/inc" -I"C:/Users/Gabor/Documents/GitHub/GOS2022/1_Examples/GOS2022/os/driver/inc" -I../Core/Inc -I../Drivers/STM32F4xx_HAL_Driver/Inc -I../Drivers/STM32F4xx_HAL_Driver/Inc/Legacy -I../Drivers/CMSIS/Device/ST/STM32F4xx/Include -I../Drivers/CMSIS/Include -I"C:/Users/Gabor/Documents/GitHub/GOS2022/1_Examples/GOS2022_minimal_example/Core/driver/inc" -I"C:/Users/Gabor/Documents/GitHub/GOS2022/1_Examples/GOS2022_lib/drv/inc" -I"C:/Users/Gabor/Documents/GitHub/GOS2022/1_Examples/GOS2022_minimal_example/Core/driver/cfg" -O0 -ffunction-sections -fdata-sections -Wall -fstack-usage -fcyclomatic-complexity -MMD -MP -MF"Drivers/STM32F4xx_HAL_Driver/Src/stm32f4xx_hal_rcc_ex.d" -MT"Drivers/STM32F4xx_HAL_Driver/Src/stm32f4xx_hal_rcc_ex.o" --specs=nano.specs -mfpu=fpv4-sp-d16 -mfloat-abi=hard -mthumb -o "Drivers/STM32F4xx_HAL_Driver/Src/stm32f4xx_hal_rcc_ex.o"
arm-none-eabi-gcc "../Drivers/STM32F4xx_HAL_Driver/Src/stm32f4xx_hal_spi.c" -mcpu=cortex-m4 -std=c99 -g3 -DUSE_HAL_DRIVER -DSTM32F446xx -DDEBUG -c -I"C:/Users/Gabor/Documents/GitHub/GOS2022/1_Examples/GOS2022_lib" -I"C:/Users/Gabor/Documents/GitHub/GOS2022/1_Examples/GOS2022" -I"C:/Users/Gabor/Documents/GitHub/GOS2022/1_Examples/GOS2022/os/kernel/inc" -I"C:/Users/Gabor/Documents/GitHub/GOS2022/1_Examples/GOS2022/os/services/inc" -I"C:/Users/Gabor/Documents/GitHub/GOS2022/1_Examples/GOS2022/os/driver/inc" -I../Core/Inc -I../Drivers/STM32F4xx_HAL_Driver/Inc -I../Drivers/STM32F4xx_HAL_Driver/Inc/Legacy -I../Drivers/CMSIS/Device/ST/STM32F4xx/Include -I../Drivers/CMSIS/Include -I"C:/Users/Gabor/Documents/GitHub/GOS2022/1_Examples/GOS2022_minimal_example/Core/driver/inc" -I"C:/Users/Gabor/Documents/GitHub/GOS2022/1_Examples/GOS2022_lib/drv/inc" -I"C:/Users/Gabor/Documents/GitHub/GOS2022/1_Examples/GOS2022_minimal_example/Core/driver/cfg" -O0 -ffunction-sections -fdata-sections -Wall -fstack-usage -fcyclomatic-complexity -MMD -MP -MF"Drivers/STM32F4xx_HAL_Driver/Src/stm32f4xx_hal_spi.d" -MT"Drivers/STM32F4xx_HAL_Driver/Src/stm32f4xx_hal_spi.o" --specs=nano.specs -mfpu=fpv4-sp-d16 -mfloat-abi=hard -mthumb -o "Drivers/STM32F4xx_HAL_Driver/Src/stm32f4xx_hal_spi.o"
arm-none-eabi-gcc "../Drivers/STM32F4xx_HAL_Driver/Src/stm32f4xx_hal_tim.c" -mcpu=cortex-m4 -std=c99 -g3 -DUSE_HAL_DRIVER -DSTM32F446xx -DDEBUG -c -I"C:/Users/Gabor/Documents/GitHub/GOS2022/1_Examples/GOS2022_lib" -I"C:/Users/Gabor/Documents/GitHub/GOS2022/1_Examples/GOS2022" -I"C:/Users/Gabor/Documents/GitHub/GOS2022/1_Examples/GOS2022/os/kernel/inc" -I"C:/Users/Gabor/Documents/GitHub/GOS2022/1_Examples/GOS2022/os/services/inc" -I"C:/Users/Gabor/Documents/GitHub/GOS2022/1_Examples/GOS2022/os/driver/inc" -I../Core/Inc -I../Drivers/STM32F4xx_HAL_Driver/Inc -I../Drivers/STM32F4xx_HAL_Driver/Inc/Legacy -I../Drivers/CMSIS/Device/ST/STM32F4xx/Include -I../Drivers/CMSIS/Include -I"C:/Users/Gabor/Documents/GitHub/GOS2022/1_Examples/GOS2022_minimal_example/Core/driver/inc" -I"C:/Users/Gabor/Documents/GitHub/GOS2022/1_Examples/GOS2022_lib/drv/inc" -I"C:/Users/Gabor/Documents/GitHub/GOS2022/1_Examples/GOS2022_minimal_example/Core/driver/cfg" -O0 -ffunction-sections -fdata-sections -Wall -fstack-usage -fcyclomatic-complexity -MMD -MP -MF"Drivers/STM32F4xx_HAL_Driver/Src/stm32f4xx_hal_tim.d" -MT"Drivers/STM32F4xx_HAL_Driver/Src/stm32f4xx_hal_tim.o" --specs=nano.specs -mfpu=fpv4-sp-d16 -mfloat-abi=hard -mthumb -o "Drivers/STM32F4xx_HAL_Driver/Src/stm32f4xx_hal_tim.o"
arm-none-eabi-gcc "../Drivers/STM32F4xx_HAL_Driver/Src/stm32f4xx_hal_tim_ex.c" -mcpu=cortex-m4 -std=c99 -g3 -DUSE_HAL_DRIVER -DSTM32F446xx -DDEBUG -c -I"C:/Users/Gabor/Documents/GitHub/GOS2022/1_Examples/GOS2022_lib" -I"C:/Users/Gabor/Documents/GitHub/GOS2022/1_Examples/GOS2022" -I"C:/Users/Gabor/Documents/GitHub/GOS2022/1_Examples/GOS2022/os/kernel/inc" -I"C:/Users/Gabor/Documents/GitHub/GOS2022/1_Examples/GOS2022/os/services/inc" -I"C:/Users/Gabor/Documents/GitHub/GOS2022/1_Examples/GOS2022/os/driver/inc" -I../Core/Inc -I../Drivers/STM32F4xx_HAL_Driver/Inc -I../Drivers/STM32F4xx_HAL_Driver/Inc/Legacy -I../Drivers/CMSIS/Device/ST/STM32F4xx/Include -I../Drivers/CMSIS/Include -I"C:/Users/Gabor/Documents/GitHub/GOS2022/1_Examples/GOS2022_minimal_example/Core/driver/inc" -I"C:/Users/Gabor/Documents/GitHub/GOS2022/1_Examples/GOS2022_lib/drv/inc" -I"C:/Users/Gabor/Documents/GitHub/GOS2022/1_Examples/GOS2022_minimal_example/Core/driver/cfg" -O0 -ffunction-sections -fdata-sections -Wall -fstack-usage -fcyclomatic-complexity -MMD -MP -MF"Drivers/STM32F4xx_HAL_Driver/Src/stm32f4xx_hal_tim_ex.d" -MT"Drivers/STM32F4xx_HAL_Driver/Src/stm32f4xx_hal_tim_ex.o" --specs=nano.specs -mfpu=fpv4-sp-d16 -mfloat-abi=hard -mthumb -o "Drivers/STM32F4xx_HAL_Driver/Src/stm32f4xx_hal_tim_ex.o"
arm-none-eabi-gcc "../Drivers/STM32F4xx_HAL_Driver/Src/stm32f4xx_hal_uart.c" -mcpu=cortex-m4 -std=c99 -g3 -DUSE_HAL_DRIVER -DSTM32F446xx -DDEBUG -c -I"C:/Users/Gabor/Documents/GitHub/GOS2022/1_Examples/GOS2022_lib" -I"C:/Users/Gabor/Documents/GitHub/GOS2022/1_Examples/GOS2022" -I"C:/Users/Gabor/Documents/GitHub/GOS2022/1_Examples/GOS2022/os/kernel/inc" -I"C:/Users/Gabor/Documents/GitHub/GOS2022/1_Examples/GOS2022/os/services/inc" -I"C:/Users/Gabor/Documents/GitHub/GOS2022/1_Examples/GOS2022/os/driver/inc" -I../Core/Inc -I../Drivers/STM32F4xx_HAL_Driver/Inc -I../Drivers/STM32F4xx_HAL_Driver/Inc/Legacy -I../Drivers/CMSIS/Device/ST/STM32F4xx/Include -I../Drivers/CMSIS/Include -I"C:/Users/Gabor/Documents/GitHub/GOS2022/1_Examples/GOS2022_minimal_example/Core/driver/inc" -I"C:/Users/Gabor/Documents/GitHub/GOS2022/1_Examples/GOS2022_lib/drv/inc" -I"C:/Users/Gabor/Documents/GitHub/GOS2022/1_Examples/GOS2022_minimal_example/Core/driver/cfg" -O0 -ffunction-sections -fdata-sections -Wall -fstack-usage -fcyclomatic-complexity -MMD -MP -MF"Drivers/STM32F4xx_HAL_Driver/Src/stm32f4xx_hal_uart.d" -MT"Drivers/STM32F4xx_HAL_Driver/Src/stm32f4xx_hal_uart.o" --specs=nano.specs -mfpu=fpv4-sp-d16 -mfloat-abi=hard -mthumb -o "Drivers/STM32F4xx_HAL_Driver/Src/stm32f4xx_hal_uart.o"
arm-none-eabi-gcc "../Core/driver/src/driver.c" -mcpu=cortex-m4 -std=c99 -g3 -DUSE_HAL_DRIVER -DSTM32F446xx -DDEBUG -c -I"C:/Users/Gabor/Documents/GitHub/GOS2022/1_Examples/GOS2022_lib" -I"C:/Users/Gabor/Documents/GitHub/GOS2022/1_Examples/GOS2022" -I"C:/Users/Gabor/Documents/GitHub/GOS2022/1_Examples/GOS2022/os/kernel/inc" -I"C:/Users/Gabor/Documents/GitHub/GOS2022/1_Examples/GOS2022/os/services/inc" -I"C:/Users/Gabor/Documents/GitHub/GOS2022/1_Examples/GOS2022/os/driver/inc" -I../Core/Inc -I../Drivers/STM32F4xx_HAL_Driver/Inc -I../Drivers/STM32F4xx_HAL_Driver/Inc/Legacy -I../Drivers/CMSIS/Device/ST/STM32F4xx/Include -I../Drivers/CMSIS/Include -I"C:/Users/Gabor/Documents/GitHub/GOS2022/1_Examples/GOS2022_minimal_example/Core/driver/inc" -I"C:/Users/Gabor/Documents/GitHub/GOS2022/1_Examples/GOS2022_lib/drv/inc" -I"C:/Users/Gabor/Documents/GitHub/GOS2022/1_Examples/GOS2022_minimal_example/Core/driver/cfg" -O0 -ffunction-sections -fdata-sections -Wall -fstack-usage -fcyclomatic-complexity -MMD -MP -MF"Core/driver/src/driver.d" -MT"Core/driver/src/driver.o" --specs=nano.specs -mfpu=fpv4-sp-d16 -mfloat-abi=hard -mthumb -o "Core/driver/src/driver.o"
arm-none-eabi-gcc "../Core/driver/src/rcc_driver.c" -mcpu=cortex-m4 -std=c99 -g3 -DUSE_HAL_DRIVER -DSTM32F446xx -DDEBUG -c -I"C:/Users/Gabor/Documents/GitHub/GOS2022/1_Examples/GOS2022_lib" -I"C:/Users/Gabor/Documents/GitHub/GOS2022/1_Examples/GOS2022" -I"C:/Users/Gabor/Documents/GitHub/GOS2022/1_Examples/GOS2022/os/kernel/inc" -I"C:/Users/Gabor/Documents/GitHub/GOS2022/1_Examples/GOS2022/os/services/inc" -I"C:/Users/Gabor/Documents/GitHub/GOS2022/1_Examples/GOS2022/os/driver/inc" -I../Core/Inc -I../Drivers/STM32F4xx_HAL_Driver/Inc -I../Drivers/STM32F4xx_HAL_Driver/Inc/Legacy -I../Drivers/CMSIS/Device/ST/STM32F4xx/Include -I../Drivers/CMSIS/Include -I"C:/Users/Gabor/Documents/GitHub/GOS2022/1_Examples/GOS2022_minimal_example/Core/driver/inc" -I"C:/Users/Gabor/Documents/GitHub/GOS2022/1_Examples/GOS2022_lib/drv/inc" -I"C:/Users/Gabor/Documents/GitHub/GOS2022/1_Examples/GOS2022_minimal_example/Core/driver/cfg" -O0 -ffunction-sections -fdata-sections -Wall -fstack-usage -fcyclomatic-complexity -MMD -MP -MF"Core/driver/src/rcc_driver.d" -MT"Core/driver/src/rcc_driver.o" --specs=nano.specs -mfpu=fpv4-sp-d16 -mfloat-abi=hard -mthumb -o "Core/driver/src/rcc_driver.o"
arm-none-eabi-gcc "../Core/driver/src/timer_driver.c" -mcpu=cortex-m4 -std=c99 -g3 -DUSE_HAL_DRIVER -DSTM32F446xx -DDEBUG -c -I"C:/Users/Gabor/Documents/GitHub/GOS2022/1_Examples/GOS2022_lib" -I"C:/Users/Gabor/Documents/GitHub/GOS2022/1_Examples/GOS2022" -I"C:/Users/Gabor/Documents/GitHub/GOS2022/1_Examples/GOS2022/os/kernel/inc" -I"C:/Users/Gabor/Documents/GitHub/GOS2022/1_Examples/GOS2022/os/services/inc" -I"C:/Users/Gabor/Documents/GitHub/GOS2022/1_Examples/GOS2022/os/driver/inc" -I../Core/Inc -I../Drivers/STM32F4xx_HAL_Driver/Inc -I../Drivers/STM32F4xx_HAL_Driver/Inc/Legacy -I../Drivers/CMSIS/Device/ST/STM32F4xx/Include -I../Drivers/CMSIS/Include -I"C:/Users/Gabor/Documents/GitHub/GOS2022/1_Examples/GOS2022_minimal_example/Core/driver/inc" -I"C:/Users/Gabor/Documents/GitHub/GOS2022/1_Examples/GOS2022_lib/drv/inc" -I"C:/Users/Gabor/Documents/GitHub/GOS2022/1_Examples/GOS2022_minimal_example/Core/driver/cfg" -O0 -ffunction-sections -fdata-sections -Wall -fstack-usage -fcyclomatic-complexity -MMD -MP -MF"Core/driver/src/timer_driver.d" -MT"Core/driver/src/timer_driver.o" --specs=nano.specs -mfpu=fpv4-sp-d16 -mfloat-abi=hard -mthumb -o "Core/driver/src/timer_driver.o"
arm-none-eabi-gcc "../Core/driver/cfg/dma_cfg.c" -mcpu=cortex-m4 -std=c99 -g3 -DUSE_HAL_DRIVER -DSTM32F446xx -DDEBUG -c -I"C:/Users/Gabor/Documents/GitHub/GOS2022/1_Examples/GOS2022_lib" -I"C:/Users/Gabor/Documents/GitHub/GOS2022/1_Examples/GOS2022" -I"C:/Users/Gabor/Documents/GitHub/GOS2022/1_Examples/GOS2022/os/kernel/inc" -I"C:/Users/Gabor/Documents/GitHub/GOS2022/1_Examples/GOS2022/os/services/inc" -I"C:/Users/Gabor/Documents/GitHub/GOS2022/1_Examples/GOS2022/os/driver/inc" -I../Core/Inc -I../Drivers/STM32F4xx_HAL_Driver/Inc -I../Drivers/STM32F4xx_HAL_Driver/Inc/Legacy -I../Drivers/CMSIS/Device/ST/STM32F4xx/Include -I../Drivers/CMSIS/Include -I"C:/Users/Gabor/Documents/GitHub/GOS2022/1_Examples/GOS2022_minimal_example/Core/driver/inc" -I"C:/Users/Gabor/Documents/GitHub/GOS2022/1_Examples/GOS2022_lib/drv/inc" -I"C:/Users/Gabor/Documents/GitHub/GOS2022/1_Examples/GOS2022_minimal_example/Core/driver/cfg" -O0 -ffunction-sections -fdata-sections -Wall -fstack-usage -fcyclomatic-complexity -MMD -MP -MF"Core/driver/cfg/dma_cfg.d" -MT"Core/driver/cfg/dma_cfg.o" --specs=nano.specs -mfpu=fpv4-sp-d16 -mfloat-abi=hard -mthumb -o "Core/driver/cfg/dma_cfg.o"
arm-none-eabi-gcc "../Core/driver/cfg/gpio_cfg.c" -mcpu=cortex-m4 -std=c99 -g3 -DUSE_HAL_DRIVER -DSTM32F446xx -DDEBUG -c -I"C:/Users/Gabor/Documents/GitHub/GOS2022/1_Examples/GOS2022_lib" -I"C:/Users/Gabor/Documents/GitHub/GOS2022/1_Examples/GOS2022" -I"C:/Users/Gabor/Documents/GitHub/GOS2022/1_Examples/GOS2022/os/kernel/inc" -I"C:/Users/Gabor/Documents/GitHub/GOS2022/1_Examples/GOS2022/os/services/inc" -I"C:/Users/Gabor/Documents/GitHub/GOS2022/1_Examples/GOS2022/os/driver/inc" -I../Core/Inc -I../Drivers/STM32F4xx_HAL_Driver/Inc -I../Drivers/STM32F4xx_HAL_Driver/Inc/Legacy -I../Drivers/CMSIS/Device/ST/STM32F4xx/Include -I../Drivers/CMSIS/Include -I"C:/Users/Gabor/Documents/GitHub/GOS2022/1_Examples/GOS2022_minimal_example/Core/driver/inc" -I"C:/Users/Gabor/Documents/GitHub/GOS2022/1_Examples/GOS2022_lib/drv/inc" -I"C:/Users/Gabor/Documents/GitHub/GOS2022/1_Examples/GOS2022_minimal_example/Core/driver/cfg" -O0 -ffunction-sections -fdata-sections -Wall -fstack-usage -fcyclomatic-complexity -MMD -MP -MF"Core/driver/cfg/gpio_cfg.d" -MT"Core/driver/cfg/gpio_cfg.o" --specs=nano.specs -mfpu=fpv4-sp-d16 -mfloat-abi=hard -mthumb -o "Core/driver/cfg/gpio_cfg.o"
arm-none-eabi-gcc "../Core/driver/cfg/it_cfg.c" -mcpu=cortex-m4 -std=c99 -g3 -DUSE_HAL_DRIVER -DSTM32F446xx -DDEBUG -c -I"C:/Users/Gabor/Documents/GitHub/GOS2022/1_Examples/GOS2022_lib" -I"C:/Users/Gabor/Documents/GitHub/GOS2022/1_Examples/GOS2022" -I"C:/Users/Gabor/Documents/GitHub/GOS2022/1_Examples/GOS2022/os/kernel/inc" -I"C:/Users/Gabor/Documents/GitHub/GOS2022/1_Examples/GOS2022/os/services/inc" -I"C:/Users/Gabor/Documents/GitHub/GOS2022/1_Examples/GOS2022/os/driver/inc" -I../Core/Inc -I../Drivers/STM32F4xx_HAL_Driver/Inc -I../Drivers/STM32F4xx_HAL_Driver/Inc/Legacy -I../Drivers/CMSIS/Device/ST/STM32F4xx/Include -I../Drivers/CMSIS/Include -I"C:/Users/Gabor/Documents/GitHub/GOS2022/1_Examples/GOS2022_minimal_example/Core/driver/inc" -I"C:/Users/Gabor/Documents/GitHub/GOS2022/1_Examples/GOS2022_lib/drv/inc" -I"C:/Users/Gabor/Documents/GitHub/GOS2022/1_Examples/GOS2022_minimal_example/Core/driver/cfg" -O0 -ffunction-sections -fdata-sections -Wall -fstack-usage -fcyclomatic-complexity -MMD -MP -MF"Core/driver/cfg/it_cfg.d" -MT"Core/driver/cfg/it_cfg.o" --specs=nano.specs -mfpu=fpv4-sp-d16 -mfloat-abi=hard -mthumb -o "Core/driver/cfg/it_cfg.o"
arm-none-eabi-gcc "../Core/driver/cfg/uart_cfg.c" -mcpu=cortex-m4 -std=c99 -g3 -DUSE_HAL_DRIVER -DSTM32F446xx -DDEBUG -c -I"C:/Users/Gabor/Documents/GitHub/GOS2022/1_Examples/GOS2022_lib" -I"C:/Users/Gabor/Documents/GitHub/GOS2022/1_Examples/GOS2022" -I"C:/Users/Gabor/Documents/GitHub/GOS2022/1_Examples/GOS2022/os/kernel/inc" -I"C:/Users/Gabor/Documents/GitHub/GOS2022/1_Examples/GOS2022/os/services/inc" -I"C:/Users/Gabor/Documents/GitHub/GOS2022/1_Examples/GOS2022/os/driver/inc" -I../Core/Inc -I../Drivers/STM32F4xx_HAL_Driver/Inc -I../Drivers/STM32F4xx_HAL_Driver/Inc/Legacy -I../Drivers/CMSIS/Device/ST/STM32F4xx/Include -I../Drivers/CMSIS/Include -I"C:/Users/Gabor/Documents/GitHub/GOS2022/1_Examples/GOS2022_minimal_example/Core/driver/inc" -I"C:/Users/Gabor/Documents/GitHub/GOS2022/1_Examples/GOS2022_lib/drv/inc" -I"C:/Users/Gabor/Documents/GitHub/GOS2022/1_Examples/GOS2022_minimal_example/Core/driver/cfg" -O0 -ffunction-sections -fdata-sections -Wall -fstack-usage -fcyclomatic-complexity -MMD -MP -MF"Core/driver/cfg/uart_cfg.d" -MT"Core/driver/cfg/uart_cfg.o" --specs=nano.specs -mfpu=fpv4-sp-d16 -mfloat-abi=hard -mthumb -o "Core/driver/cfg/uart_cfg.o"
arm-none-eabi-gcc -mcpu=cortex-m4 -g3 -DSTM32F446xx -c -I"C:/Users/Gabor/Documents/GitHub/GOS2022/1_Examples/GOS2022_lib" -I"C:/Users/Gabor/Documents/GitHub/GOS2022/1_Examples/GOS2022" -I"C:/Users/Gabor/Documents/GitHub/GOS2022/1_Examples/GOS2022/os/kernel/inc" -I"C:/Users/Gabor/Documents/GitHub/GOS2022/1_Examples/GOS2022/os/services/inc" -I../Core/Inc -I../Drivers/STM32F4xx_HAL_Driver/Inc -I../Drivers/STM32F4xx_HAL_Driver/Inc/Legacy -I../Drivers/CMSIS/Device/ST/STM32F4xx/Include -I../Drivers/CMSIS/Include -I"C:/Users/Gabor/Documents/GitHub/GOS2022/1_Examples/GOS2022/os/driver/inc" -I"C:/Users/Gabor/Documents/GitHub/GOS2022/1_Examples/GOS2022_minimal_example/Core/driver/inc" -I"C:/Users/Gabor/Documents/GitHub/GOS2022/1_Examples/GOS2022_lib/drv/inc" -I"C:/Users/Gabor/Documents/GitHub/GOS2022/1_Examples/GOS2022_minimal_example/Core/driver/cfg" -x assembler-with-cpp -MMD -MP -MF"Core/Startup/startup_stm32f446retx.d" -MT"Core/Startup/startup_stm32f446retx.o" --specs=nano.specs -mfpu=fpv4-sp-d16 -mfloat-abi=hard -mthumb -o "Core/Startup/startup_stm32f446retx.o" "../Core/Startup/startup_stm32f446retx.s"
arm-none-eabi-gcc "../Core/Src/app_button.c" -mcpu=cortex-m4 -std=c99 -g3 -DUSE_HAL_DRIVER -DSTM32F446xx -DDEBUG -c -I"C:/Users/Gabor/Documents/GitHub/GOS2022/1_Examples/GOS2022_lib" -I"C:/Users/Gabor/Documents/GitHub/GOS2022/1_Examples/GOS2022" -I"C:/Users/Gabor/Documents/GitHub/GOS2022/1_Examples/GOS2022/os/kernel/inc" -I"C:/Users/Gabor/Documents/GitHub/GOS2022/1_Examples/GOS2022/os/services/inc" -I"C:/Users/Gabor/Documents/GitHub/GOS2022/1_Examples/GOS2022/os/driver/inc" -I../Core/Inc -I../Drivers/STM32F4xx_HAL_Driver/Inc -I../Drivers/STM32F4xx_HAL_Driver/Inc/Legacy -I../Drivers/CMSIS/Device/ST/STM32F4xx/Include -I../Drivers/CMSIS/Include -I"C:/Users/Gabor/Documents/GitHub/GOS2022/1_Examples/GOS2022_minimal_example/Core/driver/inc" -I"C:/Users/Gabor/Documents/GitHub/GOS2022/1_Examples/GOS2022_lib/drv/inc" -I"C:/Users/Gabor/Documents/GitHub/GOS2022/1_Examples/GOS2022_minimal_example/Core/driver/cfg" -O0 -ffunction-sections -fdata-sections -Wall -fstack-usage -fcyclomatic-complexity -MMD -MP -MF"Core/Src/app_button.d" -MT"Core/Src/app_button.o" --specs=nano.specs -mfpu=fpv4-sp-d16 -mfloat-abi=hard -mthumb -o "Core/Src/app_button.o"
arm-none-eabi-gcc "../Core/Src/app_cpu.c" -mcpu=cortex-m4 -std=c99 -g3 -DUSE_HAL_DRIVER -DSTM32F446xx -DDEBUG -c -I"C:/Users/Gabor/Documents/GitHub/GOS2022/1_Examples/GOS2022_lib" -I"C:/Users/Gabor/Documents/GitHub/GOS2022/1_Examples/GOS2022" -I"C:/Users/Gabor/Documents/GitHub/GOS2022/1_Examples/GOS2022/os/kernel/inc" -I"C:/Users/Gabor/Documents/GitHub/GOS2022/1_Examples/GOS2022/os/services/inc" -I"C:/Users/Gabor/Documents/GitHub/GOS2022/1_Examples/GOS2022/os/driver/inc" -I../Core/Inc -I../Drivers/STM32F4xx_HAL_Driver/Inc -I../Drivers/STM32F4xx_HAL_Driver/Inc/Legacy -I../Drivers/CMSIS/Device/ST/STM32F4xx/Include -I../Drivers/CMSIS/Include -I"C:/Users/Gabor/Documents/GitHub/GOS2022/1_Examples/GOS2022_minimal_example/Core/driver/inc" -I"C:/Users/Gabor/Documents/GitHub/GOS2022/1_Examples/GOS2022_lib/drv/inc" -I"C:/Users/Gabor/Documents/GitHub/GOS2022/1_Examples/GOS2022_minimal_example/Core/driver/cfg" -O0 -ffunction-sections -fdata-sections -Wall -fstack-usage -fcyclomatic-complexity -MMD -MP -MF"Core/Src/app_cpu.d" -MT"Core/Src/app_cpu.o" --specs=nano.specs -mfpu=fpv4-sp-d16 -mfloat-abi=hard -mthumb -o "Core/Src/app_cpu.o"
arm-none-eabi-gcc "../Core/Src/app_init.c" -mcpu=cortex-m4 -std=c99 -g3 -DUSE_HAL_DRIVER -DSTM32F446xx -DDEBUG -c -I"C:/Users/Gabor/Documents/GitHub/GOS2022/1_Examples/GOS2022_lib" -I"C:/Users/Gabor/Documents/GitHub/GOS2022/1_Examples/GOS2022" -I"C:/Users/Gabor/Documents/GitHub/GOS2022/1_Examples/GOS2022/os/kernel/inc" -I"C:/Users/Gabor/Documents/GitHub/GOS2022/1_Examples/GOS2022/os/services/inc" -I"C:/Users/Gabor/Documents/GitHub/GOS2022/1_Examples/GOS2022/os/driver/inc" -I../Core/Inc -I../Drivers/STM32F4xx_HAL_Driver/Inc -I../Drivers/STM32F4xx_HAL_Driver/Inc/Legacy -I../Drivers/CMSIS/Device/ST/STM32F4xx/Include -I../Drivers/CMSIS/Include -I"C:/Users/Gabor/Documents/GitHub/GOS2022/1_Examples/GOS2022_minimal_example/Core/driver/inc" -I"C:/Users/Gabor/Documents/GitHub/GOS2022/1_Examples/GOS2022_lib/drv/inc" -I"C:/Users/Gabor/Documents/GitHub/GOS2022/1_Examples/GOS2022_minimal_example/Core/driver/cfg" -O0 -ffunction-sections -fdata-sections -Wall -fstack-usage -fcyclomatic-complexity -MMD -MP -MF"Core/Src/app_init.d" -MT"Core/Src/app_init.o" --specs=nano.specs -mfpu=fpv4-sp-d16 -mfloat-abi=hard -mthumb -o "Core/Src/app_init.o"
arm-none-eabi-gcc "../Core/Src/app_led.c" -mcpu=cortex-m4 -std=c99 -g3 -DUSE_HAL_DRIVER -DSTM32F446xx -DDEBUG -c -I"C:/Users/Gabor/Documents/GitHub/GOS2022/1_Examples/GOS2022_lib" -I"C:/Users/Gabor/Documents/GitHub/GOS2022/1_Examples/GOS2022" -I"C:/Users/Gabor/Documents/GitHub/GOS2022/1_Examples/GOS2022/os/kernel/inc" -I"C:/Users/Gabor/Documents/GitHub/GOS2022/1_Examples/GOS2022/os/services/inc" -I"C:/Users/Gabor/Documents/GitHub/GOS2022/1_Examples/GOS2022/os/driver/inc" -I../Core/Inc -I../Drivers/STM32F4xx_HAL_Driver/Inc -I../Drivers/STM32F4xx_HAL_Driver/Inc/Legacy -I../Drivers/CMSIS/Device/ST/STM32F4xx/Include -I../Drivers/CMSIS/Include -I"C:/Users/Gabor/Documents/GitHub/GOS2022/1_Examples/GOS2022_minimal_example/Core/driver/inc" -I"C:/Users/Gabor/Documents/GitHub/GOS2022/1_Examples/GOS2022_lib/drv/inc" -I"C:/Users/Gabor/Documents/GitHub/GOS2022/1_Examples/GOS2022_minimal_example/Core/driver/cfg" -O0 -ffunction-sections -fdata-sections -Wall -fstack-usage -fcyclomatic-complexity -MMD -MP -MF"Core/Src/app_led.d" -MT"Core/Src/app_led.o" --specs=nano.specs -mfpu=fpv4-sp-d16 -mfloat-abi=hard -mthumb -o "Core/Src/app_led.o"
arm-none-eabi-gcc "../Core/Src/syscalls.c" -mcpu=cortex-m4 -std=c99 -g3 -DUSE_HAL_DRIVER -DSTM32F446xx -DDEBUG -c -I"C:/Users/Gabor/Documents/GitHub/GOS2022/1_Examples/GOS2022_lib" -I"C:/Users/Gabor/Documents/GitHub/GOS2022/1_Examples/GOS2022" -I"C:/Users/Gabor/Documents/GitHub/GOS2022/1_Examples/GOS2022/os/kernel/inc" -I"C:/Users/Gabor/Documents/GitHub/GOS2022/1_Examples/GOS2022/os/services/inc" -I"C:/Users/Gabor/Documents/GitHub/GOS2022/1_Examples/GOS2022/os/driver/inc" -I../Core/Inc -I../Drivers/STM32F4xx_HAL_Driver/Inc -I../Drivers/STM32F4xx_HAL_Driver/Inc/Legacy -I../Drivers/CMSIS/Device/ST/STM32F4xx/Include -I../Drivers/CMSIS/Include -I"C:/Users/Gabor/Documents/GitHub/GOS2022/1_Examples/GOS2022_minimal_example/Core/driver/inc" -I"C:/Users/Gabor/Documents/GitHub/GOS2022/1_Examples/GOS2022_lib/drv/inc" -I"C:/Users/Gabor/Documents/GitHub/GOS2022/1_Examples/GOS2022_minimal_example/Core/driver/cfg" -O0 -ffunction-sections -fdata-sections -Wall -fstack-usage -fcyclomatic-complexity -MMD -MP -MF"Core/Src/syscalls.d" -MT"Core/Src/syscalls.o" --specs=nano.specs -mfpu=fpv4-sp-d16 -mfloat-abi=hard -mthumb -o "Core/Src/syscalls.o"
arm-none-eabi-gcc "../Core/Src/sysmem.c" -mcpu=cortex-m4 -std=c99 -g3 -DUSE_HAL_DRIVER -DSTM32F446xx -DDEBUG -c -I"C:/Users/Gabor/Documents/GitHub/GOS2022/1_Examples/GOS2022_lib" -I"C:/Users/Gabor/Documents/GitHub/GOS2022/1_Examples/GOS2022" -I"C:/Users/Gabor/Documents/GitHub/GOS2022/1_Examples/GOS2022/os/kernel/inc" -I"C:/Users/Gabor/Documents/GitHub/GOS2022/1_Examples/GOS2022/os/services/inc" -I"C:/Users/Gabor/Documents/GitHub/GOS2022/1_Examples/GOS2022/os/driver/inc" -I../Core/Inc -I../Drivers/STM32F4xx_HAL_Driver/Inc -I../Drivers/STM32F4xx_HAL_Driver/Inc/Legacy -I../Drivers/CMSIS/Device/ST/STM32F4xx/Include -I../Drivers/CMSIS/Include -I"C:/Users/Gabor/Documents/GitHub/GOS2022/1_Examples/GOS2022_minimal_example/Core/driver/inc" -I"C:/Users/Gabor/Documents/GitHub/GOS2022/1_Examples/GOS2022_lib/drv/inc" -I"C:/Users/Gabor/Documents/GitHub/GOS2022/1_Examples/GOS2022_minimal_example/Core/driver/cfg" -O0 -ffunction-sections -fdata-sections -Wall -fstack-usage -fcyclomatic-complexity -MMD -MP -MF"Core/Src/sysmem.d" -MT"Core/Src/sysmem.o" --specs=nano.specs -mfpu=fpv4-sp-d16 -mfloat-abi=hard -mthumb -o "Core/Src/sysmem.o"
arm-none-eabi-gcc "../Core/Src/system_stm32f4xx.c" -mcpu=cortex-m4 -std=c99 -g3 -DUSE_HAL_DRIVER -DSTM32F446xx -DDEBUG -c -I"C:/Users/Gabor/Documents/GitHub/GOS2022/1_Examples/GOS2022_lib" -I"C:/Users/Gabor/Documents/GitHub/GOS2022/1_Examples/GOS2022" -I"C:/Users/Gabor/Documents/GitHub/GOS2022/1_Examples/GOS2022/os/kernel/inc" -I"C:/Users/Gabor/Documents/GitHub/GOS2022/1_Examples/GOS2022/os/services/inc" -I"C:/Users/Gabor/Documents/GitHub/GOS2022/1_Examples/GOS2022/os/driver/inc" -I../Core/Inc -I../Drivers/STM32F4xx_HAL_Driver/Inc -I../Drivers/STM32F4xx_HAL_Driver/Inc/Legacy -I../Drivers/CMSIS/Device/ST/STM32F4xx/Include -I../Drivers/CMSIS/Include -I"C:/Users/Gabor/Documents/GitHub/GOS2022/1_Examples/GOS2022_minimal_example/Core/driver/inc" -I"C:/Users/Gabor/Documents/GitHub/GOS2022/1_Examples/GOS2022_lib/drv/inc" -I"C:/Users/Gabor/Documents/GitHub/GOS2022/1_Examples/GOS2022_minimal_example/Core/driver/cfg" -O0 -ffunction-sections -fdata-sections -Wall -fstack-usage -fcyclomatic-complexity -MMD -MP -MF"Core/Src/system_stm32f4xx.d" -MT"Core/Src/system_stm32f4xx.o" --specs=nano.specs -mfpu=fpv4-sp-d16 -mfloat-abi=hard -mthumb -o "Core/Src/system_stm32f4xx.o"
arm-none-eabi-gcc -o "GOS2022_minimal_example.elf" @"objects.list"  -lGOS2022_lib -lGOS2022 -mcpu=cortex-m4 -T"C:\Users\Gabor\Documents\GitHub\GOS2022\1_Examples\GOS2022_minimal_example\STM32F446RETX_FLASH.ld" --specs=nosys.specs -Wl,-Map="GOS2022_minimal_example.map" -Wl,--gc-sections -static -L"C:\Users\Gabor\Documents\GitHub\GOS2022\1_Examples\GOS2022_lib\Debug" -L"C:\Users\Gabor\Documents\GitHub\GOS2022\1_Examples\GOS2022\GOS2022_minimal_example" --specs=nano.specs -mfpu=fpv4-sp-d16 -mfloat-abi=hard -mthumb -u _printf_float -Wl,--start-group -lc -lm -Wl,--end-group
Finished building target: GOS2022_minimal_example.elf
 
arm-none-eabi-size  GOS2022_minimal_example.elf 
arm-none-eabi-objdump -h -S GOS2022_minimal_example.elf  > "GOS2022_minimal_example.list"
   text	   data	    bss	    dec	    hex	filename
  65500	   4024	  37992	 107516	  1a3fc	GOS2022_minimal_example.elf
arm-none-eabi-objcopy  -O binary GOS2022_minimal_example.elf  "GOS2022_minimal_example.bin"
Finished building: default.size.stdout
 
Finished building: GOS2022_minimal_example.list
 
Finished building: GOS2022_minimal_example.bin
 

23:42:25 Build Finished. 0 errors, 0 warnings. (took 1m:10s.201ms)

