../drv/src/drv_spi.c:113:14:drv_spiInit	16	static
../drv/src/drv_spi.c:143:14:drv_spiInitInstance	24	static
../drv/src/drv_spi.c:199:14:drv_spiTransmitBlocking	32	static
../drv/src/drv_spi.c:237:14:drv_spiReceiveBlocking	32	static
../drv/src/drv_spi.c:274:14:drv_spiTransmitIT	32	static
../drv/src/drv_spi.c:326:14:drv_spiReceiveIT	32	static
../drv/src/drv_spi.c:378:14:drv_spiTransmitDMA	32	static
../drv/src/drv_spi.c:431:14:drv_spiReceiveDMA	32	static
../drv/src/drv_spi.c:483:14:drv_spiTransmitReceiveBlocking	40	static
../drv/src/drv_spi.c:520:14:drv_spiTransmitReceiveIT	32	static
../drv/src/drv_spi.c:572:14:drv_spiTransmitReceiveDMA	32	static
../drv/src/drv_spi.c:624:8:HAL_SPI_TxCpltCallback	16	static
../drv/src/drv_spi.c:650:8:HAL_SPI_RxCpltCallback	16	static
../drv/src/drv_spi.c:676:8:HAL_SPI_TxRxCpltCallback	16	static
../drv/src/drv_spi.c:702:8:SPI1_IRQHandler	8	static
../drv/src/drv_spi.c:717:8:SPI2_IRQHandler	8	static
../drv/src/drv_spi.c:729:8:SPI3_IRQHandler	8	static
../drv/src/drv_spi.c:744:8:SPI4_IRQHandler	8	static
../drv/src/drv_spi.c:759:8:HAL_SPI_MspInit	24	static
