../drv/src/drv_gpio.c:79:14:drv_gpioInit	16	static
../drv/src/drv_gpio.c:108:14:drv_gpioInitPin	40	static
../drv/src/drv_gpio.c:142:14:drv_gpioDeInitPin	24	static
../drv/src/drv_gpio.c:169:14:drv_gpioWritePin	24	static
../drv/src/drv_gpio.c:196:14:drv_gpioTgglePin	24	static
../drv/src/drv_gpio.c:222:14:drv_gpioReadPin	24	static
../drv/src/drv_gpio.c:248:8:EXTI9_5_IRQHandler	8	static
../drv/src/drv_gpio.c:265:8:EXTI15_10_IRQHandler	8	static
../drv/src/drv_gpio.c:283:8:HAL_GPIO_EXTI_Falling_Callback	16	static
../drv/src/drv_gpio.c:294:8:HAL_GPIO_EXTI_Rising_Callback	16	static
../drv/src/drv_gpio.c:305:8:HAL_GPIO_EXTI_Callback	24	static
