../os/kernel/src/gos_kernel.c:302:14:gos_kernelInit	16	static
../os/kernel/src/gos_kernel.c:363:14:gos_kernelStart	16	static,ignoring_inline_asm
../os/kernel/src/gos_kernel.c:398:14:gos_kernelTaskRegisterTasks	24	static
../os/kernel/src/gos_kernel.c:434:14:gos_kernelTaskRegister	32	static
../os/kernel/src/gos_kernel.c:542:25:gos_kernelTaskSleep	24	static,ignoring_inline_asm
../os/kernel/src/gos_kernel.c:578:25:gos_kernelTaskWakeup	32	static,ignoring_inline_asm
../os/kernel/src/gos_kernel.c:622:25:gos_kernelTaskSuspend	40	static,ignoring_inline_asm
../os/kernel/src/gos_kernel.c:680:25:gos_kernelTaskResume	32	static,ignoring_inline_asm
../os/kernel/src/gos_kernel.c:723:25:gos_kernelTaskBlock	40	static,ignoring_inline_asm
../os/kernel/src/gos_kernel.c:784:25:gos_kernelTaskUnblock	32	static,ignoring_inline_asm
../os/kernel/src/gos_kernel.c:834:25:gos_kernelTaskDelete	40	static,ignoring_inline_asm
../os/kernel/src/gos_kernel.c:899:25:gos_kernelTaskSetPriority	32	static,ignoring_inline_asm
../os/kernel/src/gos_kernel.c:942:25:gos_kernelTaskSetOriginalPriority	32	static,ignoring_inline_asm
../os/kernel/src/gos_kernel.c:985:14:gos_kernelTaskGetPriority	24	static,ignoring_inline_asm
../os/kernel/src/gos_kernel.c:1012:14:gos_kernelTaskGetOriginalPriority	24	static,ignoring_inline_asm
../os/kernel/src/gos_kernel.c:1039:25:gos_kernelTaskAddPrivilege	24	static,ignoring_inline_asm
../os/kernel/src/gos_kernel.c:1065:25:gos_kernelTaskRemovePrivilege	24	static,ignoring_inline_asm
../os/kernel/src/gos_kernel.c:1091:25:gos_kernelTaskSetPrivileges	24	static,ignoring_inline_asm
../os/kernel/src/gos_kernel.c:1117:25:gos_kernelTaskGetPrivileges	24	static,ignoring_inline_asm
../os/kernel/src/gos_kernel.c:1145:25:gos_kernelTaskYield	16	static,ignoring_inline_asm
../os/kernel/src/gos_kernel.c:1162:14:gos_kernelTaskGetName	24	static
../os/kernel/src/gos_kernel.c:1189:14:gos_kernelTaskGetId	24	static
../os/kernel/src/gos_kernel.c:1216:25:gos_kernelTaskGetCurrentId	24	static,ignoring_inline_asm
../os/kernel/src/gos_kernel.c:1240:14:gos_kernelTaskGetData	24	static,ignoring_inline_asm
../os/kernel/src/gos_kernel.c:1269:14:gos_kernelTaskGetDataByIndex	24	static,ignoring_inline_asm
../os/kernel/src/gos_kernel.c:1296:14:gos_kernelRegisterSwapHook	24	static
../os/kernel/src/gos_kernel.c:1318:14:gos_kernelRegisterIdleHook	24	static
../os/kernel/src/gos_kernel.c:1340:14:gos_kernelRegisterSysTickHook	24	static
../os/kernel/src/gos_kernel.c:1362:14:gos_kernelSubscribeTaskDeleteSignal	24	static
../os/kernel/src/gos_kernel.c:1387:14:gos_kernelSubscribeDumpReadySignal	24	static
../os/kernel/src/gos_kernel.c:1408:8:SysTick_Handler	16	static,ignoring_inline_asm
../os/kernel/src/gos_kernel.c:1435:7:gos_kernelGetSysTicks	4	static
../os/kernel/src/gos_kernel.c:1446:7:gos_kernelGetCpuUsage	4	static
../os/kernel/src/gos_kernel.c:1457:8:gos_kernelReset	16	static,ignoring_inline_asm
../os/kernel/src/gos_kernel.c:1469:19:gos_kernelDelayUs	24	static
../os/kernel/src/gos_kernel.c:1491:19:gos_kernelDelayMs	24	static
../os/kernel/src/gos_kernel.c:1508:19:gos_kernelCalculateTaskCpuUsages	40	static
../os/kernel/src/gos_kernel.c:1590:8:gos_kernelDump	184	static
../os/kernel/src/gos_kernel.c:1693:14:gos_kernelSetMaxCpuLoad	24	static
../os/kernel/src/gos_kernel.c:1715:14:gos_kernelGetMaxCpuLoad	24	static
../os/kernel/src/gos_kernel.c:1737:8:gos_kernelIsCallerIsr	4	static
../os/kernel/src/gos_kernel.c:1748:8:SVC_Handler	0	static,ignoring_inline_asm
../os/kernel/src/gos_kernel.c:1759:8:gos_kernelSVC_HandlerMain	24	static
../os/kernel/src/gos_kernel.c:1770:8:PendSV_Handler	0	static,ignoring_inline_asm
../os/kernel/src/gos_kernel.c:1788:19:gos_kernelCheckTaskStack	32	static,ignoring_inline_asm
../os/kernel/src/gos_kernel.c:1838:25:gos_kernelCheckTaskDescriptor	24	static
../os/kernel/src/gos_kernel.c:1884:29:gos_kernelGetCurrentPsp	4	static
../os/kernel/src/gos_kernel.c:1900:30:gos_kernelSaveCurrentPsp	16	static
../os/kernel/src/gos_kernel.c:1919:30:gos_kernelSelectNextTask	32	static
../os/kernel/src/gos_kernel.c:2038:19:gos_kernelIdleTask	32	static,ignoring_inline_asm
../os/kernel/src/gos_kernel.c:2069:20:gos_kernelGetTaskStateString	16	static
../os/kernel/src/gos_kernel.c:2109:19:gos_kernelProcessorReset	4	static,ignoring_inline_asm
../os/kernel/src/gos_kernel.c:2130:8:NMI_Handler	4	static,ignoring_inline_asm
../os/kernel/src/gos_kernel.c:2144:8:HardFault_Handler	4	static,ignoring_inline_asm
../os/kernel/src/gos_kernel.c:2159:8:MemManage_Handler	4	static,ignoring_inline_asm
../os/kernel/src/gos_kernel.c:2173:8:BusFault_Handler	4	static,ignoring_inline_asm
../os/kernel/src/gos_kernel.c:2187:8:UsageFault_Handler	4	static,ignoring_inline_asm
