../Core/Src/app.c:482:19:APP_LowPriorityTask	24	static
../Core/Src/app.c:448:19:APP_MediumPriorityTask	16	static
../Core/Src/app.c:399:19:APP_HighPriorityTask	24	static
../Core/Src/app.c:306:19:APP_LifeSignTask	24	static
../Core/Src/app.c:342:19:APP_ButtonTask	16	static
../Core/Src/app.c:286:19:APP_LedTask	8	static
../Core/Src/app.c:382:19:APP_ButtonPressedInterruptCallback	0	static
../Core/Src/app.c:189:14:gos_platformDriverInit	8	static
../Core/Src/app.c:245:14:gos_userApplicationInit	24	static
