../bld/src/bld_statemachine.c:174:14:bld_stateMachineInitialize	8	static
../bld/src/bld_statemachine.c:187:14:bld_getState	24	static
../bld/src/bld_statemachine.c:213:14:bld_stateMachineRun	8	static
../bld/src/bld_statemachine.c:260:25:bld_stateMachineHandleConnectionEstablishment	24	static
../bld/src/bld_statemachine.c:330:25:bld_stateMachineHandleRequestWait	24	static
../bld/src/bld_statemachine.c:421:25:bld_stateMachineHandleDataRequest	8	static
../bld/src/bld_statemachine.c:449:25:bld_stateMachineHandleConnectionClose	8	static
../bld/src/bld_statemachine.c:477:25:bld_stateMachineHandleAppDataRequest	16	static
../bld/src/bld_statemachine.c:582:25:bld_stateMachineHandleAppInstall	32	static
../bld/src/bld_statemachine.c:725:25:bld_stateMachineHandleAppCheck	696	static
