../os/kernel/src/gos_task.c:110:14:gos_taskRegisterTasks	24	static
../os/kernel/src/gos_task.c:158:14:gos_taskRegister	32	static
../os/kernel/src/gos_task.c:281:25:gos_taskSleep	24	static,ignoring_inline_asm
../os/kernel/src/gos_task.c:330:25:gos_taskWakeup	32	static,ignoring_inline_asm
../os/kernel/src/gos_task.c:381:25:gos_taskSuspend	32	static,ignoring_inline_asm
../os/kernel/src/gos_task.c:455:25:gos_taskResume	32	static,ignoring_inline_asm
../os/kernel/src/gos_task.c:506:25:gos_taskBlock	32	static,ignoring_inline_asm
../os/kernel/src/gos_task.c:581:25:gos_taskUnblock	32	static,ignoring_inline_asm
../os/kernel/src/gos_task.c:638:25:gos_taskDelete	32	static,ignoring_inline_asm
../os/kernel/src/gos_task.c:718:25:gos_taskSetPriority	32	static,ignoring_inline_asm
../os/kernel/src/gos_task.c:764:25:gos_taskSetOriginalPriority	32	static,ignoring_inline_asm
../os/kernel/src/gos_task.c:810:14:gos_taskGetPriority	24	static,ignoring_inline_asm
../os/kernel/src/gos_task.c:841:14:gos_taskGetOriginalPriority	24	static,ignoring_inline_asm
../os/kernel/src/gos_task.c:872:25:gos_taskAddPrivilege	24	static,ignoring_inline_asm
../os/kernel/src/gos_task.c:902:25:gos_taskRemovePrivilege	24	static,ignoring_inline_asm
../os/kernel/src/gos_task.c:932:25:gos_taskSetPrivileges	24	static,ignoring_inline_asm
../os/kernel/src/gos_task.c:962:25:gos_taskGetPrivileges	24	static,ignoring_inline_asm
../os/kernel/src/gos_task.c:994:25:gos_taskYield	16	static
../os/kernel/src/gos_task.c:1011:14:gos_taskGetName	24	static
../os/kernel/src/gos_task.c:1042:14:gos_taskGetId	24	static
../os/kernel/src/gos_task.c:1073:25:gos_taskGetCurrentId	24	static,ignoring_inline_asm
../os/kernel/src/gos_task.c:1101:14:gos_taskGetData	24	static,ignoring_inline_asm
../os/kernel/src/gos_task.c:1134:14:gos_taskGetDataByIndex	24	static,ignoring_inline_asm
../os/kernel/src/gos_task.c:1165:14:gos_taskRegisterIdleHook	24	static
../os/kernel/src/gos_task.c:1191:14:gos_taskSubscribeDeleteSignal	24	static
../os/kernel/src/gos_task.c:1235:25:gos_taskCheckDescriptor	24	static
../os/kernel/src/gos_task.c:1270:8:gos_idleTask	16	static
