../os/kernel/src/gos_kernel.c:288:14:gos_kernelInit	16	static
../os/kernel/src/gos_kernel.c:349:14:gos_kernelStart	16	static,ignoring_inline_asm
../os/kernel/src/gos_kernel.c:387:14:gos_kernelRegisterSwapHook	24	static
../os/kernel/src/gos_kernel.c:413:14:gos_kernelRegisterSysTickHook	24	static
../os/kernel/src/gos_kernel.c:439:14:gos_kernelRegisterPrivilegedHook	24	static
../os/kernel/src/gos_kernel.c:465:14:gos_kernelSubscribeDumpReadySignal	24	static
../os/kernel/src/gos_kernel.c:491:8:SysTick_Handler	16	static,ignoring_inline_asm
../os/kernel/src/gos_kernel.c:534:7:gos_kernelGetSysTicks	4	static
../os/kernel/src/gos_kernel.c:545:7:gos_kernelGetCpuUsage	4	static
../os/kernel/src/gos_kernel.c:556:8:gos_kernelReset	16	static,ignoring_inline_asm
../os/kernel/src/gos_kernel.c:568:8:gos_kernelPrivilegedModeSetRequired	16	static,ignoring_inline_asm
../os/kernel/src/gos_kernel.c:581:19:gos_kernelDelayUs	24	static
../os/kernel/src/gos_kernel.c:603:19:gos_kernelDelayMs	24	static
../os/kernel/src/gos_kernel.c:619:19:gos_kernelCalculateTaskCpuUsages	40	static
../os/kernel/src/gos_kernel.c:721:8:gos_kernelDump	184	static
../os/kernel/src/gos_kernel.c:833:14:gos_kernelSetMaxCpuLoad	24	static
../os/kernel/src/gos_kernel.c:859:14:gos_kernelGetMaxCpuLoad	24	static
../os/kernel/src/gos_kernel.c:885:8:gos_kernelIsCallerIsr	4	static
../os/kernel/src/gos_kernel.c:896:8:SVC_Handler	0	static,ignoring_inline_asm
../os/kernel/src/gos_kernel.c:907:8:gos_kernelSVC_HandlerMain	24	static
../os/kernel/src/gos_kernel.c:918:8:PendSV_Handler	0	static,ignoring_inline_asm
../os/kernel/src/gos_kernel.c:944:19:gos_kernelReschedule	16	static,ignoring_inline_asm
../os/kernel/src/gos_kernel.c:962:19:gos_kernelCheckTaskStack	32	static,ignoring_inline_asm
../os/kernel/src/gos_kernel.c:1008:29:gos_kernelGetCurrentPsp	4	static
../os/kernel/src/gos_kernel.c:1024:30:gos_kernelSaveCurrentPsp	16	static
../os/kernel/src/gos_kernel.c:1043:30:gos_kernelSelectNextTask	32	static
../os/kernel/src/gos_kernel.c:1168:20:gos_kernelGetTaskStateString	16	static
../os/kernel/src/gos_kernel.c:1208:19:gos_kernelProcessorReset	4	static,ignoring_inline_asm
../os/kernel/src/gos_kernel.c:1229:8:NMI_Handler	4	static,ignoring_inline_asm
../os/kernel/src/gos_kernel.c:1243:8:HardFault_Handler	4	static,ignoring_inline_asm
../os/kernel/src/gos_kernel.c:1258:8:MemManage_Handler	4	static,ignoring_inline_asm
../os/kernel/src/gos_kernel.c:1272:8:BusFault_Handler	4	static,ignoring_inline_asm
../os/kernel/src/gos_kernel.c:1286:8:UsageFault_Handler	4	static,ignoring_inline_asm
