Archive member included to satisfy reference by file (symbol)

C:\Users\Gabor\STM32CubeIDE\workspace_1.5.1\GOS2022\Debug\libGOS2022.a(gos_driver.o)
                              ./Core/Src/app.o (gos_driverInit)
C:\Users\Gabor\STM32CubeIDE\workspace_1.5.1\GOS2022\Debug\libGOS2022.a(gos_kernel.o)
                              ./Core/driver/src/gpio_driver.o (schedDisableCntr)
C:\Users\Gabor\STM32CubeIDE\workspace_1.5.1\GOS2022\Debug\libGOS2022.a(gos.o)
                              C:/ST/STM32CubeIDE_1.5.1/STM32CubeIDE/plugins/com.st.stm32cube.ide.mcu.externaltools.gnu-tools-for-stm32.11.3.rel1.win32_1.1.0.202305231506/tools/bin/../lib/gcc/arm-none-eabi/11.3.1/../../../../arm-none-eabi/lib/thumb/v7e-m+fp/hard/crt0.o (main)
C:\Users\Gabor\STM32CubeIDE\workspace_1.5.1\GOS2022\Debug\libGOS2022.a(gos_error.o)
                              C:\Users\Gabor\STM32CubeIDE\workspace_1.5.1\GOS2022\Debug\libGOS2022.a(gos.o) (gos_printStartupLogo)
C:\Users\Gabor\STM32CubeIDE\workspace_1.5.1\GOS2022\Debug\libGOS2022.a(gos_gcp.o)
                              C:\Users\Gabor\STM32CubeIDE\workspace_1.5.1\GOS2022\Debug\libGOS2022.a(gos.o) (gos_gcpInit)
C:\Users\Gabor\STM32CubeIDE\workspace_1.5.1\GOS2022\Debug\libGOS2022.a(gos_message.o)
                              C:\Users\Gabor\STM32CubeIDE\workspace_1.5.1\GOS2022\Debug\libGOS2022.a(gos.o) (gos_messageInit)
C:\Users\Gabor\STM32CubeIDE\workspace_1.5.1\GOS2022\Debug\libGOS2022.a(gos_mutex.o)
                              ./Core/Src/app.o (gos_mutexInit)
C:\Users\Gabor\STM32CubeIDE\workspace_1.5.1\GOS2022\Debug\libGOS2022.a(gos_queue.o)
                              C:\Users\Gabor\STM32CubeIDE\workspace_1.5.1\GOS2022\Debug\libGOS2022.a(gos.o) (gos_queueInit)
C:\Users\Gabor\STM32CubeIDE\workspace_1.5.1\GOS2022\Debug\libGOS2022.a(gos_shell.o)
                              C:\Users\Gabor\STM32CubeIDE\workspace_1.5.1\GOS2022\Debug\libGOS2022.a(gos.o) (gos_shellInit)
C:\Users\Gabor\STM32CubeIDE\workspace_1.5.1\GOS2022\Debug\libGOS2022.a(gos_signal.o)
                              C:\Users\Gabor\STM32CubeIDE\workspace_1.5.1\GOS2022\Debug\libGOS2022.a(gos.o) (gos_signalInit)
C:\Users\Gabor\STM32CubeIDE\workspace_1.5.1\GOS2022\Debug\libGOS2022.a(gos_time.o)
                              C:\Users\Gabor\STM32CubeIDE\workspace_1.5.1\GOS2022\Debug\libGOS2022.a(gos.o) (gos_timeInit)
C:\Users\Gabor\STM32CubeIDE\workspace_1.5.1\GOS2022\Debug\libGOS2022.a(gos_trace.o)
                              C:\Users\Gabor\STM32CubeIDE\workspace_1.5.1\GOS2022\Debug\libGOS2022.a(gos.o) (gos_traceInit)
C:\Users\Gabor\STM32CubeIDE\workspace_1.5.1\GOS2022\Debug\libGOS2022.a(gos_trigger.o)
                              ./Core/Src/app.o (gos_triggerInit)
C:\Users\Gabor\STM32CubeIDE\workspace_1.5.1\GOS2022\Debug\libGOS2022.a(gos_crc_driver.o)
                              C:\Users\Gabor\STM32CubeIDE\workspace_1.5.1\GOS2022\Debug\libGOS2022.a(gos_gcp.o) (gos_crcDriverGetCrc)
C:\Users\Gabor\STM32CubeIDE\workspace_1.5.1\GOS2022\Debug\libGOS2022.a(gos_shell_driver.o)
                              C:\Users\Gabor\STM32CubeIDE\workspace_1.5.1\GOS2022\Debug\libGOS2022.a(gos_shell.o) (gos_shellDriverReceiveChar)
C:\Users\Gabor\STM32CubeIDE\workspace_1.5.1\GOS2022\Debug\libGOS2022.a(gos_timer_driver.o)
                              C:\Users\Gabor\STM32CubeIDE\workspace_1.5.1\GOS2022\Debug\libGOS2022.a(gos_kernel.o) (gos_timerDriverSysTimerGet)
C:\Users\Gabor\STM32CubeIDE\workspace_1.5.1\GOS2022\Debug\libGOS2022.a(gos_trace_driver.o)
                              C:\Users\Gabor\STM32CubeIDE\workspace_1.5.1\GOS2022\Debug\libGOS2022.a(gos_trace.o) (gos_traceDriverTransmitString)
C:/ST/STM32CubeIDE_1.5.1/STM32CubeIDE/plugins/com.st.stm32cube.ide.mcu.externaltools.gnu-tools-for-stm32.11.3.rel1.win32_1.1.0.202305231506/tools/bin/../lib/gcc/arm-none-eabi/11.3.1/../../../../arm-none-eabi/lib/thumb/v7e-m+fp/hard\libc_nano.a(libc_a-exit.o)
                              C:/ST/STM32CubeIDE_1.5.1/STM32CubeIDE/plugins/com.st.stm32cube.ide.mcu.externaltools.gnu-tools-for-stm32.11.3.rel1.win32_1.1.0.202305231506/tools/bin/../lib/gcc/arm-none-eabi/11.3.1/../../../../arm-none-eabi/lib/thumb/v7e-m+fp/hard/crt0.o (exit)
C:/ST/STM32CubeIDE_1.5.1/STM32CubeIDE/plugins/com.st.stm32cube.ide.mcu.externaltools.gnu-tools-for-stm32.11.3.rel1.win32_1.1.0.202305231506/tools/bin/../lib/gcc/arm-none-eabi/11.3.1/../../../../arm-none-eabi/lib/thumb/v7e-m+fp/hard\libc_nano.a(libc_a-strtol.o)
                              C:\Users\Gabor\STM32CubeIDE\workspace_1.5.1\GOS2022\Debug\libGOS2022.a(gos_shell.o) (strtol)
C:/ST/STM32CubeIDE_1.5.1/STM32CubeIDE/plugins/com.st.stm32cube.ide.mcu.externaltools.gnu-tools-for-stm32.11.3.rel1.win32_1.1.0.202305231506/tools/bin/../lib/gcc/arm-none-eabi/11.3.1/../../../../arm-none-eabi/lib/thumb/v7e-m+fp/hard\libc_nano.a(libc_a-ctype_.o)
[...]
Memory Configuration

Name             Origin             Length             Attributes
RAM              0x0000000020000000 0x0000000000020000 xrw
BIOS             0x0000000008070000 0x0000000000010000 xr
APP              0x0000000008000000 0x0000000000070000 xr
*default*        0x0000000000000000 0xffffffffffffffff

Linker script and memory map

LOAD C:/ST/STM32CubeIDE_1.5.1/STM32CubeIDE/plugins/com.st.stm32cube.ide.mcu.externaltools.gnu-tools-for-stm32.11.3.rel1.win32_1.1.0.202305231506/tools/bin/../lib/gcc/arm-none-eabi/11.3.1/thumb/v7e-m+fp/hard/crti.o
LOAD C:/ST/STM32CubeIDE_1.5.1/STM32CubeIDE/plugins/com.st.stm32cube.ide.mcu.externaltools.gnu-tools-for-stm32.11.3.rel1.win32_1.1.0.202305231506/tools/bin/../lib/gcc/arm-none-eabi/11.3.1/thumb/v7e-m+fp/hard/crtbegin.o
LOAD C:/ST/STM32CubeIDE_1.5.1/STM32CubeIDE/plugins/com.st.stm32cube.ide.mcu.externaltools.gnu-tools-for-stm32.11.3.rel1.win32_1.1.0.202305231506/tools/bin/../lib/gcc/arm-none-eabi/11.3.1/../../../../arm-none-eabi/lib/thumb/v7e-m+fp/hard/crt0.o
LOAD ./Core/Src/app.o
LOAD ./Core/Src/syscalls.o
LOAD ./Core/Src/sysmem.o
LOAD ./Core/Src/system_stm32f4xx.o
LOAD ./Core/Startup/startup_stm32f446retx.o
LOAD ./Core/driver/src/driver.o
LOAD ./Core/driver/src/gpio_driver.o
LOAD ./Core/driver/src/iodef.o
LOAD ./Core/driver/src/rcc_driver.o
LOAD ./Core/driver/src/timer_driver.o
LOAD ./Core/driver/src/uart_driver.o
LOAD ./Drivers/STM32F4xx_HAL_Driver/Src/stm32f4xx_hal.o
LOAD ./Drivers/STM32F4xx_HAL_Driver/Src/stm32f4xx_hal_adc.o
LOAD ./Drivers/STM32F4xx_HAL_Driver/Src/stm32f4xx_hal_adc_ex.o
LOAD ./Drivers/STM32F4xx_HAL_Driver/Src/stm32f4xx_hal_cortex.o
LOAD ./Drivers/STM32F4xx_HAL_Driver/Src/stm32f4xx_hal_dac.o
LOAD ./Drivers/STM32F4xx_HAL_Driver/Src/stm32f4xx_hal_dac_ex.o
LOAD ./Drivers/STM32F4xx_HAL_Driver/Src/stm32f4xx_hal_dma.o
LOAD ./Drivers/STM32F4xx_HAL_Driver/Src/stm32f4xx_hal_dma_ex.o
LOAD ./Drivers/STM32F4xx_HAL_Driver/Src/stm32f4xx_hal_exti.o
LOAD ./Drivers/STM32F4xx_HAL_Driver/Src/stm32f4xx_hal_flash.o
LOAD ./Drivers/STM32F4xx_HAL_Driver/Src/stm32f4xx_hal_flash_ex.o
LOAD ./Drivers/STM32F4xx_HAL_Driver/Src/stm32f4xx_hal_flash_ramfunc.o
LOAD ./Drivers/STM32F4xx_HAL_Driver/Src/stm32f4xx_hal_gpio.o
LOAD ./Drivers/STM32F4xx_HAL_Driver/Src/stm32f4xx_hal_i2c.o
LOAD ./Drivers/STM32F4xx_HAL_Driver/Src/stm32f4xx_hal_i2c_ex.o
LOAD ./Drivers/STM32F4xx_HAL_Driver/Src/stm32f4xx_hal_pwr.o
LOAD ./Drivers/STM32F4xx_HAL_Driver/Src/stm32f4xx_hal_pwr_ex.o
LOAD ./Drivers/STM32F4xx_HAL_Driver/Src/stm32f4xx_hal_rcc.o
LOAD ./Drivers/STM32F4xx_HAL_Driver/Src/stm32f4xx_hal_rcc_ex.o
LOAD ./Drivers/STM32F4xx_HAL_Driver/Src/stm32f4xx_hal_spi.o
LOAD ./Drivers/STM32F4xx_HAL_Driver/Src/stm32f4xx_hal_tim.o
LOAD ./Drivers/STM32F4xx_HAL_Driver/Src/stm32f4xx_hal_tim_ex.o
LOAD ./Drivers/STM32F4xx_HAL_Driver/Src/stm32f4xx_hal_uart.o
LOAD C:\Users\Gabor\STM32CubeIDE\workspace_1.5.1\GOS2022\Debug\libGOS2022.a
START GROUP
LOAD C:/ST/STM32CubeIDE_1.5.1/STM32CubeIDE/plugins/com.st.stm32cube.ide.mcu.externaltools.gnu-tools-for-stm32.11.3.rel1.win32_1.1.0.202305231506/tools/bin/../lib/gcc/arm-none-eabi/11.3.1/../../../../arm-none-eabi/lib/thumb/v7e-m+fp/hard\libc_nano.a
LOAD C:/ST/STM32CubeIDE_1.5.1/STM32CubeIDE/plugins/com.st.stm32cube.ide.mcu.externaltools.gnu-tools-for-stm32.11.3.rel1.win32_1.1.0.202305231506/tools/bin/../lib/gcc/arm-none-eabi/11.3.1/../../../../arm-none-eabi/lib/thumb/v7e-m+fp/hard\libm.a
END GROUP
START GROUP
LOAD C:/ST/STM32CubeIDE_1.5.1/STM32CubeIDE/plugins/com.st.stm32cube.ide.mcu.externaltools.gnu-tools-for-stm32.11.3.rel1.win32_1.1.0.202305231506/tools/bin/../lib/gcc/arm-none-eabi/11.3.1/thumb/v7e-m+fp/hard\libgcc.a
LOAD C:/ST/STM32CubeIDE_1.5.1/STM32CubeIDE/plugins/com.st.stm32cube.ide.mcu.externaltools.gnu-tools-for-stm32.11.3.rel1.win32_1.1.0.202305231506/tools/bin/../lib/gcc/arm-none-eabi/11.3.1/../../../../arm-none-eabi/lib/thumb/v7e-m+fp/hard\libc_nano.a
END GROUP
START GROUP
LOAD C:/ST/STM32CubeIDE_1.5.1/STM32CubeIDE/plugins/com.st.stm32cube.ide.mcu.externaltools.gnu-tools-for-stm32.11.3.rel1.win32_1.1.0.202305231506/tools/bin/../lib/gcc/arm-none-eabi/11.3.1/thumb/v7e-m+fp/hard\libgcc.a
LOAD C:/ST/STM32CubeIDE_1.5.1/STM32CubeIDE/plugins/com.st.stm32cube.ide.mcu.externaltools.gnu-tools-for-stm32.11.3.rel1.win32_1.1.0.202305231506/tools/bin/../lib/gcc/arm-none-eabi/11.3.1/../../../../arm-none-eabi/lib/thumb/v7e-m+fp/hard\libc_nano.a
LOAD C:/ST/STM32CubeIDE_1.5.1/STM32CubeIDE/plugins/com.st.stm32cube.ide.mcu.externaltools.gnu-tools-for-stm32.11.3.rel1.win32_1.1.0.202305231506/tools/bin/../lib/gcc/arm-none-eabi/11.3.1/../../../../arm-none-eabi/lib/thumb/v7e-m+fp/hard\libnosys.a
END GROUP
START GROUP
LOAD C:/ST/STM32CubeIDE_1.5.1/STM32CubeIDE/plugins/com.st.stm32cube.ide.mcu.externaltools.gnu-tools-for-stm32.11.3.rel1.win32_1.1.0.202305231506/tools/bin/../lib/gcc/arm-none-eabi/11.3.1/thumb/v7e-m+fp/hard\libgcc.a
LOAD C:/ST/STM32CubeIDE_1.5.1/STM32CubeIDE/plugins/com.st.stm32cube.ide.mcu.externaltools.gnu-tools-for-stm32.11.3.rel1.win32_1.1.0.202305231506/tools/bin/../lib/gcc/arm-none-eabi/11.3.1/../../../../arm-none-eabi/lib/thumb/v7e-m+fp/hard\libc_nano.a
LOAD C:/ST/STM32CubeIDE_1.5.1/STM32CubeIDE/plugins/com.st.stm32cube.ide.mcu.externaltools.gnu-tools-for-stm32.11.3.rel1.win32_1.1.0.202305231506/tools/bin/../lib/gcc/arm-none-eabi/11.3.1/../../../../arm-none-eabi/lib/thumb/v7e-m+fp/hard\libnosys.a
END GROUP
LOAD C:/ST/STM32CubeIDE_1.5.1/STM32CubeIDE/plugins/com.st.stm32cube.ide.mcu.externaltools.gnu-tools-for-stm32.11.3.rel1.win32_1.1.0.202305231506/tools/bin/../lib/gcc/arm-none-eabi/11.3.1/thumb/v7e-m+fp/hard/crtend.o
LOAD C:/ST/STM32CubeIDE_1.5.1/STM32CubeIDE/plugins/com.st.stm32cube.ide.mcu.externaltools.gnu-tools-for-stm32.11.3.rel1.win32_1.1.0.202305231506/tools/bin/../lib/gcc/arm-none-eabi/11.3.1/thumb/v7e-m+fp/hard/crtn.o
                0x0000000020020000                _estack = (ORIGIN (RAM) + LENGTH (RAM))
                0x0000000000000400                _Min_Heap_Size = 0x400
                0x0000000000000400                _Min_Stack_Size = 0x400

.isr_vector     0x0000000008000000      0x1c4
                0x0000000008000000                . = ALIGN (0x4)
 *(.isr_vector)
 .isr_vector    0x0000000008000000      0x1c4 ./Core/Startup/startup_stm32f446retx.o
                0x0000000008000000                g_pfnVectors
                0x00000000080001c4                . = ALIGN (0x4)

.text           0x00000000080001d0     0x8054
                0x00000000080001d0                . = ALIGN (0x4)
 *(.text)
 .text          0x00000000080001d0       0x40 C:/ST/STM32CubeIDE_1.5.1/STM32CubeIDE/plugins/com.st.stm32cube.ide.mcu.externaltools.gnu-tools-for-stm32.11.3.rel1.win32_1.1.0.202305231506/tools/bin/../lib/gcc/arm-none-eabi/11.3.1/thumb/v7e-m+fp/hard/crtbegin.o
 .text          0x0000000008000210       0x14 C:/ST/STM32CubeIDE_1.5.1/STM32CubeIDE/plugins/com.st.stm32cube.ide.mcu.externaltools.gnu-tools-for-stm32.11.3.rel1.win32_1.1.0.202305231506/tools/bin/../lib/gcc/arm-none-eabi/11.3.1/../../../../arm-none-eabi/lib/thumb/v7e-m+fp/hard\libc_nano.a(libc_a-strcmp.o)
                0x0000000008000210                strcmp
 .text          0x0000000008000224       0x10 C:/ST/STM32CubeIDE_1.5.1/STM32CubeIDE/plugins/com.st.stm32cube.ide.mcu.externaltools.gnu-tools-for-stm32.11.3.rel1.win32_1.1.0.202305231506/tools/bin/../lib/gcc/arm-none-eabi/11.3.1/../../../../arm-none-eabi/lib/thumb/v7e-m+fp/hard\libc_nano.a(libc_a-strlen.o)
                0x0000000008000224                strlen
 *fill*         0x0000000008000234        0xc 
 .text          0x0000000008000240       0xa0 C:/ST/STM32CubeIDE_1.5.1/STM32CubeIDE/plugins/com.st.stm32cube.ide.mcu.externaltools.gnu-tools-for-stm32.11.3.rel1.win32_1.1.0.202305231506/tools/bin/../lib/gcc/arm-none-eabi/11.3.1/../../../../arm-none-eabi/lib/thumb/v7e-m+fp/hard\libc_nano.a(libc_a-memchr.o)
                0x0000000008000240                memchr
 .text          0x00000000080002e0       0x30 C:/ST/STM32CubeIDE_1.5.1/STM32CubeIDE/plugins/com.st.stm32cube.ide.mcu.externaltools.gnu-tools-for-stm32.11.3.rel1.win32_1.1.0.202305231506/tools/bin/../lib/gcc/arm-none-eabi/11.3.1/thumb/v7e-m+fp/hard\libgcc.a(_aeabi_uldivmod.o)
                0x00000000080002e0                __aeabi_uldivmod
 .text          0x0000000008000310      0x2c8 C:/ST/STM32CubeIDE_1.5.1/STM32CubeIDE/plugins/com.st.stm32cube.ide.mcu.externaltools.gnu-tools-for-stm32.11.3.rel1.win32_1.1.0.202305231506/tools/bin/../lib/gcc/arm-none-eabi/11.3.1/thumb/v7e-m+fp/hard\libgcc.a(_udivmoddi4.o)
                0x0000000008000310                __udivmoddi4
 .text          0x00000000080005d8        0x4 C:/ST/STM32CubeIDE_1.5.1/STM32CubeIDE/plugins/com.st.stm32cube.ide.mcu.externaltools.gnu-tools-for-stm32.11.3.rel1.win32_1.1.0.202305231506/tools/bin/../lib/gcc/arm-none-eabi/11.3.1/thumb/v7e-m+fp/hard\libgcc.a(_dvmd_tls.o)
                0x00000000080005d8                __aeabi_idiv0
                0x00000000080005d8                __aeabi_ldiv0
 *(.text*)
 .text.APP_LowPriorityTask
                0x00000000080005dc       0x70 ./Core/Src/app.o
 .text.APP_MediumPriorityTask
                0x000000000800064c       0x44 ./Core/Src/app.o
 .text.APP_HighPriorityTask
                0x0000000008000690       0x78 ./Core/Src/app.o
 .text.APP_LifeSignTask
                0x0000000008000708       0x54 ./Core/Src/app.o
 .text.APP_ButtonTask
                0x000000000800075c       0x64 ./Core/Src/app.o
 .text.APP_LedTask
                0x00000000080007c0       0x24 ./Core/Src/app.o
 .text.APP_ButtonPressedInterruptCallback
                0x00000000080007e4       0x1c ./Core/Src/app.o
 .text.gos_platformDriverInit
                0x0000000008000800       0x30 ./Core/Src/app.o
                0x0000000008000800                gos_platformDriverInit
 .text.gos_userApplicationInit
                0x0000000008000830       0xa8 ./Core/Src/app.o
                0x0000000008000830                gos_userApplicationInit
 .text._sbrk    0x00000000080008d8       0x40 ./Core/Src/sysmem.o
                0x00000000080008d8                _sbrk
 .text.SystemInit
                0x0000000008000918       0x1c ./Core/Src/system_stm32f4xx.o
                0x0000000008000918                SystemInit
 .text.Reset_Handler
                0x0000000008000934       0x50 ./Core/Startup/startup_stm32f446retx.o
                0x0000000008000934                Reset_Handler
 .text.Default_Handler
                0x0000000008000984        0x2 ./Core/Startup/startup_stm32f446retx.o
                0x0000000008000984                RTC_Alarm_IRQHandler
                0x0000000008000984                EXTI2_IRQHandler
                0x0000000008000984                TIM8_CC_IRQHandler
                0x0000000008000984                DebugMon_Handler
                0x0000000008000984                FMPI2C1_EV_IRQHandler
                0x0000000008000984                SPI4_IRQHandler
                0x0000000008000984                TIM1_CC_IRQHandler
                0x0000000008000984                DMA2_Stream5_IRQHandler
                0x0000000008000984                DMA1_Stream5_IRQHandler
                0x0000000008000984                PVD_IRQHandler
                0x0000000008000984                SDIO_IRQHandler
                0x0000000008000984                TAMP_STAMP_IRQHandler
                0x0000000008000984                CAN2_RX1_IRQHandler
                0x0000000008000984                EXTI3_IRQHandler
                0x0000000008000984                TIM8_TRG_COM_TIM14_IRQHandler
                0x0000000008000984                TIM1_UP_TIM10_IRQHandler
                0x0000000008000984                TIM8_UP_TIM13_IRQHandler
                0x0000000008000984                I2C3_ER_IRQHandler
                0x0000000008000984                EXTI0_IRQHandler
                0x0000000008000984                I2C2_EV_IRQHandler
                0x0000000008000984                DMA1_Stream2_IRQHandler
                0x0000000008000984                CAN1_RX0_IRQHandler
                0x0000000008000984                FPU_IRQHandler
                0x0000000008000984                OTG_HS_WKUP_IRQHandler
                0x0000000008000984                CAN2_SCE_IRQHandler
                0x0000000008000984                DMA2_Stream2_IRQHandler
                0x0000000008000984                SPI1_IRQHandler
                0x0000000008000984                TIM6_DAC_IRQHandler
                0x0000000008000984                TIM1_BRK_TIM9_IRQHandler
                0x0000000008000984                DCMI_IRQHandler
                0x0000000008000984                CAN2_RX0_IRQHandler
                0x0000000008000984                DMA2_Stream3_IRQHandler
                0x0000000008000984                SAI2_IRQHandler
                0x0000000008000984                USART6_IRQHandler
                0x0000000008000984                USART3_IRQHandler
                0x0000000008000984                CAN1_RX1_IRQHandler
                0x0000000008000984                DMA2_Stream0_IRQHandler
                0x0000000008000984                TIM4_IRQHandler
                0x0000000008000984                QUADSPI_IRQHandler
                0x0000000008000984                I2C1_EV_IRQHandler
                0x0000000008000984                DMA1_Stream1_IRQHandler
                0x0000000008000984                UART4_IRQHandler
                0x0000000008000984                TIM3_IRQHandler
                0x0000000008000984                RCC_IRQHandler
                0x0000000008000984                TIM8_BRK_TIM12_IRQHandler
                0x0000000008000984                Default_Handler
                0x0000000008000984                CEC_IRQHandler
                0x0000000008000984                ADC_IRQHandler
                0x0000000008000984                DMA1_Stream7_IRQHandler
                0x0000000008000984                TIM7_IRQHandler
                0x0000000008000984                CAN2_TX_IRQHandler
                0x0000000008000984                TIM5_IRQHandler
                0x0000000008000984                DMA2_Stream7_IRQHandler
                0x0000000008000984                I2C3_EV_IRQHandler
                0x0000000008000984                EXTI9_5_IRQHandler
                0x0000000008000984                RTC_WKUP_IRQHandler
                0x0000000008000984                SPDIF_RX_IRQHandler
                0x0000000008000984                SPI2_IRQHandler
                0x0000000008000984                OTG_HS_EP1_IN_IRQHandler
                0x0000000008000984                CAN1_TX_IRQHandler
                0x0000000008000984                FMPI2C1_ER_IRQHandler
                0x0000000008000984                EXTI4_IRQHandler
                0x0000000008000984                OTG_HS_EP1_OUT_IRQHandler
                0x0000000008000984                WWDG_IRQHandler
                0x0000000008000984                TIM2_IRQHandler
                0x0000000008000984                OTG_FS_WKUP_IRQHandler
                0x0000000008000984                TIM1_TRG_COM_TIM11_IRQHandler
                0x0000000008000984                OTG_HS_IRQHandler
                0x0000000008000984                EXTI1_IRQHandler
                0x0000000008000984                I2C2_ER_IRQHandler
                0x0000000008000984                DMA2_Stream1_IRQHandler
                0x0000000008000984                CAN1_SCE_IRQHandler
                0x0000000008000984                FLASH_IRQHandler
                0x0000000008000984                DMA2_Stream4_IRQHandler
                0x0000000008000984                USART1_IRQHandler
                0x0000000008000984                OTG_FS_IRQHandler
                0x0000000008000984                SPI3_IRQHandler
                0x0000000008000984                DMA1_Stream4_IRQHandler
                0x0000000008000984                I2C1_ER_IRQHandler
                0x0000000008000984                FMC_IRQHandler
                0x0000000008000984                DMA2_Stream6_IRQHandler
                0x0000000008000984                SAI1_IRQHandler
                0x0000000008000984                DMA1_Stream3_IRQHandler
 .text.sysTickHook
                0x0000000008000986        0x4 ./Core/driver/src/driver.o
 *fill*         0x000000000800098a        0x2 
 .text.driver_init
                0x000000000800098c       0x4c ./Core/driver/src/driver.o
                0x000000000800098c                driver_init
 .text.gpio_driverInit
                0x00000000080009d8       0xb0 ./Core/driver/src/gpio_driver.o
                0x00000000080009d8                gpio_driverInit
 .text.gpio_driverInitPin
                0x0000000008000a88       0x38 ./Core/driver/src/gpio_driver.o
                0x0000000008000a88                gpio_driverInitPin
 .text.gpio_driverRegisterItCallback
                0x0000000008000ac0       0x30 ./Core/driver/src/gpio_driver.o
                0x0000000008000ac0                gpio_driverRegisterItCallback
 .text.gpio_driverTogglePin
                0x0000000008000af0       0x14 ./Core/driver/src/gpio_driver.o
                0x0000000008000af0                gpio_driverTogglePin
 .text.EXTI15_10_IRQHandler
                0x0000000008000b04       0x48 ./Core/driver/src/gpio_driver.o
                0x0000000008000b04                EXTI15_10_IRQHandler
 .text.HAL_GPIO_EXTI_Callback
                0x0000000008000b4c       0x5c ./Core/driver/src/gpio_driver.o
                0x0000000008000b4c                HAL_GPIO_EXTI_Callback
 .text.iodef_get
                0x0000000008000ba8       0x10 ./Core/driver/src/iodef.o
                0x0000000008000ba8                iodef_get
 .text.rcc_driverInit
                0x0000000008000bb8       0xa4 ./Core/driver/src/rcc_driver.o
                0x0000000008000bb8                rcc_driverInit
 .text.timer_driverSystimerInit
                0x0000000008000c5c       0x58 ./Core/driver/src/timer_driver.o
                0x0000000008000c5c                timer_driverSystimerInit
 .text.timer_driverSystimerGet
                0x0000000008000cb4       0x18 ./Core/driver/src/timer_driver.o
                0x0000000008000cb4                timer_driverSystimerGet
 .text.uart_driverInit
                0x0000000008000ccc       0xf8 ./Core/driver/src/uart_driver.o
                0x0000000008000ccc                uart_driverInit
 .text.uart_driverTraceTransmitStringUnsafe
                0x0000000008000dc4       0x44 ./Core/driver/src/uart_driver.o
                0x0000000008000dc4                uart_driverTraceTransmitStringUnsafe
 .text.uart_driverTraceTransmitString
                0x0000000008000e08       0x58 ./Core/driver/src/uart_driver.o
                0x0000000008000e08                uart_driverTraceTransmitString
 .text.uart_driverShellReceiveChar
                0x0000000008000e60       0x54 ./Core/driver/src/uart_driver.o
                0x0000000008000e60                uart_driverShellReceiveChar
 .text.uart_driverShellTransmitString
                0x0000000008000eb4       0x5c ./Core/driver/src/uart_driver.o
                0x0000000008000eb4                uart_driverShellTransmitString
 .text.HAL_UART_MspInit
                0x0000000008000f10       0xc8 ./Core/driver/src/uart_driver.o
                0x0000000008000f10                HAL_UART_MspInit
 .text.USART2_IRQHandler
                0x0000000008000fd8       0x44 ./Core/driver/src/uart_driver.o
                0x0000000008000fd8                USART2_IRQHandler
 .text.UART5_IRQHandler
                0x000000000800101c       0x44 ./Core/driver/src/uart_driver.o
                0x000000000800101c                UART5_IRQHandler
 .text.HAL_UART_TxCpltCallback
                0x0000000008001060       0x2c ./Core/driver/src/uart_driver.o
                0x0000000008001060                HAL_UART_TxCpltCallback
 .text.HAL_UART_RxCpltCallback
                0x000000000800108c       0x18 ./Core/driver/src/uart_driver.o
                0x000000000800108c                HAL_UART_RxCpltCallback
 .text.DMA1_Stream0_IRQHandler
                0x00000000080010a4        0xc ./Core/driver/src/uart_driver.o
                0x00000000080010a4                DMA1_Stream0_IRQHandler
 .text.DMA1_Stream6_IRQHandler
                0x00000000080010b0        0xc ./Core/driver/src/uart_driver.o
                0x00000000080010b0                DMA1_Stream6_IRQHandler
 .text.HAL_MspInit
                0x00000000080010bc        0x2 ./Drivers/STM32F4xx_HAL_Driver/Src/stm32f4xx_hal.o
                0x00000000080010bc                HAL_MspInit
 *fill*         0x00000000080010be        0x2 
 .text.HAL_InitTick
                0x00000000080010c0       0x48 ./Drivers/STM32F4xx_HAL_Driver/Src/stm32f4xx_hal.o
                0x00000000080010c0                HAL_InitTick
 .text.HAL_Init
                0x0000000008001108       0x34 ./Drivers/STM32F4xx_HAL_Driver/Src/stm32f4xx_hal.o
                0x0000000008001108                HAL_Init
 .text.HAL_IncTick
                0x000000000800113c       0x18 ./Drivers/STM32F4xx_HAL_Driver/Src/stm32f4xx_hal.o
                0x000000000800113c                HAL_IncTick
 .text.HAL_GetTick
                0x0000000008001154        0xc ./Drivers/STM32F4xx_HAL_Driver/Src/stm32f4xx_hal.o
                0x0000000008001154                HAL_GetTick
 .text.HAL_NVIC_SetPriorityGrouping
                0x0000000008001160       0x24 ./Drivers/STM32F4xx_HAL_Driver/Src/stm32f4xx_hal_cortex.o
                0x0000000008001160                HAL_NVIC_SetPriorityGrouping
 .text.HAL_NVIC_SetPriority
                0x0000000008001184       0x64 ./Drivers/STM32F4xx_HAL_Driver/Src/stm32f4xx_hal_cortex.o
                0x0000000008001184                HAL_NVIC_SetPriority
 .text.HAL_NVIC_EnableIRQ
                0x00000000080011e8       0x1c ./Drivers/STM32F4xx_HAL_Driver/Src/stm32f4xx_hal_cortex.o
                0x00000000080011e8                HAL_NVIC_EnableIRQ
 .text.HAL_SYSTICK_Config
                0x0000000008001204       0x28 ./Drivers/STM32F4xx_HAL_Driver/Src/stm32f4xx_hal_cortex.o
                0x0000000008001204                HAL_SYSTICK_Config
 .text.DMA_CalcBaseAndBitshift
                0x000000000800122c       0x2c ./Drivers/STM32F4xx_HAL_Driver/Src/stm32f4xx_hal_dma.o
 .text.HAL_DMA_Init
                0x0000000008001258       0xfc ./Drivers/STM32F4xx_HAL_Driver/Src/stm32f4xx_hal_dma.o
                0x0000000008001258                HAL_DMA_Init
 .text.HAL_DMA_Start_IT
                0x0000000008001354       0x74 ./Drivers/STM32F4xx_HAL_Driver/Src/stm32f4xx_hal_dma.o
                0x0000000008001354                HAL_DMA_Start_IT
 .text.HAL_DMA_Abort
                0x00000000080013c8       0x88 ./Drivers/STM32F4xx_HAL_Driver/Src/stm32f4xx_hal_dma.o
                0x00000000080013c8                HAL_DMA_Abort
 .text.HAL_DMA_Abort_IT
                0x0000000008001450       0x24 ./Drivers/STM32F4xx_HAL_Driver/Src/stm32f4xx_hal_dma.o
                0x0000000008001450                HAL_DMA_Abort_IT
 .text.HAL_DMA_IRQHandler
                0x0000000008001474      0x17c ./Drivers/STM32F4xx_HAL_Driver/Src/stm32f4xx_hal_dma.o
                0x0000000008001474                HAL_DMA_IRQHandler
 .text.HAL_DMA_GetError
                0x00000000080015f0        0x4 ./Drivers/STM32F4xx_HAL_Driver/Src/stm32f4xx_hal_dma.o
                0x00000000080015f0                HAL_DMA_GetError
 .text.HAL_GPIO_Init
                0x00000000080015f4      0x1ac ./Drivers/STM32F4xx_HAL_Driver/Src/stm32f4xx_hal_gpio.o
                0x00000000080015f4                HAL_GPIO_Init
 .text.HAL_GPIO_TogglePin
                0x00000000080017a0        0xe ./Drivers/STM32F4xx_HAL_Driver/Src/stm32f4xx_hal_gpio.o
                0x00000000080017a0                HAL_GPIO_TogglePin
 *fill*         0x00000000080017ae        0x2 
 .text.HAL_GPIO_EXTI_IRQHandler
                0x00000000080017b0       0x18 ./Drivers/STM32F4xx_HAL_Driver/Src/stm32f4xx_hal_gpio.o
                0x00000000080017b0                HAL_GPIO_EXTI_IRQHandler
 .text.HAL_RCC_ClockConfig
                0x00000000080017c8      0x134 ./Drivers/STM32F4xx_HAL_Driver/Src/stm32f4xx_hal_rcc.o
                0x00000000080017c8                HAL_RCC_ClockConfig
 .text.HAL_RCC_GetPCLK1Freq
                0x00000000080018fc       0x20 ./Drivers/STM32F4xx_HAL_Driver/Src/stm32f4xx_hal_rcc.o
                0x00000000080018fc                HAL_RCC_GetPCLK1Freq
 .text.HAL_RCC_GetPCLK2Freq
                0x000000000800191c       0x20 ./Drivers/STM32F4xx_HAL_Driver/Src/stm32f4xx_hal_rcc.o
                0x000000000800191c                HAL_RCC_GetPCLK2Freq
 .text.HAL_RCC_GetSysClockFreq
                0x000000000800193c       0x90 ./Drivers/STM32F4xx_HAL_Driver/Src/stm32f4xx_hal_rcc_ex.o
                0x000000000800193c                HAL_RCC_GetSysClockFreq
 .text.HAL_RCC_OscConfig
                0x00000000080019cc      0x338 ./Drivers/STM32F4xx_HAL_Driver/Src/stm32f4xx_hal_rcc_ex.o
                0x00000000080019cc                HAL_RCC_OscConfig
 .text.HAL_TIM_Base_MspInit
                0x0000000008001d04        0x2 ./Drivers/STM32F4xx_HAL_Driver/Src/stm32f4xx_hal_tim.o
                0x0000000008001d04                HAL_TIM_Base_MspInit
 .text.HAL_TIM_Base_Start
                0x0000000008001d06       0x24 ./Drivers/STM32F4xx_HAL_Driver/Src/stm32f4xx_hal_tim.o
                0x0000000008001d06                HAL_TIM_Base_Start
 *fill*         0x0000000008001d2a        0x2 
 .text.TIM_Base_SetConfig
                0x0000000008001d2c       0xcc ./Drivers/STM32F4xx_HAL_Driver/Src/stm32f4xx_hal_tim.o
                0x0000000008001d2c                TIM_Base_SetConfig
 .text.HAL_TIM_Base_Init
                0x0000000008001df8       0x34 ./Drivers/STM32F4xx_HAL_Driver/Src/stm32f4xx_hal_tim.o
                0x0000000008001df8                HAL_TIM_Base_Init
 .text.UART_EndRxTransfer
                0x0000000008001e2c       0x5c ./Drivers/STM32F4xx_HAL_Driver/Src/stm32f4xx_hal_uart.o
 .text.UART_SetConfig
                0x0000000008001e88       0xbc ./Drivers/STM32F4xx_HAL_Driver/Src/stm32f4xx_hal_uart.o
 .text.UART_WaitOnFlagUntilTimeout.constprop.0
                0x0000000008001f44       0x6c ./Drivers/STM32F4xx_HAL_Driver/Src/stm32f4xx_hal_uart.o
 .text.HAL_UART_Init
                0x0000000008001fb0       0x5c ./Drivers/STM32F4xx_HAL_Driver/Src/stm32f4xx_hal_uart.o
                0x0000000008001fb0                HAL_UART_Init
 .text.HAL_UART_Transmit
                0x000000000800200c       0xaa ./Drivers/STM32F4xx_HAL_Driver/Src/stm32f4xx_hal_uart.o
                0x000000000800200c                HAL_UART_Transmit
 .text.HAL_UART_Transmit_IT
                0x00000000080020b6       0x3e ./Drivers/STM32F4xx_HAL_Driver/Src/stm32f4xx_hal_uart.o
                0x00000000080020b6                HAL_UART_Transmit_IT
 .text.HAL_UART_Transmit_DMA
                0x00000000080020f4       0x84 ./Drivers/STM32F4xx_HAL_Driver/Src/stm32f4xx_hal_uart.o
                0x00000000080020f4                HAL_UART_Transmit_DMA
 .text.HAL_UART_Abort
                0x0000000008002178       0xdc ./Drivers/STM32F4xx_HAL_Driver/Src/stm32f4xx_hal_uart.o
                0x0000000008002178                HAL_UART_Abort
 .text.UART_DMATransmitCplt
                0x0000000008002254       0x4c ./Drivers/STM32F4xx_HAL_Driver/Src/stm32f4xx_hal_uart.o
 .text.HAL_UART_TxHalfCpltCallback
                0x00000000080022a0        0x2 ./Drivers/STM32F4xx_HAL_Driver/Src/stm32f4xx_hal_uart.o
                0x00000000080022a0                HAL_UART_TxHalfCpltCallback
 .text.UART_DMATxHalfCplt
                0x00000000080022a2        0xa ./Drivers/STM32F4xx_HAL_Driver/Src/stm32f4xx_hal_uart.o
 .text.HAL_UART_ErrorCallback
                0x00000000080022ac        0x2 ./Drivers/STM32F4xx_HAL_Driver/Src/stm32f4xx_hal_uart.o
                0x00000000080022ac                HAL_UART_ErrorCallback
 .text.UART_DMAError
                0x00000000080022ae       0x5a ./Drivers/STM32F4xx_HAL_Driver/Src/stm32f4xx_hal_uart.o
 .text.UART_DMAAbortOnError
                0x0000000008002308       0x10 ./Drivers/STM32F4xx_HAL_Driver/Src/stm32f4xx_hal_uart.o
 .text.HAL_UARTEx_RxEventCallback
                0x0000000008002318        0x2 ./Drivers/STM32F4xx_HAL_Driver/Src/stm32f4xx_hal_uart.o
                0x0000000008002318                HAL_UARTEx_RxEventCallback
 .text.UART_Receive_IT.isra.0
                0x000000000800231a       0xb4 ./Drivers/STM32F4xx_HAL_Driver/Src/stm32f4xx_hal_uart.o
 *fill*         0x00000000080023ce        0x2 
 .text.HAL_UART_IRQHandler
                0x00000000080023d0      0x28c ./Drivers/STM32F4xx_HAL_Driver/Src/stm32f4xx_hal_uart.o
                0x00000000080023d0                HAL_UART_IRQHandler
 .text.UART_Start_Receive_IT
                0x000000000800265c       0x36 ./Drivers/STM32F4xx_HAL_Driver/Src/stm32f4xx_hal_uart.o
                0x000000000800265c                UART_Start_Receive_IT
 .text.HAL_UART_Receive_IT
                0x0000000008002692       0x30 ./Drivers/STM32F4xx_HAL_Driver/Src/stm32f4xx_hal_uart.o
                0x0000000008002692                HAL_UART_Receive_IT
 *fill*         0x00000000080026c2        0x2 
 .text.gos_driverInit
                0x00000000080026c4       0x30 C:\Users\Gabor\STM32CubeIDE\workspace_1.5.1\GOS2022\Debug\libGOS2022.a(gos_driver.o)
                0x00000000080026c4                gos_driverInit
 .text.gos_kernelInit
                0x00000000080026f4      0x1c8 C:\Users\Gabor\STM32CubeIDE\workspace_1.5.1\GOS2022\Debug\libGOS2022.a(gos_kernel.o)
                0x00000000080026f4                gos_kernelInit
 .text.gos_kernelStart
                0x00000000080028bc       0x7c C:\Users\Gabor\STM32CubeIDE\workspace_1.5.1\GOS2022\Debug\libGOS2022.a(gos_kernel.o)
                0x00000000080028bc                gos_kernelStart
 .text.gos_kernelTaskRegister
                0x0000000008002938      0x318 C:\Users\Gabor\STM32CubeIDE\workspace_1.5.1\GOS2022\Debug\libGOS2022.a(gos_kernel.o)
                0x0000000008002938                gos_kernelTaskRegister
 .text.gos_kernelTaskSleep
                0x0000000008002c50       0xdc C:\Users\Gabor\STM32CubeIDE\workspace_1.5.1\GOS2022\Debug\libGOS2022.a(gos_kernel.o)
                0x0000000008002c50                gos_kernelTaskSleep
 .text.gos_kernelTaskWakeup
                0x0000000008002d2c      0x110 C:\Users\Gabor\STM32CubeIDE\workspace_1.5.1\GOS2022\Debug\libGOS2022.a(gos_kernel.o)
                0x0000000008002d2c                gos_kernelTaskWakeup
 .text.gos_kernelTaskSuspend
                0x0000000008002e3c      0x1b4 C:\Users\Gabor\STM32CubeIDE\workspace_1.5.1\GOS2022\Debug\libGOS2022.a(gos_kernel.o)
                0x0000000008002e3c                gos_kernelTaskSuspend
 .text.gos_kernelTaskResume
                0x0000000008002ff0      0x10c C:\Users\Gabor\STM32CubeIDE\workspace_1.5.1\GOS2022\Debug\libGOS2022.a(gos_kernel.o)
                0x0000000008002ff0                gos_kernelTaskResume
 .text.gos_kernelTaskBlock
                0x00000000080030fc      0x198 C:\Users\Gabor\STM32CubeIDE\workspace_1.5.1\GOS2022\Debug\libGOS2022.a(gos_kernel.o)
                0x00000000080030fc                gos_kernelTaskBlock
 .text.gos_kernelTaskUnblock
                0x0000000008003294      0x154 C:\Users\Gabor\STM32CubeIDE\workspace_1.5.1\GOS2022\Debug\libGOS2022.a(gos_kernel.o)
                0x0000000008003294                gos_kernelTaskUnblock
 .text.gos_kernelTaskDelete
                0x00000000080033e8      0x1e4 C:\Users\Gabor\STM32CubeIDE\workspace_1.5.1\GOS2022\Debug\libGOS2022.a(gos_kernel.o)
                0x00000000080033e8                gos_kernelTaskDelete
 .text.gos_kernelTaskSetPriority
                0x00000000080035cc      0x10c C:\Users\Gabor\STM32CubeIDE\workspace_1.5.1\GOS2022\Debug\libGOS2022.a(gos_kernel.o)
                0x00000000080035cc                gos_kernelTaskSetPriority
 .text.gos_kernelTaskSetOriginalPriority
                0x00000000080036d8      0x10c C:\Users\Gabor\STM32CubeIDE\workspace_1.5.1\GOS2022\Debug\libGOS2022.a(gos_kernel.o)
                0x00000000080036d8                gos_kernelTaskSetOriginalPriority
 .text.gos_kernelTaskGetPriority
                0x00000000080037e4       0x90 C:\Users\Gabor\STM32CubeIDE\workspace_1.5.1\GOS2022\Debug\libGOS2022.a(gos_kernel.o)
                0x00000000080037e4                gos_kernelTaskGetPriority
 .text.gos_kernelTaskGetOriginalPriority
                0x0000000008003874       0x90 C:\Users\Gabor\STM32CubeIDE\workspace_1.5.1\GOS2022\Debug\libGOS2022.a(gos_kernel.o)
                0x0000000008003874                gos_kernelTaskGetOriginalPriority
 .text.gos_kernelTaskAddPrivilege
                0x0000000008003904       0xa0 C:\Users\Gabor\STM32CubeIDE\workspace_1.5.1\GOS2022\Debug\libGOS2022.a(gos_kernel.o)
                0x0000000008003904                gos_kernelTaskAddPrivilege
 .text.gos_kernelTaskRemovePrivilege
                0x00000000080039a4       0xac C:\Users\Gabor\STM32CubeIDE\workspace_1.5.1\GOS2022\Debug\libGOS2022.a(gos_kernel.o)
                0x00000000080039a4                gos_kernelTaskRemovePrivilege
 .text.gos_kernelTaskSetPrivileges
                0x0000000008003a50       0x8c C:\Users\Gabor\STM32CubeIDE\workspace_1.5.1\GOS2022\Debug\libGOS2022.a(gos_kernel.o)
                0x0000000008003a50                gos_kernelTaskSetPrivileges
 .text.gos_kernelTaskGetPrivileges
                0x0000000008003adc       0x90 C:\Users\Gabor\STM32CubeIDE\workspace_1.5.1\GOS2022\Debug\libGOS2022.a(gos_kernel.o)
                0x0000000008003adc                gos_kernelTaskGetPrivileges
 .text.gos_kernelTaskGetId
                0x0000000008003b6c       0x70 C:\Users\Gabor\STM32CubeIDE\workspace_1.5.1\GOS2022\Debug\libGOS2022.a(gos_kernel.o)
                0x0000000008003b6c                gos_kernelTaskGetId
 .text.gos_kernelTaskGetCurrentId
                0x0000000008003bdc       0x68 C:\Users\Gabor\STM32CubeIDE\workspace_1.5.1\GOS2022\Debug\libGOS2022.a(gos_kernel.o)
                0x0000000008003bdc                gos_kernelTaskGetCurrentId
 .text.gos_kernelTaskGetData
                0x0000000008003c44       0x8c C:\Users\Gabor\STM32CubeIDE\workspace_1.5.1\GOS2022\Debug\libGOS2022.a(gos_kernel.o)
                0x0000000008003c44                gos_kernelTaskGetData
 .text.gos_kernelRegisterSysTickHook
                0x0000000008003cd0       0x38 C:\Users\Gabor\STM32CubeIDE\workspace_1.5.1\GOS2022\Debug\libGOS2022.a(gos_kernel.o)
                0x0000000008003cd0                gos_kernelRegisterSysTickHook
 .text.SysTick_Handler
                0x0000000008003d08       0x60 C:\Users\Gabor\STM32CubeIDE\workspace_1.5.1\GOS2022\Debug\libGOS2022.a(gos_kernel.o)
                0x0000000008003d08                SysTick_Handler
 .text.gos_kernelGetSysTicks
                0x0000000008003d68       0x18 C:\Users\Gabor\STM32CubeIDE\workspace_1.5.1\GOS2022\Debug\libGOS2022.a(gos_kernel.o)
                0x0000000008003d68                gos_kernelGetSysTicks
 .text.gos_kernelGetCpuUsage
                0x0000000008003d80       0x20 C:\Users\Gabor\STM32CubeIDE\workspace_1.5.1\GOS2022\Debug\libGOS2022.a(gos_kernel.o)
                0x0000000008003d80                gos_kernelGetCpuUsage
 .text.gos_kernelReset
                0x0000000008003da0       0x3c C:\Users\Gabor\STM32CubeIDE\workspace_1.5.1\GOS2022\Debug\libGOS2022.a(gos_kernel.o)
                0x0000000008003da0                gos_kernelReset
 .text.gos_kernelDelayMs
                0x0000000008003ddc       0x38 C:\Users\Gabor\STM32CubeIDE\workspace_1.5.1\GOS2022\Debug\libGOS2022.a(gos_kernel.o)
                0x0000000008003ddc                gos_kernelDelayMs
 .text.gos_kernelCalculateTaskCpuUsages
                0x0000000008003e14      0x2a4 C:\Users\Gabor\STM32CubeIDE\workspace_1.5.1\GOS2022\Debug\libGOS2022.a(gos_kernel.o)
                0x0000000008003e14                gos_kernelCalculateTaskCpuUsages
 .text.gos_kernelDump
                0x00000000080040b8      0x640 C:\Users\Gabor\STM32CubeIDE\workspace_1.5.1\GOS2022\Debug\libGOS2022.a(gos_kernel.o)
                0x00000000080040b8                gos_kernelDump
 .text.gos_kernelIsCallerIsr
                0x00000000080046f8       0x20 C:\Users\Gabor\STM32CubeIDE\workspace_1.5.1\GOS2022\Debug\libGOS2022.a(gos_kernel.o)
                0x00000000080046f8                gos_kernelIsCallerIsr
 .text.SVC_Handler
                0x0000000008004718       0x2c C:\Users\Gabor\STM32CubeIDE\workspace_1.5.1\GOS2022\Debug\libGOS2022.a(gos_kernel.o)
                0x0000000008004718                SVC_Handler
 .text.gos_kernelSVC_HandlerMain
                0x0000000008004744       0x40 C:\Users\Gabor\STM32CubeIDE\workspace_1.5.1\GOS2022\Debug\libGOS2022.a(gos_kernel.o)
                0x0000000008004744                gos_kernelSVC_HandlerMain
 .text.PendSV_Handler
                0x0000000008004784       0x26 C:\Users\Gabor\STM32CubeIDE\workspace_1.5.1\GOS2022\Debug\libGOS2022.a(gos_kernel.o)
                0x0000000008004784                PendSV_Handler
 *fill*         0x00000000080047aa        0x2 
 .text.gos_kernelCheckTaskStack
                0x00000000080047ac      0x118 C:\Users\Gabor\STM32CubeIDE\workspace_1.5.1\GOS2022\Debug\libGOS2022.a(gos_kernel.o)
 .text.gos_kernelCheckTaskDescriptor
                0x00000000080048c4       0x6c C:\Users\Gabor\STM32CubeIDE\workspace_1.5.1\GOS2022\Debug\libGOS2022.a(gos_kernel.o)
 .text.gos_kernelGetCurrentPsp
                0x0000000008004930       0x28 C:\Users\Gabor\STM32CubeIDE\workspace_1.5.1\GOS2022\Debug\libGOS2022.a(gos_kernel.o)
 .text.gos_kernelSaveCurrentPsp
                0x0000000008004958       0x30 C:\Users\Gabor\STM32CubeIDE\workspace_1.5.1\GOS2022\Debug\libGOS2022.a(gos_kernel.o)
 .text.gos_kernelSelectNextTask
                0x0000000008004988      0x2c0 C:\Users\Gabor\STM32CubeIDE\workspace_1.5.1\GOS2022\Debug\libGOS2022.a(gos_kernel.o)
 .text.gos_kernelIdleTask
                0x0000000008004c48      0x2ec C:\Users\Gabor\STM32CubeIDE\workspace_1.5.1\GOS2022\Debug\libGOS2022.a(gos_kernel.o)
 .text.gos_kernelGetTaskStateString
                0x0000000008004f34       0xa8 C:\Users\Gabor\STM32CubeIDE\workspace_1.5.1\GOS2022\Debug\libGOS2022.a(gos_kernel.o)
 .text.gos_kernelProcessorReset
                0x0000000008004fdc       0x28 C:\Users\Gabor\STM32CubeIDE\workspace_1.5.1\GOS2022\Debug\libGOS2022.a(gos_kernel.o)
 .text.NMI_Handler
                0x0000000008005004        0x8 C:\Users\Gabor\STM32CubeIDE\workspace_1.5.1\GOS2022\Debug\libGOS2022.a(gos_kernel.o)
                0x0000000008005004                NMI_Handler
 .text.HardFault_Handler
                0x000000000800500c        0x8 C:\Users\Gabor\STM32CubeIDE\workspace_1.5.1\GOS2022\Debug\libGOS2022.a(gos_kernel.o)
                0x000000000800500c                HardFault_Handler
 .text.MemManage_Handler
                0x0000000008005014        0x8 C:\Users\Gabor\STM32CubeIDE\workspace_1.5.1\GOS2022\Debug\libGOS2022.a(gos_kernel.o)
                0x0000000008005014                MemManage_Handler
 .text.BusFault_Handler
                0x000000000800501c        0x8 C:\Users\Gabor\STM32CubeIDE\workspace_1.5.1\GOS2022\Debug\libGOS2022.a(gos_kernel.o)
                0x000000000800501c                BusFault_Handler
 .text.UsageFault_Handler
                0x0000000008005024        0x8 C:\Users\Gabor\STM32CubeIDE\workspace_1.5.1\GOS2022\Debug\libGOS2022.a(gos_kernel.o)
                0x0000000008005024                UsageFault_Handler
 .text.main     0x000000000800502c       0x9c C:\Users\Gabor\STM32CubeIDE\workspace_1.5.1\GOS2022\Debug\libGOS2022.a(gos.o)
                0x000000000800502c                main
 .text.gos_Dump
                0x00000000080050c8       0x70 C:\Users\Gabor\STM32CubeIDE\workspace_1.5.1\GOS2022\Debug\libGOS2022.a(gos.o)
                0x00000000080050c8                gos_Dump
 .text.gos_Start
                0x0000000008005138       0x28 C:\Users\Gabor\STM32CubeIDE\workspace_1.5.1\GOS2022\Debug\libGOS2022.a(gos.o)
 .text.gos_systemTask
                0x0000000008005160       0xf0 C:\Users\Gabor\STM32CubeIDE\workspace_1.5.1\GOS2022\Debug\libGOS2022.a(gos.o)
 .text.gos_printStartupLogo
                0x0000000008005250       0x74 C:\Users\Gabor\STM32CubeIDE\workspace_1.5.1\GOS2022\Debug\libGOS2022.a(gos_error.o)
                0x0000000008005250                gos_printStartupLogo
 .text.gos_errorHandler
                0x00000000080052c4      0x108 C:\Users\Gabor\STM32CubeIDE\workspace_1.5.1\GOS2022\Debug\libGOS2022.a(gos_error.o)
                0x00000000080052c4                gos_errorHandler
 .text.gos_errorTraceInit
                0x00000000080053cc       0x34 C:\Users\Gabor\STM32CubeIDE\workspace_1.5.1\GOS2022\Debug\libGOS2022.a(gos_error.o)
                0x00000000080053cc                gos_errorTraceInit
 .text.gos_traceResultToString
                0x0000000008005400       0x38 C:\Users\Gabor\STM32CubeIDE\workspace_1.5.1\GOS2022\Debug\libGOS2022.a(gos_error.o)
 .text.gos_gcpInit
                0x0000000008005438       0x6c C:\Users\Gabor\STM32CubeIDE\workspace_1.5.1\GOS2022\Debug\libGOS2022.a(gos_gcp.o)
                0x0000000008005438                gos_gcpInit
 .text.gos_messageInit
                0x00000000080054a4       0xb8 C:\Users\Gabor\STM32CubeIDE\workspace_1.5.1\GOS2022\Debug\libGOS2022.a(gos_message.o)
                0x00000000080054a4                gos_messageInit
 .text.gos_messageDaemonTask
                0x000000000800555c      0x1e4 C:\Users\Gabor\STM32CubeIDE\workspace_1.5.1\GOS2022\Debug\libGOS2022.a(gos_message.o)
 .text.gos_mutexInit
                0x0000000008005740       0x32 C:\Users\Gabor\STM32CubeIDE\workspace_1.5.1\GOS2022\Debug\libGOS2022.a(gos_mutex.o)
                0x0000000008005740                gos_mutexInit
 *fill*         0x0000000008005772        0x2 
 .text.gos_mutexLock
                0x0000000008005774      0x150 C:\Users\Gabor\STM32CubeIDE\workspace_1.5.1\GOS2022\Debug\libGOS2022.a(gos_mutex.o)
                0x0000000008005774                gos_mutexLock
 .text.gos_mutexUnlock
                0x00000000080058c4       0xec C:\Users\Gabor\STM32CubeIDE\workspace_1.5.1\GOS2022\Debug\libGOS2022.a(gos_mutex.o)
                0x00000000080058c4                gos_mutexUnlock
 .text.gos_queueInit
                0x00000000080059b0       0xb4 C:\Users\Gabor\STM32CubeIDE\workspace_1.5.1\GOS2022\Debug\libGOS2022.a(gos_queue.o)
                0x00000000080059b0                gos_queueInit
 .text.gos_queueCreate
                0x0000000008005a64       0xb8 C:\Users\Gabor\STM32CubeIDE\workspace_1.5.1\GOS2022\Debug\libGOS2022.a(gos_queue.o)
                0x0000000008005a64                gos_queueCreate
 .text.gos_queuePut
                0x0000000008005b1c      0x19c C:\Users\Gabor\STM32CubeIDE\workspace_1.5.1\GOS2022\Debug\libGOS2022.a(gos_queue.o)
                0x0000000008005b1c                gos_queuePut
 .text.gos_queueGet
                0x0000000008005cb8      0x1c4 C:\Users\Gabor\STM32CubeIDE\workspace_1.5.1\GOS2022\Debug\libGOS2022.a(gos_queue.o)
                0x0000000008005cb8                gos_queueGet
 .text.gos_queueDump
                0x0000000008005e7c       0xc8 C:\Users\Gabor\STM32CubeIDE\workspace_1.5.1\GOS2022\Debug\libGOS2022.a(gos_queue.o)
                0x0000000008005e7c                gos_queueDump
 .text.gos_shellInit
                0x0000000008005f44       0x78 C:\Users\Gabor\STM32CubeIDE\workspace_1.5.1\GOS2022\Debug\libGOS2022.a(gos_shell.o)
                0x0000000008005f44                gos_shellInit
 .text.gos_shellRegisterCommand
                0x0000000008005fbc       0xa0 C:\Users\Gabor\STM32CubeIDE\workspace_1.5.1\GOS2022\Debug\libGOS2022.a(gos_shell.o)
                0x0000000008005fbc                gos_shellRegisterCommand
 .text.gos_shellDaemonTask
                0x000000000800605c      0x1f8 C:\Users\Gabor\STM32CubeIDE\workspace_1.5.1\GOS2022\Debug\libGOS2022.a(gos_shell.o)
 .text.gos_shellCommandHandler
                0x0000000008006254      0x404 C:\Users\Gabor\STM32CubeIDE\workspace_1.5.1\GOS2022\Debug\libGOS2022.a(gos_shell.o)
 .text.gos_signalInit
                0x0000000008006658       0x74 C:\Users\Gabor\STM32CubeIDE\workspace_1.5.1\GOS2022\Debug\libGOS2022.a(gos_signal.o)
                0x0000000008006658                gos_signalInit
 .text.gos_signalCreate
                0x00000000080066cc       0x7c C:\Users\Gabor\STM32CubeIDE\workspace_1.5.1\GOS2022\Debug\libGOS2022.a(gos_signal.o)
                0x00000000080066cc                gos_signalCreate
 .text.gos_signalInvoke
                0x0000000008006748       0xd8 C:\Users\Gabor\STM32CubeIDE\workspace_1.5.1\GOS2022\Debug\libGOS2022.a(gos_signal.o)
                0x0000000008006748                gos_signalInvoke
 .text.gos_signalDaemonTask
                0x0000000008006820       0xe4 C:\Users\Gabor\STM32CubeIDE\workspace_1.5.1\GOS2022\Debug\libGOS2022.a(gos_signal.o)
 .text.gos_timeInit
                0x0000000008006904       0x40 C:\Users\Gabor\STM32CubeIDE\workspace_1.5.1\GOS2022\Debug\libGOS2022.a(gos_time.o)
                0x0000000008006904                gos_timeInit
 .text.gos_timeGet
                0x0000000008006944       0x60 C:\Users\Gabor\STM32CubeIDE\workspace_1.5.1\GOS2022\Debug\libGOS2022.a(gos_time.o)
                0x0000000008006944                gos_timeGet
 .text.gos_runTimeGet
                0x00000000080069a4       0x48 C:\Users\Gabor\STM32CubeIDE\workspace_1.5.1\GOS2022\Debug\libGOS2022.a(gos_time.o)
                0x00000000080069a4                gos_runTimeGet
 .text.gos_timeAddSeconds
                0x00000000080069ec      0x198 C:\Users\Gabor\STM32CubeIDE\workspace_1.5.1\GOS2022\Debug\libGOS2022.a(gos_time.o)
                0x00000000080069ec                gos_timeAddSeconds
 .text.gos_runTimeAddMicroseconds
                0x0000000008006b84      0x1b4 C:\Users\Gabor\STM32CubeIDE\workspace_1.5.1\GOS2022\Debug\libGOS2022.a(gos_time.o)
                0x0000000008006b84                gos_runTimeAddMicroseconds
 .text.gos_runTimeAddMilliseconds
                0x0000000008006d38      0x148 C:\Users\Gabor\STM32CubeIDE\workspace_1.5.1\GOS2022\Debug\libGOS2022.a(gos_time.o)
                0x0000000008006d38                gos_runTimeAddMilliseconds
 .text.gos_runTimeAddSeconds
                0x0000000008006e80       0x92 C:\Users\Gabor\STM32CubeIDE\workspace_1.5.1\GOS2022\Debug\libGOS2022.a(gos_time.o)
                0x0000000008006e80                gos_runTimeAddSeconds
 *fill*         0x0000000008006f12        0x2 
 .text.gos_timeDaemonTask
                0x0000000008006f14       0xcc C:\Users\Gabor\STM32CubeIDE\workspace_1.5.1\GOS2022\Debug\libGOS2022.a(gos_time.o)
 .text.gos_traceInit
                0x0000000008006fe0       0x4c C:\Users\Gabor\STM32CubeIDE\workspace_1.5.1\GOS2022\Debug\libGOS2022.a(gos_trace.o)
                0x0000000008006fe0                gos_traceInit
 .text.gos_traceTrace
                0x000000000800702c      0x1e0 C:\Users\Gabor\STM32CubeIDE\workspace_1.5.1\GOS2022\Debug\libGOS2022.a(gos_trace.o)
                0x000000000800702c                gos_traceTrace
 .text.gos_traceTraceFormatted
                0x000000000800720c      0x204 C:\Users\Gabor\STM32CubeIDE\workspace_1.5.1\GOS2022\Debug\libGOS2022.a(gos_trace.o)
                0x000000000800720c                gos_traceTraceFormatted
 .text.gos_traceTraceFormattedUnsafe
                0x0000000008007410       0x64 C:\Users\Gabor\STM32CubeIDE\workspace_1.5.1\GOS2022\Debug\libGOS2022.a(gos_trace.o)
                0x0000000008007410                gos_traceTraceFormattedUnsafe
 .text.gos_traceDaemonTask
                0x0000000008007474       0x54 C:\Users\Gabor\STM32CubeIDE\workspace_1.5.1\GOS2022\Debug\libGOS2022.a(gos_trace.o)
 .text.gos_triggerInit
                0x00000000080074c8       0x2a C:\Users\Gabor\STM32CubeIDE\workspace_1.5.1\GOS2022\Debug\libGOS2022.a(gos_trigger.o)
                0x00000000080074c8                gos_triggerInit
 .text.gos_triggerReset
                0x00000000080074f2       0x40 C:\Users\Gabor\STM32CubeIDE\workspace_1.5.1\GOS2022\Debug\libGOS2022.a(gos_trigger.o)
                0x00000000080074f2                gos_triggerReset
 .text.gos_triggerWait
                0x0000000008007532       0x9a C:\Users\Gabor\STM32CubeIDE\workspace_1.5.1\GOS2022\Debug\libGOS2022.a(gos_trigger.o)
                0x0000000008007532                gos_triggerWait
 .text.gos_triggerIncrement
                0x00000000080075cc       0x88 C:\Users\Gabor\STM32CubeIDE\workspace_1.5.1\GOS2022\Debug\libGOS2022.a(gos_trigger.o)
                0x00000000080075cc                gos_triggerIncrement
 .text.gos_shellDriverReceiveChar
                0x0000000008007654       0x30 C:\Users\Gabor\STM32CubeIDE\workspace_1.5.1\GOS2022\Debug\libGOS2022.a(gos_shell_driver.o)
                0x0000000008007654                gos_shellDriverReceiveChar
 .text.gos_shellDriverTransmitString
                0x0000000008007684       0x48 C:\Users\Gabor\STM32CubeIDE\workspace_1.5.1\GOS2022\Debug\libGOS2022.a(gos_shell_driver.o)
                0x0000000008007684                gos_shellDriverTransmitString
 .text.gos_timerDriverSysTimerGet
                0x00000000080076cc       0x30 C:\Users\Gabor\STM32CubeIDE\workspace_1.5.1\GOS2022\Debug\libGOS2022.a(gos_timer_driver.o)
                0x00000000080076cc                gos_timerDriverSysTimerGet
 .text.gos_traceDriverTransmitString
                0x00000000080076fc       0x30 C:\Users\Gabor\STM32CubeIDE\workspace_1.5.1\GOS2022\Debug\libGOS2022.a(gos_trace_driver.o)
                0x00000000080076fc                gos_traceDriverTransmitString
 .text.gos_traceDriverTransmitString_Unsafe
                0x000000000800772c       0x30 C:\Users\Gabor\STM32CubeIDE\workspace_1.5.1\GOS2022\Debug\libGOS2022.a(gos_trace_driver.o)
                0x000000000800772c                gos_traceDriverTransmitString_Unsafe
 .text._strtol_l.constprop.0
                0x000000000800775c      0x104 C:/ST/STM32CubeIDE_1.5.1/STM32CubeIDE/plugins/com.st.stm32cube.ide.mcu.externaltools.gnu-tools-for-stm32.11.3.rel1.win32_1.1.0.202305231506/tools/bin/../lib/gcc/arm-none-eabi/11.3.1/../../../../arm-none-eabi/lib/thumb/v7e-m+fp/hard\libc_nano.a(libc_a-strtol.o)
 .text.strtol   0x0000000008007860       0x14 C:/ST/STM32CubeIDE_1.5.1/STM32CubeIDE/plugins/com.st.stm32cube.ide.mcu.externaltools.gnu-tools-for-stm32.11.3.rel1.win32_1.1.0.202305231506/tools/bin/../lib/gcc/arm-none-eabi/11.3.1/../../../../arm-none-eabi/lib/thumb/v7e-m+fp/hard\libc_nano.a(libc_a-strtol.o)
                0x0000000008007860                strtol
 .text.sprintf  0x0000000008007874       0x40 C:/ST/STM32CubeIDE_1.5.1/STM32CubeIDE/plugins/com.st.stm32cube.ide.mcu.externaltools.gnu-tools-for-stm32.11.3.rel1.win32_1.1.0.202305231506/tools/bin/../lib/gcc/arm-none-eabi/11.3.1/../../../../arm-none-eabi/lib/thumb/v7e-m+fp/hard\libc_nano.a(libc_a-sprintf.o)
                0x0000000008007874                siprintf
                0x0000000008007874                sprintf
 .text._vsprintf_r
                0x00000000080078b4       0x2c C:/ST/STM32CubeIDE_1.5.1/STM32CubeIDE/plugins/com.st.stm32cube.ide.mcu.externaltools.gnu-tools-for-stm32.11.3.rel1.win32_1.1.0.202305231506/tools/bin/../lib/gcc/arm-none-eabi/11.3.1/../../../../arm-none-eabi/lib/thumb/v7e-m+fp/hard\libc_nano.a(libc_a-vsprintf.o)
                0x00000000080078b4                _vsprintf_r
                0x00000000080078b4                _vsiprintf_r
 .text.vsprintf
                0x00000000080078e0       0x14 C:/ST/STM32CubeIDE_1.5.1/STM32CubeIDE/plugins/com.st.stm32cube.ide.mcu.externaltools.gnu-tools-for-stm32.11.3.rel1.win32_1.1.0.202305231506/tools/bin/../lib/gcc/arm-none-eabi/11.3.1/../../../../arm-none-eabi/lib/thumb/v7e-m+fp/hard\libc_nano.a(libc_a-vsprintf.o)
                0x00000000080078e0                vsiprintf
                0x00000000080078e0                vsprintf
 .text.memset   0x00000000080078f4       0x10 C:/ST/STM32CubeIDE_1.5.1/STM32CubeIDE/plugins/com.st.stm32cube.ide.mcu.externaltools.gnu-tools-for-stm32.11.3.rel1.win32_1.1.0.202305231506/tools/bin/../lib/gcc/arm-none-eabi/11.3.1/../../../../arm-none-eabi/lib/thumb/v7e-m+fp/hard\libc_nano.a(libc_a-memset.o)
                0x00000000080078f4                memset
 .text.__errno  0x0000000008007904        0xc C:/ST/STM32CubeIDE_1.5.1/STM32CubeIDE/plugins/com.st.stm32cube.ide.mcu.externaltools.gnu-tools-for-stm32.11.3.rel1.win32_1.1.0.202305231506/tools/bin/../lib/gcc/arm-none-eabi/11.3.1/../../../../arm-none-eabi/lib/thumb/v7e-m+fp/hard\libc_nano.a(libc_a-errno.o)
                0x0000000008007904                __errno
 .text.__libc_init_array
                0x0000000008007910       0x48 C:/ST/STM32CubeIDE_1.5.1/STM32CubeIDE/plugins/com.st.stm32cube.ide.mcu.externaltools.gnu-tools-for-stm32.11.3.rel1.win32_1.1.0.202305231506/tools/bin/../lib/gcc/arm-none-eabi/11.3.1/../../../../arm-none-eabi/lib/thumb/v7e-m+fp/hard\libc_nano.a(libc_a-init.o)
                0x0000000008007910                __libc_init_array
 .text.__retarget_lock_acquire_recursive
                0x0000000008007958        0x2 C:/ST/STM32CubeIDE_1.5.1/STM32CubeIDE/plugins/com.st.stm32cube.ide.mcu.externaltools.gnu-tools-for-stm32.11.3.rel1.win32_1.1.0.202305231506/tools/bin/../lib/gcc/arm-none-eabi/11.3.1/../../../../arm-none-eabi/lib/thumb/v7e-m+fp/hard\libc_nano.a(libc_a-lock.o)
                0x0000000008007958                __retarget_lock_acquire_recursive
 .text.__retarget_lock_release_recursive
                0x000000000800795a        0x2 C:/ST/STM32CubeIDE_1.5.1/STM32CubeIDE/plugins/com.st.stm32cube.ide.mcu.externaltools.gnu-tools-for-stm32.11.3.rel1.win32_1.1.0.202305231506/tools/bin/../lib/gcc/arm-none-eabi/11.3.1/../../../../arm-none-eabi/lib/thumb/v7e-m+fp/hard\libc_nano.a(libc_a-lock.o)
                0x000000000800795a                __retarget_lock_release_recursive
 .text.strcpy   0x000000000800795c       0x10 C:/ST/STM32CubeIDE_1.5.1/STM32CubeIDE/plugins/com.st.stm32cube.ide.mcu.externaltools.gnu-tools-for-stm32.11.3.rel1.win32_1.1.0.202305231506/tools/bin/../lib/gcc/arm-none-eabi/11.3.1/../../../../arm-none-eabi/lib/thumb/v7e-m+fp/hard\libc_nano.a(libc_a-strcpy.o)
                0x000000000800795c                strcpy
 .text.memcpy   0x000000000800796c       0x1c C:/ST/STM32CubeIDE_1.5.1/STM32CubeIDE/plugins/com.st.stm32cube.ide.mcu.externaltools.gnu-tools-for-stm32.11.3.rel1.win32_1.1.0.202305231506/tools/bin/../lib/gcc/arm-none-eabi/11.3.1/../../../../arm-none-eabi/lib/thumb/v7e-m+fp/hard\libc_nano.a(libc_a-memcpy-stub.o)
                0x000000000800796c                memcpy
 .text._free_r  0x0000000008007988       0x98 C:/ST/STM32CubeIDE_1.5.1/STM32CubeIDE/plugins/com.st.stm32cube.ide.mcu.externaltools.gnu-tools-for-stm32.11.3.rel1.win32_1.1.0.202305231506/tools/bin/../lib/gcc/arm-none-eabi/11.3.1/../../../../arm-none-eabi/lib/thumb/v7e-m+fp/hard\libc_nano.a(libc_a-freer.o)
                0x0000000008007988                _free_r
 .text.sbrk_aligned
                0x0000000008007a20       0x40 C:/ST/STM32CubeIDE_1.5.1/STM32CubeIDE/plugins/com.st.stm32cube.ide.mcu.externaltools.gnu-tools-for-stm32.11.3.rel1.win32_1.1.0.202305231506/tools/bin/../lib/gcc/arm-none-eabi/11.3.1/../../../../arm-none-eabi/lib/thumb/v7e-m+fp/hard\libc_nano.a(libc_a-mallocr.o)
 .text._malloc_r
                0x0000000008007a60      0x100 C:/ST/STM32CubeIDE_1.5.1/STM32CubeIDE/plugins/com.st.stm32cube.ide.mcu.externaltools.gnu-tools-for-stm32.11.3.rel1.win32_1.1.0.202305231506/tools/bin/../lib/gcc/arm-none-eabi/11.3.1/../../../../arm-none-eabi/lib/thumb/v7e-m+fp/hard\libc_nano.a(libc_a-mallocr.o)
                0x0000000008007a60                _malloc_r
 .text.__malloc_lock
                0x0000000008007b60        0xc C:/ST/STM32CubeIDE_1.5.1/STM32CubeIDE/plugins/com.st.stm32cube.ide.mcu.externaltools.gnu-tools-for-stm32.11.3.rel1.win32_1.1.0.202305231506/tools/bin/../lib/gcc/arm-none-eabi/11.3.1/../../../../arm-none-eabi/lib/thumb/v7e-m+fp/hard\libc_nano.a(libc_a-mlock.o)
                0x0000000008007b60                __malloc_lock
 .text.__malloc_unlock
                0x0000000008007b6c        0xc C:/ST/STM32CubeIDE_1.5.1/STM32CubeIDE/plugins/com.st.stm32cube.ide.mcu.externaltools.gnu-tools-for-stm32.11.3.rel1.win32_1.1.0.202305231506/tools/bin/../lib/gcc/arm-none-eabi/11.3.1/../../../../arm-none-eabi/lib/thumb/v7e-m+fp/hard\libc_nano.a(libc_a-mlock.o)
                0x0000000008007b6c                __malloc_unlock
 .text.__ssputs_r
                0x0000000008007b78       0xb4 C:/ST/STM32CubeIDE_1.5.1/STM32CubeIDE/plugins/com.st.stm32cube.ide.mcu.externaltools.gnu-tools-for-stm32.11.3.rel1.win32_1.1.0.202305231506/tools/bin/../lib/gcc/arm-none-eabi/11.3.1/../../../../arm-none-eabi/lib/thumb/v7e-m+fp/hard\libc_nano.a(libc_a-nano-svfprintf.o)
                0x0000000008007b78                __ssputs_r
 .text._svfprintf_r
                0x0000000008007c2c      0x1fc C:/ST/STM32CubeIDE_1.5.1/STM32CubeIDE/plugins/com.st.stm32cube.ide.mcu.externaltools.gnu-tools-for-stm32.11.3.rel1.win32_1.1.0.202305231506/tools/bin/../lib/gcc/arm-none-eabi/11.3.1/../../../../arm-none-eabi/lib/thumb/v7e-m+fp/hard\libc_nano.a(libc_a-nano-svfprintf.o)
                0x0000000008007c2c                _svfiprintf_r
                0x0000000008007c2c                _svfprintf_r
 .text._printf_common
                0x0000000008007e28       0xda C:/ST/STM32CubeIDE_1.5.1/STM32CubeIDE/plugins/com.st.stm32cube.ide.mcu.externaltools.gnu-tools-for-stm32.11.3.rel1.win32_1.1.0.202305231506/tools/bin/../lib/gcc/arm-none-eabi/11.3.1/../../../../arm-none-eabi/lib/thumb/v7e-m+fp/hard\libc_nano.a(libc_a-nano-vfprintf_i.o)
                0x0000000008007e28                _printf_common
 *fill*         0x0000000008007f02        0x2 
 .text._printf_i
                0x0000000008007f04      0x244 C:/ST/STM32CubeIDE_1.5.1/STM32CubeIDE/plugins/com.st.stm32cube.ide.mcu.externaltools.gnu-tools-for-stm32.11.3.rel1.win32_1.1.0.202305231506/tools/bin/../lib/gcc/arm-none-eabi/11.3.1/../../../../arm-none-eabi/lib/thumb/v7e-m+fp/hard\libc_nano.a(libc_a-nano-vfprintf_i.o)
                0x0000000008007f04                _printf_i
 .text.memmove  0x0000000008008148       0x34 C:/ST/STM32CubeIDE_1.5.1/STM32CubeIDE/plugins/com.st.stm32cube.ide.mcu.externaltools.gnu-tools-for-stm32.11.3.rel1.win32_1.1.0.202305231506/tools/bin/../lib/gcc/arm-none-eabi/11.3.1/../../../../arm-none-eabi/lib/thumb/v7e-m+fp/hard\libc_nano.a(libc_a-memmove.o)
                0x0000000008008148                memmove
 .text._sbrk_r  0x000000000800817c       0x20 C:/ST/STM32CubeIDE_1.5.1/STM32CubeIDE/plugins/com.st.stm32cube.ide.mcu.externaltools.gnu-tools-for-stm32.11.3.rel1.win32_1.1.0.202305231506/tools/bin/../lib/gcc/arm-none-eabi/11.3.1/../../../../arm-none-eabi/lib/thumb/v7e-m+fp/hard\libc_nano.a(libc_a-sbrkr.o)
                0x000000000800817c                _sbrk_r
 .text._realloc_r
                0x000000000800819c       0x5e C:/ST/STM32CubeIDE_1.5.1/STM32CubeIDE/plugins/com.st.stm32cube.ide.mcu.externaltools.gnu-tools-for-stm32.11.3.rel1.win32_1.1.0.202305231506/tools/bin/../lib/gcc/arm-none-eabi/11.3.1/../../../../arm-none-eabi/lib/thumb/v7e-m+fp/hard\libc_nano.a(libc_a-reallocr.o)
                0x000000000800819c                _realloc_r
 .text._malloc_usable_size_r
                0x00000000080081fa       0x10 C:/ST/STM32CubeIDE_1.5.1/STM32CubeIDE/plugins/com.st.stm32cube.ide.mcu.externaltools.gnu-tools-for-stm32.11.3.rel1.win32_1.1.0.202305231506/tools/bin/../lib/gcc/arm-none-eabi/11.3.1/../../../../arm-none-eabi/lib/thumb/v7e-m+fp/hard\libc_nano.a(libc_a-msizer.o)
                0x00000000080081fa                _malloc_usable_size_r
 *(.glue_7)
 .glue_7        0x000000000800820a        0x0 linker stubs
 *(.glue_7t)
 .glue_7t       0x000000000800820a        0x0 linker stubs
 *(.eh_frame)
 *fill*         0x000000000800820a        0x2 
 .eh_frame      0x000000000800820c        0x0 C:/ST/STM32CubeIDE_1.5.1/STM32CubeIDE/plugins/com.st.stm32cube.ide.mcu.externaltools.gnu-tools-for-stm32.11.3.rel1.win32_1.1.0.202305231506/tools/bin/../lib/gcc/arm-none-eabi/11.3.1/thumb/v7e-m+fp/hard/crtbegin.o
 *(.init)
 .init          0x000000000800820c        0x4 C:/ST/STM32CubeIDE_1.5.1/STM32CubeIDE/plugins/com.st.stm32cube.ide.mcu.externaltools.gnu-tools-for-stm32.11.3.rel1.win32_1.1.0.202305231506/tools/bin/../lib/gcc/arm-none-eabi/11.3.1/thumb/v7e-m+fp/hard/crti.o
                0x000000000800820c                _init
 .init          0x0000000008008210        0x8 C:/ST/STM32CubeIDE_1.5.1/STM32CubeIDE/plugins/com.st.stm32cube.ide.mcu.externaltools.gnu-tools-for-stm32.11.3.rel1.win32_1.1.0.202305231506/tools/bin/../lib/gcc/arm-none-eabi/11.3.1/thumb/v7e-m+fp/hard/crtn.o
 *(.fini)
 .fini          0x0000000008008218        0x4 C:/ST/STM32CubeIDE_1.5.1/STM32CubeIDE/plugins/com.st.stm32cube.ide.mcu.externaltools.gnu-tools-for-stm32.11.3.rel1.win32_1.1.0.202305231506/tools/bin/../lib/gcc/arm-none-eabi/11.3.1/thumb/v7e-m+fp/hard/crti.o
                0x0000000008008218                _fini
 .fini          0x000000000800821c        0x8 C:/ST/STM32CubeIDE_1.5.1/STM32CubeIDE/plugins/com.st.stm32cube.ide.mcu.externaltools.gnu-tools-for-stm32.11.3.rel1.win32_1.1.0.202305231506/tools/bin/../lib/gcc/arm-none-eabi/11.3.1/thumb/v7e-m+fp/hard/crtn.o
                0x0000000008008224                . = ALIGN (0x4)
                0x0000000008008224                _etext = .

.vfp11_veneer   0x0000000008008224        0x0
 .vfp11_veneer  0x0000000008008224        0x0 linker stubs

.v4_bx          0x0000000008008224        0x0
 .v4_bx         0x0000000008008224        0x0 linker stubs

.iplt           0x0000000008008224        0x0
 .iplt          0x0000000008008224        0x0 C:/ST/STM32CubeIDE_1.5.1/STM32CubeIDE/plugins/com.st.stm32cube.ide.mcu.externaltools.gnu-tools-for-stm32.11.3.rel1.win32_1.1.0.202305231506/tools/bin/../lib/gcc/arm-none-eabi/11.3.1/thumb/v7e-m+fp/hard/crtbegin.o

.rodata         0x0000000008008224     0x14c0
                0x0000000008008224                . = ALIGN (0x4)
 *(.rodata)
 .rodata        0x0000000008008224      0x569 C:\Users\Gabor\STM32CubeIDE\workspace_1.5.1\GOS2022\Debug\libGOS2022.a(gos_kernel.o)
 *fill*         0x000000000800878d        0x3 
 .rodata        0x0000000008008790       0xea C:\Users\Gabor\STM32CubeIDE\workspace_1.5.1\GOS2022\Debug\libGOS2022.a(gos.o)
 *fill*         0x000000000800887a        0x2 
 .rodata        0x000000000800887c      0x50d C:\Users\Gabor\STM32CubeIDE\workspace_1.5.1\GOS2022\Debug\libGOS2022.a(gos_error.o)
 *fill*         0x0000000008008d89        0x3 
 .rodata        0x0000000008008d8c       0xd5 C:\Users\Gabor\STM32CubeIDE\workspace_1.5.1\GOS2022\Debug\libGOS2022.a(gos_queue.o)
 *fill*         0x0000000008008e61        0x3 
 .rodata        0x0000000008008e64      0x31d C:\Users\Gabor\STM32CubeIDE\workspace_1.5.1\GOS2022\Debug\libGOS2022.a(gos_shell.o)
 *fill*         0x0000000008009181        0x3 
 .rodata        0x0000000008009184       0x29 C:\Users\Gabor\STM32CubeIDE\workspace_1.5.1\GOS2022\Debug\libGOS2022.a(gos_signal.o)
 *fill*         0x00000000080091ad        0x3 
 .rodata        0x00000000080091b0       0x2a C:\Users\Gabor\STM32CubeIDE\workspace_1.5.1\GOS2022\Debug\libGOS2022.a(gos_trace.o)
 *(.rodata*)
 .rodata.APP_LowPriorityTask.str1.1
                0x00000000080091da       0x8e ./Core/Src/app.o
 .rodata.APP_MediumPriorityTask.str1.1
                0x0000000008009268       0x5e ./Core/Src/app.o
 .rodata.APP_HighPriorityTask.str1.1
                0x00000000080092c6       0x96 ./Core/Src/app.o
 .rodata.APP_LifeSignTask.str1.1
                0x000000000800935c       0x2b ./Core/Src/app.o
 .rodata.APP_ButtonTask.str1.1
                0x0000000008009387       0x17 ./Core/Src/app.o
 .rodata.gos_userApplicationInit.str1.1
                0x000000000800939e       0x43 ./Core/Src/app.o
 .rodata.__func__.0
                0x00000000080093e1       0x11 ./Core/Src/app.o
 .rodata.__func__.1
                0x00000000080093f2       0x18 ./Core/Src/app.o
 .rodata.AHBPrescTable
                0x000000000800940a       0x10 ./Core/Src/system_stm32f4xx.o
                0x000000000800940a                AHBPrescTable
 .rodata.APBPrescTable
                0x000000000800941a        0x8 ./Core/Src/system_stm32f4xx.o
                0x000000000800941a                APBPrescTable
 *fill*         0x0000000008009422        0x2 
 .rodata.io     0x0000000008009424       0x90 ./Core/driver/src/iodef.o
 .rodata.flagBitshiftOffset.0
                0x00000000080094b4        0x8 ./Drivers/STM32F4xx_HAL_Driver/Src/stm32f4xx_hal_dma.o
 .rodata.__func__.7
                0x00000000080094bc       0x15 C:\Users\Gabor\STM32CubeIDE\workspace_1.5.1\GOS2022\Debug\libGOS2022.a(gos_kernel.o)
 *fill*         0x00000000080094d1        0x3 
 .rodata.__func__.6
                0x00000000080094d4       0x16 C:\Users\Gabor\STM32CubeIDE\workspace_1.5.1\GOS2022\Debug\libGOS2022.a(gos_kernel.o)
 *fill*         0x00000000080094ea        0x2 
 .rodata.__func__.5
                0x00000000080094ec       0x15 C:\Users\Gabor\STM32CubeIDE\workspace_1.5.1\GOS2022\Debug\libGOS2022.a(gos_kernel.o)
 *fill*         0x0000000008009501        0x3 
 .rodata.__func__.4
                0x0000000008009504       0x14 C:\Users\Gabor\STM32CubeIDE\workspace_1.5.1\GOS2022\Debug\libGOS2022.a(gos_kernel.o)
 .rodata.__func__.3
                0x0000000008009518       0x16 C:\Users\Gabor\STM32CubeIDE\workspace_1.5.1\GOS2022\Debug\libGOS2022.a(gos_kernel.o)
 *fill*         0x000000000800952e        0x2 
 .rodata.__func__.2
                0x0000000008009530       0x15 C:\Users\Gabor\STM32CubeIDE\workspace_1.5.1\GOS2022\Debug\libGOS2022.a(gos_kernel.o)
 *fill*         0x0000000008009545        0x3 
 .rodata.__func__.1
                0x0000000008009548       0x1a C:\Users\Gabor\STM32CubeIDE\workspace_1.5.1\GOS2022\Debug\libGOS2022.a(gos_kernel.o)
 *fill*         0x0000000008009562        0x2 
 .rodata.__func__.0
                0x0000000008009564       0x22 C:\Users\Gabor\STM32CubeIDE\workspace_1.5.1\GOS2022\Debug\libGOS2022.a(gos_kernel.o)
 *fill*         0x0000000008009586        0x2 
 .rodata.__func__.2
                0x0000000008009588        0x5 C:\Users\Gabor\STM32CubeIDE\workspace_1.5.1\GOS2022\Debug\libGOS2022.a(gos.o)
 *fill*         0x000000000800958d        0x3 
 .rodata.__func__.0
                0x0000000008009590       0x11 C:\Users\Gabor\STM32CubeIDE\workspace_1.5.1\GOS2022\Debug\libGOS2022.a(gos_signal.o)
 *fill*         0x00000000080095a1        0x3 
 .rodata.dayLookupTable
                0x00000000080095a4        0xc C:\Users\Gabor\STM32CubeIDE\workspace_1.5.1\GOS2022\Debug\libGOS2022.a(gos_time.o)
 .rodata._ctype_
                0x00000000080095b0      0x101 C:/ST/STM32CubeIDE_1.5.1/STM32CubeIDE/plugins/com.st.stm32cube.ide.mcu.externaltools.gnu-tools-for-stm32.11.3.rel1.win32_1.1.0.202305231506/tools/bin/../lib/gcc/arm-none-eabi/11.3.1/../../../../arm-none-eabi/lib/thumb/v7e-m+fp/hard\libc_nano.a(libc_a-ctype_.o)
                0x00000000080095b0                _ctype_
 .rodata._svfprintf_r.str1.1
                0x00000000080096b1       0x11 C:/ST/STM32CubeIDE_1.5.1/STM32CubeIDE/plugins/com.st.stm32cube.ide.mcu.externaltools.gnu-tools-for-stm32.11.3.rel1.win32_1.1.0.202305231506/tools/bin/../lib/gcc/arm-none-eabi/11.3.1/../../../../arm-none-eabi/lib/thumb/v7e-m+fp/hard\libc_nano.a(libc_a-nano-svfprintf.o)
 .rodata._printf_i.str1.1
                0x00000000080096c2       0x22 C:/ST/STM32CubeIDE_1.5.1/STM32CubeIDE/plugins/com.st.stm32cube.ide.mcu.externaltools.gnu-tools-for-stm32.11.3.rel1.win32_1.1.0.202305231506/tools/bin/../lib/gcc/arm-none-eabi/11.3.1/../../../../arm-none-eabi/lib/thumb/v7e-m+fp/hard\libc_nano.a(libc_a-nano-vfprintf_i.o)
                0x00000000080096e4                . = ALIGN (0x4)

.ARM.extab      0x00000000080096e4        0x0
                0x00000000080096e4                . = ALIGN (0x4)
 *(.ARM.extab* .gnu.linkonce.armextab.*)
                0x00000000080096e4                . = ALIGN (0x4)

.ARM            0x00000000080096e4        0x8
                0x00000000080096e4                . = ALIGN (0x4)
                0x00000000080096e4                __exidx_start = .
 *(.ARM.exidx*)
 .ARM.exidx     0x00000000080096e4        0x8 C:/ST/STM32CubeIDE_1.5.1/STM32CubeIDE/plugins/com.st.stm32cube.ide.mcu.externaltools.gnu-tools-for-stm32.11.3.rel1.win32_1.1.0.202305231506/tools/bin/../lib/gcc/arm-none-eabi/11.3.1/thumb/v7e-m+fp/hard\libgcc.a(_udivmoddi4.o)
                0x00000000080096ec                __exidx_end = .
                0x00000000080096ec                . = ALIGN (0x4)

.rel.dyn        0x00000000080096ec        0x0
 .rel.iplt      0x00000000080096ec        0x0 C:/ST/STM32CubeIDE_1.5.1/STM32CubeIDE/plugins/com.st.stm32cube.ide.mcu.externaltools.gnu-tools-for-stm32.11.3.rel1.win32_1.1.0.202305231506/tools/bin/../lib/gcc/arm-none-eabi/11.3.1/thumb/v7e-m+fp/hard/crtbegin.o

.preinit_array  0x00000000080096ec        0x0
                0x00000000080096ec                . = ALIGN (0x4)
                0x00000000080096ec                PROVIDE (__preinit_array_start = .)
 *(.preinit_array*)
                0x00000000080096ec                PROVIDE (__preinit_array_end = .)
                0x00000000080096ec                . = ALIGN (0x4)

.init_array     0x00000000080096ec        0x4
                0x00000000080096ec                . = ALIGN (0x4)
                0x00000000080096ec                PROVIDE (__init_array_start = .)
 *(SORT_BY_NAME(.init_array.*))
 *(.init_array*)
 .init_array    0x00000000080096ec        0x4 C:/ST/STM32CubeIDE_1.5.1/STM32CubeIDE/plugins/com.st.stm32cube.ide.mcu.externaltools.gnu-tools-for-stm32.11.3.rel1.win32_1.1.0.202305231506/tools/bin/../lib/gcc/arm-none-eabi/11.3.1/thumb/v7e-m+fp/hard/crtbegin.o
                0x00000000080096f0                PROVIDE (__init_array_end = .)
                0x00000000080096f0                . = ALIGN (0x4)

.fini_array     0x00000000080096f0        0x4
                0x00000000080096f0                . = ALIGN (0x4)
                [!provide]                        PROVIDE (__fini_array_start = .)
 *(SORT_BY_NAME(.fini_array.*))
 *(.fini_array*)
 .fini_array    0x00000000080096f0        0x4 C:/ST/STM32CubeIDE_1.5.1/STM32CubeIDE/plugins/com.st.stm32cube.ide.mcu.externaltools.gnu-tools-for-stm32.11.3.rel1.win32_1.1.0.202305231506/tools/bin/../lib/gcc/arm-none-eabi/11.3.1/thumb/v7e-m+fp/hard/crtbegin.o
                [!provide]                        PROVIDE (__fini_array_end = .)
                0x00000000080096f4                . = ALIGN (0x4)
                0x00000000080096f4                _sidata = LOADADDR (.data)

.data           0x0000000020000000     0x168c load address 0x00000000080096f4
                0x0000000020000000                . = ALIGN (0x4)
                0x0000000020000000                _sdata = .
 *(.data)
 *(.data*)
 .data.buttonTaskDesc
                0x0000000020000000       0x6e ./Core/Src/app.o
 *fill*         0x000000002000006e        0x2 
 .data.driverFunctions.2
                0x0000000020000070       0x1c ./Core/Src/app.o
 .data.highPrioTaskDesc
                0x000000002000008c       0x6e ./Core/Src/app.o
 .data.ledTaskDesc
                0x00000000200000fa       0x6e ./Core/Src/app.o
 .data.lifeSignTaskDesc
                0x0000000020000168       0x6e ./Core/Src/app.o
 .data.lowPrioTaskDesc
                0x00000000200001d6       0x6e ./Core/Src/app.o
 .data.mediumPrioTaskDesc
                0x0000000020000244       0x6e ./Core/Src/app.o
 *fill*         0x00000000200002b2        0x2 
 .data.SystemCoreClock
                0x00000000200002b4        0x4 ./Core/Src/system_stm32f4xx.o
                0x00000000200002b4                SystemCoreClock
 .data.uwTickFreq
                0x00000000200002b8        0x1 ./Drivers/STM32F4xx_HAL_Driver/Src/stm32f4xx_hal.o
                0x00000000200002b8                uwTickFreq
 *fill*         0x00000000200002b9        0x3 
 .data.uwTickPrio
                0x00000000200002bc        0x4 ./Drivers/STM32F4xx_HAL_Driver/Src/stm32f4xx_hal.o
                0x00000000200002bc                uwTickPrio
 .data.cpuUseLimit
                0x00000000200002c0        0x2 C:\Users\Gabor\STM32CubeIDE\workspace_1.5.1\GOS2022\Debug\libGOS2022.a(gos_kernel.o)
                0x00000000200002c0                cpuUseLimit
 .data.resetRequired
                0x00000000200002c2        0x1 C:\Users\Gabor\STM32CubeIDE\workspace_1.5.1\GOS2022\Debug\libGOS2022.a(gos_kernel.o)
 *fill*         0x00000000200002c3        0x1 
 .data.taskDescriptors
                0x00000000200002c4      0xf78 C:\Users\Gabor\STM32CubeIDE\workspace_1.5.1\GOS2022\Debug\libGOS2022.a(gos_kernel.o)
 .data.initializers
                0x000000002000123c      0x120 C:\Users\Gabor\STM32CubeIDE\workspace_1.5.1\GOS2022\Debug\libGOS2022.a(gos.o)
 .data.systemTaskDesc
                0x000000002000135c       0x6e C:\Users\Gabor\STM32CubeIDE\workspace_1.5.1\GOS2022\Debug\libGOS2022.a(gos.o)
 *fill*         0x00000000200013ca        0x2 
 .data.messageDaemonTaskDesc
                0x00000000200013cc       0x6e C:\Users\Gabor\STM32CubeIDE\workspace_1.5.1\GOS2022\Debug\libGOS2022.a(gos_message.o)
 *fill*         0x000000002000143a        0x2 
 .data.shellDaemonTaskDesc
                0x000000002000143c       0x6e C:\Users\Gabor\STM32CubeIDE\workspace_1.5.1\GOS2022\Debug\libGOS2022.a(gos_shell.o)
 *fill*         0x00000000200014aa        0x2 
 .data.shellCommand
                0x00000000200014ac       0x1c C:\Users\Gabor\STM32CubeIDE\workspace_1.5.1\GOS2022\Debug\libGOS2022.a(gos_shell.o)
 .data.signalDaemonTaskDescriptor
                0x00000000200014c8       0x6e C:\Users\Gabor\STM32CubeIDE\workspace_1.5.1\GOS2022\Debug\libGOS2022.a(gos_signal.o)
 *fill*         0x0000000020001536        0x2 
 .data.systemTime
                0x0000000020001538        0x7 C:\Users\Gabor\STM32CubeIDE\workspace_1.5.1\GOS2022\Debug\libGOS2022.a(gos_time.o)
 *fill*         0x000000002000153f        0x1 
 .data.timeDaemonTaskDesc
                0x0000000020001540       0x6e C:\Users\Gabor\STM32CubeIDE\workspace_1.5.1\GOS2022\Debug\libGOS2022.a(gos_time.o)
 *fill*         0x00000000200015ae        0x2 
 .data.traceQueue
                0x00000000200015b0       0x1a C:\Users\Gabor\STM32CubeIDE\workspace_1.5.1\GOS2022\Debug\libGOS2022.a(gos_trace.o)
 *fill*         0x00000000200015ca        0x2 
 .data.traceDaemonTaskDesc
                0x00000000200015cc       0x6e C:\Users\Gabor\STM32CubeIDE\workspace_1.5.1\GOS2022\Debug\libGOS2022.a(gos_trace.o)
 *fill*         0x000000002000163a        0x2 
 .data._impure_data
                0x000000002000163c       0x4c C:/ST/STM32CubeIDE_1.5.1/STM32CubeIDE/plugins/com.st.stm32cube.ide.mcu.externaltools.gnu-tools-for-stm32.11.3.rel1.win32_1.1.0.202305231506/tools/bin/../lib/gcc/arm-none-eabi/11.3.1/../../../../arm-none-eabi/lib/thumb/v7e-m+fp/hard\libc_nano.a(libc_a-impure.o)
                0x000000002000163c                _impure_data
 .data._impure_ptr
                0x0000000020001688        0x4 C:/ST/STM32CubeIDE_1.5.1/STM32CubeIDE/plugins/com.st.stm32cube.ide.mcu.externaltools.gnu-tools-for-stm32.11.3.rel1.win32_1.1.0.202305231506/tools/bin/../lib/gcc/arm-none-eabi/11.3.1/../../../../arm-none-eabi/lib/thumb/v7e-m+fp/hard\libc_nano.a(libc_a-impure.o)
                0x0000000020001688                _impure_ptr
 *(.RamFunc)
 *(.RamFunc*)
                0x000000002000168c                . = ALIGN (0x4)
                0x000000002000168c                _edata = .

.igot.plt       0x000000002000168c        0x0 load address 0x000000000800ad80
 .igot.plt      0x000000002000168c        0x0 C:/ST/STM32CubeIDE_1.5.1/STM32CubeIDE/plugins/com.st.stm32cube.ide.mcu.externaltools.gnu-tools-for-stm32.11.3.rel1.win32_1.1.0.202305231506/tools/bin/../lib/gcc/arm-none-eabi/11.3.1/thumb/v7e-m+fp/hard/crtbegin.o
                0x000000002000168c                . = ALIGN (0x4)

.bss            0x000000002000168c     0x8bc4 load address 0x000000000800ad80
                0x000000002000168c                _sbss = .
                0x000000002000168c                __bss_start__ = _sbss
 *(.bss)
 .bss           0x000000002000168c       0x1c C:/ST/STM32CubeIDE_1.5.1/STM32CubeIDE/plugins/com.st.stm32cube.ide.mcu.externaltools.gnu-tools-for-stm32.11.3.rel1.win32_1.1.0.202305231506/tools/bin/../lib/gcc/arm-none-eabi/11.3.1/thumb/v7e-m+fp/hard/crtbegin.o
 *(.bss*)
 .bss.buttonBlocked
                0x00000000200016a8        0x1 ./Core/Src/app.o
 *fill*         0x00000000200016a9        0x3 
 .bss.buttonTrigger
                0x00000000200016ac       0x10 ./Core/Src/app.o
 .bss.lifeSignTrigger
                0x00000000200016bc       0x10 ./Core/Src/app.o
 .bss.prioMutex
                0x00000000200016cc        0x4 ./Core/Src/app.o
 .bss.__sbrk_heap_end
                0x00000000200016d0        0x4 ./Core/Src/sysmem.o
 .bss.gpioCallbacks
                0x00000000200016d4       0x40 ./Core/driver/src/gpio_driver.o
 .bss.htim12    0x0000000020001714       0x40 ./Core/driver/src/timer_driver.o
 .bss.hdma_uart5_rx
                0x0000000020001754       0x60 ./Core/driver/src/uart_driver.o
 .bss.hdma_usart2_tx
                0x00000000200017b4       0x60 ./Core/driver/src/uart_driver.o
 .bss.huart2    0x0000000020001814       0x44 ./Core/driver/src/uart_driver.o
 .bss.huart5    0x0000000020001858       0x44 ./Core/driver/src/uart_driver.o
 .bss.uart2TxMutex
                0x000000002000189c        0x4 ./Core/driver/src/uart_driver.o
 .bss.uart2TxReadyTrigger
                0x00000000200018a0       0x10 ./Core/driver/src/uart_driver.o
 .bss.uart5RxMutex
                0x00000000200018b0        0x4 ./Core/driver/src/uart_driver.o
 .bss.uart5RxReadyTrigger
                0x00000000200018b4       0x10 ./Core/driver/src/uart_driver.o
 .bss.uart5TxMutex
                0x00000000200018c4        0x4 ./Core/driver/src/uart_driver.o
 .bss.uart5TxReadyTrigger
                0x00000000200018c8       0x10 ./Core/driver/src/uart_driver.o
 .bss.uwTick    0x00000000200018d8        0x4 ./Drivers/STM32F4xx_HAL_Driver/Src/stm32f4xx_hal.o
                0x00000000200018d8                uwTick
 .bss.driverFunctions
                0x00000000200018dc       0x1c C:\Users\Gabor\STM32CubeIDE\workspace_1.5.1\GOS2022\Debug\libGOS2022.a(gos_driver.o)
                0x00000000200018dc                driverFunctions
 .bss.kernelDumpReadySignal
                0x00000000200018f8        0x1 C:\Users\Gabor\STM32CubeIDE\workspace_1.5.1\GOS2022\Debug\libGOS2022.a(gos_kernel.o)
                0x00000000200018f8                kernelDumpReadySignal
 .bss.kernelTaskDeleteSignal
                0x00000000200018f9        0x1 C:\Users\Gabor\STM32CubeIDE\workspace_1.5.1\GOS2022\Debug\libGOS2022.a(gos_kernel.o)
                0x00000000200018f9                kernelTaskDeleteSignal
 .bss.schedDisableCntr
                0x00000000200018fa        0x1 C:\Users\Gabor\STM32CubeIDE\workspace_1.5.1\GOS2022\Debug\libGOS2022.a(gos_kernel.o)
                0x00000000200018fa                schedDisableCntr
 .bss.inIsr     0x00000000200018fb        0x1 C:\Users\Gabor\STM32CubeIDE\workspace_1.5.1\GOS2022\Debug\libGOS2022.a(gos_kernel.o)
                0x00000000200018fb                inIsr
 .bss.sysTicks  0x00000000200018fc        0x4 C:\Users\Gabor\STM32CubeIDE\workspace_1.5.1\GOS2022\Debug\libGOS2022.a(gos_kernel.o)
 .bss.currentTaskIndex
                0x0000000020001900        0x4 C:\Users\Gabor\STM32CubeIDE\workspace_1.5.1\GOS2022\Debug\libGOS2022.a(gos_kernel.o)
 .bss.sysTimerValue
                0x0000000020001904        0x2 C:\Users\Gabor\STM32CubeIDE\workspace_1.5.1\GOS2022\Debug\libGOS2022.a(gos_kernel.o)
 *fill*         0x0000000020001906        0x2 
 .bss.monitoringTime
                0x0000000020001908        0x8 C:\Users\Gabor\STM32CubeIDE\workspace_1.5.1\GOS2022\Debug\libGOS2022.a(gos_kernel.o)
 .bss.kernelIdleHookFunction
                0x0000000020001910        0x4 C:\Users\Gabor\STM32CubeIDE\workspace_1.5.1\GOS2022\Debug\libGOS2022.a(gos_kernel.o)
 .bss.kernelSwapHookFunction
                0x0000000020001914        0x4 C:\Users\Gabor\STM32CubeIDE\workspace_1.5.1\GOS2022\Debug\libGOS2022.a(gos_kernel.o)
 .bss.kernelSysTickHookFunction
                0x0000000020001918        0x4 C:\Users\Gabor\STM32CubeIDE\workspace_1.5.1\GOS2022\Debug\libGOS2022.a(gos_kernel.o)
 .bss.previousTick
                0x000000002000191c        0x4 C:\Users\Gabor\STM32CubeIDE\workspace_1.5.1\GOS2022\Debug\libGOS2022.a(gos_kernel.o)
 .bss.initError
                0x0000000020001920        0x1 C:\Users\Gabor\STM32CubeIDE\workspace_1.5.1\GOS2022\Debug\libGOS2022.a(gos.o)
 .bss.dumpRequired
                0x0000000020001921        0x1 C:\Users\Gabor\STM32CubeIDE\workspace_1.5.1\GOS2022\Debug\libGOS2022.a(gos.o)
 .bss.systemTaskId
                0x0000000020001922        0x2 C:\Users\Gabor\STM32CubeIDE\workspace_1.5.1\GOS2022\Debug\libGOS2022.a(gos.o)
 .bss.errorBuffer
                0x0000000020001924       0x50 C:\Users\Gabor\STM32CubeIDE\workspace_1.5.1\GOS2022\Debug\libGOS2022.a(gos_error.o)
 .bss.gcpRxMutexes
                0x0000000020001974        0xc C:\Users\Gabor\STM32CubeIDE\workspace_1.5.1\GOS2022\Debug\libGOS2022.a(gos_gcp.o)
 .bss.gcpTxMutexes
                0x0000000020001980        0xc C:\Users\Gabor\STM32CubeIDE\workspace_1.5.1\GOS2022\Debug\libGOS2022.a(gos_gcp.o)
 .bss.messageArray
                0x000000002000198c      0x150 C:\Users\Gabor\STM32CubeIDE\workspace_1.5.1\GOS2022\Debug\libGOS2022.a(gos_message.o)
 .bss.messageWaiterArray
                0x0000000020001adc      0x140 C:\Users\Gabor\STM32CubeIDE\workspace_1.5.1\GOS2022\Debug\libGOS2022.a(gos_message.o)
 .bss.messageDaemonTaskId
                0x0000000020001c1c        0x2 C:\Users\Gabor\STM32CubeIDE\workspace_1.5.1\GOS2022\Debug\libGOS2022.a(gos_message.o)
 .bss.nextMessageIndex
                0x0000000020001c1e        0x1 C:\Users\Gabor\STM32CubeIDE\workspace_1.5.1\GOS2022\Debug\libGOS2022.a(gos_message.o)
 .bss.nextWaiterIndex
                0x0000000020001c1f        0x1 C:\Users\Gabor\STM32CubeIDE\workspace_1.5.1\GOS2022\Debug\libGOS2022.a(gos_message.o)
 .bss.messageMutex
                0x0000000020001c20        0x4 C:\Users\Gabor\STM32CubeIDE\workspace_1.5.1\GOS2022\Debug\libGOS2022.a(gos_message.o)
 .bss.queues    0x0000000020001c24     0x7e10 C:\Users\Gabor\STM32CubeIDE\workspace_1.5.1\GOS2022\Debug\libGOS2022.a(gos_queue.o)
 .bss.readCounters
                0x0000000020009a34        0x4 C:\Users\Gabor\STM32CubeIDE\workspace_1.5.1\GOS2022\Debug\libGOS2022.a(gos_queue.o)
 .bss.writeCounters
                0x0000000020009a38        0x4 C:\Users\Gabor\STM32CubeIDE\workspace_1.5.1\GOS2022\Debug\libGOS2022.a(gos_queue.o)
 .bss.queueMutex
                0x0000000020009a3c        0x4 C:\Users\Gabor\STM32CubeIDE\workspace_1.5.1\GOS2022\Debug\libGOS2022.a(gos_queue.o)
 .bss.queueFullHook
                0x0000000020009a40        0x4 C:\Users\Gabor\STM32CubeIDE\workspace_1.5.1\GOS2022\Debug\libGOS2022.a(gos_queue.o)
 .bss.queueEmptyHook
                0x0000000020009a44        0x4 C:\Users\Gabor\STM32CubeIDE\workspace_1.5.1\GOS2022\Debug\libGOS2022.a(gos_queue.o)
 .bss.shellCommands
                0x0000000020009a48      0x1c0 C:\Users\Gabor\STM32CubeIDE\workspace_1.5.1\GOS2022\Debug\libGOS2022.a(gos_shell.o)
 .bss.shellDaemonTaskId
                0x0000000020009c08        0x2 C:\Users\Gabor\STM32CubeIDE\workspace_1.5.1\GOS2022\Debug\libGOS2022.a(gos_shell.o)
 *fill*         0x0000000020009c0a        0x2 
 .bss.commandBuffer
                0x0000000020009c0c       0xc8 C:\Users\Gabor\STM32CubeIDE\workspace_1.5.1\GOS2022\Debug\libGOS2022.a(gos_shell.o)
 .bss.commandBufferIndex
                0x0000000020009cd4        0x2 C:\Users\Gabor\STM32CubeIDE\workspace_1.5.1\GOS2022\Debug\libGOS2022.a(gos_shell.o)
 .bss.useEcho   0x0000000020009cd6        0x1 C:\Users\Gabor\STM32CubeIDE\workspace_1.5.1\GOS2022\Debug\libGOS2022.a(gos_shell.o)
 *fill*         0x0000000020009cd7        0x1 
 .bss.actualCommand
                0x0000000020009cd8       0x14 C:\Users\Gabor\STM32CubeIDE\workspace_1.5.1\GOS2022\Debug\libGOS2022.a(gos_shell.o)
 .bss.commandParams
                0x0000000020009cec       0x80 C:\Users\Gabor\STM32CubeIDE\workspace_1.5.1\GOS2022\Debug\libGOS2022.a(gos_shell.o)
 .bss.signalArray
                0x0000000020009d6c      0x108 C:\Users\Gabor\STM32CubeIDE\workspace_1.5.1\GOS2022\Debug\libGOS2022.a(gos_signal.o)
 .bss.systemRunTime
                0x0000000020009e74        0x8 C:\Users\Gabor\STM32CubeIDE\workspace_1.5.1\GOS2022\Debug\libGOS2022.a(gos_time.o)
 .bss.timeDaemonTaskId
                0x0000000020009e7c        0x2 C:\Users\Gabor\STM32CubeIDE\workspace_1.5.1\GOS2022\Debug\libGOS2022.a(gos_time.o)
 .bss.timeSignalId
                0x0000000020009e7e        0x1 C:\Users\Gabor\STM32CubeIDE\workspace_1.5.1\GOS2022\Debug\libGOS2022.a(gos_time.o)
                0x0000000020009e7e                timeSignalId
 *fill*         0x0000000020009e7f        0x1 
 .bss.traceLine
                0x0000000020009e80       0xc8 C:\Users\Gabor\STM32CubeIDE\workspace_1.5.1\GOS2022\Debug\libGOS2022.a(gos_trace.o)
 .bss.formattedBuffer
                0x0000000020009f48       0xc8 C:\Users\Gabor\STM32CubeIDE\workspace_1.5.1\GOS2022\Debug\libGOS2022.a(gos_trace.o)
 .bss.timeStampBuffer
                0x000000002000a010       0x2c C:\Users\Gabor\STM32CubeIDE\workspace_1.5.1\GOS2022\Debug\libGOS2022.a(gos_trace.o)
 .bss.traceMutex
                0x000000002000a03c        0x4 C:\Users\Gabor\STM32CubeIDE\workspace_1.5.1\GOS2022\Debug\libGOS2022.a(gos_trace.o)
 .bss.formattedBuffer
                0x000000002000a040       0xc8 C:\Users\Gabor\STM32CubeIDE\workspace_1.5.1\GOS2022\Debug\libGOS2022.a(gos_shell_driver.o)
 .bss.__sf      0x000000002000a108      0x138 C:/ST/STM32CubeIDE_1.5.1/STM32CubeIDE/plugins/com.st.stm32cube.ide.mcu.externaltools.gnu-tools-for-stm32.11.3.rel1.win32_1.1.0.202305231506/tools/bin/../lib/gcc/arm-none-eabi/11.3.1/../../../../arm-none-eabi/lib/thumb/v7e-m+fp/hard\libc_nano.a(libc_a-findfp.o)
                0x000000002000a108                __sf
 .bss.errno     0x000000002000a240        0x4 C:/ST/STM32CubeIDE_1.5.1/STM32CubeIDE/plugins/com.st.stm32cube.ide.mcu.externaltools.gnu-tools-for-stm32.11.3.rel1.win32_1.1.0.202305231506/tools/bin/../lib/gcc/arm-none-eabi/11.3.1/../../../../arm-none-eabi/lib/thumb/v7e-m+fp/hard\libc_nano.a(libc_a-reent.o)
                0x000000002000a240                errno
 .bss.__lock___malloc_recursive_mutex
                0x000000002000a244        0x1 C:/ST/STM32CubeIDE_1.5.1/STM32CubeIDE/plugins/com.st.stm32cube.ide.mcu.externaltools.gnu-tools-for-stm32.11.3.rel1.win32_1.1.0.202305231506/tools/bin/../lib/gcc/arm-none-eabi/11.3.1/../../../../arm-none-eabi/lib/thumb/v7e-m+fp/hard\libc_nano.a(libc_a-lock.o)
                0x000000002000a244                __lock___malloc_recursive_mutex
 *fill*         0x000000002000a245        0x3 
 .bss.__malloc_free_list
                0x000000002000a248        0x4 C:/ST/STM32CubeIDE_1.5.1/STM32CubeIDE/plugins/com.st.stm32cube.ide.mcu.externaltools.gnu-tools-for-stm32.11.3.rel1.win32_1.1.0.202305231506/tools/bin/../lib/gcc/arm-none-eabi/11.3.1/../../../../arm-none-eabi/lib/thumb/v7e-m+fp/hard\libc_nano.a(libc_a-mallocr.o)
                0x000000002000a248                __malloc_free_list
 .bss.__malloc_sbrk_start
                0x000000002000a24c        0x4 C:/ST/STM32CubeIDE_1.5.1/STM32CubeIDE/plugins/com.st.stm32cube.ide.mcu.externaltools.gnu-tools-for-stm32.11.3.rel1.win32_1.1.0.202305231506/tools/bin/../lib/gcc/arm-none-eabi/11.3.1/../../../../arm-none-eabi/lib/thumb/v7e-m+fp/hard\libc_nano.a(libc_a-mallocr.o)
                0x000000002000a24c                __malloc_sbrk_start
 *(COMMON)
                0x000000002000a250                . = ALIGN (0x4)
                0x000000002000a250                _ebss = .
                0x000000002000a250                __bss_end__ = _ebss

._user_heap_stack
                0x000000002000a250      0x800 load address 0x000000000800ad80
                0x000000002000a250                . = ALIGN (0x8)
                [!provide]                        PROVIDE (end = .)
                0x000000002000a250                PROVIDE (_end = .)
                0x000000002000a650                . = (. + _Min_Heap_Size)
 *fill*         0x000000002000a250      0x400 
                0x000000002000aa50                . = (. + _Min_Stack_Size)
 *fill*         0x000000002000a650      0x400 
                0x000000002000aa50                . = ALIGN (0x8)

/DISCARD/
 libc.a(*)
 libm.a(*)
 libgcc.a(*)

.ARM.attributes
                0x0000000000000000       0x30
 *(.ARM.attributes)
 .ARM.attributes
                0x0000000000000000       0x1e C:/ST/STM32CubeIDE_1.5.1/STM32CubeIDE/plugins/com.st.stm32cube.ide.mcu.externaltools.gnu-tools-for-stm32.11.3.rel1.win32_1.1.0.202305231506/tools/bin/../lib/gcc/arm-none-eabi/11.3.1/thumb/v7e-m+fp/hard/crti.o
 .ARM.attributes
                0x000000000000001e       0x34 C:/ST/STM32CubeIDE_1.5.1/STM32CubeIDE/plugins/com.st.stm32cube.ide.mcu.externaltools.gnu-tools-for-stm32.11.3.rel1.win32_1.1.0.202305231506/tools/bin/../lib/gcc/arm-none-eabi/11.3.1/thumb/v7e-m+fp/hard/crtbegin.o
 .ARM.attributes
                0x0000000000000052       0x34 ./Core/Src/app.o
 .ARM.attributes
                0x0000000000000086       0x34 ./Core/Src/sysmem.o
 .ARM.attributes
                0x00000000000000ba       0x34 ./Core/Src/system_stm32f4xx.o
 .ARM.attributes
                0x00000000000000ee       0x21 ./Core/Startup/startup_stm32f446retx.o
 .ARM.attributes
                0x000000000000010f       0x34 ./Core/driver/src/driver.o
 .ARM.attributes
                0x0000000000000143       0x34 ./Core/driver/src/gpio_driver.o
 .ARM.attributes
                0x0000000000000177       0x34 ./Core/driver/src/iodef.o
 .ARM.attributes
                0x00000000000001ab       0x34 ./Core/driver/src/rcc_driver.o
 .ARM.attributes
                0x00000000000001df       0x34 ./Core/driver/src/timer_driver.o
 .ARM.attributes
                0x0000000000000213       0x34 ./Core/driver/src/uart_driver.o
 .ARM.attributes
                0x0000000000000247       0x34 ./Drivers/STM32F4xx_HAL_Driver/Src/stm32f4xx_hal.o
 .ARM.attributes
                0x000000000000027b       0x34 ./Drivers/STM32F4xx_HAL_Driver/Src/stm32f4xx_hal_cortex.o
 .ARM.attributes
                0x00000000000002af       0x34 ./Drivers/STM32F4xx_HAL_Driver/Src/stm32f4xx_hal_dma.o
 .ARM.attributes
                0x00000000000002e3       0x34 ./Drivers/STM32F4xx_HAL_Driver/Src/stm32f4xx_hal_gpio.o
 .ARM.attributes
                0x0000000000000317       0x34 ./Drivers/STM32F4xx_HAL_Driver/Src/stm32f4xx_hal_rcc.o
 .ARM.attributes
                0x000000000000034b       0x34 ./Drivers/STM32F4xx_HAL_Driver/Src/stm32f4xx_hal_rcc_ex.o
 .ARM.attributes
                0x000000000000037f       0x34 ./Drivers/STM32F4xx_HAL_Driver/Src/stm32f4xx_hal_tim.o
 .ARM.attributes
                0x00000000000003b3       0x34 ./Drivers/STM32F4xx_HAL_Driver/Src/stm32f4xx_hal_uart.o
 .ARM.attributes
                0x00000000000003e7       0x34 C:\Users\Gabor\STM32CubeIDE\workspace_1.5.1\GOS2022\Debug\libGOS2022.a(gos_driver.o)
 .ARM.attributes
                0x000000000000041b       0x34 C:\Users\Gabor\STM32CubeIDE\workspace_1.5.1\GOS2022\Debug\libGOS2022.a(gos_kernel.o)
 .ARM.attributes
                0x000000000000044f       0x34 C:\Users\Gabor\STM32CubeIDE\workspace_1.5.1\GOS2022\Debug\libGOS2022.a(gos.o)
 .ARM.attributes
                0x0000000000000483       0x34 C:\Users\Gabor\STM32CubeIDE\workspace_1.5.1\GOS2022\Debug\libGOS2022.a(gos_error.o)
 .ARM.attributes
                0x00000000000004b7       0x34 C:\Users\Gabor\STM32CubeIDE\workspace_1.5.1\GOS2022\Debug\libGOS2022.a(gos_gcp.o)
 .ARM.attributes
                0x00000000000004eb       0x34 C:\Users\Gabor\STM32CubeIDE\workspace_1.5.1\GOS2022\Debug\libGOS2022.a(gos_message.o)
 .ARM.attributes
                0x000000000000051f       0x34 C:\Users\Gabor\STM32CubeIDE\workspace_1.5.1\GOS2022\Debug\libGOS2022.a(gos_mutex.o)
 .ARM.attributes
                0x0000000000000553       0x34 C:\Users\Gabor\STM32CubeIDE\workspace_1.5.1\GOS2022\Debug\libGOS2022.a(gos_queue.o)
 .ARM.attributes
                0x0000000000000587       0x34 C:\Users\Gabor\STM32CubeIDE\workspace_1.5.1\GOS2022\Debug\libGOS2022.a(gos_shell.o)
 .ARM.attributes
                0x00000000000005bb       0x34 C:\Users\Gabor\STM32CubeIDE\workspace_1.5.1\GOS2022\Debug\libGOS2022.a(gos_signal.o)
 .ARM.attributes
                0x00000000000005ef       0x34 C:\Users\Gabor\STM32CubeIDE\workspace_1.5.1\GOS2022\Debug\libGOS2022.a(gos_time.o)
 .ARM.attributes
                0x0000000000000623       0x34 C:\Users\Gabor\STM32CubeIDE\workspace_1.5.1\GOS2022\Debug\libGOS2022.a(gos_trace.o)
 .ARM.attributes
                0x0000000000000657       0x34 C:\Users\Gabor\STM32CubeIDE\workspace_1.5.1\GOS2022\Debug\libGOS2022.a(gos_trigger.o)
 .ARM.attributes
                0x000000000000068b       0x34 C:\Users\Gabor\STM32CubeIDE\workspace_1.5.1\GOS2022\Debug\libGOS2022.a(gos_shell_driver.o)
 .ARM.attributes
                0x00000000000006bf       0x34 C:\Users\Gabor\STM32CubeIDE\workspace_1.5.1\GOS2022\Debug\libGOS2022.a(gos_timer_driver.o)
 .ARM.attributes
                0x00000000000006f3       0x34 C:\Users\Gabor\STM32CubeIDE\workspace_1.5.1\GOS2022\Debug\libGOS2022.a(gos_trace_driver.o)
 .ARM.attributes
                0x0000000000000727       0x34 C:/ST/STM32CubeIDE_1.5.1/STM32CubeIDE/plugins/com.st.stm32cube.ide.mcu.externaltools.gnu-tools-for-stm32.11.3.rel1.win32_1.1.0.202305231506/tools/bin/../lib/gcc/arm-none-eabi/11.3.1/../../../../arm-none-eabi/lib/thumb/v7e-m+fp/hard\libc_nano.a(libc_a-strtol.o)
 .ARM.attributes
                0x000000000000075b       0x34 C:/ST/STM32CubeIDE_1.5.1/STM32CubeIDE/plugins/com.st.stm32cube.ide.mcu.externaltools.gnu-tools-for-stm32.11.3.rel1.win32_1.1.0.202305231506/tools/bin/../lib/gcc/arm-none-eabi/11.3.1/../../../../arm-none-eabi/lib/thumb/v7e-m+fp/hard\libc_nano.a(libc_a-ctype_.o)
 .ARM.attributes
                0x000000000000078f       0x34 C:/ST/STM32CubeIDE_1.5.1/STM32CubeIDE/plugins/com.st.stm32cube.ide.mcu.externaltools.gnu-tools-for-stm32.11.3.rel1.win32_1.1.0.202305231506/tools/bin/../lib/gcc/arm-none-eabi/11.3.1/../../../../arm-none-eabi/lib/thumb/v7e-m+fp/hard\libc_nano.a(libc_a-findfp.o)
 .ARM.attributes