../os/kernel/src/gos_kernel.c:285:14:gos_kernelInit	16	static
../os/kernel/src/gos_kernel.c:346:14:gos_kernelStart	16	static,ignoring_inline_asm
../os/kernel/src/gos_kernel.c:384:14:gos_kernelRegisterSwapHook	24	static
../os/kernel/src/gos_kernel.c:410:14:gos_kernelRegisterSysTickHook	24	static
../os/kernel/src/gos_kernel.c:436:14:gos_kernelRegisterPrivilegedHook	24	static
../os/kernel/src/gos_kernel.c:462:14:gos_kernelSubscribeDumpReadySignal	24	static
../os/kernel/src/gos_kernel.c:488:8:SysTick_Handler	16	static,ignoring_inline_asm
../os/kernel/src/gos_kernel.c:531:7:gos_kernelGetSysTicks	4	static
../os/kernel/src/gos_kernel.c:542:7:gos_kernelGetCpuUsage	4	static
../os/kernel/src/gos_kernel.c:553:8:gos_kernelReset	16	static,ignoring_inline_asm
../os/kernel/src/gos_kernel.c:565:8:gos_kernelPrivilegedModeSetRequired	16	static,ignoring_inline_asm
../os/kernel/src/gos_kernel.c:578:19:gos_kernelDelayUs	24	static
../os/kernel/src/gos_kernel.c:600:19:gos_kernelDelayMs	24	static
../os/kernel/src/gos_kernel.c:616:19:gos_kernelCalculateTaskCpuUsages	40	static
../os/kernel/src/gos_kernel.c:718:8:gos_kernelDump	184	static
../os/kernel/src/gos_kernel.c:830:14:gos_kernelSetMaxCpuLoad	24	static
../os/kernel/src/gos_kernel.c:856:14:gos_kernelGetMaxCpuLoad	24	static
../os/kernel/src/gos_kernel.c:882:8:gos_kernelIsCallerIsr	4	static
../os/kernel/src/gos_kernel.c:893:8:SVC_Handler	0	static,ignoring_inline_asm
../os/kernel/src/gos_kernel.c:904:8:gos_kernelSVC_HandlerMain	24	static
../os/kernel/src/gos_kernel.c:915:8:PendSV_Handler	0	static,ignoring_inline_asm
../os/kernel/src/gos_kernel.c:941:19:gos_kernelReschedule	16	static,ignoring_inline_asm
../os/kernel/src/gos_kernel.c:959:19:gos_kernelCheckTaskStack	32	static,ignoring_inline_asm
../os/kernel/src/gos_kernel.c:1005:29:gos_kernelGetCurrentPsp	4	static
../os/kernel/src/gos_kernel.c:1021:30:gos_kernelSaveCurrentPsp	16	static
../os/kernel/src/gos_kernel.c:1040:30:gos_kernelSelectNextTask	32	static
../os/kernel/src/gos_kernel.c:1165:20:gos_kernelGetTaskStateString	16	static
../os/kernel/src/gos_kernel.c:1205:19:gos_kernelProcessorReset	4	static,ignoring_inline_asm
../os/kernel/src/gos_kernel.c:1226:8:NMI_Handler	4	static,ignoring_inline_asm
../os/kernel/src/gos_kernel.c:1240:8:HardFault_Handler	4	static,ignoring_inline_asm
../os/kernel/src/gos_kernel.c:1255:8:MemManage_Handler	4	static,ignoring_inline_asm
../os/kernel/src/gos_kernel.c:1269:8:BusFault_Handler	4	static,ignoring_inline_asm
../os/kernel/src/gos_kernel.c:1283:8:UsageFault_Handler	4	static,ignoring_inline_asm
