Archive member included to satisfy reference by file (symbol)

C:\Users\Gabor\Documents\GitHub\GOS2022\1_Examples\GOS2022_lib\Debug\libGOS2022_lib.a(drv_dma.o)
                              ./Core/driver/src/driver.o (drv_dmaInit)
C:\Users\Gabor\Documents\GitHub\GOS2022\1_Examples\GOS2022_lib\Debug\libGOS2022_lib.a(drv_gpio.o)
                              ./Core/driver/src/driver.o (drv_gpioInit)
C:\Users\Gabor\Documents\GitHub\GOS2022\1_Examples\GOS2022_lib\Debug\libGOS2022_lib.a(drv_it.o)
                              ./Core/driver/src/driver.o (drv_itInit)
C:\Users\Gabor\Documents\GitHub\GOS2022\1_Examples\GOS2022_lib\Debug\libGOS2022_lib.a(drv_shell.o)
                              ./Core/Src/app_init.o (drv_shellTransmitString)
C:\Users\Gabor\Documents\GitHub\GOS2022\1_Examples\GOS2022_lib\Debug\libGOS2022_lib.a(drv_trace.o)
                              ./Core/Src/app_init.o (drv_traceTransmitUnsafe)
C:\Users\Gabor\Documents\GitHub\GOS2022\1_Examples\GOS2022_lib\Debug\libGOS2022_lib.a(drv_uart.o)
                              ./Core/driver/src/driver.o (drv_uartInit)
C:\Users\Gabor\Documents\GitHub\GOS2022\1_Examples\GOS2022\GOS2022_minimal_example\libGOS2022.a(gos_driver.o)
                              ./Core/Src/app_init.o (gos_driverInit)
C:\Users\Gabor\Documents\GitHub\GOS2022\1_Examples\GOS2022\GOS2022_minimal_example\libGOS2022.a(gos_kernel.o)
                              C:\Users\Gabor\Documents\GitHub\GOS2022\1_Examples\GOS2022_lib\Debug\libGOS2022_lib.a(drv_dma.o) (schedDisableCntr)
C:\Users\Gabor\Documents\GitHub\GOS2022\1_Examples\GOS2022\GOS2022_minimal_example\libGOS2022.a(gos_task.o)
                              C:\Users\Gabor\Documents\GitHub\GOS2022\1_Examples\GOS2022\GOS2022_minimal_example\libGOS2022.a(gos_kernel.o) (taskDescriptors)
C:\Users\Gabor\Documents\GitHub\GOS2022\1_Examples\GOS2022\GOS2022_minimal_example\libGOS2022.a(gos.o)
                              C:/ST/STM32CubeIDE_1.5.1/STM32CubeIDE/plugins/com.st.stm32cube.ide.mcu.externaltools.gnu-tools-for-stm32.11.3.rel1.win32_1.1.100.202309141235/tools/bin/../lib/gcc/arm-none-eabi/11.3.1/../../../../arm-none-eabi/lib/thumb/v7e-m+fp/hard/crt0.o (main)
C:\Users\Gabor\Documents\GitHub\GOS2022\1_Examples\GOS2022\GOS2022_minimal_example\libGOS2022.a(gos_error.o)
                              C:\Users\Gabor\Documents\GitHub\GOS2022\1_Examples\GOS2022\GOS2022_minimal_example\libGOS2022.a(gos.o) (gos_printStartupLogo)
C:\Users\Gabor\Documents\GitHub\GOS2022\1_Examples\GOS2022\GOS2022_minimal_example\libGOS2022.a(gos_gcp.o)
                              C:\Users\Gabor\Documents\GitHub\GOS2022\1_Examples\GOS2022\GOS2022_minimal_example\libGOS2022.a(gos.o) (gos_gcpInit)
C:\Users\Gabor\Documents\GitHub\GOS2022\1_Examples\GOS2022\GOS2022_minimal_example\libGOS2022.a(gos_message.o)
                              C:\Users\Gabor\Documents\GitHub\GOS2022\1_Examples\GOS2022\GOS2022_minimal_example\libGOS2022.a(gos.o) (gos_messageInit)
C:\Users\Gabor\Documents\GitHub\GOS2022\1_Examples\GOS2022\GOS2022_minimal_example\libGOS2022.a(gos_mutex.o)
                              C:\Users\Gabor\Documents\GitHub\GOS2022\1_Examples\GOS2022_lib\Debug\libGOS2022_lib.a(drv_uart.o) (gos_mutexInit)
C:\Users\Gabor\Documents\GitHub\GOS2022\1_Examples\GOS2022\GOS2022_minimal_example\libGOS2022.a(gos_queue.o)
                              C:\Users\Gabor\Documents\GitHub\GOS2022\1_Examples\GOS2022\GOS2022_minimal_example\libGOS2022.a(gos.o) (gos_queueInit)
C:\Users\Gabor\Documents\GitHub\GOS2022\1_Examples\GOS2022\GOS2022_minimal_example\libGOS2022.a(gos_shell.o)
                              C:\Users\Gabor\Documents\GitHub\GOS2022\1_Examples\GOS2022\GOS2022_minimal_example\libGOS2022.a(gos.o) (gos_shellInit)
C:\Users\Gabor\Documents\GitHub\GOS2022\1_Examples\GOS2022\GOS2022_minimal_example\libGOS2022.a(gos_signal.o)
                              C:\Users\Gabor\Documents\GitHub\GOS2022\1_Examples\GOS2022\GOS2022_minimal_example\libGOS2022.a(gos.o) (gos_signalInit)
C:\Users\Gabor\Documents\GitHub\GOS2022\1_Examples\GOS2022\GOS2022_minimal_example\libGOS2022.a(gos_time.o)
                              C:\Users\Gabor\Documents\GitHub\GOS2022\1_Examples\GOS2022\GOS2022_minimal_example\libGOS2022.a(gos.o) (gos_timeInit)
C:\Users\Gabor\Documents\GitHub\GOS2022\1_Examples\GOS2022\GOS2022_minimal_example\libGOS2022.a(gos_trace.o)
                              C:\Users\Gabor\Documents\GitHub\GOS2022\1_Examples\GOS2022\GOS2022_minimal_example\libGOS2022.a(gos.o) (gos_traceInit)
C:\Users\Gabor\Documents\GitHub\GOS2022\1_Examples\GOS2022\GOS2022_minimal_example\libGOS2022.a(gos_trigger.o)
                              ./Core/Src/app_button.o (gos_triggerInit)
C:\Users\Gabor\Documents\GitHub\GOS2022\1_Examples\GOS2022\GOS2022_minimal_example\libGOS2022.a(gos_crc_driver.o)
                              C:\Users\Gabor\Documents\GitHub\GOS2022\1_Examples\GOS2022\GOS2022_minimal_example\libGOS2022.a(gos_gcp.o) (gos_crcDriverGetCrc)
[...]
Memory Configuration

Name             Origin             Length             Attributes
RAM              0x0000000020000000 0x0000000000020000 xrw
APP              0x0000000008000000 0x0000000000060000 xr
*default*        0x0000000000000000 0xffffffffffffffff

Linker script and memory map

LOAD C:/ST/STM32CubeIDE_1.5.1/STM32CubeIDE/plugins/com.st.stm32cube.ide.mcu.externaltools.gnu-tools-for-stm32.11.3.rel1.win32_1.1.100.202309141235/tools/bin/../lib/gcc/arm-none-eabi/11.3.1/thumb/v7e-m+fp/hard/crti.o
LOAD C:/ST/STM32CubeIDE_1.5.1/STM32CubeIDE/plugins/com.st.stm32cube.ide.mcu.externaltools.gnu-tools-for-stm32.11.3.rel1.win32_1.1.100.202309141235/tools/bin/../lib/gcc/arm-none-eabi/11.3.1/thumb/v7e-m+fp/hard/crtbegin.o
LOAD C:/ST/STM32CubeIDE_1.5.1/STM32CubeIDE/plugins/com.st.stm32cube.ide.mcu.externaltools.gnu-tools-for-stm32.11.3.rel1.win32_1.1.100.202309141235/tools/bin/../lib/gcc/arm-none-eabi/11.3.1/../../../../arm-none-eabi/lib/thumb/v7e-m+fp/hard/crt0.o
LOAD ./Core/Src/app_button.o
LOAD ./Core/Src/app_cpu.o
LOAD ./Core/Src/app_init.o
LOAD ./Core/Src/app_led.o
LOAD ./Core/Src/syscalls.o
LOAD ./Core/Src/sysmem.o
LOAD ./Core/Src/system_stm32f4xx.o
LOAD ./Core/Startup/startup_stm32f446retx.o
LOAD ./Core/driver/cfg/dma_cfg.o
LOAD ./Core/driver/cfg/gpio_cfg.o
LOAD ./Core/driver/cfg/it_cfg.o
LOAD ./Core/driver/cfg/uart_cfg.o
LOAD ./Core/driver/src/driver.o
LOAD ./Core/driver/src/rcc_driver.o
LOAD ./Core/driver/src/timer_driver.o
LOAD ./Drivers/STM32F4xx_HAL_Driver/Src/stm32f4xx_hal.o
LOAD ./Drivers/STM32F4xx_HAL_Driver/Src/stm32f4xx_hal_adc.o
LOAD ./Drivers/STM32F4xx_HAL_Driver/Src/stm32f4xx_hal_adc_ex.o
LOAD ./Drivers/STM32F4xx_HAL_Driver/Src/stm32f4xx_hal_cortex.o
LOAD ./Drivers/STM32F4xx_HAL_Driver/Src/stm32f4xx_hal_dac.o
LOAD ./Drivers/STM32F4xx_HAL_Driver/Src/stm32f4xx_hal_dac_ex.o
LOAD ./Drivers/STM32F4xx_HAL_Driver/Src/stm32f4xx_hal_dma.o
LOAD ./Drivers/STM32F4xx_HAL_Driver/Src/stm32f4xx_hal_dma_ex.o
LOAD ./Drivers/STM32F4xx_HAL_Driver/Src/stm32f4xx_hal_exti.o
LOAD ./Drivers/STM32F4xx_HAL_Driver/Src/stm32f4xx_hal_flash.o
LOAD ./Drivers/STM32F4xx_HAL_Driver/Src/stm32f4xx_hal_flash_ex.o
LOAD ./Drivers/STM32F4xx_HAL_Driver/Src/stm32f4xx_hal_flash_ramfunc.o
LOAD ./Drivers/STM32F4xx_HAL_Driver/Src/stm32f4xx_hal_gpio.o
LOAD ./Drivers/STM32F4xx_HAL_Driver/Src/stm32f4xx_hal_i2c.o
LOAD ./Drivers/STM32F4xx_HAL_Driver/Src/stm32f4xx_hal_i2c_ex.o
LOAD ./Drivers/STM32F4xx_HAL_Driver/Src/stm32f4xx_hal_pwr.o
LOAD ./Drivers/STM32F4xx_HAL_Driver/Src/stm32f4xx_hal_pwr_ex.o
LOAD ./Drivers/STM32F4xx_HAL_Driver/Src/stm32f4xx_hal_rcc.o
LOAD ./Drivers/STM32F4xx_HAL_Driver/Src/stm32f4xx_hal_rcc_ex.o
LOAD ./Drivers/STM32F4xx_HAL_Driver/Src/stm32f4xx_hal_spi.o
LOAD ./Drivers/STM32F4xx_HAL_Driver/Src/stm32f4xx_hal_tim.o
LOAD ./Drivers/STM32F4xx_HAL_Driver/Src/stm32f4xx_hal_tim_ex.o
LOAD ./Drivers/STM32F4xx_HAL_Driver/Src/stm32f4xx_hal_uart.o
LOAD C:\Users\Gabor\Documents\GitHub\GOS2022\1_Examples\GOS2022_lib\Debug\libGOS2022_lib.a
LOAD C:\Users\Gabor\Documents\GitHub\GOS2022\1_Examples\GOS2022\GOS2022_minimal_example\libGOS2022.a
START GROUP
LOAD C:/ST/STM32CubeIDE_1.5.1/STM32CubeIDE/plugins/com.st.stm32cube.ide.mcu.externaltools.gnu-tools-for-stm32.11.3.rel1.win32_1.1.100.202309141235/tools/bin/../lib/gcc/arm-none-eabi/11.3.1/../../../../arm-none-eabi/lib/thumb/v7e-m+fp/hard\libc_nano.a
LOAD C:/ST/STM32CubeIDE_1.5.1/STM32CubeIDE/plugins/com.st.stm32cube.ide.mcu.externaltools.gnu-tools-for-stm32.11.3.rel1.win32_1.1.100.202309141235/tools/bin/../lib/gcc/arm-none-eabi/11.3.1/../../../../arm-none-eabi/lib/thumb/v7e-m+fp/hard\libm.a
END GROUP
START GROUP
LOAD C:/ST/STM32CubeIDE_1.5.1/STM32CubeIDE/plugins/com.st.stm32cube.ide.mcu.externaltools.gnu-tools-for-stm32.11.3.rel1.win32_1.1.100.202309141235/tools/bin/../lib/gcc/arm-none-eabi/11.3.1/thumb/v7e-m+fp/hard\libgcc.a
LOAD C:/ST/STM32CubeIDE_1.5.1/STM32CubeIDE/plugins/com.st.stm32cube.ide.mcu.externaltools.gnu-tools-for-stm32.11.3.rel1.win32_1.1.100.202309141235/tools/bin/../lib/gcc/arm-none-eabi/11.3.1/../../../../arm-none-eabi/lib/thumb/v7e-m+fp/hard\libc_nano.a
END GROUP
START GROUP
LOAD C:/ST/STM32CubeIDE_1.5.1/STM32CubeIDE/plugins/com.st.stm32cube.ide.mcu.externaltools.gnu-tools-for-stm32.11.3.rel1.win32_1.1.100.202309141235/tools/bin/../lib/gcc/arm-none-eabi/11.3.1/thumb/v7e-m+fp/hard\libgcc.a
LOAD C:/ST/STM32CubeIDE_1.5.1/STM32CubeIDE/plugins/com.st.stm32cube.ide.mcu.externaltools.gnu-tools-for-stm32.11.3.rel1.win32_1.1.100.202309141235/tools/bin/../lib/gcc/arm-none-eabi/11.3.1/../../../../arm-none-eabi/lib/thumb/v7e-m+fp/hard\libc_nano.a
LOAD C:/ST/STM32CubeIDE_1.5.1/STM32CubeIDE/plugins/com.st.stm32cube.ide.mcu.externaltools.gnu-tools-for-stm32.11.3.rel1.win32_1.1.100.202309141235/tools/bin/../lib/gcc/arm-none-eabi/11.3.1/../../../../arm-none-eabi/lib/thumb/v7e-m+fp/hard\libnosys.a
END GROUP
START GROUP
LOAD C:/ST/STM32CubeIDE_1.5.1/STM32CubeIDE/plugins/com.st.stm32cube.ide.mcu.externaltools.gnu-tools-for-stm32.11.3.rel1.win32_1.1.100.202309141235/tools/bin/../lib/gcc/arm-none-eabi/11.3.1/thumb/v7e-m+fp/hard\libgcc.a
LOAD C:/ST/STM32CubeIDE_1.5.1/STM32CubeIDE/plugins/com.st.stm32cube.ide.mcu.externaltools.gnu-tools-for-stm32.11.3.rel1.win32_1.1.100.202309141235/tools/bin/../lib/gcc/arm-none-eabi/11.3.1/../../../../arm-none-eabi/lib/thumb/v7e-m+fp/hard\libc_nano.a
LOAD C:/ST/STM32CubeIDE_1.5.1/STM32CubeIDE/plugins/com.st.stm32cube.ide.mcu.externaltools.gnu-tools-for-stm32.11.3.rel1.win32_1.1.100.202309141235/tools/bin/../lib/gcc/arm-none-eabi/11.3.1/../../../../arm-none-eabi/lib/thumb/v7e-m+fp/hard\libnosys.a
END GROUP
LOAD C:/ST/STM32CubeIDE_1.5.1/STM32CubeIDE/plugins/com.st.stm32cube.ide.mcu.externaltools.gnu-tools-for-stm32.11.3.rel1.win32_1.1.100.202309141235/tools/bin/../lib/gcc/arm-none-eabi/11.3.1/thumb/v7e-m+fp/hard/crtend.o
LOAD C:/ST/STM32CubeIDE_1.5.1/STM32CubeIDE/plugins/com.st.stm32cube.ide.mcu.externaltools.gnu-tools-for-stm32.11.3.rel1.win32_1.1.100.202309141235/tools/bin/../lib/gcc/arm-none-eabi/11.3.1/thumb/v7e-m+fp/hard/crtn.o
                0x0000000020020000                _estack = (ORIGIN (RAM) + LENGTH (RAM))
                0x0000000000000400                _Min_Heap_Size = 0x400
                0x0000000000000400                _Min_Stack_Size = 0x400

.isr_vector     0x0000000008000000      0x1c4
                0x0000000008000000                . = ALIGN (0x4)
 *(.isr_vector)
 .isr_vector    0x0000000008000000      0x1c4 ./Core/Startup/startup_stm32f446retx.o
                0x0000000008000000                g_pfnVectors
                0x00000000080001c4                . = ALIGN (0x4)

.text           0x00000000080001d0     0xe83c
                0x00000000080001d0                . = ALIGN (0x4)
 *(.text)
 .text          0x00000000080001d0       0x40 C:/ST/STM32CubeIDE_1.5.1/STM32CubeIDE/plugins/com.st.stm32cube.ide.mcu.externaltools.gnu-tools-for-stm32.11.3.rel1.win32_1.1.100.202309141235/tools/bin/../lib/gcc/arm-none-eabi/11.3.1/thumb/v7e-m+fp/hard/crtbegin.o
 .text          0x0000000008000210       0x14 C:/ST/STM32CubeIDE_1.5.1/STM32CubeIDE/plugins/com.st.stm32cube.ide.mcu.externaltools.gnu-tools-for-stm32.11.3.rel1.win32_1.1.100.202309141235/tools/bin/../lib/gcc/arm-none-eabi/11.3.1/../../../../arm-none-eabi/lib/thumb/v7e-m+fp/hard\libc_nano.a(libc_a-strcmp.o)
                0x0000000008000210                strcmp
 *fill*         0x0000000008000224        0xc 
 .text          0x0000000008000230       0xa0 C:/ST/STM32CubeIDE_1.5.1/STM32CubeIDE/plugins/com.st.stm32cube.ide.mcu.externaltools.gnu-tools-for-stm32.11.3.rel1.win32_1.1.100.202309141235/tools/bin/../lib/gcc/arm-none-eabi/11.3.1/../../../../arm-none-eabi/lib/thumb/v7e-m+fp/hard\libc_nano.a(libc_a-memchr.o)
                0x0000000008000230                memchr
 .text          0x00000000080002d0       0x10 C:/ST/STM32CubeIDE_1.5.1/STM32CubeIDE/plugins/com.st.stm32cube.ide.mcu.externaltools.gnu-tools-for-stm32.11.3.rel1.win32_1.1.100.202309141235/tools/bin/../lib/gcc/arm-none-eabi/11.3.1/../../../../arm-none-eabi/lib/thumb/v7e-m+fp/hard\libc_nano.a(libc_a-strlen.o)
                0x00000000080002d0                strlen
 .text          0x00000000080002e0      0x378 C:/ST/STM32CubeIDE_1.5.1/STM32CubeIDE/plugins/com.st.stm32cube.ide.mcu.externaltools.gnu-tools-for-stm32.11.3.rel1.win32_1.1.100.202309141235/tools/bin/../lib/gcc/arm-none-eabi/11.3.1/thumb/v7e-m+fp/hard\libgcc.a(_arm_addsubdf3.o)
                0x00000000080002e0                __aeabi_drsub
                0x00000000080002e8                __aeabi_dsub
                0x00000000080002e8                __subdf3
                0x00000000080002ec                __aeabi_dadd
                0x00000000080002ec                __adddf3
                0x0000000008000564                __floatunsidf
                0x0000000008000564                __aeabi_ui2d
                0x0000000008000584                __floatsidf
                0x0000000008000584                __aeabi_i2d
                0x00000000080005a8                __aeabi_f2d
                0x00000000080005a8                __extendsfdf2
                0x00000000080005ec                __floatundidf
                0x00000000080005ec                __aeabi_ul2d
                0x00000000080005fc                __floatdidf
                0x00000000080005fc                __aeabi_l2d
 .text          0x0000000008000658      0x424 C:/ST/STM32CubeIDE_1.5.1/STM32CubeIDE/plugins/com.st.stm32cube.ide.mcu.externaltools.gnu-tools-for-stm32.11.3.rel1.win32_1.1.100.202309141235/tools/bin/../lib/gcc/arm-none-eabi/11.3.1/thumb/v7e-m+fp/hard\libgcc.a(_arm_muldivdf3.o)
                0x0000000008000658                __aeabi_dmul
                0x0000000008000658                __muldf3
                0x00000000080008ac                __divdf3
                0x00000000080008ac                __aeabi_ddiv
 .text          0x0000000008000a7c      0x110 C:/ST/STM32CubeIDE_1.5.1/STM32CubeIDE/plugins/com.st.stm32cube.ide.mcu.externaltools.gnu-tools-for-stm32.11.3.rel1.win32_1.1.100.202309141235/tools/bin/../lib/gcc/arm-none-eabi/11.3.1/thumb/v7e-m+fp/hard\libgcc.a(_arm_cmpdf2.o)
                0x0000000008000a7c                __gtdf2
                0x0000000008000a7c                __gedf2
                0x0000000008000a84                __ltdf2
                0x0000000008000a84                __ledf2
                0x0000000008000a8c                __nedf2
                0x0000000008000a8c                __eqdf2
                0x0000000008000a8c                __cmpdf2
                0x0000000008000b08                __aeabi_cdrcmple
                0x0000000008000b18                __aeabi_cdcmpeq
                0x0000000008000b18                __aeabi_cdcmple
                0x0000000008000b28                __aeabi_dcmpeq
                0x0000000008000b3c                __aeabi_dcmplt
                0x0000000008000b50                __aeabi_dcmple
                0x0000000008000b64                __aeabi_dcmpge
                0x0000000008000b78                __aeabi_dcmpgt
 .text          0x0000000008000b8c       0x2c C:/ST/STM32CubeIDE_1.5.1/STM32CubeIDE/plugins/com.st.stm32cube.ide.mcu.externaltools.gnu-tools-for-stm32.11.3.rel1.win32_1.1.100.202309141235/tools/bin/../lib/gcc/arm-none-eabi/11.3.1/thumb/v7e-m+fp/hard\libgcc.a(_arm_unorddf2.o)
                0x0000000008000b8c                __unorddf2
                0x0000000008000b8c                __aeabi_dcmpun
 .text          0x0000000008000bb8       0x50 C:/ST/STM32CubeIDE_1.5.1/STM32CubeIDE/plugins/com.st.stm32cube.ide.mcu.externaltools.gnu-tools-for-stm32.11.3.rel1.win32_1.1.100.202309141235/tools/bin/../lib/gcc/arm-none-eabi/11.3.1/thumb/v7e-m+fp/hard\libgcc.a(_arm_fixdfsi.o)
                0x0000000008000bb8                __aeabi_d2iz
                0x0000000008000bb8                __fixdfsi
 .text          0x0000000008000c08       0x30 C:/ST/STM32CubeIDE_1.5.1/STM32CubeIDE/plugins/com.st.stm32cube.ide.mcu.externaltools.gnu-tools-for-stm32.11.3.rel1.win32_1.1.100.202309141235/tools/bin/../lib/gcc/arm-none-eabi/11.3.1/thumb/v7e-m+fp/hard\libgcc.a(_aeabi_uldivmod.o)
                0x0000000008000c08                __aeabi_uldivmod
 .text          0x0000000008000c38      0x2c8 C:/ST/STM32CubeIDE_1.5.1/STM32CubeIDE/plugins/com.st.stm32cube.ide.mcu.externaltools.gnu-tools-for-stm32.11.3.rel1.win32_1.1.100.202309141235/tools/bin/../lib/gcc/arm-none-eabi/11.3.1/thumb/v7e-m+fp/hard\libgcc.a(_udivmoddi4.o)
                0x0000000008000c38                __udivmoddi4
 .text          0x0000000008000f00        0x4 C:/ST/STM32CubeIDE_1.5.1/STM32CubeIDE/plugins/com.st.stm32cube.ide.mcu.externaltools.gnu-tools-for-stm32.11.3.rel1.win32_1.1.100.202309141235/tools/bin/../lib/gcc/arm-none-eabi/11.3.1/thumb/v7e-m+fp/hard\libgcc.a(_dvmd_tls.o)
                0x0000000008000f00                __aeabi_idiv0
                0x0000000008000f00                __aeabi_ldiv0
 *(.text*)
 .text.APP_ButtonInit
                0x0000000008000f04       0x3c ./Core/Src/app_button.o
                0x0000000008000f04                APP_ButtonInit
 .text.APP_ButtonPressedInterruptCallback
                0x0000000008000f40       0x24 ./Core/Src/app_button.o
                0x0000000008000f40                APP_ButtonPressedInterruptCallback
 .text.APP_ButtonTask
                0x0000000008000f64       0x54 ./Core/Src/app_button.o
 .text.APP_CpuInit
                0x0000000008000fb8       0x24 ./Core/Src/app_cpu.o
                0x0000000008000fb8                APP_CpuInit
 .text.APP_CpuTask
                0x0000000008000fdc       0xa4 ./Core/Src/app_cpu.o
 .text.gos_platformDriverInit
                0x0000000008001080       0x5c ./Core/Src/app_init.o
                0x0000000008001080                gos_platformDriverInit
 .text.gos_userApplicationInit
                0x00000000080010dc       0x74 ./Core/Src/app_init.o
                0x00000000080010dc                gos_userApplicationInit
 .text.APP_LedInit
                0x0000000008001150       0x24 ./Core/Src/app_led.o
                0x0000000008001150                APP_LedInit
 .text.APP_LedTask
                0x0000000008001174       0x14 ./Core/Src/app_led.o
 .text._getpid  0x0000000008001188       0x10 ./Core/Src/syscalls.o
                0x0000000008001188                _getpid
 .text._kill    0x0000000008001198       0x20 ./Core/Src/syscalls.o
                0x0000000008001198                _kill
 .text._exit    0x00000000080011b8       0x14 ./Core/Src/syscalls.o
                0x00000000080011b8                _exit
 .text._read    0x00000000080011cc       0x3a ./Core/Src/syscalls.o
                0x00000000080011cc                _read
 .text._write   0x0000000008001206       0x38 ./Core/Src/syscalls.o
                0x0000000008001206                _write
 .text._close   0x000000000800123e       0x18 ./Core/Src/syscalls.o
                0x000000000800123e                _close
 .text._fstat   0x0000000008001256       0x20 ./Core/Src/syscalls.o
                0x0000000008001256                _fstat
 .text._isatty  0x0000000008001276       0x16 ./Core/Src/syscalls.o
                0x0000000008001276                _isatty
 .text._lseek   0x000000000800128c       0x1a ./Core/Src/syscalls.o
                0x000000000800128c                _lseek
 *fill*         0x00000000080012a6        0x2 
 .text._sbrk    0x00000000080012a8       0x6c ./Core/Src/sysmem.o
                0x00000000080012a8                _sbrk
 .text.SystemInit
                0x0000000008001314       0x24 ./Core/Src/system_stm32f4xx.o
                0x0000000008001314                SystemInit
 .text.Reset_Handler
                0x0000000008001338       0x50 ./Core/Startup/startup_stm32f446retx.o
                0x0000000008001338                Reset_Handler
 .text.Default_Handler
                0x0000000008001388        0x2 ./Core/Startup/startup_stm32f446retx.o
                0x0000000008001388                RTC_Alarm_IRQHandler
                0x0000000008001388                EXTI2_IRQHandler
                0x0000000008001388                TIM8_CC_IRQHandler
                0x0000000008001388                DebugMon_Handler
                0x0000000008001388                FMPI2C1_EV_IRQHandler
                0x0000000008001388                SPI4_IRQHandler
                0x0000000008001388                TIM1_CC_IRQHandler
                0x0000000008001388                DMA1_Stream5_IRQHandler
                0x0000000008001388                PVD_IRQHandler
                0x0000000008001388                SDIO_IRQHandler
                0x0000000008001388                TAMP_STAMP_IRQHandler
                0x0000000008001388                CAN2_RX1_IRQHandler
                0x0000000008001388                EXTI3_IRQHandler
                0x0000000008001388                TIM8_TRG_COM_TIM14_IRQHandler
                0x0000000008001388                TIM1_UP_TIM10_IRQHandler
                0x0000000008001388                TIM8_UP_TIM13_IRQHandler
                0x0000000008001388                I2C3_ER_IRQHandler
                0x0000000008001388                EXTI0_IRQHandler
                0x0000000008001388                I2C2_EV_IRQHandler
                0x0000000008001388                CAN1_RX0_IRQHandler
                0x0000000008001388                FPU_IRQHandler
                0x0000000008001388                OTG_HS_WKUP_IRQHandler
                0x0000000008001388                CAN2_SCE_IRQHandler
                0x0000000008001388                SPI1_IRQHandler
                0x0000000008001388                TIM6_DAC_IRQHandler
                0x0000000008001388                TIM1_BRK_TIM9_IRQHandler
                0x0000000008001388                DCMI_IRQHandler
                0x0000000008001388                CAN2_RX0_IRQHandler
                0x0000000008001388                SAI2_IRQHandler
                0x0000000008001388                CAN1_RX1_IRQHandler
                0x0000000008001388                TIM4_IRQHandler
                0x0000000008001388                QUADSPI_IRQHandler
                0x0000000008001388                I2C1_EV_IRQHandler
                0x0000000008001388                TIM3_IRQHandler
                0x0000000008001388                RCC_IRQHandler
                0x0000000008001388                TIM8_BRK_TIM12_IRQHandler
                0x0000000008001388                Default_Handler
                0x0000000008001388                CEC_IRQHandler
                0x0000000008001388                ADC_IRQHandler
                0x0000000008001388                TIM7_IRQHandler
                0x0000000008001388                CAN2_TX_IRQHandler
                0x0000000008001388                TIM5_IRQHandler
                0x0000000008001388                I2C3_EV_IRQHandler
                0x0000000008001388                RTC_WKUP_IRQHandler
                0x0000000008001388                SPDIF_RX_IRQHandler
                0x0000000008001388                SPI2_IRQHandler
                0x0000000008001388                OTG_HS_EP1_IN_IRQHandler
                0x0000000008001388                CAN1_TX_IRQHandler
                0x0000000008001388                FMPI2C1_ER_IRQHandler
                0x0000000008001388                EXTI4_IRQHandler
                0x0000000008001388                OTG_HS_EP1_OUT_IRQHandler
                0x0000000008001388                WWDG_IRQHandler
                0x0000000008001388                TIM2_IRQHandler
                0x0000000008001388                OTG_FS_WKUP_IRQHandler
                0x0000000008001388                TIM1_TRG_COM_TIM11_IRQHandler
                0x0000000008001388                OTG_HS_IRQHandler
                0x0000000008001388                EXTI1_IRQHandler
                0x0000000008001388                I2C2_ER_IRQHandler
                0x0000000008001388                CAN1_SCE_IRQHandler
                0x0000000008001388                FLASH_IRQHandler
                0x0000000008001388                OTG_FS_IRQHandler
                0x0000000008001388                SPI3_IRQHandler
                0x0000000008001388                I2C1_ER_IRQHandler
                0x0000000008001388                FMC_IRQHandler
                0x0000000008001388                SAI1_IRQHandler
 *fill*         0x000000000800138a        0x2 
 .text.driver_init
                0x000000000800138c       0x88 ./Core/driver/src/driver.o
                0x000000000800138c                driver_init
 .text.sysTickHook
                0x0000000008001414        0xc ./Core/driver/src/driver.o
 .text.rcc_driverInit
                0x0000000008001420      0x1dc ./Core/driver/src/rcc_driver.o
                0x0000000008001420                rcc_driverInit
 .text.timer_driverSystimerInit
                0x00000000080015fc       0x80 ./Core/driver/src/timer_driver.o
                0x00000000080015fc                timer_driverSystimerInit
 .text.timer_driverSystimerGet
                0x000000000800167c       0x34 ./Core/driver/src/timer_driver.o
                0x000000000800167c                timer_driverSystimerGet
 .text.HAL_Init
                0x00000000080016b0       0x44 ./Drivers/STM32F4xx_HAL_Driver/Src/stm32f4xx_hal.o
                0x00000000080016b0                HAL_Init
 .text.HAL_MspInit
                0x00000000080016f4        0xe ./Drivers/STM32F4xx_HAL_Driver/Src/stm32f4xx_hal.o
                0x00000000080016f4                HAL_MspInit
 *fill*         0x0000000008001702        0x2 
 .text.HAL_InitTick
                0x0000000008001704       0x60 ./Drivers/STM32F4xx_HAL_Driver/Src/stm32f4xx_hal.o
                0x0000000008001704                HAL_InitTick
 .text.HAL_IncTick
                0x0000000008001764       0x28 ./Drivers/STM32F4xx_HAL_Driver/Src/stm32f4xx_hal.o
                0x0000000008001764                HAL_IncTick
 .text.HAL_GetTick
                0x000000000800178c       0x18 ./Drivers/STM32F4xx_HAL_Driver/Src/stm32f4xx_hal.o
                0x000000000800178c                HAL_GetTick
 .text.__NVIC_SetPriorityGrouping
                0x00000000080017a4       0x48 ./Drivers/STM32F4xx_HAL_Driver/Src/stm32f4xx_hal_cortex.o
 .text.__NVIC_GetPriorityGrouping
                0x00000000080017ec       0x1c ./Drivers/STM32F4xx_HAL_Driver/Src/stm32f4xx_hal_cortex.o
 .text.__NVIC_EnableIRQ
                0x0000000008001808       0x3c ./Drivers/STM32F4xx_HAL_Driver/Src/stm32f4xx_hal_cortex.o
 .text.__NVIC_SetPriority
                0x0000000008001844       0x54 ./Drivers/STM32F4xx_HAL_Driver/Src/stm32f4xx_hal_cortex.o
 .text.NVIC_EncodePriority
                0x0000000008001898       0x66 ./Drivers/STM32F4xx_HAL_Driver/Src/stm32f4xx_hal_cortex.o
 *fill*         0x00000000080018fe        0x2 
 .text.SysTick_Config
                0x0000000008001900       0x44 ./Drivers/STM32F4xx_HAL_Driver/Src/stm32f4xx_hal_cortex.o
 .text.HAL_NVIC_SetPriorityGrouping
                0x0000000008001944       0x16 ./Drivers/STM32F4xx_HAL_Driver/Src/stm32f4xx_hal_cortex.o
                0x0000000008001944                HAL_NVIC_SetPriorityGrouping
 .text.HAL_NVIC_SetPriority
                0x000000000800195a       0x38 ./Drivers/STM32F4xx_HAL_Driver/Src/stm32f4xx_hal_cortex.o
                0x000000000800195a                HAL_NVIC_SetPriority
 .text.HAL_NVIC_EnableIRQ
                0x0000000008001992       0x1c ./Drivers/STM32F4xx_HAL_Driver/Src/stm32f4xx_hal_cortex.o
                0x0000000008001992                HAL_NVIC_EnableIRQ
 .text.HAL_SYSTICK_Config
                0x00000000080019ae       0x18 ./Drivers/STM32F4xx_HAL_Driver/Src/stm32f4xx_hal_cortex.o
                0x00000000080019ae                HAL_SYSTICK_Config
 *fill*         0x00000000080019c6        0x2 
 .text.HAL_DMA_Init
                0x00000000080019c8      0x15c ./Drivers/STM32F4xx_HAL_Driver/Src/stm32f4xx_hal_dma.o
                0x00000000080019c8                HAL_DMA_Init
 .text.HAL_DMA_Start_IT
                0x0000000008001b24       0xb0 ./Drivers/STM32F4xx_HAL_Driver/Src/stm32f4xx_hal_dma.o
                0x0000000008001b24                HAL_DMA_Start_IT
 .text.HAL_DMA_Abort
                0x0000000008001bd4       0xe0 ./Drivers/STM32F4xx_HAL_Driver/Src/stm32f4xx_hal_dma.o
                0x0000000008001bd4                HAL_DMA_Abort
 .text.HAL_DMA_Abort_IT
                0x0000000008001cb4       0x44 ./Drivers/STM32F4xx_HAL_Driver/Src/stm32f4xx_hal_dma.o
                0x0000000008001cb4                HAL_DMA_Abort_IT
 .text.HAL_DMA_IRQHandler
                0x0000000008001cf8      0x314 ./Drivers/STM32F4xx_HAL_Driver/Src/stm32f4xx_hal_dma.o
                0x0000000008001cf8                HAL_DMA_IRQHandler
 .text.HAL_DMA_GetError
                0x000000000800200c       0x18 ./Drivers/STM32F4xx_HAL_Driver/Src/stm32f4xx_hal_dma.o
                0x000000000800200c                HAL_DMA_GetError
 .text.DMA_SetConfig
                0x0000000008002024       0x5c ./Drivers/STM32F4xx_HAL_Driver/Src/stm32f4xx_hal_dma.o
 .text.DMA_CalcBaseAndBitshift
                0x0000000008002080       0x6c ./Drivers/STM32F4xx_HAL_Driver/Src/stm32f4xx_hal_dma.o
 .text.DMA_CheckFifoParam
                0x00000000080020ec       0xf8 ./Drivers/STM32F4xx_HAL_Driver/Src/stm32f4xx_hal_dma.o
 .text.HAL_GPIO_Init
                0x00000000080021e4      0x328 ./Drivers/STM32F4xx_HAL_Driver/Src/stm32f4xx_hal_gpio.o
                0x00000000080021e4                HAL_GPIO_Init
 .text.HAL_GPIO_TogglePin
                0x000000000800250c       0x36 ./Drivers/STM32F4xx_HAL_Driver/Src/stm32f4xx_hal_gpio.o
                0x000000000800250c                HAL_GPIO_TogglePin
 *fill*         0x0000000008002542        0x2 
 .text.HAL_GPIO_EXTI_IRQHandler
                0x0000000008002544       0x30 ./Drivers/STM32F4xx_HAL_Driver/Src/stm32f4xx_hal_gpio.o
                0x0000000008002544                HAL_GPIO_EXTI_IRQHandler
 .text.HAL_RCC_ClockConfig
                0x0000000008002574      0x1cc ./Drivers/STM32F4xx_HAL_Driver/Src/stm32f4xx_hal_rcc.o
                0x0000000008002574                HAL_RCC_ClockConfig
 .text.HAL_RCC_GetHCLKFreq
                0x0000000008002740       0x18 ./Drivers/STM32F4xx_HAL_Driver/Src/stm32f4xx_hal_rcc.o
                0x0000000008002740                HAL_RCC_GetHCLKFreq
 .text.HAL_RCC_GetPCLK1Freq
                0x0000000008002758       0x28 ./Drivers/STM32F4xx_HAL_Driver/Src/stm32f4xx_hal_rcc.o
                0x0000000008002758                HAL_RCC_GetPCLK1Freq
 .text.HAL_RCC_GetPCLK2Freq
                0x0000000008002780       0x28 ./Drivers/STM32F4xx_HAL_Driver/Src/stm32f4xx_hal_rcc.o
                0x0000000008002780                HAL_RCC_GetPCLK2Freq
 .text.HAL_RCC_GetSysClockFreq
                0x00000000080027a8      0x460 ./Drivers/STM32F4xx_HAL_Driver/Src/stm32f4xx_hal_rcc_ex.o
                0x00000000080027a8                HAL_RCC_GetSysClockFreq
 .text.HAL_RCC_OscConfig
                0x0000000008002c08      0x4b4 ./Drivers/STM32F4xx_HAL_Driver/Src/stm32f4xx_hal_rcc_ex.o
                0x0000000008002c08                HAL_RCC_OscConfig
 .text.HAL_TIM_Base_Init
                0x00000000080030bc       0x56 ./Drivers/STM32F4xx_HAL_Driver/Src/stm32f4xx_hal_tim.o
                0x00000000080030bc                HAL_TIM_Base_Init
 .text.HAL_TIM_Base_MspInit
                0x0000000008003112       0x14 ./Drivers/STM32F4xx_HAL_Driver/Src/stm32f4xx_hal_tim.o
                0x0000000008003112                HAL_TIM_Base_MspInit
 .text.HAL_TIM_Base_Start
                0x0000000008003126       0x48 ./Drivers/STM32F4xx_HAL_Driver/Src/stm32f4xx_hal_tim.o
                0x0000000008003126                HAL_TIM_Base_Start
 *fill*         0x000000000800316e        0x2 
 .text.TIM_Base_SetConfig
                0x0000000008003170      0x140 ./Drivers/STM32F4xx_HAL_Driver/Src/stm32f4xx_hal_tim.o
                0x0000000008003170                TIM_Base_SetConfig
 .text.HAL_UART_Init
                0x00000000080032b0       0x9a ./Drivers/STM32F4xx_HAL_Driver/Src/stm32f4xx_hal_uart.o
                0x00000000080032b0                HAL_UART_Init
 .text.HAL_UART_Transmit
                0x000000000800334a      0x124 ./Drivers/STM32F4xx_HAL_Driver/Src/stm32f4xx_hal_uart.o
                0x000000000800334a                HAL_UART_Transmit
 .text.HAL_UART_Transmit_IT
                0x000000000800346e       0x8a ./Drivers/STM32F4xx_HAL_Driver/Src/stm32f4xx_hal_uart.o
                0x000000000800346e                HAL_UART_Transmit_IT
 .text.HAL_UART_Receive_IT
                0x00000000080034f8       0x60 ./Drivers/STM32F4xx_HAL_Driver/Src/stm32f4xx_hal_uart.o
                0x00000000080034f8                HAL_UART_Receive_IT
 .text.HAL_UART_Transmit_DMA
                0x0000000008003558       0xfc ./Drivers/STM32F4xx_HAL_Driver/Src/stm32f4xx_hal_uart.o
                0x0000000008003558                HAL_UART_Transmit_DMA
 .text.HAL_UART_Abort
                0x0000000008003654      0x1d6 ./Drivers/STM32F4xx_HAL_Driver/Src/stm32f4xx_hal_uart.o
                0x0000000008003654                HAL_UART_Abort
 *fill*         0x000000000800382a        0x2 
 .text.HAL_UART_Abort_IT
                0x000000000800382c      0x228 ./Drivers/STM32F4xx_HAL_Driver/Src/stm32f4xx_hal_uart.o
                0x000000000800382c                HAL_UART_Abort_IT
 .text.HAL_UART_IRQHandler
                0x0000000008003a54      0x51c ./Drivers/STM32F4xx_HAL_Driver/Src/stm32f4xx_hal_uart.o
                0x0000000008003a54                HAL_UART_IRQHandler
 .text.HAL_UART_TxHalfCpltCallback
                0x0000000008003f70       0x14 ./Drivers/STM32F4xx_HAL_Driver/Src/stm32f4xx_hal_uart.o
                0x0000000008003f70                HAL_UART_TxHalfCpltCallback
 .text.HAL_UART_ErrorCallback
                0x0000000008003f84       0x14 ./Drivers/STM32F4xx_HAL_Driver/Src/stm32f4xx_hal_uart.o
                0x0000000008003f84                HAL_UART_ErrorCallback
 .text.HAL_UART_AbortCpltCallback
                0x0000000008003f98       0x14 ./Drivers/STM32F4xx_HAL_Driver/Src/stm32f4xx_hal_uart.o
                0x0000000008003f98                HAL_UART_AbortCpltCallback
 .text.HAL_UARTEx_RxEventCallback
                0x0000000008003fac       0x18 ./Drivers/STM32F4xx_HAL_Driver/Src/stm32f4xx_hal_uart.o
                0x0000000008003fac                HAL_UARTEx_RxEventCallback
 .text.UART_DMATransmitCplt
                0x0000000008003fc4       0x9a ./Drivers/STM32F4xx_HAL_Driver/Src/stm32f4xx_hal_uart.o
 .text.UART_DMATxHalfCplt
                0x000000000800405e       0x1c ./Drivers/STM32F4xx_HAL_Driver/Src/stm32f4xx_hal_uart.o
 .text.UART_DMAError
                0x000000000800407a       0x94 ./Drivers/STM32F4xx_HAL_Driver/Src/stm32f4xx_hal_uart.o
 .text.UART_WaitOnFlagUntilTimeout
                0x000000000800410e       0xdc ./Drivers/STM32F4xx_HAL_Driver/Src/stm32f4xx_hal_uart.o
 .text.UART_Start_Receive_IT
                0x00000000080041ea       0x7c ./Drivers/STM32F4xx_HAL_Driver/Src/stm32f4xx_hal_uart.o
                0x00000000080041ea                UART_Start_Receive_IT
 .text.UART_EndTxTransfer
                0x0000000008004266       0x50 ./Drivers/STM32F4xx_HAL_Driver/Src/stm32f4xx_hal_uart.o
 .text.UART_EndRxTransfer
                0x00000000080042b6       0xc6 ./Drivers/STM32F4xx_HAL_Driver/Src/stm32f4xx_hal_uart.o
 .text.UART_DMAAbortOnError
                0x000000000800437c       0x28 ./Drivers/STM32F4xx_HAL_Driver/Src/stm32f4xx_hal_uart.o
 .text.UART_DMATxAbortCallback
                0x00000000080043a4       0x60 ./Drivers/STM32F4xx_HAL_Driver/Src/stm32f4xx_hal_uart.o
 .text.UART_DMARxAbortCallback
                0x0000000008004404       0x60 ./Drivers/STM32F4xx_HAL_Driver/Src/stm32f4xx_hal_uart.o
 .text.UART_Transmit_IT
                0x0000000008004464       0xa0 ./Drivers/STM32F4xx_HAL_Driver/Src/stm32f4xx_hal_uart.o
 .text.UART_EndTransmit_IT
                0x0000000008004504       0x30 ./Drivers/STM32F4xx_HAL_Driver/Src/stm32f4xx_hal_uart.o
 .text.UART_Receive_IT
                0x0000000008004534      0x176 ./Drivers/STM32F4xx_HAL_Driver/Src/stm32f4xx_hal_uart.o
 *fill*         0x00000000080046aa        0x2 
 .text.UART_SetConfig
                0x00000000080046ac      0x4e8 ./Drivers/STM32F4xx_HAL_Driver/Src/stm32f4xx_hal_uart.o
 .text.drv_dmaInit
                0x0000000008004b94      0x1d8 C:\Users\Gabor\Documents\GitHub\GOS2022\1_Examples\GOS2022_lib\Debug\libGOS2022_lib.a(drv_dma.o)
                0x0000000008004b94                drv_dmaInit
 .text.DMA1_Stream0_IRQHandler
                0x0000000008004d6c       0x78 C:\Users\Gabor\Documents\GitHub\GOS2022\1_Examples\GOS2022_lib\Debug\libGOS2022_lib.a(drv_dma.o)
                0x0000000008004d6c                DMA1_Stream0_IRQHandler
 .text.DMA1_Stream1_IRQHandler
                0x0000000008004de4       0x78 C:\Users\Gabor\Documents\GitHub\GOS2022\1_Examples\GOS2022_lib\Debug\libGOS2022_lib.a(drv_dma.o)
                0x0000000008004de4                DMA1_Stream1_IRQHandler
 .text.DMA1_Stream2_IRQHandler
                0x0000000008004e5c       0x78 C:\Users\Gabor\Documents\GitHub\GOS2022\1_Examples\GOS2022_lib\Debug\libGOS2022_lib.a(drv_dma.o)
                0x0000000008004e5c                DMA1_Stream2_IRQHandler
 .text.DMA1_Stream3_IRQHandler
                0x0000000008004ed4       0x78 C:\Users\Gabor\Documents\GitHub\GOS2022\1_Examples\GOS2022_lib\Debug\libGOS2022_lib.a(drv_dma.o)
                0x0000000008004ed4                DMA1_Stream3_IRQHandler
 .text.DMA1_Stream4_IRQHandler
                0x0000000008004f4c       0x78 C:\Users\Gabor\Documents\GitHub\GOS2022\1_Examples\GOS2022_lib\Debug\libGOS2022_lib.a(drv_dma.o)
                0x0000000008004f4c                DMA1_Stream4_IRQHandler
 .text.DMA1_Stream6_IRQHandler
                0x0000000008004fc4       0x78 C:\Users\Gabor\Documents\GitHub\GOS2022\1_Examples\GOS2022_lib\Debug\libGOS2022_lib.a(drv_dma.o)
                0x0000000008004fc4                DMA1_Stream6_IRQHandler
 .text.DMA1_Stream7_IRQHandler
                0x000000000800503c       0x78 C:\Users\Gabor\Documents\GitHub\GOS2022\1_Examples\GOS2022_lib\Debug\libGOS2022_lib.a(drv_dma.o)
                0x000000000800503c                DMA1_Stream7_IRQHandler
 .text.DMA2_Stream0_IRQHandler
                0x00000000080050b4       0x78 C:\Users\Gabor\Documents\GitHub\GOS2022\1_Examples\GOS2022_lib\Debug\libGOS2022_lib.a(drv_dma.o)
                0x00000000080050b4                DMA2_Stream0_IRQHandler
 .text.DMA2_Stream1_IRQHandler
                0x000000000800512c       0x78 C:\Users\Gabor\Documents\GitHub\GOS2022\1_Examples\GOS2022_lib\Debug\libGOS2022_lib.a(drv_dma.o)
                0x000000000800512c                DMA2_Stream1_IRQHandler
 .text.DMA2_Stream2_IRQHandler
                0x00000000080051a4       0x78 C:\Users\Gabor\Documents\GitHub\GOS2022\1_Examples\GOS2022_lib\Debug\libGOS2022_lib.a(drv_dma.o)
                0x00000000080051a4                DMA2_Stream2_IRQHandler
 .text.DMA2_Stream3_IRQHandler
                0x000000000800521c       0x78 C:\Users\Gabor\Documents\GitHub\GOS2022\1_Examples\GOS2022_lib\Debug\libGOS2022_lib.a(drv_dma.o)
                0x000000000800521c                DMA2_Stream3_IRQHandler
 .text.DMA2_Stream4_IRQHandler
                0x0000000008005294       0x78 C:\Users\Gabor\Documents\GitHub\GOS2022\1_Examples\GOS2022_lib\Debug\libGOS2022_lib.a(drv_dma.o)
                0x0000000008005294                DMA2_Stream4_IRQHandler
 .text.DMA2_Stream5_IRQHandler
                0x000000000800530c       0x78 C:\Users\Gabor\Documents\GitHub\GOS2022\1_Examples\GOS2022_lib\Debug\libGOS2022_lib.a(drv_dma.o)
                0x000000000800530c                DMA2_Stream5_IRQHandler
 .text.DMA2_Stream6_IRQHandler
                0x0000000008005384       0x78 C:\Users\Gabor\Documents\GitHub\GOS2022\1_Examples\GOS2022_lib\Debug\libGOS2022_lib.a(drv_dma.o)
                0x0000000008005384                DMA2_Stream6_IRQHandler
 .text.DMA2_Stream7_IRQHandler
                0x00000000080053fc       0x78 C:\Users\Gabor\Documents\GitHub\GOS2022\1_Examples\GOS2022_lib\Debug\libGOS2022_lib.a(drv_dma.o)
                0x00000000080053fc                DMA2_Stream7_IRQHandler
 .text.drv_gpioInit
                0x0000000008005474       0x58 C:\Users\Gabor\Documents\GitHub\GOS2022\1_Examples\GOS2022_lib\Debug\libGOS2022_lib.a(drv_gpio.o)
                0x0000000008005474                drv_gpioInit
 .text.drv_gpioInitPin
                0x00000000080054cc       0xcc C:\Users\Gabor\Documents\GitHub\GOS2022\1_Examples\GOS2022_lib\Debug\libGOS2022_lib.a(drv_gpio.o)
                0x00000000080054cc                drv_gpioInitPin
 .text.drv_gpioTgglePin
                0x0000000008005598       0x64 C:\Users\Gabor\Documents\GitHub\GOS2022\1_Examples\GOS2022_lib\Debug\libGOS2022_lib.a(drv_gpio.o)
                0x0000000008005598                drv_gpioTgglePin
 .text.EXTI9_5_IRQHandler
                0x00000000080055fc       0x84 C:\Users\Gabor\Documents\GitHub\GOS2022\1_Examples\GOS2022_lib\Debug\libGOS2022_lib.a(drv_gpio.o)
                0x00000000080055fc                EXTI9_5_IRQHandler
 .text.EXTI15_10_IRQHandler
                0x0000000008005680       0x90 C:\Users\Gabor\Documents\GitHub\GOS2022\1_Examples\GOS2022_lib\Debug\libGOS2022_lib.a(drv_gpio.o)
                0x0000000008005680                EXTI15_10_IRQHandler
 .text.HAL_GPIO_EXTI_Callback
                0x0000000008005710       0xb8 C:\Users\Gabor\Documents\GitHub\GOS2022\1_Examples\GOS2022_lib\Debug\libGOS2022_lib.a(drv_gpio.o)
                0x0000000008005710                HAL_GPIO_EXTI_Callback
 .text.drv_itInit
                0x00000000080057c8       0x9c C:\Users\Gabor\Documents\GitHub\GOS2022\1_Examples\GOS2022_lib\Debug\libGOS2022_lib.a(drv_it.o)
                0x00000000080057c8                drv_itInit
 .text.drv_shellTransmitString
                0x0000000008005864       0x4c C:\Users\Gabor\Documents\GitHub\GOS2022\1_Examples\GOS2022_lib\Debug\libGOS2022_lib.a(drv_shell.o)
                0x0000000008005864                drv_shellTransmitString
 .text.drv_shellReceiveChar
                0x00000000080058b0       0x44 C:\Users\Gabor\Documents\GitHub\GOS2022\1_Examples\GOS2022_lib\Debug\libGOS2022_lib.a(drv_shell.o)
                0x00000000080058b0                drv_shellReceiveChar
 .text.drv_traceTransmitUnsafe
                0x00000000080058f4       0x44 C:\Users\Gabor\Documents\GitHub\GOS2022\1_Examples\GOS2022_lib\Debug\libGOS2022_lib.a(drv_trace.o)
                0x00000000080058f4                drv_traceTransmitUnsafe
 .text.drv_traceTransmit
                0x0000000008005938       0x4c C:\Users\Gabor\Documents\GitHub\GOS2022\1_Examples\GOS2022_lib\Debug\libGOS2022_lib.a(drv_trace.o)
                0x0000000008005938                drv_traceTransmit
 .text.drv_uartInit
                0x0000000008005984       0x58 C:\Users\Gabor\Documents\GitHub\GOS2022\1_Examples\GOS2022_lib\Debug\libGOS2022_lib.a(drv_uart.o)
                0x0000000008005984                drv_uartInit
 .text.drv_uartInitInstance
                0x00000000080059dc      0x248 C:\Users\Gabor\Documents\GitHub\GOS2022\1_Examples\GOS2022_lib\Debug\libGOS2022_lib.a(drv_uart.o)
                0x00000000080059dc                drv_uartInitInstance
 .text.drv_uartTransmitBlocking
                0x0000000008005c24       0x98 C:\Users\Gabor\Documents\GitHub\GOS2022\1_Examples\GOS2022_lib\Debug\libGOS2022_lib.a(drv_uart.o)
                0x0000000008005c24                drv_uartTransmitBlocking
 .text.drv_uartTransmitDMA
                0x0000000008005cbc       0xe0 C:\Users\Gabor\Documents\GitHub\GOS2022\1_Examples\GOS2022_lib\Debug\libGOS2022_lib.a(drv_uart.o)
                0x0000000008005cbc                drv_uartTransmitDMA
 .text.drv_uartTransmitIT
                0x0000000008005d9c       0xe0 C:\Users\Gabor\Documents\GitHub\GOS2022\1_Examples\GOS2022_lib\Debug\libGOS2022_lib.a(drv_uart.o)
                0x0000000008005d9c                drv_uartTransmitIT
 .text.drv_uartReceiveIT
                0x0000000008005e7c       0xe0 C:\Users\Gabor\Documents\GitHub\GOS2022\1_Examples\GOS2022_lib\Debug\libGOS2022_lib.a(drv_uart.o)
                0x0000000008005e7c                drv_uartReceiveIT
 .text.USART1_IRQHandler
                0x0000000008005f5c       0x6c C:\Users\Gabor\Documents\GitHub\GOS2022\1_Examples\GOS2022_lib\Debug\libGOS2022_lib.a(drv_uart.o)
                0x0000000008005f5c                USART1_IRQHandler
 .text.USART2_IRQHandler
                0x0000000008005fc8       0x6c C:\Users\Gabor\Documents\GitHub\GOS2022\1_Examples\GOS2022_lib\Debug\libGOS2022_lib.a(drv_uart.o)
                0x0000000008005fc8                USART2_IRQHandler
 .text.USART3_IRQHandler
                0x0000000008006034       0x6c C:\Users\Gabor\Documents\GitHub\GOS2022\1_Examples\GOS2022_lib\Debug\libGOS2022_lib.a(drv_uart.o)
                0x0000000008006034                USART3_IRQHandler
 .text.UART4_IRQHandler
                0x00000000080060a0       0x6c C:\Users\Gabor\Documents\GitHub\GOS2022\1_Examples\GOS2022_lib\Debug\libGOS2022_lib.a(drv_uart.o)
                0x00000000080060a0                UART4_IRQHandler
 .text.UART5_IRQHandler
                0x000000000800610c       0x6c C:\Users\Gabor\Documents\GitHub\GOS2022\1_Examples\GOS2022_lib\Debug\libGOS2022_lib.a(drv_uart.o)
                0x000000000800610c                UART5_IRQHandler
 .text.USART6_IRQHandler
                0x0000000008006178       0x6c C:\Users\Gabor\Documents\GitHub\GOS2022\1_Examples\GOS2022_lib\Debug\libGOS2022_lib.a(drv_uart.o)
                0x0000000008006178                USART6_IRQHandler
 .text.HAL_UART_TxCpltCallback
                0x00000000080061e4       0x58 C:\Users\Gabor\Documents\GitHub\GOS2022\1_Examples\GOS2022_lib\Debug\libGOS2022_lib.a(drv_uart.o)
                0x00000000080061e4                HAL_UART_TxCpltCallback
 .text.HAL_UART_RxCpltCallback
                0x000000000800623c       0x58 C:\Users\Gabor\Documents\GitHub\GOS2022\1_Examples\GOS2022_lib\Debug\libGOS2022_lib.a(drv_uart.o)
                0x000000000800623c                HAL_UART_RxCpltCallback
 .text.HAL_UART_MspInit
                0x0000000008006294      0x10c C:\Users\Gabor\Documents\GitHub\GOS2022\1_Examples\GOS2022_lib\Debug\libGOS2022_lib.a(drv_uart.o)
                0x0000000008006294                HAL_UART_MspInit
 .text.gos_driverInit
                0x00000000080063a0       0x30 C:\Users\Gabor\Documents\GitHub\GOS2022\1_Examples\GOS2022\GOS2022_minimal_example\libGOS2022.a(gos_driver.o)
                0x00000000080063a0                gos_driverInit
 .text.gos_kernelInit
                0x00000000080063d0      0x1d8 C:\Users\Gabor\Documents\GitHub\GOS2022\1_Examples\GOS2022\GOS2022_minimal_example\libGOS2022.a(gos_kernel.o)
                0x00000000080063d0                gos_kernelInit
 .text.gos_kernelStart
                0x00000000080065a8       0x84 C:\Users\Gabor\Documents\GitHub\GOS2022\1_Examples\GOS2022\GOS2022_minimal_example\libGOS2022.a(gos_kernel.o)
                0x00000000080065a8                gos_kernelStart
 .text.gos_kernelRegisterSysTickHook
                0x000000000800662c       0x38 C:\Users\Gabor\Documents\GitHub\GOS2022\1_Examples\GOS2022\GOS2022_minimal_example\libGOS2022.a(gos_kernel.o)
                0x000000000800662c                gos_kernelRegisterSysTickHook
 .text.SysTick_Handler
                0x0000000008006664       0x70 C:\Users\Gabor\Documents\GitHub\GOS2022\1_Examples\GOS2022\GOS2022_minimal_example\libGOS2022.a(gos_kernel.o)
                0x0000000008006664                SysTick_Handler
 .text.gos_kernelGetSysTicks
                0x00000000080066d4       0x18 C:\Users\Gabor\Documents\GitHub\GOS2022\1_Examples\GOS2022\GOS2022_minimal_example\libGOS2022.a(gos_kernel.o)
                0x00000000080066d4                gos_kernelGetSysTicks
 .text.gos_kernelGetCpuUsage
                0x00000000080066ec       0x24 C:\Users\Gabor\Documents\GitHub\GOS2022\1_Examples\GOS2022\GOS2022_minimal_example\libGOS2022.a(gos_kernel.o)
                0x00000000080066ec                gos_kernelGetCpuUsage
 .text.gos_kernelReset
                0x0000000008006710       0x3c C:\Users\Gabor\Documents\GitHub\GOS2022\1_Examples\GOS2022\GOS2022_minimal_example\libGOS2022.a(gos_kernel.o)
                0x0000000008006710                gos_kernelReset
 .text.gos_kernelDelayMs
                0x000000000800674c       0x38 C:\Users\Gabor\Documents\GitHub\GOS2022\1_Examples\GOS2022\GOS2022_minimal_example\libGOS2022.a(gos_kernel.o)
                0x000000000800674c                gos_kernelDelayMs
 .text.gos_kernelCalculateTaskCpuUsages
                0x0000000008006784      0x2cc C:\Users\Gabor\Documents\GitHub\GOS2022\1_Examples\GOS2022\GOS2022_minimal_example\libGOS2022.a(gos_kernel.o)
                0x0000000008006784                gos_kernelCalculateTaskCpuUsages
 .text.gos_kernelDump
                0x0000000008006a50      0x680 C:\Users\Gabor\Documents\GitHub\GOS2022\1_Examples\GOS2022\GOS2022_minimal_example\libGOS2022.a(gos_kernel.o)
                0x0000000008006a50                gos_kernelDump
 .text.gos_kernelIsCallerIsr
                0x00000000080070d0       0x20 C:\Users\Gabor\Documents\GitHub\GOS2022\1_Examples\GOS2022\GOS2022_minimal_example\libGOS2022.a(gos_kernel.o)
                0x00000000080070d0                gos_kernelIsCallerIsr
 .text.SVC_Handler
                0x00000000080070f0       0x2c C:\Users\Gabor\Documents\GitHub\GOS2022\1_Examples\GOS2022\GOS2022_minimal_example\libGOS2022.a(gos_kernel.o)
                0x00000000080070f0                SVC_Handler
 .text.gos_kernelSVC_HandlerMain
                0x000000000800711c       0x40 C:\Users\Gabor\Documents\GitHub\GOS2022\1_Examples\GOS2022\GOS2022_minimal_example\libGOS2022.a(gos_kernel.o)
                0x000000000800711c                gos_kernelSVC_HandlerMain
 .text.PendSV_Handler
                0x000000000800715c       0x48 C:\Users\Gabor\Documents\GitHub\GOS2022\1_Examples\GOS2022\GOS2022_minimal_example\libGOS2022.a(gos_kernel.o)
                0x000000000800715c                PendSV_Handler
 .text.gos_kernelReschedule
                0x00000000080071a4       0x30 C:\Users\Gabor\Documents\GitHub\GOS2022\1_Examples\GOS2022\GOS2022_minimal_example\libGOS2022.a(gos_kernel.o)
                0x00000000080071a4                gos_kernelReschedule
 .text.gos_kernelCheckTaskStack
                0x00000000080071d4      0x120 C:\Users\Gabor\Documents\GitHub\GOS2022\1_Examples\GOS2022\GOS2022_minimal_example\libGOS2022.a(gos_kernel.o)
 .text.gos_kernelGetCurrentPsp
                0x00000000080072f4       0x28 C:\Users\Gabor\Documents\GitHub\GOS2022\1_Examples\GOS2022\GOS2022_minimal_example\libGOS2022.a(gos_kernel.o)
 .text.gos_kernelSaveCurrentPsp
                0x000000000800731c       0x30 C:\Users\Gabor\Documents\GitHub\GOS2022\1_Examples\GOS2022\GOS2022_minimal_example\libGOS2022.a(gos_kernel.o)
 .text.gos_kernelSelectNextTask
                0x000000000800734c      0x2cc C:\Users\Gabor\Documents\GitHub\GOS2022\1_Examples\GOS2022\GOS2022_minimal_example\libGOS2022.a(gos_kernel.o)
 .text.gos_kernelGetTaskStateString
                0x0000000008007618       0xa8 C:\Users\Gabor\Documents\GitHub\GOS2022\1_Examples\GOS2022\GOS2022_minimal_example\libGOS2022.a(gos_kernel.o)
 .text.gos_kernelProcessorReset
                0x00000000080076c0       0x28 C:\Users\Gabor\Documents\GitHub\GOS2022\1_Examples\GOS2022\GOS2022_minimal_example\libGOS2022.a(gos_kernel.o)
 .text.NMI_Handler
                0x00000000080076e8        0x8 C:\Users\Gabor\Documents\GitHub\GOS2022\1_Examples\GOS2022\GOS2022_minimal_example\libGOS2022.a(gos_kernel.o)
                0x00000000080076e8                NMI_Handler
 .text.HardFault_Handler
                0x00000000080076f0        0x8 C:\Users\Gabor\Documents\GitHub\GOS2022\1_Examples\GOS2022\GOS2022_minimal_example\libGOS2022.a(gos_kernel.o)
                0x00000000080076f0                HardFault_Handler
 .text.MemManage_Handler
                0x00000000080076f8        0x8 C:\Users\Gabor\Documents\GitHub\GOS2022\1_Examples\GOS2022\GOS2022_minimal_example\libGOS2022.a(gos_kernel.o)
                0x00000000080076f8                MemManage_Handler
 .text.BusFault_Handler
                0x0000000008007700        0x8 C:\Users\Gabor\Documents\GitHub\GOS2022\1_Examples\GOS2022\GOS2022_minimal_example\libGOS2022.a(gos_kernel.o)
                0x0000000008007700                BusFault_Handler
 .text.UsageFault_Handler
                0x0000000008007708        0x8 C:\Users\Gabor\Documents\GitHub\GOS2022\1_Examples\GOS2022\GOS2022_minimal_example\libGOS2022.a(gos_kernel.o)
                0x0000000008007708                UsageFault_Handler
 .text.gos_taskRegister
                0x0000000008007710      0x324 C:\Users\Gabor\Documents\GitHub\GOS2022\1_Examples\GOS2022\GOS2022_minimal_example\libGOS2022.a(gos_task.o)
                0x0000000008007710                gos_taskRegister
 .text.gos_taskSleep
                0x0000000008007a34      0x10c C:\Users\Gabor\Documents\GitHub\GOS2022\1_Examples\GOS2022\GOS2022_minimal_example\libGOS2022.a(gos_task.o)
                0x0000000008007a34                gos_taskSleep
 .text.gos_taskWakeup
                0x0000000008007b40      0x18c C:\Users\Gabor\Documents\GitHub\GOS2022\1_Examples\GOS2022\GOS2022_minimal_example\libGOS2022.a(gos_task.o)
                0x0000000008007b40                gos_taskWakeup
 .text.gos_taskSuspend
                0x0000000008007ccc      0x244 C:\Users\Gabor\Documents\GitHub\GOS2022\1_Examples\GOS2022\GOS2022_minimal_example\libGOS2022.a(gos_task.o)
                0x0000000008007ccc                gos_taskSuspend
 .text.gos_taskResume
                0x0000000008007f10      0x15c C:\Users\Gabor\Documents\GitHub\GOS2022\1_Examples\GOS2022\GOS2022_minimal_example\libGOS2022.a(gos_task.o)
                0x0000000008007f10                gos_taskResume
 .text.gos_taskBlock
                0x000000000800806c      0x224 C:\Users\Gabor\Documents\GitHub\GOS2022\1_Examples\GOS2022\GOS2022_minimal_example\libGOS2022.a(gos_task.o)
                0x000000000800806c                gos_taskBlock
 .text.gos_taskUnblock
                0x0000000008008290      0x1d4 C:\Users\Gabor\Documents\GitHub\GOS2022\1_Examples\GOS2022\GOS2022_minimal_example\libGOS2022.a(gos_task.o)
                0x0000000008008290                gos_taskUnblock
 .text.gos_taskDelete
                0x0000000008008464      0x248 C:\Users\Gabor\Documents\GitHub\GOS2022\1_Examples\GOS2022\GOS2022_minimal_example\libGOS2022.a(gos_task.o)
                0x0000000008008464                gos_taskDelete
 .text.gos_taskSetPriority
                0x00000000080086ac      0x188 C:\Users\Gabor\Documents\GitHub\GOS2022\1_Examples\GOS2022\GOS2022_minimal_example\libGOS2022.a(gos_task.o)
                0x00000000080086ac                gos_taskSetPriority
 .text.gos_taskSetOriginalPriority
                0x0000000008008834      0x188 C:\Users\Gabor\Documents\GitHub\GOS2022\1_Examples\GOS2022\GOS2022_minimal_example\libGOS2022.a(gos_task.o)
                0x0000000008008834                gos_taskSetOriginalPriority
 .text.gos_taskGetPriority
                0x00000000080089bc       0xe0 C:\Users\Gabor\Documents\GitHub\GOS2022\1_Examples\GOS2022\GOS2022_minimal_example\libGOS2022.a(gos_task.o)
                0x00000000080089bc                gos_taskGetPriority
 .text.gos_taskAddPrivilege
                0x0000000008008a9c       0xf0 C:\Users\Gabor\Documents\GitHub\GOS2022\1_Examples\GOS2022\GOS2022_minimal_example\libGOS2022.a(gos_task.o)
                0x0000000008008a9c                gos_taskAddPrivilege
 .text.gos_taskRemovePrivilege
                0x0000000008008b8c       0xfc C:\Users\Gabor\Documents\GitHub\GOS2022\1_Examples\GOS2022\GOS2022_minimal_example\libGOS2022.a(gos_task.o)
                0x0000000008008b8c                gos_taskRemovePrivilege
 .text.gos_taskSetPrivileges
                0x0000000008008c88       0xdc C:\Users\Gabor\Documents\GitHub\GOS2022\1_Examples\GOS2022\GOS2022_minimal_example\libGOS2022.a(gos_task.o)
                0x0000000008008c88                gos_taskSetPrivileges
 .text.gos_taskGetPrivileges
                0x0000000008008d64       0xe0 C:\Users\Gabor\Documents\GitHub\GOS2022\1_Examples\GOS2022\GOS2022_minimal_example\libGOS2022.a(gos_task.o)
                0x0000000008008d64                gos_taskGetPrivileges
 .text.gos_taskGetId
                0x0000000008008e44       0x70 C:\Users\Gabor\Documents\GitHub\GOS2022\1_Examples\GOS2022\GOS2022_minimal_example\libGOS2022.a(gos_task.o)
                0x0000000008008e44                gos_taskGetId
 .text.gos_taskGetCurrentId
                0x0000000008008eb4       0xb8 C:\Users\Gabor\Documents\GitHub\GOS2022\1_Examples\GOS2022\GOS2022_minimal_example\libGOS2022.a(gos_task.o)
                0x0000000008008eb4                gos_taskGetCurrentId
 .text.gos_taskGetData
                0x0000000008008f6c       0xdc C:\Users\Gabor\Documents\GitHub\GOS2022\1_Examples\GOS2022\GOS2022_minimal_example\libGOS2022.a(gos_task.o)
                0x0000000008008f6c                gos_taskGetData
 .text.gos_taskCheckDescriptor
                0x0000000008009048       0x6c C:\Users\Gabor\Documents\GitHub\GOS2022\1_Examples\GOS2022\GOS2022_minimal_example\libGOS2022.a(gos_task.o)
 .text.gos_idleTask
                0x00000000080090b4       0x48 C:\Users\Gabor\Documents\GitHub\GOS2022\1_Examples\GOS2022\GOS2022_minimal_example\libGOS2022.a(gos_task.o)
                0x00000000080090b4                gos_idleTask
 .text.main     0x00000000080090fc       0x9c C:\Users\Gabor\Documents\GitHub\GOS2022\1_Examples\GOS2022\GOS2022_minimal_example\libGOS2022.a(gos.o)
                0x00000000080090fc                main
 .text.gos_Dump
                0x0000000008009198       0x70 C:\Users\Gabor\Documents\GitHub\GOS2022\1_Examples\GOS2022\GOS2022_minimal_example\libGOS2022.a(gos.o)
                0x0000000008009198                gos_Dump
 .text.gos_Start
                0x0000000008009208       0x28 C:\Users\Gabor\Documents\GitHub\GOS2022\1_Examples\GOS2022\GOS2022_minimal_example\libGOS2022.a(gos.o)
 .text.gos_systemTask
                0x0000000008009230       0xf0 C:\Users\Gabor\Documents\GitHub\GOS2022\1_Examples\GOS2022\GOS2022_minimal_example\libGOS2022.a(gos.o)
 .text.gos_printStartupLogo
                0x0000000008009320       0x74 C:\Users\Gabor\Documents\GitHub\GOS2022\1_Examples\GOS2022\GOS2022_minimal_example\libGOS2022.a(gos_error.o)
                0x0000000008009320                gos_printStartupLogo
 .text.gos_errorHandler
                0x0000000008009394      0x12c C:\Users\Gabor\Documents\GitHub\GOS2022\1_Examples\GOS2022\GOS2022_minimal_example\libGOS2022.a(gos_error.o)
                0x0000000008009394                gos_errorHandler
 .text.gos_errorTraceInit
                0x00000000080094c0       0x34 C:\Users\Gabor\Documents\GitHub\GOS2022\1_Examples\GOS2022\GOS2022_minimal_example\libGOS2022.a(gos_error.o)
                0x00000000080094c0                gos_errorTraceInit
 .text.gos_traceResultToString
                0x00000000080094f4       0x38 C:\Users\Gabor\Documents\GitHub\GOS2022\1_Examples\GOS2022\GOS2022_minimal_example\libGOS2022.a(gos_error.o)
 .text.gos_gcpInit
                0x000000000800952c       0x6c C:\Users\Gabor\Documents\GitHub\GOS2022\1_Examples\GOS2022\GOS2022_minimal_example\libGOS2022.a(gos_gcp.o)
                0x000000000800952c                gos_gcpInit
 .text.gos_messageInit
                0x0000000008009598       0xb8 C:\Users\Gabor\Documents\GitHub\GOS2022\1_Examples\GOS2022\GOS2022_minimal_example\libGOS2022.a(gos_message.o)
                0x0000000008009598                gos_messageInit
 .text.gos_messageDaemonTask
                0x0000000008009650      0x1e4 C:\Users\Gabor\Documents\GitHub\GOS2022\1_Examples\GOS2022\GOS2022_minimal_example\libGOS2022.a(gos_message.o)
 .text.gos_mutexInit
                0x0000000008009834       0x32 C:\Users\Gabor\Documents\GitHub\GOS2022\1_Examples\GOS2022\GOS2022_minimal_example\libGOS2022.a(gos_mutex.o)
                0x0000000008009834                gos_mutexInit
 *fill*         0x0000000008009866        0x2 
 .text.gos_mutexLock
                0x0000000008009868      0x20c C:\Users\Gabor\Documents\GitHub\GOS2022\1_Examples\GOS2022\GOS2022_minimal_example\libGOS2022.a(gos_mutex.o)
                0x0000000008009868                gos_mutexLock
 .text.gos_mutexUnlock
                0x0000000008009a74       0xc8 C:\Users\Gabor\Documents\GitHub\GOS2022\1_Examples\GOS2022\GOS2022_minimal_example\libGOS2022.a(gos_mutex.o)
                0x0000000008009a74                gos_mutexUnlock
 .text.gos_queueInit
                0x0000000008009b3c       0xb4 C:\Users\Gabor\Documents\GitHub\GOS2022\1_Examples\GOS2022\GOS2022_minimal_example\libGOS2022.a(gos_queue.o)
                0x0000000008009b3c                gos_queueInit
 .text.gos_queueCreate
                0x0000000008009bf0       0xb8 C:\Users\Gabor\Documents\GitHub\GOS2022\1_Examples\GOS2022\GOS2022_minimal_example\libGOS2022.a(gos_queue.o)
                0x0000000008009bf0                gos_queueCreate
 .text.gos_queuePut
                0x0000000008009ca8      0x19c C:\Users\Gabor\Documents\GitHub\GOS2022\1_Examples\GOS2022\GOS2022_minimal_example\libGOS2022.a(gos_queue.o)
                0x0000000008009ca8                gos_queuePut
 .text.gos_queueGet
                0x0000000008009e44      0x1c4 C:\Users\Gabor\Documents\GitHub\GOS2022\1_Examples\GOS2022\GOS2022_minimal_example\libGOS2022.a(gos_queue.o)
                0x0000000008009e44                gos_queueGet
 .text.gos_queueDump
                0x000000000800a008       0xc8 C:\Users\Gabor\Documents\GitHub\GOS2022\1_Examples\GOS2022\GOS2022_minimal_example\libGOS2022.a(gos_queue.o)
                0x000000000800a008                gos_queueDump
 .text.gos_shellInit
                0x000000000800a0d0       0x78 C:\Users\Gabor\Documents\GitHub\GOS2022\1_Examples\GOS2022\GOS2022_minimal_example\libGOS2022.a(gos_shell.o)
                0x000000000800a0d0                gos_shellInit
 .text.gos_shellRegisterCommand
                0x000000000800a148       0xa0 C:\Users\Gabor\Documents\GitHub\GOS2022\1_Examples\GOS2022\GOS2022_minimal_example\libGOS2022.a(gos_shell.o)
                0x000000000800a148                gos_shellRegisterCommand
 .text.gos_shellDaemonTask
                0x000000000800a1e8      0x1f8 C:\Users\Gabor\Documents\GitHub\GOS2022\1_Examples\GOS2022\GOS2022_minimal_example\libGOS2022.a(gos_shell.o)
 .text.gos_shellCommandHandler
                0x000000000800a3e0      0x40c C:\Users\Gabor\Documents\GitHub\GOS2022\1_Examples\GOS2022\GOS2022_minimal_example\libGOS2022.a(gos_shell.o)
 .text.gos_signalInit
                0x000000000800a7ec       0x84 C:\Users\Gabor\Documents\GitHub\GOS2022\1_Examples\GOS2022\GOS2022_minimal_example\libGOS2022.a(gos_signal.o)
                0x000000000800a7ec                gos_signalInit
 .text.gos_signalCreate
                0x000000000800a870       0x7c C:\Users\Gabor\Documents\GitHub\GOS2022\1_Examples\GOS2022\GOS2022_minimal_example\libGOS2022.a(gos_signal.o)
                0x000000000800a870                gos_signalCreate
 .text.gos_signalInvoke
                0x000000000800a8ec       0xe4 C:\Users\Gabor\Documents\GitHub\GOS2022\1_Examples\GOS2022\GOS2022_minimal_example\libGOS2022.a(gos_signal.o)
                0x000000000800a8ec                gos_signalInvoke
 .text.gos_signalDaemonTask
                0x000000000800a9d0       0xf8 C:\Users\Gabor\Documents\GitHub\GOS2022\1_Examples\GOS2022\GOS2022_minimal_example\libGOS2022.a(gos_signal.o)
 .text.gos_timeInit
                0x000000000800aac8       0x40 C:\Users\Gabor\Documents\GitHub\GOS2022\1_Examples\GOS2022\GOS2022_minimal_example\libGOS2022.a(gos_time.o)
                0x000000000800aac8                gos_timeInit
 .text.gos_timeGet
                0x000000000800ab08       0x3c C:\Users\Gabor\Documents\GitHub\GOS2022\1_Examples\GOS2022\GOS2022_minimal_example\libGOS2022.a(gos_time.o)
                0x000000000800ab08                gos_timeGet
 .text.gos_runTimeGet
                0x000000000800ab44       0x3c C:\Users\Gabor\Documents\GitHub\GOS2022\1_Examples\GOS2022\GOS2022_minimal_example\libGOS2022.a(gos_time.o)
                0x000000000800ab44                gos_runTimeGet
 .text.gos_timeAddMilliseconds
                0x000000000800ab80      0x200 C:\Users\Gabor\Documents\GitHub\GOS2022\1_Examples\GOS2022\GOS2022_minimal_example\libGOS2022.a(gos_time.o)
                0x000000000800ab80                gos_timeAddMilliseconds
 .text.gos_runTimeAddMicroseconds
                0x000000000800ad80      0x1c0 C:\Users\Gabor\Documents\GitHub\GOS2022\1_Examples\GOS2022\GOS2022_minimal_example\libGOS2022.a(gos_time.o)
                0x000000000800ad80                gos_runTimeAddMicroseconds
 .text.gos_runTimeAddMilliseconds
                0x000000000800af40      0x150 C:\Users\Gabor\Documents\GitHub\GOS2022\1_Examples\GOS2022\GOS2022_minimal_example\libGOS2022.a(gos_time.o)
                0x000000000800af40                gos_runTimeAddMilliseconds
 .text.gos_timeIncreaseSystemTime
                0x000000000800b090       0x44 C:\Users\Gabor\Documents\GitHub\GOS2022\1_Examples\GOS2022\GOS2022_minimal_example\libGOS2022.a(gos_time.o)
                0x000000000800b090                gos_timeIncreaseSystemTime
 .text.gos_timeDaemonTask
                0x000000000800b0d4       0xb8 C:\Users\Gabor\Documents\GitHub\GOS2022\1_Examples\GOS2022\GOS2022_minimal_example\libGOS2022.a(gos_time.o)
 .text.gos_traceInit
                0x000000000800b18c       0x4c C:\Users\Gabor\Documents\GitHub\GOS2022\1_Examples\GOS2022\GOS2022_minimal_example\libGOS2022.a(gos_trace.o)
                0x000000000800b18c                gos_traceInit
 .text.gos_traceTrace
                0x000000000800b1d8      0x238 C:\Users\Gabor\Documents\GitHub\GOS2022\1_Examples\GOS2022\GOS2022_minimal_example\libGOS2022.a(gos_trace.o)
                0x000000000800b1d8                gos_traceTrace
 .text.gos_traceTraceFormatted
                0x000000000800b410      0x258 C:\Users\Gabor\Documents\GitHub\GOS2022\1_Examples\GOS2022\GOS2022_minimal_example\libGOS2022.a(gos_trace.o)
                0x000000000800b410                gos_traceTraceFormatted
 .text.gos_traceTraceFormattedUnsafe
                0x000000000800b668       0x64 C:\Users\Gabor\Documents\GitHub\GOS2022\1_Examples\GOS2022\GOS2022_minimal_example\libGOS2022.a(gos_trace.o)
                0x000000000800b668                gos_traceTraceFormattedUnsafe
 .text.gos_traceDaemonTask
                0x000000000800b6cc       0x54 C:\Users\Gabor\Documents\GitHub\GOS2022\1_Examples\GOS2022\GOS2022_minimal_example\libGOS2022.a(gos_trace.o)
 .text.gos_triggerInit
                0x000000000800b720       0x38 C:\Users\Gabor\Documents\GitHub\GOS2022\1_Examples\GOS2022\GOS2022_minimal_example\libGOS2022.a(gos_trigger.o)
                0x000000000800b720                gos_triggerInit
 .text.gos_triggerReset
                0x000000000800b758       0xb0 C:\Users\Gabor\Documents\GitHub\GOS2022\1_Examples\GOS2022\GOS2022_minimal_example\libGOS2022.a(gos_trigger.o)
                0x000000000800b758                gos_triggerReset
 .text.gos_triggerWait
                0x000000000800b808      0x160 C:\Users\Gabor\Documents\GitHub\GOS2022\1_Examples\GOS2022\GOS2022_minimal_example\libGOS2022.a(gos_trigger.o)
                0x000000000800b808                gos_triggerWait
 .text.gos_triggerIncrement
                0x000000000800b968      0x114 C:\Users\Gabor\Documents\GitHub\GOS2022\1_Examples\GOS2022\GOS2022_minimal_example\libGOS2022.a(gos_trigger.o)
                0x000000000800b968                gos_triggerIncrement
 .text.gos_shellDriverReceiveChar
                0x000000000800ba7c       0x30 C:\Users\Gabor\Documents\GitHub\GOS2022\1_Examples\GOS2022\GOS2022_minimal_example\libGOS2022.a(gos_shell_driver.o)
                0x000000000800ba7c                gos_shellDriverReceiveChar
 .text.gos_shellDriverTransmitString
                0x000000000800baac       0x48 C:\Users\Gabor\Documents\GitHub\GOS2022\1_Examples\GOS2022\GOS2022_minimal_example\libGOS2022.a(gos_shell_driver.o)
                0x000000000800baac                gos_shellDriverTransmitString
 .text.gos_timerDriverSysTimerGet
                0x000000000800baf4       0x30 C:\Users\Gabor\Documents\GitHub\GOS2022\1_Examples\GOS2022\GOS2022_minimal_example\libGOS2022.a(gos_timer_driver.o)
                0x000000000800baf4                gos_timerDriverSysTimerGet
 .text.gos_traceDriverTransmitString
                0x000000000800bb24       0x30 C:\Users\Gabor\Documents\GitHub\GOS2022\1_Examples\GOS2022\GOS2022_minimal_example\libGOS2022.a(gos_trace_driver.o)
                0x000000000800bb24                gos_traceDriverTransmitString
 .text.gos_traceDriverTransmitString_Unsafe
                0x000000000800bb54       0x30 C:\Users\Gabor\Documents\GitHub\GOS2022\1_Examples\GOS2022\GOS2022_minimal_example\libGOS2022.a(gos_trace_driver.o)
                0x000000000800bb54                gos_traceDriverTransmitString_Unsafe
 .text._strtol_l.constprop.0
                0x000000000800bb84      0x104 C:/ST/STM32CubeIDE_1.5.1/STM32CubeIDE/plugins/com.st.stm32cube.ide.mcu.externaltools.gnu-tools-for-stm32.11.3.rel1.win32_1.1.100.202309141235/tools/bin/../lib/gcc/arm-none-eabi/11.3.1/../../../../arm-none-eabi/lib/thumb/v7e-m+fp/hard\libc_nano.a(libc_a-strtol.o)
 .text.strtol   0x000000000800bc88       0x14 C:/ST/STM32CubeIDE_1.5.1/STM32CubeIDE/plugins/com.st.stm32cube.ide.mcu.externaltools.gnu-tools-for-stm32.11.3.rel1.win32_1.1.100.202309141235/tools/bin/../lib/gcc/arm-none-eabi/11.3.1/../../../../arm-none-eabi/lib/thumb/v7e-m+fp/hard\libc_nano.a(libc_a-strtol.o)
                0x000000000800bc88                strtol
 .text.__cvt    0x000000000800bc9c       0xc4 C:/ST/STM32CubeIDE_1.5.1/STM32CubeIDE/plugins/com.st.stm32cube.ide.mcu.externaltools.gnu-tools-for-stm32.11.3.rel1.win32_1.1.100.202309141235/tools/bin/../lib/gcc/arm-none-eabi/11.3.1/../../../../arm-none-eabi/lib/thumb/v7e-m+fp/hard\libc_nano.a(libc_a-nano-vfprintf_float.o)
                0x000000000800bc9c                __cvt
 .text.__exponent
                0x000000000800bd60       0x7c C:/ST/STM32CubeIDE_1.5.1/STM32CubeIDE/plugins/com.st.stm32cube.ide.mcu.externaltools.gnu-tools-for-stm32.11.3.rel1.win32_1.1.100.202309141235/tools/bin/../lib/gcc/arm-none-eabi/11.3.1/../../../../arm-none-eabi/lib/thumb/v7e-m+fp/hard\libc_nano.a(libc_a-nano-vfprintf_float.o)
                0x000000000800bd60                __exponent
 .text._printf_float
                0x000000000800bddc      0x46c C:/ST/STM32CubeIDE_1.5.1/STM32CubeIDE/plugins/com.st.stm32cube.ide.mcu.externaltools.gnu-tools-for-stm32.11.3.rel1.win32_1.1.100.202309141235/tools/bin/../lib/gcc/arm-none-eabi/11.3.1/../../../../arm-none-eabi/lib/thumb/v7e-m+fp/hard\libc_nano.a(libc_a-nano-vfprintf_float.o)
                0x000000000800bddc                _printf_float
 .text._printf_common
                0x000000000800c248       0xda C:/ST/STM32CubeIDE_1.5.1/STM32CubeIDE/plugins/com.st.stm32cube.ide.mcu.externaltools.gnu-tools-for-stm32.11.3.rel1.win32_1.1.100.202309141235/tools/bin/../lib/gcc/arm-none-eabi/11.3.1/../../../../arm-none-eabi/lib/thumb/v7e-m+fp/hard\libc_nano.a(libc_a-nano-vfprintf_i.o)
                0x000000000800c248                _printf_common
 *fill*         0x000000000800c322        0x2 
 .text._printf_i
                0x000000000800c324      0x244 C:/ST/STM32CubeIDE_1.5.1/STM32CubeIDE/plugins/com.st.stm32cube.ide.mcu.externaltools.gnu-tools-for-stm32.11.3.rel1.win32_1.1.100.202309141235/tools/bin/../lib/gcc/arm-none-eabi/11.3.1/../../../../arm-none-eabi/lib/thumb/v7e-m+fp/hard\libc_nano.a(libc_a-nano-vfprintf_i.o)
                0x000000000800c324                _printf_i
 .text.std      0x000000000800c568       0x6c C:/ST/STM32CubeIDE_1.5.1/STM32CubeIDE/plugins/com.st.stm32cube.ide.mcu.externaltools.gnu-tools-for-stm32.11.3.rel1.win32_1.1.100.202309141235/tools/bin/../lib/gcc/arm-none-eabi/11.3.1/../../../../arm-none-eabi/lib/thumb/v7e-m+fp/hard\libc_nano.a(libc_a-findfp.o)
 .text.stdio_exit_handler
                0x000000000800c5d4       0x18 C:/ST/STM32CubeIDE_1.5.1/STM32CubeIDE/plugins/com.st.stm32cube.ide.mcu.externaltools.gnu-tools-for-stm32.11.3.rel1.win32_1.1.100.202309141235/tools/bin/../lib/gcc/arm-none-eabi/11.3.1/../../../../arm-none-eabi/lib/thumb/v7e-m+fp/hard\libc_nano.a(libc_a-findfp.o)
 .text.cleanup_stdio
                0x000000000800c5ec       0x40 C:/ST/STM32CubeIDE_1.5.1/STM32CubeIDE/plugins/com.st.stm32cube.ide.mcu.externaltools.gnu-tools-for-stm32.11.3.rel1.win32_1.1.100.202309141235/tools/bin/../lib/gcc/arm-none-eabi/11.3.1/../../../../arm-none-eabi/lib/thumb/v7e-m+fp/hard\libc_nano.a(libc_a-findfp.o)
 .text.global_stdio_init.part.0
                0x000000000800c62c       0x3c C:/ST/STM32CubeIDE_1.5.1/STM32CubeIDE/plugins/com.st.stm32cube.ide.mcu.externaltools.gnu-tools-for-stm32.11.3.rel1.win32_1.1.100.202309141235/tools/bin/../lib/gcc/arm-none-eabi/11.3.1/../../../../arm-none-eabi/lib/thumb/v7e-m+fp/hard\libc_nano.a(libc_a-findfp.o)
 .text.__sfp_lock_acquire
                0x000000000800c668        0xc C:/ST/STM32CubeIDE_1.5.1/STM32CubeIDE/plugins/com.st.stm32cube.ide.mcu.externaltools.gnu-tools-for-stm32.11.3.rel1.win32_1.1.100.202309141235/tools/bin/../lib/gcc/arm-none-eabi/11.3.1/../../../../arm-none-eabi/lib/thumb/v7e-m+fp/hard\libc_nano.a(libc_a-findfp.o)
                0x000000000800c668                __sfp_lock_acquire
 .text.__sfp_lock_release
                0x000000000800c674        0xc C:/ST/STM32CubeIDE_1.5.1/STM32CubeIDE/plugins/com.st.stm32cube.ide.mcu.externaltools.gnu-tools-for-stm32.11.3.rel1.win32_1.1.100.202309141235/tools/bin/../lib/gcc/arm-none-eabi/11.3.1/../../../../arm-none-eabi/lib/thumb/v7e-m+fp/hard\libc_nano.a(libc_a-findfp.o)
                0x000000000800c674                __sfp_lock_release
 .text.__sinit  0x000000000800c680       0x30 C:/ST/STM32CubeIDE_1.5.1/STM32CubeIDE/plugins/com.st.stm32cube.ide.mcu.externaltools.gnu-tools-for-stm32.11.3.rel1.win32_1.1.100.202309141235/tools/bin/../lib/gcc/arm-none-eabi/11.3.1/../../../../arm-none-eabi/lib/thumb/v7e-m+fp/hard\libc_nano.a(libc_a-findfp.o)
                0x000000000800c680                __sinit
 .text._fwalk_sglue
                0x000000000800c6b0       0x3c C:/ST/STM32CubeIDE_1.5.1/STM32CubeIDE/plugins/com.st.stm32cube.ide.mcu.externaltools.gnu-tools-for-stm32.11.3.rel1.win32_1.1.100.202309141235/tools/bin/../lib/gcc/arm-none-eabi/11.3.1/../../../../arm-none-eabi/lib/thumb/v7e-m+fp/hard\libc_nano.a(libc_a-fwalk.o)
                0x000000000800c6b0                _fwalk_sglue
 .text.sprintf  0x000000000800c6ec       0x40 C:/ST/STM32CubeIDE_1.5.1/STM32CubeIDE/plugins/com.st.stm32cube.ide.mcu.externaltools.gnu-tools-for-stm32.11.3.rel1.win32_1.1.100.202309141235/tools/bin/../lib/gcc/arm-none-eabi/11.3.1/../../../../arm-none-eabi/lib/thumb/v7e-m+fp/hard\libc_nano.a(libc_a-sprintf.o)
                0x000000000800c6ec                siprintf
                0x000000000800c6ec                sprintf
 .text.__sread  0x000000000800c72c       0x22 C:/ST/STM32CubeIDE_1.5.1/STM32CubeIDE/plugins/com.st.stm32cube.ide.mcu.externaltools.gnu-tools-for-stm32.11.3.rel1.win32_1.1.100.202309141235/tools/bin/../lib/gcc/arm-none-eabi/11.3.1/../../../../arm-none-eabi/lib/thumb/v7e-m+fp/hard\libc_nano.a(libc_a-stdio.o)
                0x000000000800c72c                __sread
 .text.__swrite
                0x000000000800c74e       0x38 C:/ST/STM32CubeIDE_1.5.1/STM32CubeIDE/plugins/com.st.stm32cube.ide.mcu.externaltools.gnu-tools-for-stm32.11.3.rel1.win32_1.1.100.202309141235/tools/bin/../lib/gcc/arm-none-eabi/11.3.1/../../../../arm-none-eabi/lib/thumb/v7e-m+fp/hard\libc_nano.a(libc_a-stdio.o)
                0x000000000800c74e                __swrite
 .text.__sseek  0x000000000800c786       0x24 C:/ST/STM32CubeIDE_1.5.1/STM32CubeIDE/plugins/com.st.stm32cube.ide.mcu.externaltools.gnu-tools-for-stm32.11.3.rel1.win32_1.1.100.202309141235/tools/bin/../lib/gcc/arm-none-eabi/11.3.1/../../../../arm-none-eabi/lib/thumb/v7e-m+fp/hard\libc_nano.a(libc_a-stdio.o)
                0x000000000800c786                __sseek
 .text.__sclose
                0x000000000800c7aa        0x8 C:/ST/STM32CubeIDE_1.5.1/STM32CubeIDE/plugins/com.st.stm32cube.ide.mcu.externaltools.gnu-tools-for-stm32.11.3.rel1.win32_1.1.100.202309141235/tools/bin/../lib/gcc/arm-none-eabi/11.3.1/../../../../arm-none-eabi/lib/thumb/v7e-m+fp/hard\libc_nano.a(libc_a-stdio.o)
                0x000000000800c7aa                __sclose
 *fill*         0x000000000800c7b2        0x2 
 .text._vsprintf_r
                0x000000000800c7b4       0x2c C:/ST/STM32CubeIDE_1.5.1/STM32CubeIDE/plugins/com.st.stm32cube.ide.mcu.externaltools.gnu-tools-for-stm32.11.3.rel1.win32_1.1.100.202309141235/tools/bin/../lib/gcc/arm-none-eabi/11.3.1/../../../../arm-none-eabi/lib/thumb/v7e-m+fp/hard\libc_nano.a(libc_a-vsprintf.o)
                0x000000000800c7b4                _vsprintf_r
                0x000000000800c7b4                _vsiprintf_r
 .text.vsprintf
                0x000000000800c7e0       0x14 C:/ST/STM32CubeIDE_1.5.1/STM32CubeIDE/plugins/com.st.stm32cube.ide.mcu.externaltools.gnu-tools-for-stm32.11.3.rel1.win32_1.1.100.202309141235/tools/bin/../lib/gcc/arm-none-eabi/11.3.1/../../../../arm-none-eabi/lib/thumb/v7e-m+fp/hard\libc_nano.a(libc_a-vsprintf.o)
                0x000000000800c7e0                vsiprintf
                0x000000000800c7e0                vsprintf
 .text.memset   0x000000000800c7f4       0x10 C:/ST/STM32CubeIDE_1.5.1/STM32CubeIDE/plugins/com.st.stm32cube.ide.mcu.externaltools.gnu-tools-for-stm32.11.3.rel1.win32_1.1.100.202309141235/tools/bin/../lib/gcc/arm-none-eabi/11.3.1/../../../../arm-none-eabi/lib/thumb/v7e-m+fp/hard\libc_nano.a(libc_a-memset.o)
                0x000000000800c7f4                memset
 .text._localeconv_r
                0x000000000800c804        0x8 C:/ST/STM32CubeIDE_1.5.1/STM32CubeIDE/plugins/com.st.stm32cube.ide.mcu.externaltools.gnu-tools-for-stm32.11.3.rel1.win32_1.1.100.202309141235/tools/bin/../lib/gcc/arm-none-eabi/11.3.1/../../../../arm-none-eabi/lib/thumb/v7e-m+fp/hard\libc_nano.a(libc_a-localeconv.o)
                0x000000000800c804                _localeconv_r
 .text._close_r
                0x000000000800c80c       0x20 C:/ST/STM32CubeIDE_1.5.1/STM32CubeIDE/plugins/com.st.stm32cube.ide.mcu.externaltools.gnu-tools-for-stm32.11.3.rel1.win32_1.1.100.202309141235/tools/bin/../lib/gcc/arm-none-eabi/11.3.1/../../../../arm-none-eabi/lib/thumb/v7e-m+fp/hard\libc_nano.a(libc_a-closer.o)
                0x000000000800c80c                _close_r
 .text._lseek_r
                0x000000000800c82c       0x24 C:/ST/STM32CubeIDE_1.5.1/STM32CubeIDE/plugins/com.st.stm32cube.ide.mcu.externaltools.gnu-tools-for-stm32.11.3.rel1.win32_1.1.100.202309141235/tools/bin/../lib/gcc/arm-none-eabi/11.3.1/../../../../arm-none-eabi/lib/thumb/v7e-m+fp/hard\libc_nano.a(libc_a-lseekr.o)
                0x000000000800c82c                _lseek_r
 .text._read_r  0x000000000800c850       0x24 C:/ST/STM32CubeIDE_1.5.1/STM32CubeIDE/plugins/com.st.stm32cube.ide.mcu.externaltools.gnu-tools-for-stm32.11.3.rel1.win32_1.1.100.202309141235/tools/bin/../lib/gcc/arm-none-eabi/11.3.1/../../../../arm-none-eabi/lib/thumb/v7e-m+fp/hard\libc_nano.a(libc_a-readr.o)
                0x000000000800c850                _read_r
 .text._write_r
                0x000000000800c874       0x24 C:/ST/STM32CubeIDE_1.5.1/STM32CubeIDE/plugins/com.st.stm32cube.ide.mcu.externaltools.gnu-tools-for-stm32.11.3.rel1.win32_1.1.100.202309141235/tools/bin/../lib/gcc/arm-none-eabi/11.3.1/../../../../arm-none-eabi/lib/thumb/v7e-m+fp/hard\libc_nano.a(libc_a-writer.o)
                0x000000000800c874                _write_r
 .text.__errno  0x000000000800c898        0xc C:/ST/STM32CubeIDE_1.5.1/STM32CubeIDE/plugins/com.st.stm32cube.ide.mcu.externaltools.gnu-tools-for-stm32.11.3.rel1.win32_1.1.100.202309141235/tools/bin/../lib/gcc/arm-none-eabi/11.3.1/../../../../arm-none-eabi/lib/thumb/v7e-m+fp/hard\libc_nano.a(libc_a-errno.o)
                0x000000000800c898                __errno
 .text.__libc_init_array
                0x000000000800c8a4       0x48 C:/ST/STM32CubeIDE_1.5.1/STM32CubeIDE/plugins/com.st.stm32cube.ide.mcu.externaltools.gnu-tools-for-stm32.11.3.rel1.win32_1.1.100.202309141235/tools/bin/../lib/gcc/arm-none-eabi/11.3.1/../../../../arm-none-eabi/lib/thumb/v7e-m+fp/hard\libc_nano.a(libc_a-init.o)
                0x000000000800c8a4                __libc_init_array
 .text.__retarget_lock_init_recursive
                0x000000000800c8ec        0x2 C:/ST/STM32CubeIDE_1.5.1/STM32CubeIDE/plugins/com.st.stm32cube.ide.mcu.externaltools.gnu-tools-for-stm32.11.3.rel1.win32_1.1.100.202309141235/tools/bin/../lib/gcc/arm-none-eabi/11.3.1/../../../../arm-none-eabi/lib/thumb/v7e-m+fp/hard\libc_nano.a(libc_a-lock.o)
                0x000000000800c8ec                __retarget_lock_init_recursive
 .text.__retarget_lock_acquire_recursive
                0x000000000800c8ee        0x2 C:/ST/STM32CubeIDE_1.5.1/STM32CubeIDE/plugins/com.st.stm32cube.ide.mcu.externaltools.gnu-tools-for-stm32.11.3.rel1.win32_1.1.100.202309141235/tools/bin/../lib/gcc/arm-none-eabi/11.3.1/../../../../arm-none-eabi/lib/thumb/v7e-m+fp/hard\libc_nano.a(libc_a-lock.o)
                0x000000000800c8ee                __retarget_lock_acquire_recursive
 .text.__retarget_lock_release_recursive
                0x000000000800c8f0        0x2 C:/ST/STM32CubeIDE_1.5.1/STM32CubeIDE/plugins/com.st.stm32cube.ide.mcu.externaltools.gnu-tools-for-stm32.11.3.rel1.win32_1.1.100.202309141235/tools/bin/../lib/gcc/arm-none-eabi/11.3.1/../../../../arm-none-eabi/lib/thumb/v7e-m+fp/hard\libc_nano.a(libc_a-lock.o)
                0x000000000800c8f0                __retarget_lock_release_recursive
 .text.strcpy   0x000000000800c8f2       0x10 C:/ST/STM32CubeIDE_1.5.1/STM32CubeIDE/plugins/com.st.stm32cube.ide.mcu.externaltools.gnu-tools-for-stm32.11.3.rel1.win32_1.1.100.202309141235/tools/bin/../lib/gcc/arm-none-eabi/11.3.1/../../../../arm-none-eabi/lib/thumb/v7e-m+fp/hard\libc_nano.a(libc_a-strcpy.o)
                0x000000000800c8f2                strcpy
 .text.memcpy   0x000000000800c902       0x1c C:/ST/STM32CubeIDE_1.5.1/STM32CubeIDE/plugins/com.st.stm32cube.ide.mcu.externaltools.gnu-tools-for-stm32.11.3.rel1.win32_1.1.100.202309141235/tools/bin/../lib/gcc/arm-none-eabi/11.3.1/../../../../arm-none-eabi/lib/thumb/v7e-m+fp/hard\libc_nano.a(libc_a-memcpy-stub.o)
                0x000000000800c902                memcpy
 .text.quorem   0x000000000800c91e      0x110 C:/ST/STM32CubeIDE_1.5.1/STM32CubeIDE/plugins/com.st.stm32cube.ide.mcu.externaltools.gnu-tools-for-stm32.11.3.rel1.win32_1.1.100.202309141235/tools/bin/../lib/gcc/arm-none-eabi/11.3.1/../../../../arm-none-eabi/lib/thumb/v7e-m+fp/hard\libc_nano.a(libc_a-dtoa.o)
 *fill*         0x000000000800ca2e        0x2 
 .text._dtoa_r  0x000000000800ca30      0xbe4 C:/ST/STM32CubeIDE_1.5.1/STM32CubeIDE/plugins/com.st.stm32cube.ide.mcu.externaltools.gnu-tools-for-stm32.11.3.rel1.win32_1.1.100.202309141235/tools/bin/../lib/gcc/arm-none-eabi/11.3.1/../../../../arm-none-eabi/lib/thumb/v7e-m+fp/hard\libc_nano.a(libc_a-dtoa.o)
                0x000000000800ca30                _dtoa_r
 .text._free_r  0x000000000800d614       0x98 C:/ST/STM32CubeIDE_1.5.1/STM32CubeIDE/plugins/com.st.stm32cube.ide.mcu.externaltools.gnu-tools-for-stm32.11.3.rel1.win32_1.1.100.202309141235/tools/bin/../lib/gcc/arm-none-eabi/11.3.1/../../../../arm-none-eabi/lib/thumb/v7e-m+fp/hard\libc_nano.a(libc_a-freer.o)
                0x000000000800d614                _free_r
 .text.malloc   0x000000000800d6ac       0x10 C:/ST/STM32CubeIDE_1.5.1/STM32CubeIDE/plugins/com.st.stm32cube.ide.mcu.externaltools.gnu-tools-for-stm32.11.3.rel1.win32_1.1.100.202309141235/tools/bin/../lib/gcc/arm-none-eabi/11.3.1/../../../../arm-none-eabi/lib/thumb/v7e-m+fp/hard\libc_nano.a(libc_a-malloc.o)
                0x000000000800d6ac                malloc
 .text.sbrk_aligned
                0x000000000800d6bc       0x40 C:/ST/STM32CubeIDE_1.5.1/STM32CubeIDE/plugins/com.st.stm32cube.ide.mcu.externaltools.gnu-tools-for-stm32.11.3.rel1.win32_1.1.100.202309141235/tools/bin/../lib/gcc/arm-none-eabi/11.3.1/../../../../arm-none-eabi/lib/thumb/v7e-m+fp/hard\libc_nano.a(libc_a-mallocr.o)
 .text._malloc_r
                0x000000000800d6fc      0x100 C:/ST/STM32CubeIDE_1.5.1/STM32CubeIDE/plugins/com.st.stm32cube.ide.mcu.externaltools.gnu-tools-for-stm32.11.3.rel1.win32_1.1.100.202309141235/tools/bin/../lib/gcc/arm-none-eabi/11.3.1/../../../../arm-none-eabi/lib/thumb/v7e-m+fp/hard\libc_nano.a(libc_a-mallocr.o)
                0x000000000800d6fc                _malloc_r
 .text.__malloc_lock
                0x000000000800d7fc        0xc C:/ST/STM32CubeIDE_1.5.1/STM32CubeIDE/plugins/com.st.stm32cube.ide.mcu.externaltools.gnu-tools-for-stm32.11.3.rel1.win32_1.1.100.202309141235/tools/bin/../lib/gcc/arm-none-eabi/11.3.1/../../../../arm-none-eabi/lib/thumb/v7e-m+fp/hard\libc_nano.a(libc_a-mlock.o)
                0x000000000800d7fc                __malloc_lock
 .text.__malloc_unlock
                0x000000000800d808        0xc C:/ST/STM32CubeIDE_1.5.1/STM32CubeIDE/plugins/com.st.stm32cube.ide.mcu.externaltools.gnu-tools-for-stm32.11.3.rel1.win32_1.1.100.202309141235/tools/bin/../lib/gcc/arm-none-eabi/11.3.1/../../../../arm-none-eabi/lib/thumb/v7e-m+fp/hard\libc_nano.a(libc_a-mlock.o)
                0x000000000800d808                __malloc_unlock
 .text._Balloc  0x000000000800d814       0x80 C:/ST/STM32CubeIDE_1.5.1/STM32CubeIDE/plugins/com.st.stm32cube.ide.mcu.externaltools.gnu-tools-for-stm32.11.3.rel1.win32_1.1.100.202309141235/tools/bin/../lib/gcc/arm-none-eabi/11.3.1/../../../../arm-none-eabi/lib/thumb/v7e-m+fp/hard\libc_nano.a(libc_a-mprec.o)
                0x000000000800d814                _Balloc
 .text._Bfree   0x000000000800d894       0x44 C:/ST/STM32CubeIDE_1.5.1/STM32CubeIDE/plugins/com.st.stm32cube.ide.mcu.externaltools.gnu-tools-for-stm32.11.3.rel1.win32_1.1.100.202309141235/tools/bin/../lib/gcc/arm-none-eabi/11.3.1/../../../../arm-none-eabi/lib/thumb/v7e-m+fp/hard\libc_nano.a(libc_a-mprec.o)
                0x000000000800d894                _Bfree
 .text.__multadd
                0x000000000800d8d8       0x8c C:/ST/STM32CubeIDE_1.5.1/STM32CubeIDE/plugins/com.st.stm32cube.ide.mcu.externaltools.gnu-tools-for-stm32.11.3.rel1.win32_1.1.100.202309141235/tools/bin/../lib/gcc/arm-none-eabi/11.3.1/../../../../arm-none-eabi/lib/thumb/v7e-m+fp/hard\libc_nano.a(libc_a-mprec.o)
                0x000000000800d8d8                __multadd
 .text.__hi0bits
                0x000000000800d964       0x40 C:/ST/STM32CubeIDE_1.5.1/STM32CubeIDE/plugins/com.st.stm32cube.ide.mcu.externaltools.gnu-tools-for-stm32.11.3.rel1.win32_1.1.100.202309141235/tools/bin/../lib/gcc/arm-none-eabi/11.3.1/../../../../arm-none-eabi/lib/thumb/v7e-m+fp/hard\libc_nano.a(libc_a-mprec.o)
                0x000000000800d964                __hi0bits
 .text.__lo0bits
                0x000000000800d9a4       0x5a C:/ST/STM32CubeIDE_1.5.1/STM32CubeIDE/plugins/com.st.stm32cube.ide.mcu.externaltools.gnu-tools-for-stm32.11.3.rel1.win32_1.1.100.202309141235/tools/bin/../lib/gcc/arm-none-eabi/11.3.1/../../../../arm-none-eabi/lib/thumb/v7e-m+fp/hard\libc_nano.a(libc_a-mprec.o)
                0x000000000800d9a4                __lo0bits
 *fill*         0x000000000800d9fe        0x2 
 .text.__i2b    0x000000000800da00       0x2c C:/ST/STM32CubeIDE_1.5.1/STM32CubeIDE/plugins/com.st.stm32cube.ide.mcu.externaltools.gnu-tools-for-stm32.11.3.rel1.win32_1.1.100.202309141235/tools/bin/../lib/gcc/arm-none-eabi/11.3.1/../../../../arm-none-eabi/lib/thumb/v7e-m+fp/hard\libc_nano.a(libc_a-mprec.o)
                0x000000000800da00                __i2b
 .text.__multiply
                0x000000000800da2c      0x154 C:/ST/STM32CubeIDE_1.5.1/STM32CubeIDE/plugins/com.st.stm32cube.ide.mcu.externaltools.gnu-tools-for-stm32.11.3.rel1.win32_1.1.100.202309141235/tools/bin/../lib/gcc/arm-none-eabi/11.3.1/../../../../arm-none-eabi/lib/thumb/v7e-m+fp/hard\libc_nano.a(libc_a-mprec.o)
                0x000000000800da2c                __multiply
 .text.__pow5mult
                0x000000000800db80       0xb4 C:/ST/STM32CubeIDE_1.5.1/STM32CubeIDE/plugins/com.st.stm32cube.ide.mcu.externaltools.gnu-tools-for-stm32.11.3.rel1.win32_1.1.100.202309141235/tools/bin/../lib/gcc/arm-none-eabi/11.3.1/../../../../arm-none-eabi/lib/thumb/v7e-m+fp/hard\libc_nano.a(libc_a-mprec.o)
                0x000000000800db80                __pow5mult
 .text.__lshift
                0x000000000800dc34       0xd8 C:/ST/STM32CubeIDE_1.5.1/STM32CubeIDE/plugins/com.st.stm32cube.ide.mcu.externaltools.gnu-tools-for-stm32.11.3.rel1.win32_1.1.100.202309141235/tools/bin/../lib/gcc/arm-none-eabi/11.3.1/../../../../arm-none-eabi/lib/thumb/v7e-m+fp/hard\libc_nano.a(libc_a-mprec.o)
                0x000000000800dc34                __lshift
 .text.__mcmp   0x000000000800dd0c       0x38 C:/ST/STM32CubeIDE_1.5.1/STM32CubeIDE/plugins/com.st.stm32cube.ide.mcu.externaltools.gnu-tools-for-stm32.11.3.rel1.win32_1.1.100.202309141235/tools/bin/../lib/gcc/arm-none-eabi/11.3.1/../../../../arm-none-eabi/lib/thumb/v7e-m+fp/hard\libc_nano.a(libc_a-mprec.o)
                0x000000000800dd0c                __mcmp
 .text.__mdiff  0x000000000800dd44      0x114 C:/ST/STM32CubeIDE_1.5.1/STM32CubeIDE/plugins/com.st.stm32cube.ide.mcu.externaltools.gnu-tools-for-stm32.11.3.rel1.win32_1.1.100.202309141235/tools/bin/../lib/gcc/arm-none-eabi/11.3.1/../../../../arm-none-eabi/lib/thumb/v7e-m+fp/hard\libc_nano.a(libc_a-mprec.o)
                0x000000000800dd44                __mdiff
 .text.__d2b    0x000000000800de58       0xb4 C:/ST/STM32CubeIDE_1.5.1/STM32CubeIDE/plugins/com.st.stm32cube.ide.mcu.externaltools.gnu-tools-for-stm32.11.3.rel1.win32_1.1.100.202309141235/tools/bin/../lib/gcc/arm-none-eabi/11.3.1/../../../../arm-none-eabi/lib/thumb/v7e-m+fp/hard\libc_nano.a(libc_a-mprec.o)
                0x000000000800de58                __d2b
 .text.__ssputs_r
                0x000000000800df0c       0xb4 C:/ST/STM32CubeIDE_1.5.1/STM32CubeIDE/plugins/com.st.stm32cube.ide.mcu.externaltools.gnu-tools-for-stm32.11.3.rel1.win32_1.1.100.202309141235/tools/bin/../lib/gcc/arm-none-eabi/11.3.1/../../../../arm-none-eabi/lib/thumb/v7e-m+fp/hard\libc_nano.a(libc_a-nano-svfprintf.o)
                0x000000000800df0c                __ssputs_r
 .text._svfprintf_r
                0x000000000800dfc0      0x1fc C:/ST/STM32CubeIDE_1.5.1/STM32CubeIDE/plugins/com.st.stm32cube.ide.mcu.externaltools.gnu-tools-for-stm32.11.3.rel1.win32_1.1.100.202309141235/tools/bin/../lib/gcc/arm-none-eabi/11.3.1/../../../../arm-none-eabi/lib/thumb/v7e-m+fp/hard\libc_nano.a(libc_a-nano-svfprintf.o)
                0x000000000800dfc0                _svfiprintf_r
                0x000000000800dfc0                _svfprintf_r
 .text.__sflush_r
                0x000000000800e1bc      0x10c C:/ST/STM32CubeIDE_1.5.1/STM32CubeIDE/plugins/com.st.stm32cube.ide.mcu.externaltools.gnu-tools-for-stm32.11.3.rel1.win32_1.1.100.202309141235/tools/bin/../lib/gcc/arm-none-eabi/11.3.1/../../../../arm-none-eabi/lib/thumb/v7e-m+fp/hard\libc_nano.a(libc_a-fflush.o)
                0x000000000800e1bc                __sflush_r
 .text._fflush_r
                0x000000000800e2c8       0x50 C:/ST/STM32CubeIDE_1.5.1/STM32CubeIDE/plugins/com.st.stm32cube.ide.mcu.externaltools.gnu-tools-for-stm32.11.3.rel1.win32_1.1.100.202309141235/tools/bin/../lib/gcc/arm-none-eabi/11.3.1/../../../../arm-none-eabi/lib/thumb/v7e-m+fp/hard\libc_nano.a(libc_a-fflush.o)
                0x000000000800e2c8                _fflush_r
 .text.memmove  0x000000000800e318       0x34 C:/ST/STM32CubeIDE_1.5.1/STM32CubeIDE/plugins/com.st.stm32cube.ide.mcu.externaltools.gnu-tools-for-stm32.11.3.rel1.win32_1.1.100.202309141235/tools/bin/../lib/gcc/arm-none-eabi/11.3.1/../../../../arm-none-eabi/lib/thumb/v7e-m+fp/hard\libc_nano.a(libc_a-memmove.o)
                0x000000000800e318                memmove
 .text._sbrk_r  0x000000000800e34c       0x20 C:/ST/STM32CubeIDE_1.5.1/STM32CubeIDE/plugins/com.st.stm32cube.ide.mcu.externaltools.gnu-tools-for-stm32.11.3.rel1.win32_1.1.100.202309141235/tools/bin/../lib/gcc/arm-none-eabi/11.3.1/../../../../arm-none-eabi/lib/thumb/v7e-m+fp/hard\libc_nano.a(libc_a-sbrkr.o)
                0x000000000800e34c                _sbrk_r
 .text.__assert_func
                0x000000000800e36c       0x3c C:/ST/STM32CubeIDE_1.5.1/STM32CubeIDE/plugins/com.st.stm32cube.ide.mcu.externaltools.gnu-tools-for-stm32.11.3.rel1.win32_1.1.100.202309141235/tools/bin/../lib/gcc/arm-none-eabi/11.3.1/../../../../arm-none-eabi/lib/thumb/v7e-m+fp/hard\libc_nano.a(libc_a-assert.o)
                0x000000000800e36c                __assert_func
 .text._calloc_r
                0x000000000800e3a8       0x2c C:/ST/STM32CubeIDE_1.5.1/STM32CubeIDE/plugins/com.st.stm32cube.ide.mcu.externaltools.gnu-tools-for-stm32.11.3.rel1.win32_1.1.100.202309141235/tools/bin/../lib/gcc/arm-none-eabi/11.3.1/../../../../arm-none-eabi/lib/thumb/v7e-m+fp/hard\libc_nano.a(libc_a-callocr.o)
                0x000000000800e3a8                _calloc_r
 .text.__ascii_mbtowc
                0x000000000800e3d4       0x24 C:/ST/STM32CubeIDE_1.5.1/STM32CubeIDE/plugins/com.st.stm32cube.ide.mcu.externaltools.gnu-tools-for-stm32.11.3.rel1.win32_1.1.100.202309141235/tools/bin/../lib/gcc/arm-none-eabi/11.3.1/../../../../arm-none-eabi/lib/thumb/v7e-m+fp/hard\libc_nano.a(libc_a-mbtowc_r.o)
                0x000000000800e3d4                __ascii_mbtowc
 .text._realloc_r
                0x000000000800e3f8       0x5e C:/ST/STM32CubeIDE_1.5.1/STM32CubeIDE/plugins/com.st.stm32cube.ide.mcu.externaltools.gnu-tools-for-stm32.11.3.rel1.win32_1.1.100.202309141235/tools/bin/../lib/gcc/arm-none-eabi/11.3.1/../../../../arm-none-eabi/lib/thumb/v7e-m+fp/hard\libc_nano.a(libc_a-reallocr.o)
                0x000000000800e3f8                _realloc_r
 .text.__ascii_wctomb
                0x000000000800e456       0x1a C:/ST/STM32CubeIDE_1.5.1/STM32CubeIDE/plugins/com.st.stm32cube.ide.mcu.externaltools.gnu-tools-for-stm32.11.3.rel1.win32_1.1.100.202309141235/tools/bin/../lib/gcc/arm-none-eabi/11.3.1/../../../../arm-none-eabi/lib/thumb/v7e-m+fp/hard\libc_nano.a(libc_a-wctomb_r.o)
                0x000000000800e456                __ascii_wctomb
 .text.fprintf  0x000000000800e470       0x24 C:/ST/STM32CubeIDE_1.5.1/STM32CubeIDE/plugins/com.st.stm32cube.ide.mcu.externaltools.gnu-tools-for-stm32.11.3.rel1.win32_1.1.100.202309141235/tools/bin/../lib/gcc/arm-none-eabi/11.3.1/../../../../arm-none-eabi/lib/thumb/v7e-m+fp/hard\libc_nano.a(libc_a-fprintf.o)
                0x000000000800e470                fiprintf
                0x000000000800e470                fprintf
 .text.abort    0x000000000800e494        0xe C:/ST/STM32CubeIDE_1.5.1/STM32CubeIDE/plugins/com.st.stm32cube.ide.mcu.externaltools.gnu-tools-for-stm32.11.3.rel1.win32_1.1.100.202309141235/tools/bin/../lib/gcc/arm-none-eabi/11.3.1/../../../../arm-none-eabi/lib/thumb/v7e-m+fp/hard\libc_nano.a(libc_a-abort.o)
                0x000000000800e494                abort
 .text._malloc_usable_size_r
                0x000000000800e4a2       0x10 C:/ST/STM32CubeIDE_1.5.1/STM32CubeIDE/plugins/com.st.stm32cube.ide.mcu.externaltools.gnu-tools-for-stm32.11.3.rel1.win32_1.1.100.202309141235/tools/bin/../lib/gcc/arm-none-eabi/11.3.1/../../../../arm-none-eabi/lib/thumb/v7e-m+fp/hard\libc_nano.a(libc_a-msizer.o)
                0x000000000800e4a2                _malloc_usable_size_r
 .text.__sfputc_r
                0x000000000800e4b2       0x2e C:/ST/STM32CubeIDE_1.5.1/STM32CubeIDE/plugins/com.st.stm32cube.ide.mcu.externaltools.gnu-tools-for-stm32.11.3.rel1.win32_1.1.100.202309141235/tools/bin/../lib/gcc/arm-none-eabi/11.3.1/../../../../arm-none-eabi/lib/thumb/v7e-m+fp/hard\libc_nano.a(libc_a-nano-vfprintf.o)
 .text.__sfputs_r
                0x000000000800e4e0       0x24 C:/ST/STM32CubeIDE_1.5.1/STM32CubeIDE/plugins/com.st.stm32cube.ide.mcu.externaltools.gnu-tools-for-stm32.11.3.rel1.win32_1.1.100.202309141235/tools/bin/../lib/gcc/arm-none-eabi/11.3.1/../../../../arm-none-eabi/lib/thumb/v7e-m+fp/hard\libc_nano.a(libc_a-nano-vfprintf.o)
                0x000000000800e4e0                __sfputs_r
 .text._vfprintf_r
                0x000000000800e504      0x234 C:/ST/STM32CubeIDE_1.5.1/STM32CubeIDE/plugins/com.st.stm32cube.ide.mcu.externaltools.gnu-tools-for-stm32.11.3.rel1.win32_1.1.100.202309141235/tools/bin/../lib/gcc/arm-none-eabi/11.3.1/../../../../arm-none-eabi/lib/thumb/v7e-m+fp/hard\libc_nano.a(libc_a-nano-vfprintf.o)
                0x000000000800e504                _vfprintf_r
                0x000000000800e504                _vfiprintf_r
 .text.__swbuf_r
                0x000000000800e738       0x7a C:/ST/STM32CubeIDE_1.5.1/STM32CubeIDE/plugins/com.st.stm32cube.ide.mcu.externaltools.gnu-tools-for-stm32.11.3.rel1.win32_1.1.100.202309141235/tools/bin/../lib/gcc/arm-none-eabi/11.3.1/../../../../arm-none-eabi/lib/thumb/v7e-m+fp/hard\libc_nano.a(libc_a-wbuf.o)
                0x000000000800e738                __swbuf_r
 *fill*         0x000000000800e7b2        0x2 
 .text.__swsetup_r
                0x000000000800e7b4       0xb0 C:/ST/STM32CubeIDE_1.5.1/STM32CubeIDE/plugins/com.st.stm32cube.ide.mcu.externaltools.gnu-tools-for-stm32.11.3.rel1.win32_1.1.100.202309141235/tools/bin/../lib/gcc/arm-none-eabi/11.3.1/../../../../arm-none-eabi/lib/thumb/v7e-m+fp/hard\libc_nano.a(libc_a-wsetup.o)
                0x000000000800e7b4                __swsetup_r
 .text._raise_r
                0x000000000800e864       0x50 C:/ST/STM32CubeIDE_1.5.1/STM32CubeIDE/plugins/com.st.stm32cube.ide.mcu.externaltools.gnu-tools-for-stm32.11.3.rel1.win32_1.1.100.202309141235/tools/bin/../lib/gcc/arm-none-eabi/11.3.1/../../../../arm-none-eabi/lib/thumb/v7e-m+fp/hard\libc_nano.a(libc_a-signal.o)
                0x000000000800e864                _raise_r
 .text.raise    0x000000000800e8b4       0x10 C:/ST/STM32CubeIDE_1.5.1/STM32CubeIDE/plugins/com.st.stm32cube.ide.mcu.externaltools.gnu-tools-for-stm32.11.3.rel1.win32_1.1.100.202309141235/tools/bin/../lib/gcc/arm-none-eabi/11.3.1/../../../../arm-none-eabi/lib/thumb/v7e-m+fp/hard\libc_nano.a(libc_a-signal.o)
                0x000000000800e8b4                raise