Archive member included to satisfy reference by file (symbol)

C:\Users\Gabor\STM32CubeIDE\workspace_1.5.1\GOS2022\Debug\libGOS2022.a(gos_driver.o)
                              ./Core/Src/app.o (gos_driverInit)
C:\Users\Gabor\STM32CubeIDE\workspace_1.5.1\GOS2022\Debug\libGOS2022.a(gos_kernel.o)
                              ./Core/driver/src/gpio_driver.o (schedDisableCntr)
C:\Users\Gabor\STM32CubeIDE\workspace_1.5.1\GOS2022\Debug\libGOS2022.a(gos.o)
                              C:/ST/STM32CubeIDE_1.5.1/STM32CubeIDE/plugins/com.st.stm32cube.ide.mcu.externaltools.gnu-tools-for-stm32.11.3.rel1.win32_1.1.0.202305231506/tools/bin/../lib/gcc/arm-none-eabi/11.3.1/../../../../arm-none-eabi/lib/thumb/v7e-m+fp/hard/crt0.o (main)
C:\Users\Gabor\STM32CubeIDE\workspace_1.5.1\GOS2022\Debug\libGOS2022.a(gos_error.o)
                              C:\Users\Gabor\STM32CubeIDE\workspace_1.5.1\GOS2022\Debug\libGOS2022.a(gos.o) (gos_printStartupLogo)
C:\Users\Gabor\STM32CubeIDE\workspace_1.5.1\GOS2022\Debug\libGOS2022.a(gos_gcp.o)
                              C:\Users\Gabor\STM32CubeIDE\workspace_1.5.1\GOS2022\Debug\libGOS2022.a(gos.o) (gos_gcpInit)
C:\Users\Gabor\STM32CubeIDE\workspace_1.5.1\GOS2022\Debug\libGOS2022.a(gos_message.o)
                              C:\Users\Gabor\STM32CubeIDE\workspace_1.5.1\GOS2022\Debug\libGOS2022.a(gos.o) (gos_messageInit)
C:\Users\Gabor\STM32CubeIDE\workspace_1.5.1\GOS2022\Debug\libGOS2022.a(gos_mutex.o)
                              ./Core/Src/app.o (gos_mutexInit)
C:\Users\Gabor\STM32CubeIDE\workspace_1.5.1\GOS2022\Debug\libGOS2022.a(gos_queue.o)
                              C:\Users\Gabor\STM32CubeIDE\workspace_1.5.1\GOS2022\Debug\libGOS2022.a(gos.o) (gos_queueInit)
C:\Users\Gabor\STM32CubeIDE\workspace_1.5.1\GOS2022\Debug\libGOS2022.a(gos_shell.o)
                              C:\Users\Gabor\STM32CubeIDE\workspace_1.5.1\GOS2022\Debug\libGOS2022.a(gos.o) (gos_shellInit)
C:\Users\Gabor\STM32CubeIDE\workspace_1.5.1\GOS2022\Debug\libGOS2022.a(gos_signal.o)
                              C:\Users\Gabor\STM32CubeIDE\workspace_1.5.1\GOS2022\Debug\libGOS2022.a(gos.o) (gos_signalInit)
C:\Users\Gabor\STM32CubeIDE\workspace_1.5.1\GOS2022\Debug\libGOS2022.a(gos_time.o)
                              C:\Users\Gabor\STM32CubeIDE\workspace_1.5.1\GOS2022\Debug\libGOS2022.a(gos.o) (gos_timeInit)
C:\Users\Gabor\STM32CubeIDE\workspace_1.5.1\GOS2022\Debug\libGOS2022.a(gos_trace.o)
                              C:\Users\Gabor\STM32CubeIDE\workspace_1.5.1\GOS2022\Debug\libGOS2022.a(gos.o) (gos_traceInit)
C:\Users\Gabor\STM32CubeIDE\workspace_1.5.1\GOS2022\Debug\libGOS2022.a(gos_trigger.o)
                              ./Core/Src/app.o (gos_triggerInit)
C:\Users\Gabor\STM32CubeIDE\workspace_1.5.1\GOS2022\Debug\libGOS2022.a(gos_crc_driver.o)
                              C:\Users\Gabor\STM32CubeIDE\workspace_1.5.1\GOS2022\Debug\libGOS2022.a(gos_gcp.o) (gos_crcDriverGetCrc)
C:\Users\Gabor\STM32CubeIDE\workspace_1.5.1\GOS2022\Debug\libGOS2022.a(gos_shell_driver.o)
                              C:\Users\Gabor\STM32CubeIDE\workspace_1.5.1\GOS2022\Debug\libGOS2022.a(gos_shell.o) (gos_shellDriverReceiveChar)
C:\Users\Gabor\STM32CubeIDE\workspace_1.5.1\GOS2022\Debug\libGOS2022.a(gos_timer_driver.o)
                              C:\Users\Gabor\STM32CubeIDE\workspace_1.5.1\GOS2022\Debug\libGOS2022.a(gos_kernel.o) (gos_timerDriverSysTimerGet)
C:\Users\Gabor\STM32CubeIDE\workspace_1.5.1\GOS2022\Debug\libGOS2022.a(gos_trace_driver.o)
                              C:\Users\Gabor\STM32CubeIDE\workspace_1.5.1\GOS2022\Debug\libGOS2022.a(gos_trace.o) (gos_traceDriverTransmitString)
C:/ST/STM32CubeIDE_1.5.1/STM32CubeIDE/plugins/com.st.stm32cube.ide.mcu.externaltools.gnu-tools-for-stm32.11.3.rel1.win32_1.1.0.202305231506/tools/bin/../lib/gcc/arm-none-eabi/11.3.1/../../../../arm-none-eabi/lib/thumb/v7e-m+fp/hard\libc_nano.a(libc_a-exit.o)
                              C:/ST/STM32CubeIDE_1.5.1/STM32CubeIDE/plugins/com.st.stm32cube.ide.mcu.externaltools.gnu-tools-for-stm32.11.3.rel1.win32_1.1.0.202305231506/tools/bin/../lib/gcc/arm-none-eabi/11.3.1/../../../../arm-none-eabi/lib/thumb/v7e-m+fp/hard/crt0.o (exit)
C:/ST/STM32CubeIDE_1.5.1/STM32CubeIDE/plugins/com.st.stm32cube.ide.mcu.externaltools.gnu-tools-for-stm32.11.3.rel1.win32_1.1.0.202305231506/tools/bin/../lib/gcc/arm-none-eabi/11.3.1/../../../../arm-none-eabi/lib/thumb/v7e-m+fp/hard\libc_nano.a(libc_a-strtol.o)
                              C:\Users\Gabor\STM32CubeIDE\workspace_1.5.1\GOS2022\Debug\libGOS2022.a(gos_shell.o) (strtol)
C:/ST/STM32CubeIDE_1.5.1/STM32CubeIDE/plugins/com.st.stm32cube.ide.mcu.externaltools.gnu-tools-for-stm32.11.3.rel1.win32_1.1.0.202305231506/tools/bin/../lib/gcc/arm-none-eabi/11.3.1/../../../../arm-none-eabi/lib/thumb/v7e-m+fp/hard\libc_nano.a(libc_a-ctype_.o)
[...]
Memory Configuration

Name             Origin             Length             Attributes
RAM              0x0000000020000000 0x0000000000020000 xrw
BIOS             0x0000000008070000 0x0000000000010000 xr
APP              0x0000000008000000 0x0000000000070000 xr
*default*        0x0000000000000000 0xffffffffffffffff

Linker script and memory map

LOAD C:/ST/STM32CubeIDE_1.5.1/STM32CubeIDE/plugins/com.st.stm32cube.ide.mcu.externaltools.gnu-tools-for-stm32.11.3.rel1.win32_1.1.0.202305231506/tools/bin/../lib/gcc/arm-none-eabi/11.3.1/thumb/v7e-m+fp/hard/crti.o
LOAD C:/ST/STM32CubeIDE_1.5.1/STM32CubeIDE/plugins/com.st.stm32cube.ide.mcu.externaltools.gnu-tools-for-stm32.11.3.rel1.win32_1.1.0.202305231506/tools/bin/../lib/gcc/arm-none-eabi/11.3.1/thumb/v7e-m+fp/hard/crtbegin.o
LOAD C:/ST/STM32CubeIDE_1.5.1/STM32CubeIDE/plugins/com.st.stm32cube.ide.mcu.externaltools.gnu-tools-for-stm32.11.3.rel1.win32_1.1.0.202305231506/tools/bin/../lib/gcc/arm-none-eabi/11.3.1/../../../../arm-none-eabi/lib/thumb/v7e-m+fp/hard/crt0.o
LOAD ./Core/Src/app.o
LOAD ./Core/Src/syscalls.o
LOAD ./Core/Src/sysmem.o
LOAD ./Core/Src/system_stm32f4xx.o
LOAD ./Core/Startup/startup_stm32f446retx.o
LOAD ./Core/driver/src/driver.o
LOAD ./Core/driver/src/gpio_driver.o
LOAD ./Core/driver/src/iodef.o
LOAD ./Core/driver/src/rcc_driver.o
LOAD ./Core/driver/src/timer_driver.o
LOAD ./Core/driver/src/uart_driver.o
LOAD ./Drivers/STM32F4xx_HAL_Driver/Src/stm32f4xx_hal.o
LOAD ./Drivers/STM32F4xx_HAL_Driver/Src/stm32f4xx_hal_adc.o
LOAD ./Drivers/STM32F4xx_HAL_Driver/Src/stm32f4xx_hal_adc_ex.o
LOAD ./Drivers/STM32F4xx_HAL_Driver/Src/stm32f4xx_hal_cortex.o
LOAD ./Drivers/STM32F4xx_HAL_Driver/Src/stm32f4xx_hal_dac.o
LOAD ./Drivers/STM32F4xx_HAL_Driver/Src/stm32f4xx_hal_dac_ex.o
LOAD ./Drivers/STM32F4xx_HAL_Driver/Src/stm32f4xx_hal_dma.o
LOAD ./Drivers/STM32F4xx_HAL_Driver/Src/stm32f4xx_hal_dma_ex.o
LOAD ./Drivers/STM32F4xx_HAL_Driver/Src/stm32f4xx_hal_exti.o
LOAD ./Drivers/STM32F4xx_HAL_Driver/Src/stm32f4xx_hal_flash.o
LOAD ./Drivers/STM32F4xx_HAL_Driver/Src/stm32f4xx_hal_flash_ex.o
LOAD ./Drivers/STM32F4xx_HAL_Driver/Src/stm32f4xx_hal_flash_ramfunc.o
LOAD ./Drivers/STM32F4xx_HAL_Driver/Src/stm32f4xx_hal_gpio.o
LOAD ./Drivers/STM32F4xx_HAL_Driver/Src/stm32f4xx_hal_i2c.o
LOAD ./Drivers/STM32F4xx_HAL_Driver/Src/stm32f4xx_hal_i2c_ex.o
LOAD ./Drivers/STM32F4xx_HAL_Driver/Src/stm32f4xx_hal_pwr.o
LOAD ./Drivers/STM32F4xx_HAL_Driver/Src/stm32f4xx_hal_pwr_ex.o
LOAD ./Drivers/STM32F4xx_HAL_Driver/Src/stm32f4xx_hal_rcc.o
LOAD ./Drivers/STM32F4xx_HAL_Driver/Src/stm32f4xx_hal_rcc_ex.o
LOAD ./Drivers/STM32F4xx_HAL_Driver/Src/stm32f4xx_hal_spi.o
LOAD ./Drivers/STM32F4xx_HAL_Driver/Src/stm32f4xx_hal_tim.o
LOAD ./Drivers/STM32F4xx_HAL_Driver/Src/stm32f4xx_hal_tim_ex.o
LOAD ./Drivers/STM32F4xx_HAL_Driver/Src/stm32f4xx_hal_uart.o
LOAD C:\Users\Gabor\STM32CubeIDE\workspace_1.5.1\GOS2022\Debug\libGOS2022.a
START GROUP
LOAD C:/ST/STM32CubeIDE_1.5.1/STM32CubeIDE/plugins/com.st.stm32cube.ide.mcu.externaltools.gnu-tools-for-stm32.11.3.rel1.win32_1.1.0.202305231506/tools/bin/../lib/gcc/arm-none-eabi/11.3.1/../../../../arm-none-eabi/lib/thumb/v7e-m+fp/hard\libc_nano.a
LOAD C:/ST/STM32CubeIDE_1.5.1/STM32CubeIDE/plugins/com.st.stm32cube.ide.mcu.externaltools.gnu-tools-for-stm32.11.3.rel1.win32_1.1.0.202305231506/tools/bin/../lib/gcc/arm-none-eabi/11.3.1/../../../../arm-none-eabi/lib/thumb/v7e-m+fp/hard\libm.a
END GROUP
START GROUP
LOAD C:/ST/STM32CubeIDE_1.5.1/STM32CubeIDE/plugins/com.st.stm32cube.ide.mcu.externaltools.gnu-tools-for-stm32.11.3.rel1.win32_1.1.0.202305231506/tools/bin/../lib/gcc/arm-none-eabi/11.3.1/thumb/v7e-m+fp/hard\libgcc.a
LOAD C:/ST/STM32CubeIDE_1.5.1/STM32CubeIDE/plugins/com.st.stm32cube.ide.mcu.externaltools.gnu-tools-for-stm32.11.3.rel1.win32_1.1.0.202305231506/tools/bin/../lib/gcc/arm-none-eabi/11.3.1/../../../../arm-none-eabi/lib/thumb/v7e-m+fp/hard\libc_nano.a
END GROUP
START GROUP
LOAD C:/ST/STM32CubeIDE_1.5.1/STM32CubeIDE/plugins/com.st.stm32cube.ide.mcu.externaltools.gnu-tools-for-stm32.11.3.rel1.win32_1.1.0.202305231506/tools/bin/../lib/gcc/arm-none-eabi/11.3.1/thumb/v7e-m+fp/hard\libgcc.a
LOAD C:/ST/STM32CubeIDE_1.5.1/STM32CubeIDE/plugins/com.st.stm32cube.ide.mcu.externaltools.gnu-tools-for-stm32.11.3.rel1.win32_1.1.0.202305231506/tools/bin/../lib/gcc/arm-none-eabi/11.3.1/../../../../arm-none-eabi/lib/thumb/v7e-m+fp/hard\libc_nano.a
LOAD C:/ST/STM32CubeIDE_1.5.1/STM32CubeIDE/plugins/com.st.stm32cube.ide.mcu.externaltools.gnu-tools-for-stm32.11.3.rel1.win32_1.1.0.202305231506/tools/bin/../lib/gcc/arm-none-eabi/11.3.1/../../../../arm-none-eabi/lib/thumb/v7e-m+fp/hard\libnosys.a
END GROUP
START GROUP
LOAD C:/ST/STM32CubeIDE_1.5.1/STM32CubeIDE/plugins/com.st.stm32cube.ide.mcu.externaltools.gnu-tools-for-stm32.11.3.rel1.win32_1.1.0.202305231506/tools/bin/../lib/gcc/arm-none-eabi/11.3.1/thumb/v7e-m+fp/hard\libgcc.a
LOAD C:/ST/STM32CubeIDE_1.5.1/STM32CubeIDE/plugins/com.st.stm32cube.ide.mcu.externaltools.gnu-tools-for-stm32.11.3.rel1.win32_1.1.0.202305231506/tools/bin/../lib/gcc/arm-none-eabi/11.3.1/../../../../arm-none-eabi/lib/thumb/v7e-m+fp/hard\libc_nano.a
LOAD C:/ST/STM32CubeIDE_1.5.1/STM32CubeIDE/plugins/com.st.stm32cube.ide.mcu.externaltools.gnu-tools-for-stm32.11.3.rel1.win32_1.1.0.202305231506/tools/bin/../lib/gcc/arm-none-eabi/11.3.1/../../../../arm-none-eabi/lib/thumb/v7e-m+fp/hard\libnosys.a
END GROUP
LOAD C:/ST/STM32CubeIDE_1.5.1/STM32CubeIDE/plugins/com.st.stm32cube.ide.mcu.externaltools.gnu-tools-for-stm32.11.3.rel1.win32_1.1.0.202305231506/tools/bin/../lib/gcc/arm-none-eabi/11.3.1/thumb/v7e-m+fp/hard/crtend.o
LOAD C:/ST/STM32CubeIDE_1.5.1/STM32CubeIDE/plugins/com.st.stm32cube.ide.mcu.externaltools.gnu-tools-for-stm32.11.3.rel1.win32_1.1.0.202305231506/tools/bin/../lib/gcc/arm-none-eabi/11.3.1/thumb/v7e-m+fp/hard/crtn.o
                0x0000000020020000                _estack = (ORIGIN (RAM) + LENGTH (RAM))
                0x0000000000000400                _Min_Heap_Size = 0x400
                0x0000000000000400                _Min_Stack_Size = 0x400

.isr_vector     0x0000000008000000      0x1c4
                0x0000000008000000                . = ALIGN (0x4)
 *(.isr_vector)
 .isr_vector    0x0000000008000000      0x1c4 ./Core/Startup/startup_stm32f446retx.o
                0x0000000008000000                g_pfnVectors
                0x00000000080001c4                . = ALIGN (0x4)

.text           0x00000000080001d0     0xcee4
                0x00000000080001d0                . = ALIGN (0x4)
 *(.text)
 .text          0x00000000080001d0       0x40 C:/ST/STM32CubeIDE_1.5.1/STM32CubeIDE/plugins/com.st.stm32cube.ide.mcu.externaltools.gnu-tools-for-stm32.11.3.rel1.win32_1.1.0.202305231506/tools/bin/../lib/gcc/arm-none-eabi/11.3.1/thumb/v7e-m+fp/hard/crtbegin.o
 .text          0x0000000008000210       0x14 C:/ST/STM32CubeIDE_1.5.1/STM32CubeIDE/plugins/com.st.stm32cube.ide.mcu.externaltools.gnu-tools-for-stm32.11.3.rel1.win32_1.1.0.202305231506/tools/bin/../lib/gcc/arm-none-eabi/11.3.1/../../../../arm-none-eabi/lib/thumb/v7e-m+fp/hard\libc_nano.a(libc_a-strcmp.o)
                0x0000000008000210                strcmp
 *fill*         0x0000000008000224        0xc 
 .text          0x0000000008000230       0xa0 C:/ST/STM32CubeIDE_1.5.1/STM32CubeIDE/plugins/com.st.stm32cube.ide.mcu.externaltools.gnu-tools-for-stm32.11.3.rel1.win32_1.1.0.202305231506/tools/bin/../lib/gcc/arm-none-eabi/11.3.1/../../../../arm-none-eabi/lib/thumb/v7e-m+fp/hard\libc_nano.a(libc_a-memchr.o)
                0x0000000008000230                memchr
 .text          0x00000000080002d0       0x10 C:/ST/STM32CubeIDE_1.5.1/STM32CubeIDE/plugins/com.st.stm32cube.ide.mcu.externaltools.gnu-tools-for-stm32.11.3.rel1.win32_1.1.0.202305231506/tools/bin/../lib/gcc/arm-none-eabi/11.3.1/../../../../arm-none-eabi/lib/thumb/v7e-m+fp/hard\libc_nano.a(libc_a-strlen.o)
                0x00000000080002d0                strlen
 .text          0x00000000080002e0      0x378 C:/ST/STM32CubeIDE_1.5.1/STM32CubeIDE/plugins/com.st.stm32cube.ide.mcu.externaltools.gnu-tools-for-stm32.11.3.rel1.win32_1.1.0.202305231506/tools/bin/../lib/gcc/arm-none-eabi/11.3.1/thumb/v7e-m+fp/hard\libgcc.a(_arm_addsubdf3.o)
                0x00000000080002e0                __aeabi_drsub
                0x00000000080002e8                __aeabi_dsub
                0x00000000080002e8                __subdf3
                0x00000000080002ec                __aeabi_dadd
                0x00000000080002ec                __adddf3
                0x0000000008000564                __floatunsidf
                0x0000000008000564                __aeabi_ui2d
                0x0000000008000584                __floatsidf
                0x0000000008000584                __aeabi_i2d
                0x00000000080005a8                __aeabi_f2d
                0x00000000080005a8                __extendsfdf2
                0x00000000080005ec                __floatundidf
                0x00000000080005ec                __aeabi_ul2d
                0x00000000080005fc                __floatdidf
                0x00000000080005fc                __aeabi_l2d
 .text          0x0000000008000658      0x424 C:/ST/STM32CubeIDE_1.5.1/STM32CubeIDE/plugins/com.st.stm32cube.ide.mcu.externaltools.gnu-tools-for-stm32.11.3.rel1.win32_1.1.0.202305231506/tools/bin/../lib/gcc/arm-none-eabi/11.3.1/thumb/v7e-m+fp/hard\libgcc.a(_arm_muldivdf3.o)
                0x0000000008000658                __aeabi_dmul
                0x0000000008000658                __muldf3
                0x00000000080008ac                __divdf3
                0x00000000080008ac                __aeabi_ddiv
 .text          0x0000000008000a7c      0x110 C:/ST/STM32CubeIDE_1.5.1/STM32CubeIDE/plugins/com.st.stm32cube.ide.mcu.externaltools.gnu-tools-for-stm32.11.3.rel1.win32_1.1.0.202305231506/tools/bin/../lib/gcc/arm-none-eabi/11.3.1/thumb/v7e-m+fp/hard\libgcc.a(_arm_cmpdf2.o)
                0x0000000008000a7c                __gtdf2
                0x0000000008000a7c                __gedf2
                0x0000000008000a84                __ltdf2
                0x0000000008000a84                __ledf2
                0x0000000008000a8c                __nedf2
                0x0000000008000a8c                __eqdf2
                0x0000000008000a8c                __cmpdf2
                0x0000000008000b08                __aeabi_cdrcmple
                0x0000000008000b18                __aeabi_cdcmpeq
                0x0000000008000b18                __aeabi_cdcmple
                0x0000000008000b28                __aeabi_dcmpeq
                0x0000000008000b3c                __aeabi_dcmplt
                0x0000000008000b50                __aeabi_dcmple
                0x0000000008000b64                __aeabi_dcmpge
                0x0000000008000b78                __aeabi_dcmpgt
 .text          0x0000000008000b8c       0x2c C:/ST/STM32CubeIDE_1.5.1/STM32CubeIDE/plugins/com.st.stm32cube.ide.mcu.externaltools.gnu-tools-for-stm32.11.3.rel1.win32_1.1.0.202305231506/tools/bin/../lib/gcc/arm-none-eabi/11.3.1/thumb/v7e-m+fp/hard\libgcc.a(_arm_unorddf2.o)
                0x0000000008000b8c                __unorddf2
                0x0000000008000b8c                __aeabi_dcmpun
 .text          0x0000000008000bb8       0x50 C:/ST/STM32CubeIDE_1.5.1/STM32CubeIDE/plugins/com.st.stm32cube.ide.mcu.externaltools.gnu-tools-for-stm32.11.3.rel1.win32_1.1.0.202305231506/tools/bin/../lib/gcc/arm-none-eabi/11.3.1/thumb/v7e-m+fp/hard\libgcc.a(_arm_fixdfsi.o)
                0x0000000008000bb8                __aeabi_d2iz
                0x0000000008000bb8                __fixdfsi
 .text          0x0000000008000c08       0x30 C:/ST/STM32CubeIDE_1.5.1/STM32CubeIDE/plugins/com.st.stm32cube.ide.mcu.externaltools.gnu-tools-for-stm32.11.3.rel1.win32_1.1.0.202305231506/tools/bin/../lib/gcc/arm-none-eabi/11.3.1/thumb/v7e-m+fp/hard\libgcc.a(_aeabi_uldivmod.o)
                0x0000000008000c08                __aeabi_uldivmod
 .text          0x0000000008000c38      0x2c8 C:/ST/STM32CubeIDE_1.5.1/STM32CubeIDE/plugins/com.st.stm32cube.ide.mcu.externaltools.gnu-tools-for-stm32.11.3.rel1.win32_1.1.0.202305231506/tools/bin/../lib/gcc/arm-none-eabi/11.3.1/thumb/v7e-m+fp/hard\libgcc.a(_udivmoddi4.o)
                0x0000000008000c38                __udivmoddi4
 .text          0x0000000008000f00        0x4 C:/ST/STM32CubeIDE_1.5.1/STM32CubeIDE/plugins/com.st.stm32cube.ide.mcu.externaltools.gnu-tools-for-stm32.11.3.rel1.win32_1.1.0.202305231506/tools/bin/../lib/gcc/arm-none-eabi/11.3.1/thumb/v7e-m+fp/hard\libgcc.a(_dvmd_tls.o)
                0x0000000008000f00                __aeabi_idiv0
                0x0000000008000f00                __aeabi_ldiv0
 *(.text*)
 .text.gos_platformDriverInit
                0x0000000008000f04       0x58 ./Core/Src/app.o
                0x0000000008000f04                gos_platformDriverInit
 .text.gos_userApplicationInit
                0x0000000008000f5c       0xdc ./Core/Src/app.o
                0x0000000008000f5c                gos_userApplicationInit
 .text.APP_LedTask
                0x0000000008001038       0x28 ./Core/Src/app.o
 .text.APP_LifeSignTask
                0x0000000008001060       0x54 ./Core/Src/app.o
 .text.APP_ButtonTask
                0x00000000080010b4       0x6c ./Core/Src/app.o
 .text.APP_ButtonPressedInterruptCallback
                0x0000000008001120       0x24 ./Core/Src/app.o
 .text.APP_HighPriorityTask
                0x0000000008001144       0x8c ./Core/Src/app.o
 .text.APP_MediumPriorityTask
                0x00000000080011d0       0x50 ./Core/Src/app.o
 .text.APP_LowPriorityTask
                0x0000000008001220       0x84 ./Core/Src/app.o
 .text._getpid  0x00000000080012a4       0x10 ./Core/Src/syscalls.o
                0x00000000080012a4                _getpid
 .text._kill    0x00000000080012b4       0x20 ./Core/Src/syscalls.o
                0x00000000080012b4                _kill
 .text._exit    0x00000000080012d4       0x14 ./Core/Src/syscalls.o
                0x00000000080012d4                _exit
 .text._read    0x00000000080012e8       0x3a ./Core/Src/syscalls.o
                0x00000000080012e8                _read
 .text._write   0x0000000008001322       0x38 ./Core/Src/syscalls.o
                0x0000000008001322                _write
 .text._close   0x000000000800135a       0x18 ./Core/Src/syscalls.o
                0x000000000800135a                _close
 .text._fstat   0x0000000008001372       0x20 ./Core/Src/syscalls.o
                0x0000000008001372                _fstat
 .text._isatty  0x0000000008001392       0x16 ./Core/Src/syscalls.o
                0x0000000008001392                _isatty
 .text._lseek   0x00000000080013a8       0x1a ./Core/Src/syscalls.o
                0x00000000080013a8                _lseek
 *fill*         0x00000000080013c2        0x2 
 .text._sbrk    0x00000000080013c4       0x6c ./Core/Src/sysmem.o
                0x00000000080013c4                _sbrk
 .text.SystemInit
                0x0000000008001430       0x2c ./Core/Src/system_stm32f4xx.o
                0x0000000008001430                SystemInit
 .text.Reset_Handler
                0x000000000800145c       0x50 ./Core/Startup/startup_stm32f446retx.o
                0x000000000800145c                Reset_Handler
 .text.Default_Handler
                0x00000000080014ac        0x2 ./Core/Startup/startup_stm32f446retx.o
                0x00000000080014ac                RTC_Alarm_IRQHandler
                0x00000000080014ac                EXTI2_IRQHandler
                0x00000000080014ac                TIM8_CC_IRQHandler
                0x00000000080014ac                DebugMon_Handler
                0x00000000080014ac                FMPI2C1_EV_IRQHandler
                0x00000000080014ac                SPI4_IRQHandler
                0x00000000080014ac                TIM1_CC_IRQHandler
                0x00000000080014ac                DMA2_Stream5_IRQHandler
                0x00000000080014ac                DMA1_Stream5_IRQHandler
                0x00000000080014ac                PVD_IRQHandler
                0x00000000080014ac                SDIO_IRQHandler
                0x00000000080014ac                TAMP_STAMP_IRQHandler
                0x00000000080014ac                CAN2_RX1_IRQHandler
                0x00000000080014ac                EXTI3_IRQHandler
                0x00000000080014ac                TIM8_TRG_COM_TIM14_IRQHandler
                0x00000000080014ac                TIM1_UP_TIM10_IRQHandler
                0x00000000080014ac                TIM8_UP_TIM13_IRQHandler
                0x00000000080014ac                I2C3_ER_IRQHandler
                0x00000000080014ac                EXTI0_IRQHandler
                0x00000000080014ac                I2C2_EV_IRQHandler
                0x00000000080014ac                DMA1_Stream2_IRQHandler
                0x00000000080014ac                CAN1_RX0_IRQHandler
                0x00000000080014ac                FPU_IRQHandler
                0x00000000080014ac                OTG_HS_WKUP_IRQHandler
                0x00000000080014ac                CAN2_SCE_IRQHandler
                0x00000000080014ac                DMA2_Stream2_IRQHandler
                0x00000000080014ac                SPI1_IRQHandler
                0x00000000080014ac                TIM6_DAC_IRQHandler
                0x00000000080014ac                TIM1_BRK_TIM9_IRQHandler
                0x00000000080014ac                DCMI_IRQHandler
                0x00000000080014ac                CAN2_RX0_IRQHandler
                0x00000000080014ac                DMA2_Stream3_IRQHandler
                0x00000000080014ac                SAI2_IRQHandler
                0x00000000080014ac                USART6_IRQHandler
                0x00000000080014ac                USART3_IRQHandler
                0x00000000080014ac                CAN1_RX1_IRQHandler
                0x00000000080014ac                DMA2_Stream0_IRQHandler
                0x00000000080014ac                TIM4_IRQHandler
                0x00000000080014ac                QUADSPI_IRQHandler
                0x00000000080014ac                I2C1_EV_IRQHandler
                0x00000000080014ac                DMA1_Stream1_IRQHandler
                0x00000000080014ac                UART4_IRQHandler
                0x00000000080014ac                TIM3_IRQHandler
                0x00000000080014ac                RCC_IRQHandler
                0x00000000080014ac                TIM8_BRK_TIM12_IRQHandler
                0x00000000080014ac                Default_Handler
                0x00000000080014ac                CEC_IRQHandler
                0x00000000080014ac                ADC_IRQHandler
                0x00000000080014ac                DMA1_Stream7_IRQHandler
                0x00000000080014ac                TIM7_IRQHandler
                0x00000000080014ac                CAN2_TX_IRQHandler
                0x00000000080014ac                TIM5_IRQHandler
                0x00000000080014ac                DMA2_Stream7_IRQHandler
                0x00000000080014ac                I2C3_EV_IRQHandler
                0x00000000080014ac                EXTI9_5_IRQHandler
                0x00000000080014ac                RTC_WKUP_IRQHandler
                0x00000000080014ac                SPDIF_RX_IRQHandler
                0x00000000080014ac                SPI2_IRQHandler
                0x00000000080014ac                OTG_HS_EP1_IN_IRQHandler
                0x00000000080014ac                CAN1_TX_IRQHandler
                0x00000000080014ac                FMPI2C1_ER_IRQHandler
                0x00000000080014ac                EXTI4_IRQHandler
                0x00000000080014ac                OTG_HS_EP1_OUT_IRQHandler
                0x00000000080014ac                WWDG_IRQHandler
                0x00000000080014ac                TIM2_IRQHandler
                0x00000000080014ac                OTG_FS_WKUP_IRQHandler
                0x00000000080014ac                TIM1_TRG_COM_TIM11_IRQHandler
                0x00000000080014ac                OTG_HS_IRQHandler
                0x00000000080014ac                EXTI1_IRQHandler
                0x00000000080014ac                I2C2_ER_IRQHandler
                0x00000000080014ac                DMA2_Stream1_IRQHandler
                0x00000000080014ac                CAN1_SCE_IRQHandler
                0x00000000080014ac                FLASH_IRQHandler
                0x00000000080014ac                DMA2_Stream4_IRQHandler
                0x00000000080014ac                USART1_IRQHandler
                0x00000000080014ac                OTG_FS_IRQHandler
                0x00000000080014ac                SPI3_IRQHandler
                0x00000000080014ac                DMA1_Stream4_IRQHandler
                0x00000000080014ac                I2C1_ER_IRQHandler
                0x00000000080014ac                FMC_IRQHandler
                0x00000000080014ac                DMA2_Stream6_IRQHandler
                0x00000000080014ac                SAI1_IRQHandler
                0x00000000080014ac                DMA1_Stream3_IRQHandler
 *fill*         0x00000000080014ae        0x2 
 .text.driver_init
                0x00000000080014b0       0x90 ./Core/driver/src/driver.o
                0x00000000080014b0                driver_init
 .text.sysTickHook
                0x0000000008001540        0xc ./Core/driver/src/driver.o
 .text.gpio_driverInit
                0x000000000800154c       0xf4 ./Core/driver/src/gpio_driver.o
                0x000000000800154c                gpio_driverInit
 .text.gpio_driverInitPin
                0x0000000008001640       0x5e ./Core/driver/src/gpio_driver.o
                0x0000000008001640                gpio_driverInitPin
 *fill*         0x000000000800169e        0x2 
 .text.gpio_driverRegisterItCallback
                0x00000000080016a0       0x70 ./Core/driver/src/gpio_driver.o
                0x00000000080016a0                gpio_driverRegisterItCallback
 .text.gpio_driverTogglePin
                0x0000000008001710       0x30 ./Core/driver/src/gpio_driver.o
                0x0000000008001710                gpio_driverTogglePin
 .text.EXTI15_10_IRQHandler
                0x0000000008001740       0x70 ./Core/driver/src/gpio_driver.o
                0x0000000008001740                EXTI15_10_IRQHandler
 .text.HAL_GPIO_EXTI_Callback
                0x00000000080017b0       0xa0 ./Core/driver/src/gpio_driver.o
                0x00000000080017b0                HAL_GPIO_EXTI_Callback
 .text.iodef_get
                0x0000000008001850       0x28 ./Core/driver/src/iodef.o
                0x0000000008001850                iodef_get
 .text.rcc_driverInit
                0x0000000008001878       0xe0 ./Core/driver/src/rcc_driver.o
                0x0000000008001878                rcc_driverInit
 .text.timer_driverSystimerInit
                0x0000000008001958       0x80 ./Core/driver/src/timer_driver.o
                0x0000000008001958                timer_driverSystimerInit
 .text.timer_driverSystimerGet
                0x00000000080019d8       0x34 ./Core/driver/src/timer_driver.o
                0x00000000080019d8                timer_driverSystimerGet
 .text.uart_driverInit
                0x0000000008001a0c      0x184 ./Core/driver/src/uart_driver.o
                0x0000000008001a0c                uart_driverInit
 .text.uart_driverTraceTransmitStringUnsafe
                0x0000000008001b90       0x6c ./Core/driver/src/uart_driver.o
                0x0000000008001b90                uart_driverTraceTransmitStringUnsafe
 .text.uart_driverTraceTransmitString
                0x0000000008001bfc       0x70 ./Core/driver/src/uart_driver.o
                0x0000000008001bfc                uart_driverTraceTransmitString
 .text.uart_driverShellReceiveChar
                0x0000000008001c6c       0x64 ./Core/driver/src/uart_driver.o
                0x0000000008001c6c                uart_driverShellReceiveChar
 .text.uart_driverShellTransmitString
                0x0000000008001cd0       0x70 ./Core/driver/src/uart_driver.o
                0x0000000008001cd0                uart_driverShellTransmitString
 .text.HAL_UART_MspInit
                0x0000000008001d40      0x124 ./Core/driver/src/uart_driver.o
                0x0000000008001d40                HAL_UART_MspInit
 .text.USART2_IRQHandler
                0x0000000008001e64       0x6c ./Core/driver/src/uart_driver.o
                0x0000000008001e64                USART2_IRQHandler
 .text.UART5_IRQHandler
                0x0000000008001ed0       0x6c ./Core/driver/src/uart_driver.o
                0x0000000008001ed0                UART5_IRQHandler
 .text.HAL_UART_TxCpltCallback
                0x0000000008001f3c       0x44 ./Core/driver/src/uart_driver.o
                0x0000000008001f3c                HAL_UART_TxCpltCallback
 .text.HAL_UART_RxCpltCallback
                0x0000000008001f80       0x28 ./Core/driver/src/uart_driver.o
                0x0000000008001f80                HAL_UART_RxCpltCallback
 .text.DMA1_Stream0_IRQHandler
                0x0000000008001fa8       0x14 ./Core/driver/src/uart_driver.o
                0x0000000008001fa8                DMA1_Stream0_IRQHandler
 .text.DMA1_Stream6_IRQHandler
                0x0000000008001fbc       0x14 ./Core/driver/src/uart_driver.o
                0x0000000008001fbc                DMA1_Stream6_IRQHandler
 .text.HAL_Init
                0x0000000008001fd0       0x44 ./Drivers/STM32F4xx_HAL_Driver/Src/stm32f4xx_hal.o
                0x0000000008001fd0                HAL_Init
 .text.HAL_MspInit
                0x0000000008002014        0xe ./Drivers/STM32F4xx_HAL_Driver/Src/stm32f4xx_hal.o
                0x0000000008002014                HAL_MspInit
 *fill*         0x0000000008002022        0x2 
 .text.HAL_InitTick
                0x0000000008002024       0x60 ./Drivers/STM32F4xx_HAL_Driver/Src/stm32f4xx_hal.o
                0x0000000008002024                HAL_InitTick
 .text.HAL_IncTick
                0x0000000008002084       0x28 ./Drivers/STM32F4xx_HAL_Driver/Src/stm32f4xx_hal.o
                0x0000000008002084                HAL_IncTick
 .text.HAL_GetTick
                0x00000000080020ac       0x18 ./Drivers/STM32F4xx_HAL_Driver/Src/stm32f4xx_hal.o
                0x00000000080020ac                HAL_GetTick
 .text.__NVIC_SetPriorityGrouping
                0x00000000080020c4       0x48 ./Drivers/STM32F4xx_HAL_Driver/Src/stm32f4xx_hal_cortex.o
 .text.__NVIC_GetPriorityGrouping
                0x000000000800210c       0x1c ./Drivers/STM32F4xx_HAL_Driver/Src/stm32f4xx_hal_cortex.o
 .text.__NVIC_EnableIRQ
                0x0000000008002128       0x3c ./Drivers/STM32F4xx_HAL_Driver/Src/stm32f4xx_hal_cortex.o
 .text.__NVIC_SetPriority
                0x0000000008002164       0x54 ./Drivers/STM32F4xx_HAL_Driver/Src/stm32f4xx_hal_cortex.o
 .text.NVIC_EncodePriority
                0x00000000080021b8       0x66 ./Drivers/STM32F4xx_HAL_Driver/Src/stm32f4xx_hal_cortex.o
 *fill*         0x000000000800221e        0x2 
 .text.SysTick_Config
                0x0000000008002220       0x44 ./Drivers/STM32F4xx_HAL_Driver/Src/stm32f4xx_hal_cortex.o
 .text.HAL_NVIC_SetPriorityGrouping
                0x0000000008002264       0x16 ./Drivers/STM32F4xx_HAL_Driver/Src/stm32f4xx_hal_cortex.o
                0x0000000008002264                HAL_NVIC_SetPriorityGrouping
 .text.HAL_NVIC_SetPriority
                0x000000000800227a       0x38 ./Drivers/STM32F4xx_HAL_Driver/Src/stm32f4xx_hal_cortex.o
                0x000000000800227a                HAL_NVIC_SetPriority
 .text.HAL_NVIC_EnableIRQ
                0x00000000080022b2       0x1c ./Drivers/STM32F4xx_HAL_Driver/Src/stm32f4xx_hal_cortex.o
                0x00000000080022b2                HAL_NVIC_EnableIRQ
 .text.HAL_SYSTICK_Config
                0x00000000080022ce       0x18 ./Drivers/STM32F4xx_HAL_Driver/Src/stm32f4xx_hal_cortex.o
                0x00000000080022ce                HAL_SYSTICK_Config
 *fill*         0x00000000080022e6        0x2 
 .text.HAL_DMA_Init
                0x00000000080022e8      0x15c ./Drivers/STM32F4xx_HAL_Driver/Src/stm32f4xx_hal_dma.o
                0x00000000080022e8                HAL_DMA_Init
 .text.HAL_DMA_Start_IT
                0x0000000008002444       0xb0 ./Drivers/STM32F4xx_HAL_Driver/Src/stm32f4xx_hal_dma.o
                0x0000000008002444                HAL_DMA_Start_IT
 .text.HAL_DMA_Abort
                0x00000000080024f4       0xe0 ./Drivers/STM32F4xx_HAL_Driver/Src/stm32f4xx_hal_dma.o
                0x00000000080024f4                HAL_DMA_Abort
 .text.HAL_DMA_Abort_IT
                0x00000000080025d4       0x44 ./Drivers/STM32F4xx_HAL_Driver/Src/stm32f4xx_hal_dma.o
                0x00000000080025d4                HAL_DMA_Abort_IT
 .text.HAL_DMA_IRQHandler
                0x0000000008002618      0x314 ./Drivers/STM32F4xx_HAL_Driver/Src/stm32f4xx_hal_dma.o
                0x0000000008002618                HAL_DMA_IRQHandler
 .text.HAL_DMA_GetError
                0x000000000800292c       0x18 ./Drivers/STM32F4xx_HAL_Driver/Src/stm32f4xx_hal_dma.o
                0x000000000800292c                HAL_DMA_GetError
 .text.DMA_SetConfig
                0x0000000008002944       0x5c ./Drivers/STM32F4xx_HAL_Driver/Src/stm32f4xx_hal_dma.o
 .text.DMA_CalcBaseAndBitshift
                0x00000000080029a0       0x6c ./Drivers/STM32F4xx_HAL_Driver/Src/stm32f4xx_hal_dma.o
 .text.DMA_CheckFifoParam
                0x0000000008002a0c       0xf8 ./Drivers/STM32F4xx_HAL_Driver/Src/stm32f4xx_hal_dma.o
 .text.HAL_GPIO_Init
                0x0000000008002b04      0x328 ./Drivers/STM32F4xx_HAL_Driver/Src/stm32f4xx_hal_gpio.o
                0x0000000008002b04                HAL_GPIO_Init
 .text.HAL_GPIO_TogglePin
                0x0000000008002e2c       0x36 ./Drivers/STM32F4xx_HAL_Driver/Src/stm32f4xx_hal_gpio.o
                0x0000000008002e2c                HAL_GPIO_TogglePin
 *fill*         0x0000000008002e62        0x2 
 .text.HAL_GPIO_EXTI_IRQHandler
                0x0000000008002e64       0x30 ./Drivers/STM32F4xx_HAL_Driver/Src/stm32f4xx_hal_gpio.o
                0x0000000008002e64                HAL_GPIO_EXTI_IRQHandler
 .text.HAL_RCC_ClockConfig
                0x0000000008002e94      0x1cc ./Drivers/STM32F4xx_HAL_Driver/Src/stm32f4xx_hal_rcc.o
                0x0000000008002e94                HAL_RCC_ClockConfig
 .text.HAL_RCC_GetHCLKFreq
                0x0000000008003060       0x18 ./Drivers/STM32F4xx_HAL_Driver/Src/stm32f4xx_hal_rcc.o
                0x0000000008003060                HAL_RCC_GetHCLKFreq
 .text.HAL_RCC_GetPCLK1Freq
                0x0000000008003078       0x28 ./Drivers/STM32F4xx_HAL_Driver/Src/stm32f4xx_hal_rcc.o
                0x0000000008003078                HAL_RCC_GetPCLK1Freq
 .text.HAL_RCC_GetPCLK2Freq
                0x00000000080030a0       0x28 ./Drivers/STM32F4xx_HAL_Driver/Src/stm32f4xx_hal_rcc.o
                0x00000000080030a0                HAL_RCC_GetPCLK2Freq
 .text.HAL_RCC_GetSysClockFreq
                0x00000000080030c8      0x460 ./Drivers/STM32F4xx_HAL_Driver/Src/stm32f4xx_hal_rcc_ex.o
                0x00000000080030c8                HAL_RCC_GetSysClockFreq
 .text.HAL_RCC_OscConfig
                0x0000000008003528      0x4b4 ./Drivers/STM32F4xx_HAL_Driver/Src/stm32f4xx_hal_rcc_ex.o
                0x0000000008003528                HAL_RCC_OscConfig
 .text.HAL_TIM_Base_Init
                0x00000000080039dc       0x56 ./Drivers/STM32F4xx_HAL_Driver/Src/stm32f4xx_hal_tim.o
                0x00000000080039dc                HAL_TIM_Base_Init
 .text.HAL_TIM_Base_MspInit
                0x0000000008003a32       0x14 ./Drivers/STM32F4xx_HAL_Driver/Src/stm32f4xx_hal_tim.o
                0x0000000008003a32                HAL_TIM_Base_MspInit
 .text.HAL_TIM_Base_Start
                0x0000000008003a46       0x48 ./Drivers/STM32F4xx_HAL_Driver/Src/stm32f4xx_hal_tim.o
                0x0000000008003a46                HAL_TIM_Base_Start
 *fill*         0x0000000008003a8e        0x2 
 .text.TIM_Base_SetConfig
                0x0000000008003a90      0x140 ./Drivers/STM32F4xx_HAL_Driver/Src/stm32f4xx_hal_tim.o
                0x0000000008003a90                TIM_Base_SetConfig
 .text.HAL_UART_Init
                0x0000000008003bd0       0x9a ./Drivers/STM32F4xx_HAL_Driver/Src/stm32f4xx_hal_uart.o
                0x0000000008003bd0                HAL_UART_Init
 .text.HAL_UART_Transmit
                0x0000000008003c6a      0x124 ./Drivers/STM32F4xx_HAL_Driver/Src/stm32f4xx_hal_uart.o
                0x0000000008003c6a                HAL_UART_Transmit
 .text.HAL_UART_Transmit_IT
                0x0000000008003d8e       0x8a ./Drivers/STM32F4xx_HAL_Driver/Src/stm32f4xx_hal_uart.o
                0x0000000008003d8e                HAL_UART_Transmit_IT
 .text.HAL_UART_Receive_IT
                0x0000000008003e18       0x60 ./Drivers/STM32F4xx_HAL_Driver/Src/stm32f4xx_hal_uart.o
                0x0000000008003e18                HAL_UART_Receive_IT
 .text.HAL_UART_Transmit_DMA
                0x0000000008003e78       0xfc ./Drivers/STM32F4xx_HAL_Driver/Src/stm32f4xx_hal_uart.o
                0x0000000008003e78                HAL_UART_Transmit_DMA
 .text.HAL_UART_Abort
                0x0000000008003f74      0x1d6 ./Drivers/STM32F4xx_HAL_Driver/Src/stm32f4xx_hal_uart.o
                0x0000000008003f74                HAL_UART_Abort
 *fill*         0x000000000800414a        0x2 
 .text.HAL_UART_IRQHandler
                0x000000000800414c      0x51c ./Drivers/STM32F4xx_HAL_Driver/Src/stm32f4xx_hal_uart.o
                0x000000000800414c                HAL_UART_IRQHandler
 .text.HAL_UART_TxHalfCpltCallback
                0x0000000008004668       0x14 ./Drivers/STM32F4xx_HAL_Driver/Src/stm32f4xx_hal_uart.o
                0x0000000008004668                HAL_UART_TxHalfCpltCallback
 .text.HAL_UART_ErrorCallback
                0x000000000800467c       0x14 ./Drivers/STM32F4xx_HAL_Driver/Src/stm32f4xx_hal_uart.o
                0x000000000800467c                HAL_UART_ErrorCallback
 .text.HAL_UARTEx_RxEventCallback
                0x0000000008004690       0x18 ./Drivers/STM32F4xx_HAL_Driver/Src/stm32f4xx_hal_uart.o
                0x0000000008004690                HAL_UARTEx_RxEventCallback
 .text.UART_DMATransmitCplt
                0x00000000080046a8       0x9a ./Drivers/STM32F4xx_HAL_Driver/Src/stm32f4xx_hal_uart.o
 .text.UART_DMATxHalfCplt
                0x0000000008004742       0x1c ./Drivers/STM32F4xx_HAL_Driver/Src/stm32f4xx_hal_uart.o
 .text.UART_DMAError
                0x000000000800475e       0x94 ./Drivers/STM32F4xx_HAL_Driver/Src/stm32f4xx_hal_uart.o
 .text.UART_WaitOnFlagUntilTimeout
                0x00000000080047f2       0xdc ./Drivers/STM32F4xx_HAL_Driver/Src/stm32f4xx_hal_uart.o
 .text.UART_Start_Receive_IT
                0x00000000080048ce       0x7c ./Drivers/STM32F4xx_HAL_Driver/Src/stm32f4xx_hal_uart.o
                0x00000000080048ce                UART_Start_Receive_IT
 .text.UART_EndTxTransfer
                0x000000000800494a       0x50 ./Drivers/STM32F4xx_HAL_Driver/Src/stm32f4xx_hal_uart.o
 .text.UART_EndRxTransfer
                0x000000000800499a       0xc6 ./Drivers/STM32F4xx_HAL_Driver/Src/stm32f4xx_hal_uart.o
 .text.UART_DMAAbortOnError
                0x0000000008004a60       0x28 ./Drivers/STM32F4xx_HAL_Driver/Src/stm32f4xx_hal_uart.o
 .text.UART_Transmit_IT
                0x0000000008004a88       0xa0 ./Drivers/STM32F4xx_HAL_Driver/Src/stm32f4xx_hal_uart.o
 .text.UART_EndTransmit_IT
                0x0000000008004b28       0x30 ./Drivers/STM32F4xx_HAL_Driver/Src/stm32f4xx_hal_uart.o
 .text.UART_Receive_IT
                0x0000000008004b58      0x176 ./Drivers/STM32F4xx_HAL_Driver/Src/stm32f4xx_hal_uart.o
 *fill*         0x0000000008004cce        0x2 
 .text.UART_SetConfig
                0x0000000008004cd0      0x4e8 ./Drivers/STM32F4xx_HAL_Driver/Src/stm32f4xx_hal_uart.o
 .text.gos_driverInit
                0x00000000080051b8       0x30 C:\Users\Gabor\STM32CubeIDE\workspace_1.5.1\GOS2022\Debug\libGOS2022.a(gos_driver.o)
                0x00000000080051b8                gos_driverInit
 .text.gos_kernelInit
                0x00000000080051e8      0x1c8 C:\Users\Gabor\STM32CubeIDE\workspace_1.5.1\GOS2022\Debug\libGOS2022.a(gos_kernel.o)
                0x00000000080051e8                gos_kernelInit
 .text.gos_kernelStart
                0x00000000080053b0       0x7c C:\Users\Gabor\STM32CubeIDE\workspace_1.5.1\GOS2022\Debug\libGOS2022.a(gos_kernel.o)
                0x00000000080053b0                gos_kernelStart
 .text.gos_kernelTaskRegister
                0x000000000800542c      0x318 C:\Users\Gabor\STM32CubeIDE\workspace_1.5.1\GOS2022\Debug\libGOS2022.a(gos_kernel.o)
                0x000000000800542c                gos_kernelTaskRegister
 .text.gos_kernelTaskSleep
                0x0000000008005744       0xdc C:\Users\Gabor\STM32CubeIDE\workspace_1.5.1\GOS2022\Debug\libGOS2022.a(gos_kernel.o)
                0x0000000008005744                gos_kernelTaskSleep
 .text.gos_kernelTaskWakeup
                0x0000000008005820      0x110 C:\Users\Gabor\STM32CubeIDE\workspace_1.5.1\GOS2022\Debug\libGOS2022.a(gos_kernel.o)
                0x0000000008005820                gos_kernelTaskWakeup
 .text.gos_kernelTaskSuspend
                0x0000000008005930      0x1b4 C:\Users\Gabor\STM32CubeIDE\workspace_1.5.1\GOS2022\Debug\libGOS2022.a(gos_kernel.o)
                0x0000000008005930                gos_kernelTaskSuspend
 .text.gos_kernelTaskResume
                0x0000000008005ae4      0x10c C:\Users\Gabor\STM32CubeIDE\workspace_1.5.1\GOS2022\Debug\libGOS2022.a(gos_kernel.o)
                0x0000000008005ae4                gos_kernelTaskResume
 .text.gos_kernelTaskBlock
                0x0000000008005bf0      0x198 C:\Users\Gabor\STM32CubeIDE\workspace_1.5.1\GOS2022\Debug\libGOS2022.a(gos_kernel.o)
                0x0000000008005bf0                gos_kernelTaskBlock
 .text.gos_kernelTaskUnblock
                0x0000000008005d88      0x154 C:\Users\Gabor\STM32CubeIDE\workspace_1.5.1\GOS2022\Debug\libGOS2022.a(gos_kernel.o)
                0x0000000008005d88                gos_kernelTaskUnblock
 .text.gos_kernelTaskDelete
                0x0000000008005edc      0x1e4 C:\Users\Gabor\STM32CubeIDE\workspace_1.5.1\GOS2022\Debug\libGOS2022.a(gos_kernel.o)
                0x0000000008005edc                gos_kernelTaskDelete
 .text.gos_kernelTaskSetPriority
                0x00000000080060c0      0x10c C:\Users\Gabor\STM32CubeIDE\workspace_1.5.1\GOS2022\Debug\libGOS2022.a(gos_kernel.o)
                0x00000000080060c0                gos_kernelTaskSetPriority
 .text.gos_kernelTaskSetOriginalPriority
                0x00000000080061cc      0x10c C:\Users\Gabor\STM32CubeIDE\workspace_1.5.1\GOS2022\Debug\libGOS2022.a(gos_kernel.o)
                0x00000000080061cc                gos_kernelTaskSetOriginalPriority
 .text.gos_kernelTaskGetPriority
                0x00000000080062d8       0x90 C:\Users\Gabor\STM32CubeIDE\workspace_1.5.1\GOS2022\Debug\libGOS2022.a(gos_kernel.o)
                0x00000000080062d8                gos_kernelTaskGetPriority
 .text.gos_kernelTaskGetOriginalPriority
                0x0000000008006368       0x90 C:\Users\Gabor\STM32CubeIDE\workspace_1.5.1\GOS2022\Debug\libGOS2022.a(gos_kernel.o)
                0x0000000008006368                gos_kernelTaskGetOriginalPriority
 .text.gos_kernelTaskAddPrivilege
                0x00000000080063f8       0xa0 C:\Users\Gabor\STM32CubeIDE\workspace_1.5.1\GOS2022\Debug\libGOS2022.a(gos_kernel.o)
                0x00000000080063f8                gos_kernelTaskAddPrivilege
 .text.gos_kernelTaskRemovePrivilege
                0x0000000008006498       0xac C:\Users\Gabor\STM32CubeIDE\workspace_1.5.1\GOS2022\Debug\libGOS2022.a(gos_kernel.o)
                0x0000000008006498                gos_kernelTaskRemovePrivilege
 .text.gos_kernelTaskSetPrivileges
                0x0000000008006544       0x8c C:\Users\Gabor\STM32CubeIDE\workspace_1.5.1\GOS2022\Debug\libGOS2022.a(gos_kernel.o)
                0x0000000008006544                gos_kernelTaskSetPrivileges
 .text.gos_kernelTaskGetPrivileges
                0x00000000080065d0       0x90 C:\Users\Gabor\STM32CubeIDE\workspace_1.5.1\GOS2022\Debug\libGOS2022.a(gos_kernel.o)
                0x00000000080065d0                gos_kernelTaskGetPrivileges
 .text.gos_kernelTaskGetId
                0x0000000008006660       0x70 C:\Users\Gabor\STM32CubeIDE\workspace_1.5.1\GOS2022\Debug\libGOS2022.a(gos_kernel.o)
                0x0000000008006660                gos_kernelTaskGetId
 .text.gos_kernelTaskGetCurrentId
                0x00000000080066d0       0x68 C:\Users\Gabor\STM32CubeIDE\workspace_1.5.1\GOS2022\Debug\libGOS2022.a(gos_kernel.o)
                0x00000000080066d0                gos_kernelTaskGetCurrentId
 .text.gos_kernelTaskGetData
                0x0000000008006738       0x8c C:\Users\Gabor\STM32CubeIDE\workspace_1.5.1\GOS2022\Debug\libGOS2022.a(gos_kernel.o)
                0x0000000008006738                gos_kernelTaskGetData
 .text.gos_kernelRegisterSysTickHook
                0x00000000080067c4       0x38 C:\Users\Gabor\STM32CubeIDE\workspace_1.5.1\GOS2022\Debug\libGOS2022.a(gos_kernel.o)
                0x00000000080067c4                gos_kernelRegisterSysTickHook
 .text.SysTick_Handler
                0x00000000080067fc       0x60 C:\Users\Gabor\STM32CubeIDE\workspace_1.5.1\GOS2022\Debug\libGOS2022.a(gos_kernel.o)
                0x00000000080067fc                SysTick_Handler
 .text.gos_kernelGetSysTicks
                0x000000000800685c       0x18 C:\Users\Gabor\STM32CubeIDE\workspace_1.5.1\GOS2022\Debug\libGOS2022.a(gos_kernel.o)
                0x000000000800685c                gos_kernelGetSysTicks
 .text.gos_kernelGetCpuUsage
                0x0000000008006874       0x20 C:\Users\Gabor\STM32CubeIDE\workspace_1.5.1\GOS2022\Debug\libGOS2022.a(gos_kernel.o)
                0x0000000008006874                gos_kernelGetCpuUsage
 .text.gos_kernelReset
                0x0000000008006894       0x3c C:\Users\Gabor\STM32CubeIDE\workspace_1.5.1\GOS2022\Debug\libGOS2022.a(gos_kernel.o)
                0x0000000008006894                gos_kernelReset
 .text.gos_kernelDelayMs
                0x00000000080068d0       0x38 C:\Users\Gabor\STM32CubeIDE\workspace_1.5.1\GOS2022\Debug\libGOS2022.a(gos_kernel.o)
                0x00000000080068d0                gos_kernelDelayMs
 .text.gos_kernelCalculateTaskCpuUsages
                0x0000000008006908      0x2a4 C:\Users\Gabor\STM32CubeIDE\workspace_1.5.1\GOS2022\Debug\libGOS2022.a(gos_kernel.o)
                0x0000000008006908                gos_kernelCalculateTaskCpuUsages
 .text.gos_kernelDump
                0x0000000008006bac      0x640 C:\Users\Gabor\STM32CubeIDE\workspace_1.5.1\GOS2022\Debug\libGOS2022.a(gos_kernel.o)
                0x0000000008006bac                gos_kernelDump
 .text.gos_kernelIsCallerIsr
                0x00000000080071ec       0x20 C:\Users\Gabor\STM32CubeIDE\workspace_1.5.1\GOS2022\Debug\libGOS2022.a(gos_kernel.o)
                0x00000000080071ec                gos_kernelIsCallerIsr
 .text.SVC_Handler
                0x000000000800720c       0x2c C:\Users\Gabor\STM32CubeIDE\workspace_1.5.1\GOS2022\Debug\libGOS2022.a(gos_kernel.o)
                0x000000000800720c                SVC_Handler
 .text.gos_kernelSVC_HandlerMain
                0x0000000008007238       0x40 C:\Users\Gabor\STM32CubeIDE\workspace_1.5.1\GOS2022\Debug\libGOS2022.a(gos_kernel.o)
                0x0000000008007238                gos_kernelSVC_HandlerMain
 .text.PendSV_Handler
                0x0000000008007278       0x26 C:\Users\Gabor\STM32CubeIDE\workspace_1.5.1\GOS2022\Debug\libGOS2022.a(gos_kernel.o)
                0x0000000008007278                PendSV_Handler
 *fill*         0x000000000800729e        0x2 
 .text.gos_kernelCheckTaskStack
                0x00000000080072a0      0x118 C:\Users\Gabor\STM32CubeIDE\workspace_1.5.1\GOS2022\Debug\libGOS2022.a(gos_kernel.o)
 .text.gos_kernelCheckTaskDescriptor
                0x00000000080073b8       0x6c C:\Users\Gabor\STM32CubeIDE\workspace_1.5.1\GOS2022\Debug\libGOS2022.a(gos_kernel.o)
 .text.gos_kernelGetCurrentPsp
                0x0000000008007424       0x28 C:\Users\Gabor\STM32CubeIDE\workspace_1.5.1\GOS2022\Debug\libGOS2022.a(gos_kernel.o)
 .text.gos_kernelSaveCurrentPsp
                0x000000000800744c       0x30 C:\Users\Gabor\STM32CubeIDE\workspace_1.5.1\GOS2022\Debug\libGOS2022.a(gos_kernel.o)
 .text.gos_kernelSelectNextTask
                0x000000000800747c      0x2c0 C:\Users\Gabor\STM32CubeIDE\workspace_1.5.1\GOS2022\Debug\libGOS2022.a(gos_kernel.o)
 .text.gos_kernelIdleTask
                0x000000000800773c      0x2ec C:\Users\Gabor\STM32CubeIDE\workspace_1.5.1\GOS2022\Debug\libGOS2022.a(gos_kernel.o)
 .text.gos_kernelGetTaskStateString
                0x0000000008007a28       0xa8 C:\Users\Gabor\STM32CubeIDE\workspace_1.5.1\GOS2022\Debug\libGOS2022.a(gos_kernel.o)
 .text.gos_kernelProcessorReset
                0x0000000008007ad0       0x28 C:\Users\Gabor\STM32CubeIDE\workspace_1.5.1\GOS2022\Debug\libGOS2022.a(gos_kernel.o)
 .text.NMI_Handler
                0x0000000008007af8        0x8 C:\Users\Gabor\STM32CubeIDE\workspace_1.5.1\GOS2022\Debug\libGOS2022.a(gos_kernel.o)
                0x0000000008007af8                NMI_Handler
 .text.HardFault_Handler
                0x0000000008007b00        0x8 C:\Users\Gabor\STM32CubeIDE\workspace_1.5.1\GOS2022\Debug\libGOS2022.a(gos_kernel.o)
                0x0000000008007b00                HardFault_Handler
 .text.MemManage_Handler
                0x0000000008007b08        0x8 C:\Users\Gabor\STM32CubeIDE\workspace_1.5.1\GOS2022\Debug\libGOS2022.a(gos_kernel.o)
                0x0000000008007b08                MemManage_Handler
 .text.BusFault_Handler
                0x0000000008007b10        0x8 C:\Users\Gabor\STM32CubeIDE\workspace_1.5.1\GOS2022\Debug\libGOS2022.a(gos_kernel.o)
                0x0000000008007b10                BusFault_Handler
 .text.UsageFault_Handler
                0x0000000008007b18        0x8 C:\Users\Gabor\STM32CubeIDE\workspace_1.5.1\GOS2022\Debug\libGOS2022.a(gos_kernel.o)
                0x0000000008007b18                UsageFault_Handler
 .text.main     0x0000000008007b20       0x9c C:\Users\Gabor\STM32CubeIDE\workspace_1.5.1\GOS2022\Debug\libGOS2022.a(gos.o)
                0x0000000008007b20                main
 .text.gos_Dump
                0x0000000008007bbc       0x70 C:\Users\Gabor\STM32CubeIDE\workspace_1.5.1\GOS2022\Debug\libGOS2022.a(gos.o)
                0x0000000008007bbc                gos_Dump
 .text.gos_Start
                0x0000000008007c2c       0x28 C:\Users\Gabor\STM32CubeIDE\workspace_1.5.1\GOS2022\Debug\libGOS2022.a(gos.o)
 .text.gos_systemTask
                0x0000000008007c54       0xf0 C:\Users\Gabor\STM32CubeIDE\workspace_1.5.1\GOS2022\Debug\libGOS2022.a(gos.o)
 .text.gos_printStartupLogo
                0x0000000008007d44       0x74 C:\Users\Gabor\STM32CubeIDE\workspace_1.5.1\GOS2022\Debug\libGOS2022.a(gos_error.o)
                0x0000000008007d44                gos_printStartupLogo
 .text.gos_errorHandler
                0x0000000008007db8      0x108 C:\Users\Gabor\STM32CubeIDE\workspace_1.5.1\GOS2022\Debug\libGOS2022.a(gos_error.o)
                0x0000000008007db8                gos_errorHandler
 .text.gos_errorTraceInit
                0x0000000008007ec0       0x34 C:\Users\Gabor\STM32CubeIDE\workspace_1.5.1\GOS2022\Debug\libGOS2022.a(gos_error.o)
                0x0000000008007ec0                gos_errorTraceInit
 .text.gos_traceResultToString
                0x0000000008007ef4       0x38 C:\Users\Gabor\STM32CubeIDE\workspace_1.5.1\GOS2022\Debug\libGOS2022.a(gos_error.o)
 .text.gos_gcpInit
                0x0000000008007f2c       0x6c C:\Users\Gabor\STM32CubeIDE\workspace_1.5.1\GOS2022\Debug\libGOS2022.a(gos_gcp.o)
                0x0000000008007f2c                gos_gcpInit
 .text.gos_messageInit
                0x0000000008007f98       0xb8 C:\Users\Gabor\STM32CubeIDE\workspace_1.5.1\GOS2022\Debug\libGOS2022.a(gos_message.o)
                0x0000000008007f98                gos_messageInit
 .text.gos_messageDaemonTask
                0x0000000008008050      0x1e4 C:\Users\Gabor\STM32CubeIDE\workspace_1.5.1\GOS2022\Debug\libGOS2022.a(gos_message.o)
 .text.gos_mutexInit
                0x0000000008008234       0x32 C:\Users\Gabor\STM32CubeIDE\workspace_1.5.1\GOS2022\Debug\libGOS2022.a(gos_mutex.o)
                0x0000000008008234                gos_mutexInit
 *fill*         0x0000000008008266        0x2 
 .text.gos_mutexLock
                0x0000000008008268      0x150 C:\Users\Gabor\STM32CubeIDE\workspace_1.5.1\GOS2022\Debug\libGOS2022.a(gos_mutex.o)
                0x0000000008008268                gos_mutexLock
 .text.gos_mutexUnlock
                0x00000000080083b8       0xec C:\Users\Gabor\STM32CubeIDE\workspace_1.5.1\GOS2022\Debug\libGOS2022.a(gos_mutex.o)
                0x00000000080083b8                gos_mutexUnlock
 .text.gos_queueInit
                0x00000000080084a4       0xb4 C:\Users\Gabor\STM32CubeIDE\workspace_1.5.1\GOS2022\Debug\libGOS2022.a(gos_queue.o)
                0x00000000080084a4                gos_queueInit
 .text.gos_queueCreate
                0x0000000008008558       0xb8 C:\Users\Gabor\STM32CubeIDE\workspace_1.5.1\GOS2022\Debug\libGOS2022.a(gos_queue.o)
                0x0000000008008558                gos_queueCreate
 .text.gos_queuePut
                0x0000000008008610      0x19c C:\Users\Gabor\STM32CubeIDE\workspace_1.5.1\GOS2022\Debug\libGOS2022.a(gos_queue.o)
                0x0000000008008610                gos_queuePut
 .text.gos_queueGet
                0x00000000080087ac      0x1c4 C:\Users\Gabor\STM32CubeIDE\workspace_1.5.1\GOS2022\Debug\libGOS2022.a(gos_queue.o)
                0x00000000080087ac                gos_queueGet
 .text.gos_queueDump
                0x0000000008008970       0xc8 C:\Users\Gabor\STM32CubeIDE\workspace_1.5.1\GOS2022\Debug\libGOS2022.a(gos_queue.o)
                0x0000000008008970                gos_queueDump
 .text.gos_shellInit
                0x0000000008008a38       0x78 C:\Users\Gabor\STM32CubeIDE\workspace_1.5.1\GOS2022\Debug\libGOS2022.a(gos_shell.o)
                0x0000000008008a38                gos_shellInit
 .text.gos_shellRegisterCommand
                0x0000000008008ab0       0xa0 C:\Users\Gabor\STM32CubeIDE\workspace_1.5.1\GOS2022\Debug\libGOS2022.a(gos_shell.o)
                0x0000000008008ab0                gos_shellRegisterCommand
 .text.gos_shellDaemonTask
                0x0000000008008b50      0x1f8 C:\Users\Gabor\STM32CubeIDE\workspace_1.5.1\GOS2022\Debug\libGOS2022.a(gos_shell.o)
 .text.gos_shellCommandHandler
                0x0000000008008d48      0x404 C:\Users\Gabor\STM32CubeIDE\workspace_1.5.1\GOS2022\Debug\libGOS2022.a(gos_shell.o)
 .text.gos_signalInit
                0x000000000800914c       0x74 C:\Users\Gabor\STM32CubeIDE\workspace_1.5.1\GOS2022\Debug\libGOS2022.a(gos_signal.o)
                0x000000000800914c                gos_signalInit
 .text.gos_signalCreate
                0x00000000080091c0       0x7c C:\Users\Gabor\STM32CubeIDE\workspace_1.5.1\GOS2022\Debug\libGOS2022.a(gos_signal.o)
                0x00000000080091c0                gos_signalCreate
 .text.gos_signalInvoke
                0x000000000800923c       0xd8 C:\Users\Gabor\STM32CubeIDE\workspace_1.5.1\GOS2022\Debug\libGOS2022.a(gos_signal.o)
                0x000000000800923c                gos_signalInvoke
 .text.gos_signalDaemonTask
                0x0000000008009314       0xe4 C:\Users\Gabor\STM32CubeIDE\workspace_1.5.1\GOS2022\Debug\libGOS2022.a(gos_signal.o)
 .text.gos_timeInit
                0x00000000080093f8       0x40 C:\Users\Gabor\STM32CubeIDE\workspace_1.5.1\GOS2022\Debug\libGOS2022.a(gos_time.o)
                0x00000000080093f8                gos_timeInit
 .text.gos_timeGet
                0x0000000008009438       0x60 C:\Users\Gabor\STM32CubeIDE\workspace_1.5.1\GOS2022\Debug\libGOS2022.a(gos_time.o)
                0x0000000008009438                gos_timeGet
 .text.gos_runTimeGet
                0x0000000008009498       0x48 C:\Users\Gabor\STM32CubeIDE\workspace_1.5.1\GOS2022\Debug\libGOS2022.a(gos_time.o)
                0x0000000008009498                gos_runTimeGet
 .text.gos_timeAddSeconds
                0x00000000080094e0      0x198 C:\Users\Gabor\STM32CubeIDE\workspace_1.5.1\GOS2022\Debug\libGOS2022.a(gos_time.o)
                0x00000000080094e0                gos_timeAddSeconds
 .text.gos_runTimeAddMicroseconds
                0x0000000008009678      0x1b4 C:\Users\Gabor\STM32CubeIDE\workspace_1.5.1\GOS2022\Debug\libGOS2022.a(gos_time.o)
                0x0000000008009678                gos_runTimeAddMicroseconds
 .text.gos_runTimeAddMilliseconds
                0x000000000800982c      0x148 C:\Users\Gabor\STM32CubeIDE\workspace_1.5.1\GOS2022\Debug\libGOS2022.a(gos_time.o)
                0x000000000800982c                gos_runTimeAddMilliseconds
 .text.gos_runTimeAddSeconds
                0x0000000008009974       0x92 C:\Users\Gabor\STM32CubeIDE\workspace_1.5.1\GOS2022\Debug\libGOS2022.a(gos_time.o)
                0x0000000008009974                gos_runTimeAddSeconds
 *fill*         0x0000000008009a06        0x2 
 .text.gos_timeDaemonTask
                0x0000000008009a08       0xcc C:\Users\Gabor\STM32CubeIDE\workspace_1.5.1\GOS2022\Debug\libGOS2022.a(gos_time.o)
 .text.gos_traceInit
                0x0000000008009ad4       0x4c C:\Users\Gabor\STM32CubeIDE\workspace_1.5.1\GOS2022\Debug\libGOS2022.a(gos_trace.o)
                0x0000000008009ad4                gos_traceInit
 .text.gos_traceTrace
                0x0000000008009b20      0x1e0 C:\Users\Gabor\STM32CubeIDE\workspace_1.5.1\GOS2022\Debug\libGOS2022.a(gos_trace.o)
                0x0000000008009b20                gos_traceTrace
 .text.gos_traceTraceFormatted
                0x0000000008009d00      0x204 C:\Users\Gabor\STM32CubeIDE\workspace_1.5.1\GOS2022\Debug\libGOS2022.a(gos_trace.o)
                0x0000000008009d00                gos_traceTraceFormatted
 .text.gos_traceTraceFormattedUnsafe
                0x0000000008009f04       0x64 C:\Users\Gabor\STM32CubeIDE\workspace_1.5.1\GOS2022\Debug\libGOS2022.a(gos_trace.o)
                0x0000000008009f04                gos_traceTraceFormattedUnsafe
 .text.gos_traceDaemonTask
                0x0000000008009f68       0x54 C:\Users\Gabor\STM32CubeIDE\workspace_1.5.1\GOS2022\Debug\libGOS2022.a(gos_trace.o)
 .text.gos_triggerInit
                0x0000000008009fbc       0x2a C:\Users\Gabor\STM32CubeIDE\workspace_1.5.1\GOS2022\Debug\libGOS2022.a(gos_trigger.o)
                0x0000000008009fbc                gos_triggerInit
 .text.gos_triggerReset
                0x0000000008009fe6       0x40 C:\Users\Gabor\STM32CubeIDE\workspace_1.5.1\GOS2022\Debug\libGOS2022.a(gos_trigger.o)
                0x0000000008009fe6                gos_triggerReset
 .text.gos_triggerWait
                0x000000000800a026       0x9a C:\Users\Gabor\STM32CubeIDE\workspace_1.5.1\GOS2022\Debug\libGOS2022.a(gos_trigger.o)
                0x000000000800a026                gos_triggerWait
 .text.gos_triggerIncrement
                0x000000000800a0c0       0x88 C:\Users\Gabor\STM32CubeIDE\workspace_1.5.1\GOS2022\Debug\libGOS2022.a(gos_trigger.o)
                0x000000000800a0c0                gos_triggerIncrement
 .text.gos_shellDriverReceiveChar
                0x000000000800a148       0x30 C:\Users\Gabor\STM32CubeIDE\workspace_1.5.1\GOS2022\Debug\libGOS2022.a(gos_shell_driver.o)
                0x000000000800a148                gos_shellDriverReceiveChar
 .text.gos_shellDriverTransmitString
                0x000000000800a178       0x48 C:\Users\Gabor\STM32CubeIDE\workspace_1.5.1\GOS2022\Debug\libGOS2022.a(gos_shell_driver.o)
                0x000000000800a178                gos_shellDriverTransmitString
 .text.gos_timerDriverSysTimerGet
                0x000000000800a1c0       0x30 C:\Users\Gabor\STM32CubeIDE\workspace_1.5.1\GOS2022\Debug\libGOS2022.a(gos_timer_driver.o)
                0x000000000800a1c0                gos_timerDriverSysTimerGet
 .text.gos_traceDriverTransmitString
                0x000000000800a1f0       0x30 C:\Users\Gabor\STM32CubeIDE\workspace_1.5.1\GOS2022\Debug\libGOS2022.a(gos_trace_driver.o)
                0x000000000800a1f0                gos_traceDriverTransmitString
 .text.gos_traceDriverTransmitString_Unsafe
                0x000000000800a220       0x30 C:\Users\Gabor\STM32CubeIDE\workspace_1.5.1\GOS2022\Debug\libGOS2022.a(gos_trace_driver.o)
                0x000000000800a220                gos_traceDriverTransmitString_Unsafe
 .text._strtol_l.constprop.0
                0x000000000800a250      0x104 C:/ST/STM32CubeIDE_1.5.1/STM32CubeIDE/plugins/com.st.stm32cube.ide.mcu.externaltools.gnu-tools-for-stm32.11.3.rel1.win32_1.1.0.202305231506/tools/bin/../lib/gcc/arm-none-eabi/11.3.1/../../../../arm-none-eabi/lib/thumb/v7e-m+fp/hard\libc_nano.a(libc_a-strtol.o)
 .text.strtol   0x000000000800a354       0x14 C:/ST/STM32CubeIDE_1.5.1/STM32CubeIDE/plugins/com.st.stm32cube.ide.mcu.externaltools.gnu-tools-for-stm32.11.3.rel1.win32_1.1.0.202305231506/tools/bin/../lib/gcc/arm-none-eabi/11.3.1/../../../../arm-none-eabi/lib/thumb/v7e-m+fp/hard\libc_nano.a(libc_a-strtol.o)
                0x000000000800a354                strtol
 .text.__cvt    0x000000000800a368       0xc4 C:/ST/STM32CubeIDE_1.5.1/STM32CubeIDE/plugins/com.st.stm32cube.ide.mcu.externaltools.gnu-tools-for-stm32.11.3.rel1.win32_1.1.0.202305231506/tools/bin/../lib/gcc/arm-none-eabi/11.3.1/../../../../arm-none-eabi/lib/thumb/v7e-m+fp/hard\libc_nano.a(libc_a-nano-vfprintf_float.o)
                0x000000000800a368                __cvt
 .text.__exponent
                0x000000000800a42c       0x7c C:/ST/STM32CubeIDE_1.5.1/STM32CubeIDE/plugins/com.st.stm32cube.ide.mcu.externaltools.gnu-tools-for-stm32.11.3.rel1.win32_1.1.0.202305231506/tools/bin/../lib/gcc/arm-none-eabi/11.3.1/../../../../arm-none-eabi/lib/thumb/v7e-m+fp/hard\libc_nano.a(libc_a-nano-vfprintf_float.o)
                0x000000000800a42c                __exponent
 .text._printf_float
                0x000000000800a4a8      0x46c C:/ST/STM32CubeIDE_1.5.1/STM32CubeIDE/plugins/com.st.stm32cube.ide.mcu.externaltools.gnu-tools-for-stm32.11.3.rel1.win32_1.1.0.202305231506/tools/bin/../lib/gcc/arm-none-eabi/11.3.1/../../../../arm-none-eabi/lib/thumb/v7e-m+fp/hard\libc_nano.a(libc_a-nano-vfprintf_float.o)
                0x000000000800a4a8                _printf_float
 .text._printf_common
                0x000000000800a914       0xda C:/ST/STM32CubeIDE_1.5.1/STM32CubeIDE/plugins/com.st.stm32cube.ide.mcu.externaltools.gnu-tools-for-stm32.11.3.rel1.win32_1.1.0.202305231506/tools/bin/../lib/gcc/arm-none-eabi/11.3.1/../../../../arm-none-eabi/lib/thumb/v7e-m+fp/hard\libc_nano.a(libc_a-nano-vfprintf_i.o)
                0x000000000800a914                _printf_common
 *fill*         0x000000000800a9ee        0x2 
 .text._printf_i
                0x000000000800a9f0      0x244 C:/ST/STM32CubeIDE_1.5.1/STM32CubeIDE/plugins/com.st.stm32cube.ide.mcu.externaltools.gnu-tools-for-stm32.11.3.rel1.win32_1.1.0.202305231506/tools/bin/../lib/gcc/arm-none-eabi/11.3.1/../../../../arm-none-eabi/lib/thumb/v7e-m+fp/hard\libc_nano.a(libc_a-nano-vfprintf_i.o)
                0x000000000800a9f0                _printf_i
 .text.std      0x000000000800ac34       0x48 C:/ST/STM32CubeIDE_1.5.1/STM32CubeIDE/plugins/com.st.stm32cube.ide.mcu.externaltools.gnu-tools-for-stm32.11.3.rel1.win32_1.1.0.202305231506/tools/bin/../lib/gcc/arm-none-eabi/11.3.1/../../../../arm-none-eabi/lib/thumb/v7e-m+fp/hard\libc_nano.a(libc_a-findfp.o)
 .text.stdio_exit_handler
                0x000000000800ac7c       0x18 C:/ST/STM32CubeIDE_1.5.1/STM32CubeIDE/plugins/com.st.stm32cube.ide.mcu.externaltools.gnu-tools-for-stm32.11.3.rel1.win32_1.1.0.202305231506/tools/bin/../lib/gcc/arm-none-eabi/11.3.1/../../../../arm-none-eabi/lib/thumb/v7e-m+fp/hard\libc_nano.a(libc_a-findfp.o)
 .text.cleanup_stdio
                0x000000000800ac94       0x40 C:/ST/STM32CubeIDE_1.5.1/STM32CubeIDE/plugins/com.st.stm32cube.ide.mcu.externaltools.gnu-tools-for-stm32.11.3.rel1.win32_1.1.0.202305231506/tools/bin/../lib/gcc/arm-none-eabi/11.3.1/../../../../arm-none-eabi/lib/thumb/v7e-m+fp/hard\libc_nano.a(libc_a-findfp.o)
 .text.global_stdio_init.part.0
                0x000000000800acd4       0x3c C:/ST/STM32CubeIDE_1.5.1/STM32CubeIDE/plugins/com.st.stm32cube.ide.mcu.externaltools.gnu-tools-for-stm32.11.3.rel1.win32_1.1.0.202305231506/tools/bin/../lib/gcc/arm-none-eabi/11.3.1/../../../../arm-none-eabi/lib/thumb/v7e-m+fp/hard\libc_nano.a(libc_a-findfp.o)
 .text.__sfp_lock_acquire
                0x000000000800ad10        0xc C:/ST/STM32CubeIDE_1.5.1/STM32CubeIDE/plugins/com.st.stm32cube.ide.mcu.externaltools.gnu-tools-for-stm32.11.3.rel1.win32_1.1.0.202305231506/tools/bin/../lib/gcc/arm-none-eabi/11.3.1/../../../../arm-none-eabi/lib/thumb/v7e-m+fp/hard\libc_nano.a(libc_a-findfp.o)
                0x000000000800ad10                __sfp_lock_acquire
 .text.__sfp_lock_release
                0x000000000800ad1c        0xc C:/ST/STM32CubeIDE_1.5.1/STM32CubeIDE/plugins/com.st.stm32cube.ide.mcu.externaltools.gnu-tools-for-stm32.11.3.rel1.win32_1.1.0.202305231506/tools/bin/../lib/gcc/arm-none-eabi/11.3.1/../../../../arm-none-eabi/lib/thumb/v7e-m+fp/hard\libc_nano.a(libc_a-findfp.o)
                0x000000000800ad1c                __sfp_lock_release
 .text.__sinit  0x000000000800ad28       0x30 C:/ST/STM32CubeIDE_1.5.1/STM32CubeIDE/plugins/com.st.stm32cube.ide.mcu.externaltools.gnu-tools-for-stm32.11.3.rel1.win32_1.1.0.202305231506/tools/bin/../lib/gcc/arm-none-eabi/11.3.1/../../../../arm-none-eabi/lib/thumb/v7e-m+fp/hard\libc_nano.a(libc_a-findfp.o)
                0x000000000800ad28                __sinit
 .text._fwalk_sglue
                0x000000000800ad58       0x3c C:/ST/STM32CubeIDE_1.5.1/STM32CubeIDE/plugins/com.st.stm32cube.ide.mcu.externaltools.gnu-tools-for-stm32.11.3.rel1.win32_1.1.0.202305231506/tools/bin/../lib/gcc/arm-none-eabi/11.3.1/../../../../arm-none-eabi/lib/thumb/v7e-m+fp/hard\libc_nano.a(libc_a-fwalk.o)
                0x000000000800ad58                _fwalk_sglue
 .text.sprintf  0x000000000800ad94       0x40 C:/ST/STM32CubeIDE_1.5.1/STM32CubeIDE/plugins/com.st.stm32cube.ide.mcu.externaltools.gnu-tools-for-stm32.11.3.rel1.win32_1.1.0.202305231506/tools/bin/../lib/gcc/arm-none-eabi/11.3.1/../../../../arm-none-eabi/lib/thumb/v7e-m+fp/hard\libc_nano.a(libc_a-sprintf.o)
                0x000000000800ad94                siprintf
                0x000000000800ad94                sprintf
 .text.__sread  0x000000000800add4       0x22 C:/ST/STM32CubeIDE_1.5.1/STM32CubeIDE/plugins/com.st.stm32cube.ide.mcu.externaltools.gnu-tools-for-stm32.11.3.rel1.win32_1.1.0.202305231506/tools/bin/../lib/gcc/arm-none-eabi/11.3.1/../../../../arm-none-eabi/lib/thumb/v7e-m+fp/hard\libc_nano.a(libc_a-stdio.o)
                0x000000000800add4                __sread
 .text.__swrite
                0x000000000800adf6       0x38 C:/ST/STM32CubeIDE_1.5.1/STM32CubeIDE/plugins/com.st.stm32cube.ide.mcu.externaltools.gnu-tools-for-stm32.11.3.rel1.win32_1.1.0.202305231506/tools/bin/../lib/gcc/arm-none-eabi/11.3.1/../../../../arm-none-eabi/lib/thumb/v7e-m+fp/hard\libc_nano.a(libc_a-stdio.o)
                0x000000000800adf6                __swrite
 .text.__sseek  0x000000000800ae2e       0x24 C:/ST/STM32CubeIDE_1.5.1/STM32CubeIDE/plugins/com.st.stm32cube.ide.mcu.externaltools.gnu-tools-for-stm32.11.3.rel1.win32_1.1.0.202305231506/tools/bin/../lib/gcc/arm-none-eabi/11.3.1/../../../../arm-none-eabi/lib/thumb/v7e-m+fp/hard\libc_nano.a(libc_a-stdio.o)
                0x000000000800ae2e                __sseek
 .text.__sclose
                0x000000000800ae52        0x8 C:/ST/STM32CubeIDE_1.5.1/STM32CubeIDE/plugins/com.st.stm32cube.ide.mcu.externaltools.gnu-tools-for-stm32.11.3.rel1.win32_1.1.0.202305231506/tools/bin/../lib/gcc/arm-none-eabi/11.3.1/../../../../arm-none-eabi/lib/thumb/v7e-m+fp/hard\libc_nano.a(libc_a-stdio.o)
                0x000000000800ae52                __sclose
 *fill*         0x000000000800ae5a        0x2 
 .text._vsprintf_r
                0x000000000800ae5c       0x2c C:/ST/STM32CubeIDE_1.5.1/STM32CubeIDE/plugins/com.st.stm32cube.ide.mcu.externaltools.gnu-tools-for-stm32.11.3.rel1.win32_1.1.0.202305231506/tools/bin/../lib/gcc/arm-none-eabi/11.3.1/../../../../arm-none-eabi/lib/thumb/v7e-m+fp/hard\libc_nano.a(libc_a-vsprintf.o)
                0x000000000800ae5c                _vsprintf_r
                0x000000000800ae5c                _vsiprintf_r
 .text.vsprintf
                0x000000000800ae88       0x14 C:/ST/STM32CubeIDE_1.5.1/STM32CubeIDE/plugins/com.st.stm32cube.ide.mcu.externaltools.gnu-tools-for-stm32.11.3.rel1.win32_1.1.0.202305231506/tools/bin/../lib/gcc/arm-none-eabi/11.3.1/../../../../arm-none-eabi/lib/thumb/v7e-m+fp/hard\libc_nano.a(libc_a-vsprintf.o)
                0x000000000800ae88                vsiprintf
                0x000000000800ae88                vsprintf
 .text.memset   0x000000000800ae9c       0x10 C:/ST/STM32CubeIDE_1.5.1/STM32CubeIDE/plugins/com.st.stm32cube.ide.mcu.externaltools.gnu-tools-for-stm32.11.3.rel1.win32_1.1.0.202305231506/tools/bin/../lib/gcc/arm-none-eabi/11.3.1/../../../../arm-none-eabi/lib/thumb/v7e-m+fp/hard\libc_nano.a(libc_a-memset.o)
                0x000000000800ae9c                memset
 .text._localeconv_r
                0x000000000800aeac        0x8 C:/ST/STM32CubeIDE_1.5.1/STM32CubeIDE/plugins/com.st.stm32cube.ide.mcu.externaltools.gnu-tools-for-stm32.11.3.rel1.win32_1.1.0.202305231506/tools/bin/../lib/gcc/arm-none-eabi/11.3.1/../../../../arm-none-eabi/lib/thumb/v7e-m+fp/hard\libc_nano.a(libc_a-localeconv.o)
                0x000000000800aeac                _localeconv_r
 .text._close_r
                0x000000000800aeb4       0x20 C:/ST/STM32CubeIDE_1.5.1/STM32CubeIDE/plugins/com.st.stm32cube.ide.mcu.externaltools.gnu-tools-for-stm32.11.3.rel1.win32_1.1.0.202305231506/tools/bin/../lib/gcc/arm-none-eabi/11.3.1/../../../../arm-none-eabi/lib/thumb/v7e-m+fp/hard\libc_nano.a(libc_a-closer.o)
                0x000000000800aeb4                _close_r
 .text._lseek_r
                0x000000000800aed4       0x24 C:/ST/STM32CubeIDE_1.5.1/STM32CubeIDE/plugins/com.st.stm32cube.ide.mcu.externaltools.gnu-tools-for-stm32.11.3.rel1.win32_1.1.0.202305231506/tools/bin/../lib/gcc/arm-none-eabi/11.3.1/../../../../arm-none-eabi/lib/thumb/v7e-m+fp/hard\libc_nano.a(libc_a-lseekr.o)
                0x000000000800aed4                _lseek_r
 .text._read_r  0x000000000800aef8       0x24 C:/ST/STM32CubeIDE_1.5.1/STM32CubeIDE/plugins/com.st.stm32cube.ide.mcu.externaltools.gnu-tools-for-stm32.11.3.rel1.win32_1.1.0.202305231506/tools/bin/../lib/gcc/arm-none-eabi/11.3.1/../../../../arm-none-eabi/lib/thumb/v7e-m+fp/hard\libc_nano.a(libc_a-readr.o)
                0x000000000800aef8                _read_r
 .text._write_r
                0x000000000800af1c       0x24 C:/ST/STM32CubeIDE_1.5.1/STM32CubeIDE/plugins/com.st.stm32cube.ide.mcu.externaltools.gnu-tools-for-stm32.11.3.rel1.win32_1.1.0.202305231506/tools/bin/../lib/gcc/arm-none-eabi/11.3.1/../../../../arm-none-eabi/lib/thumb/v7e-m+fp/hard\libc_nano.a(libc_a-writer.o)
                0x000000000800af1c                _write_r
 .text.__errno  0x000000000800af40        0xc C:/ST/STM32CubeIDE_1.5.1/STM32CubeIDE/plugins/com.st.stm32cube.ide.mcu.externaltools.gnu-tools-for-stm32.11.3.rel1.win32_1.1.0.202305231506/tools/bin/../lib/gcc/arm-none-eabi/11.3.1/../../../../arm-none-eabi/lib/thumb/v7e-m+fp/hard\libc_nano.a(libc_a-errno.o)
                0x000000000800af40                __errno
 .text.__libc_init_array
                0x000000000800af4c       0x48 C:/ST/STM32CubeIDE_1.5.1/STM32CubeIDE/plugins/com.st.stm32cube.ide.mcu.externaltools.gnu-tools-for-stm32.11.3.rel1.win32_1.1.0.202305231506/tools/bin/../lib/gcc/arm-none-eabi/11.3.1/../../../../arm-none-eabi/lib/thumb/v7e-m+fp/hard\libc_nano.a(libc_a-init.o)
                0x000000000800af4c                __libc_init_array
 .text.__retarget_lock_acquire_recursive
                0x000000000800af94        0x2 C:/ST/STM32CubeIDE_1.5.1/STM32CubeIDE/plugins/com.st.stm32cube.ide.mcu.externaltools.gnu-tools-for-stm32.11.3.rel1.win32_1.1.0.202305231506/tools/bin/../lib/gcc/arm-none-eabi/11.3.1/../../../../arm-none-eabi/lib/thumb/v7e-m+fp/hard\libc_nano.a(libc_a-lock.o)
                0x000000000800af94                __retarget_lock_acquire_recursive
 .text.__retarget_lock_release_recursive
                0x000000000800af96        0x2 C:/ST/STM32CubeIDE_1.5.1/STM32CubeIDE/plugins/com.st.stm32cube.ide.mcu.externaltools.gnu-tools-for-stm32.11.3.rel1.win32_1.1.0.202305231506/tools/bin/../lib/gcc/arm-none-eabi/11.3.1/../../../../arm-none-eabi/lib/thumb/v7e-m+fp/hard\libc_nano.a(libc_a-lock.o)
                0x000000000800af96                __retarget_lock_release_recursive
 .text.strcpy   0x000000000800af98       0x10 C:/ST/STM32CubeIDE_1.5.1/STM32CubeIDE/plugins/com.st.stm32cube.ide.mcu.externaltools.gnu-tools-for-stm32.11.3.rel1.win32_1.1.0.202305231506/tools/bin/../lib/gcc/arm-none-eabi/11.3.1/../../../../arm-none-eabi/lib/thumb/v7e-m+fp/hard\libc_nano.a(libc_a-strcpy.o)
                0x000000000800af98                strcpy
 .text.memcpy   0x000000000800afa8       0x1c C:/ST/STM32CubeIDE_1.5.1/STM32CubeIDE/plugins/com.st.stm32cube.ide.mcu.externaltools.gnu-tools-for-stm32.11.3.rel1.win32_1.1.0.202305231506/tools/bin/../lib/gcc/arm-none-eabi/11.3.1/../../../../arm-none-eabi/lib/thumb/v7e-m+fp/hard\libc_nano.a(libc_a-memcpy-stub.o)
                0x000000000800afa8                memcpy
 .text.quorem   0x000000000800afc4      0x110 C:/ST/STM32CubeIDE_1.5.1/STM32CubeIDE/plugins/com.st.stm32cube.ide.mcu.externaltools.gnu-tools-for-stm32.11.3.rel1.win32_1.1.0.202305231506/tools/bin/../lib/gcc/arm-none-eabi/11.3.1/../../../../arm-none-eabi/lib/thumb/v7e-m+fp/hard\libc_nano.a(libc_a-dtoa.o)
 *fill*         0x000000000800b0d4        0x4 
 .text._dtoa_r  0x000000000800b0d8      0xbe4 C:/ST/STM32CubeIDE_1.5.1/STM32CubeIDE/plugins/com.st.stm32cube.ide.mcu.externaltools.gnu-tools-for-stm32.11.3.rel1.win32_1.1.0.202305231506/tools/bin/../lib/gcc/arm-none-eabi/11.3.1/../../../../arm-none-eabi/lib/thumb/v7e-m+fp/hard\libc_nano.a(libc_a-dtoa.o)
                0x000000000800b0d8                _dtoa_r
 .text._free_r  0x000000000800bcbc       0x98 C:/ST/STM32CubeIDE_1.5.1/STM32CubeIDE/plugins/com.st.stm32cube.ide.mcu.externaltools.gnu-tools-for-stm32.11.3.rel1.win32_1.1.0.202305231506/tools/bin/../lib/gcc/arm-none-eabi/11.3.1/../../../../arm-none-eabi/lib/thumb/v7e-m+fp/hard\libc_nano.a(libc_a-freer.o)
                0x000000000800bcbc                _free_r
 .text.malloc   0x000000000800bd54       0x10 C:/ST/STM32CubeIDE_1.5.1/STM32CubeIDE/plugins/com.st.stm32cube.ide.mcu.externaltools.gnu-tools-for-stm32.11.3.rel1.win32_1.1.0.202305231506/tools/bin/../lib/gcc/arm-none-eabi/11.3.1/../../../../arm-none-eabi/lib/thumb/v7e-m+fp/hard\libc_nano.a(libc_a-malloc.o)
                0x000000000800bd54                malloc
 .text.sbrk_aligned
                0x000000000800bd64       0x40 C:/ST/STM32CubeIDE_1.5.1/STM32CubeIDE/plugins/com.st.stm32cube.ide.mcu.externaltools.gnu-tools-for-stm32.11.3.rel1.win32_1.1.0.202305231506/tools/bin/../lib/gcc/arm-none-eabi/11.3.1/../../../../arm-none-eabi/lib/thumb/v7e-m+fp/hard\libc_nano.a(libc_a-mallocr.o)
 .text._malloc_r
                0x000000000800bda4      0x100 C:/ST/STM32CubeIDE_1.5.1/STM32CubeIDE/plugins/com.st.stm32cube.ide.mcu.externaltools.gnu-tools-for-stm32.11.3.rel1.win32_1.1.0.202305231506/tools/bin/../lib/gcc/arm-none-eabi/11.3.1/../../../../arm-none-eabi/lib/thumb/v7e-m+fp/hard\libc_nano.a(libc_a-mallocr.o)
                0x000000000800bda4                _malloc_r
 .text.__malloc_lock
                0x000000000800bea4        0xc C:/ST/STM32CubeIDE_1.5.1/STM32CubeIDE/plugins/com.st.stm32cube.ide.mcu.externaltools.gnu-tools-for-stm32.11.3.rel1.win32_1.1.0.202305231506/tools/bin/../lib/gcc/arm-none-eabi/11.3.1/../../../../arm-none-eabi/lib/thumb/v7e-m+fp/hard\libc_nano.a(libc_a-mlock.o)
                0x000000000800bea4                __malloc_lock
 .text.__malloc_unlock
                0x000000000800beb0        0xc C:/ST/STM32CubeIDE_1.5.1/STM32CubeIDE/plugins/com.st.stm32cube.ide.mcu.externaltools.gnu-tools-for-stm32.11.3.rel1.win32_1.1.0.202305231506/tools/bin/../lib/gcc/arm-none-eabi/11.3.1/../../../../arm-none-eabi/lib/thumb/v7e-m+fp/hard\libc_nano.a(libc_a-mlock.o)
                0x000000000800beb0                __malloc_unlock
 .text._Balloc  0x000000000800bebc       0x80 C:/ST/STM32CubeIDE_1.5.1/STM32CubeIDE/plugins/com.st.stm32cube.ide.mcu.externaltools.gnu-tools-for-stm32.11.3.rel1.win32_1.1.0.202305231506/tools/bin/../lib/gcc/arm-none-eabi/11.3.1/../../../../arm-none-eabi/lib/thumb/v7e-m+fp/hard\libc_nano.a(libc_a-mprec.o)
                0x000000000800bebc                _Balloc
 .text._Bfree   0x000000000800bf3c       0x44 C:/ST/STM32CubeIDE_1.5.1/STM32CubeIDE/plugins/com.st.stm32cube.ide.mcu.externaltools.gnu-tools-for-stm32.11.3.rel1.win32_1.1.0.202305231506/tools/bin/../lib/gcc/arm-none-eabi/11.3.1/../../../../arm-none-eabi/lib/thumb/v7e-m+fp/hard\libc_nano.a(libc_a-mprec.o)
                0x000000000800bf3c                _Bfree
 .text.__multadd
                0x000000000800bf80       0x8c C:/ST/STM32CubeIDE_1.5.1/STM32CubeIDE/plugins/com.st.stm32cube.ide.mcu.externaltools.gnu-tools-for-stm32.11.3.rel1.win32_1.1.0.202305231506/tools/bin/../lib/gcc/arm-none-eabi/11.3.1/../../../../arm-none-eabi/lib/thumb/v7e-m+fp/hard\libc_nano.a(libc_a-mprec.o)
                0x000000000800bf80                __multadd
 .text.__hi0bits
                0x000000000800c00c       0x40 C:/ST/STM32CubeIDE_1.5.1/STM32CubeIDE/plugins/com.st.stm32cube.ide.mcu.externaltools.gnu-tools-for-stm32.11.3.rel1.win32_1.1.0.202305231506/tools/bin/../lib/gcc/arm-none-eabi/11.3.1/../../../../arm-none-eabi/lib/thumb/v7e-m+fp/hard\libc_nano.a(libc_a-mprec.o)
                0x000000000800c00c                __hi0bits
 .text.__lo0bits
                0x000000000800c04c       0x5a C:/ST/STM32CubeIDE_1.5.1/STM32CubeIDE/plugins/com.st.stm32cube.ide.mcu.externaltools.gnu-tools-for-stm32.11.3.rel1.win32_1.1.0.202305231506/tools/bin/../lib/gcc/arm-none-eabi/11.3.1/../../../../arm-none-eabi/lib/thumb/v7e-m+fp/hard\libc_nano.a(libc_a-mprec.o)
                0x000000000800c04c                __lo0bits
 *fill*         0x000000000800c0a6        0x2 
 .text.__i2b    0x000000000800c0a8       0x2c C:/ST/STM32CubeIDE_1.5.1/STM32CubeIDE/plugins/com.st.stm32cube.ide.mcu.externaltools.gnu-tools-for-stm32.11.3.rel1.win32_1.1.0.202305231506/tools/bin/../lib/gcc/arm-none-eabi/11.3.1/../../../../arm-none-eabi/lib/thumb/v7e-m+fp/hard\libc_nano.a(libc_a-mprec.o)
                0x000000000800c0a8                __i2b
 .text.__multiply
                0x000000000800c0d4      0x154 C:/ST/STM32CubeIDE_1.5.1/STM32CubeIDE/plugins/com.st.stm32cube.ide.mcu.externaltools.gnu-tools-for-stm32.11.3.rel1.win32_1.1.0.202305231506/tools/bin/../lib/gcc/arm-none-eabi/11.3.1/../../../../arm-none-eabi/lib/thumb/v7e-m+fp/hard\libc_nano.a(libc_a-mprec.o)
                0x000000000800c0d4                __multiply
 .text.__pow5mult
                0x000000000800c228       0xb4 C:/ST/STM32CubeIDE_1.5.1/STM32CubeIDE/plugins/com.st.stm32cube.ide.mcu.externaltools.gnu-tools-for-stm32.11.3.rel1.win32_1.1.0.202305231506/tools/bin/../lib/gcc/arm-none-eabi/11.3.1/../../../../arm-none-eabi/lib/thumb/v7e-m+fp/hard\libc_nano.a(libc_a-mprec.o)
                0x000000000800c228                __pow5mult
 .text.__lshift
                0x000000000800c2dc       0xd8 C:/ST/STM32CubeIDE_1.5.1/STM32CubeIDE/plugins/com.st.stm32cube.ide.mcu.externaltools.gnu-tools-for-stm32.11.3.rel1.win32_1.1.0.202305231506/tools/bin/../lib/gcc/arm-none-eabi/11.3.1/../../../../arm-none-eabi/lib/thumb/v7e-m+fp/hard\libc_nano.a(libc_a-mprec.o)
                0x000000000800c2dc                __lshift
 .text.__mcmp   0x000000000800c3b4       0x38 C:/ST/STM32CubeIDE_1.5.1/STM32CubeIDE/plugins/com.st.stm32cube.ide.mcu.externaltools.gnu-tools-for-stm32.11.3.rel1.win32_1.1.0.202305231506/tools/bin/../lib/gcc/arm-none-eabi/11.3.1/../../../../arm-none-eabi/lib/thumb/v7e-m+fp/hard\libc_nano.a(libc_a-mprec.o)
                0x000000000800c3b4                __mcmp
 .text.__mdiff  0x000000000800c3ec      0x114 C:/ST/STM32CubeIDE_1.5.1/STM32CubeIDE/plugins/com.st.stm32cube.ide.mcu.externaltools.gnu-tools-for-stm32.11.3.rel1.win32_1.1.0.202305231506/tools/bin/../lib/gcc/arm-none-eabi/11.3.1/../../../../arm-none-eabi/lib/thumb/v7e-m+fp/hard\libc_nano.a(libc_a-mprec.o)
                0x000000000800c3ec                __mdiff
 .text.__d2b    0x000000000800c500       0xb4 C:/ST/STM32CubeIDE_1.5.1/STM32CubeIDE/plugins/com.st.stm32cube.ide.mcu.externaltools.gnu-tools-for-stm32.11.3.rel1.win32_1.1.0.202305231506/tools/bin/../lib/gcc/arm-none-eabi/11.3.1/../../../../arm-none-eabi/lib/thumb/v7e-m+fp/hard\libc_nano.a(libc_a-mprec.o)
                0x000000000800c500                __d2b
 .text.__ssputs_r
                0x000000000800c5b4       0xb4 C:/ST/STM32CubeIDE_1.5.1/STM32CubeIDE/plugins/com.st.stm32cube.ide.mcu.externaltools.gnu-tools-for-stm32.11.3.rel1.win32_1.1.0.202305231506/tools/bin/../lib/gcc/arm-none-eabi/11.3.1/../../../../arm-none-eabi/lib/thumb/v7e-m+fp/hard\libc_nano.a(libc_a-nano-svfprintf.o)
                0x000000000800c5b4                __ssputs_r
 .text._svfprintf_r
                0x000000000800c668      0x1fc C:/ST/STM32CubeIDE_1.5.1/STM32CubeIDE/plugins/com.st.stm32cube.ide.mcu.externaltools.gnu-tools-for-stm32.11.3.rel1.win32_1.1.0.202305231506/tools/bin/../lib/gcc/arm-none-eabi/11.3.1/../../../../arm-none-eabi/lib/thumb/v7e-m+fp/hard\libc_nano.a(libc_a-nano-svfprintf.o)
                0x000000000800c668                _svfiprintf_r
                0x000000000800c668                _svfprintf_r
 .text.__sflush_r
                0x000000000800c864      0x10c C:/ST/STM32CubeIDE_1.5.1/STM32CubeIDE/plugins/com.st.stm32cube.ide.mcu.externaltools.gnu-tools-for-stm32.11.3.rel1.win32_1.1.0.202305231506/tools/bin/../lib/gcc/arm-none-eabi/11.3.1/../../../../arm-none-eabi/lib/thumb/v7e-m+fp/hard\libc_nano.a(libc_a-fflush.o)
                0x000000000800c864                __sflush_r
 .text._fflush_r
                0x000000000800c970       0x50 C:/ST/STM32CubeIDE_1.5.1/STM32CubeIDE/plugins/com.st.stm32cube.ide.mcu.externaltools.gnu-tools-for-stm32.11.3.rel1.win32_1.1.0.202305231506/tools/bin/../lib/gcc/arm-none-eabi/11.3.1/../../../../arm-none-eabi/lib/thumb/v7e-m+fp/hard\libc_nano.a(libc_a-fflush.o)
                0x000000000800c970                _fflush_r
 .text.memmove  0x000000000800c9c0       0x34 C:/ST/STM32CubeIDE_1.5.1/STM32CubeIDE/plugins/com.st.stm32cube.ide.mcu.externaltools.gnu-tools-for-stm32.11.3.rel1.win32_1.1.0.202305231506/tools/bin/../lib/gcc/arm-none-eabi/11.3.1/../../../../arm-none-eabi/lib/thumb/v7e-m+fp/hard\libc_nano.a(libc_a-memmove.o)
                0x000000000800c9c0                memmove
 .text._sbrk_r  0x000000000800c9f4       0x20 C:/ST/STM32CubeIDE_1.5.1/STM32CubeIDE/plugins/com.st.stm32cube.ide.mcu.externaltools.gnu-tools-for-stm32.11.3.rel1.win32_1.1.0.202305231506/tools/bin/../lib/gcc/arm-none-eabi/11.3.1/../../../../arm-none-eabi/lib/thumb/v7e-m+fp/hard\libc_nano.a(libc_a-sbrkr.o)
                0x000000000800c9f4                _sbrk_r
 .text.__assert_func
                0x000000000800ca14       0x3c C:/ST/STM32CubeIDE_1.5.1/STM32CubeIDE/plugins/com.st.stm32cube.ide.mcu.externaltools.gnu-tools-for-stm32.11.3.rel1.win32_1.1.0.202305231506/tools/bin/../lib/gcc/arm-none-eabi/11.3.1/../../../../arm-none-eabi/lib/thumb/v7e-m+fp/hard\libc_nano.a(libc_a-assert.o)
                0x000000000800ca14                __assert_func
 .text._calloc_r
                0x000000000800ca50       0x2c C:/ST/STM32CubeIDE_1.5.1/STM32CubeIDE/plugins/com.st.stm32cube.ide.mcu.externaltools.gnu-tools-for-stm32.11.3.rel1.win32_1.1.0.202305231506/tools/bin/../lib/gcc/arm-none-eabi/11.3.1/../../../../arm-none-eabi/lib/thumb/v7e-m+fp/hard\libc_nano.a(libc_a-callocr.o)
                0x000000000800ca50                _calloc_r
 .text.__ascii_mbtowc
                0x000000000800ca7c       0x24 C:/ST/STM32CubeIDE_1.5.1/STM32CubeIDE/plugins/com.st.stm32cube.ide.mcu.externaltools.gnu-tools-for-stm32.11.3.rel1.win32_1.1.0.202305231506/tools/bin/../lib/gcc/arm-none-eabi/11.3.1/../../../../arm-none-eabi/lib/thumb/v7e-m+fp/hard\libc_nano.a(libc_a-mbtowc_r.o)
                0x000000000800ca7c                __ascii_mbtowc
 .text._realloc_r
                0x000000000800caa0       0x5e C:/ST/STM32CubeIDE_1.5.1/STM32CubeIDE/plugins/com.st.stm32cube.ide.mcu.externaltools.gnu-tools-for-stm32.11.3.rel1.win32_1.1.0.202305231506/tools/bin/../lib/gcc/arm-none-eabi/11.3.1/../../../../arm-none-eabi/lib/thumb/v7e-m+fp/hard\libc_nano.a(libc_a-reallocr.o)
                0x000000000800caa0                _realloc_r
 .text.__ascii_wctomb
                0x000000000800cafe       0x1a C:/ST/STM32CubeIDE_1.5.1/STM32CubeIDE/plugins/com.st.stm32cube.ide.mcu.externaltools.gnu-tools-for-stm32.11.3.rel1.win32_1.1.0.202305231506/tools/bin/../lib/gcc/arm-none-eabi/11.3.1/../../../../arm-none-eabi/lib/thumb/v7e-m+fp/hard\libc_nano.a(libc_a-wctomb_r.o)
                0x000000000800cafe                __ascii_wctomb
 .text.fprintf  0x000000000800cb18       0x24 C:/ST/STM32CubeIDE_1.5.1/STM32CubeIDE/plugins/com.st.stm32cube.ide.mcu.externaltools.gnu-tools-for-stm32.11.3.rel1.win32_1.1.0.202305231506/tools/bin/../lib/gcc/arm-none-eabi/11.3.1/../../../../arm-none-eabi/lib/thumb/v7e-m+fp/hard\libc_nano.a(libc_a-fprintf.o)
                0x000000000800cb18                fiprintf
                0x000000000800cb18                fprintf
 .text.abort    0x000000000800cb3c        0xe C:/ST/STM32CubeIDE_1.5.1/STM32CubeIDE/plugins/com.st.stm32cube.ide.mcu.externaltools.gnu-tools-for-stm32.11.3.rel1.win32_1.1.0.202305231506/tools/bin/../lib/gcc/arm-none-eabi/11.3.1/../../../../arm-none-eabi/lib/thumb/v7e-m+fp/hard\libc_nano.a(libc_a-abort.o)
                0x000000000800cb3c                abort
 .text._malloc_usable_size_r
                0x000000000800cb4a       0x10 C:/ST/STM32CubeIDE_1.5.1/STM32CubeIDE/plugins/com.st.stm32cube.ide.mcu.externaltools.gnu-tools-for-stm32.11.3.rel1.win32_1.1.0.202305231506/tools/bin/../lib/gcc/arm-none-eabi/11.3.1/../../../../arm-none-eabi/lib/thumb/v7e-m+fp/hard\libc_nano.a(libc_a-msizer.o)
                0x000000000800cb4a                _malloc_usable_size_r
 .text.__sfputc_r
                0x000000000800cb5a       0x2e C:/ST/STM32CubeIDE_1.5.1/STM32CubeIDE/plugins/com.st.stm32cube.ide.mcu.externaltools.gnu-tools-for-stm32.11.3.rel1.win32_1.1.0.202305231506/tools/bin/../lib/gcc/arm-none-eabi/11.3.1/../../../../arm-none-eabi/lib/thumb/v7e-m+fp/hard\libc_nano.a(libc_a-nano-vfprintf.o)
 .text.__sfputs_r
                0x000000000800cb88       0x24 C:/ST/STM32CubeIDE_1.5.1/STM32CubeIDE/plugins/com.st.stm32cube.ide.mcu.externaltools.gnu-tools-for-stm32.11.3.rel1.win32_1.1.0.202305231506/tools/bin/../lib/gcc/arm-none-eabi/11.3.1/../../../../arm-none-eabi/lib/thumb/v7e-m+fp/hard\libc_nano.a(libc_a-nano-vfprintf.o)
                0x000000000800cb88                __sfputs_r
 .text._vfprintf_r
                0x000000000800cbac      0x234 C:/ST/STM32CubeIDE_1.5.1/STM32CubeIDE/plugins/com.st.stm32cube.ide.mcu.externaltools.gnu-tools-for-stm32.11.3.rel1.win32_1.1.0.202305231506/tools/bin/../lib/gcc/arm-none-eabi/11.3.1/../../../../arm-none-eabi/lib/thumb/v7e-m+fp/hard\libc_nano.a(libc_a-nano-vfprintf.o)
                0x000000000800cbac                _vfprintf_r
                0x000000000800cbac                _vfiprintf_r
 .text.__swbuf_r
                0x000000000800cde0       0x7a C:/ST/STM32CubeIDE_1.5.1/STM32CubeIDE/plugins/com.st.stm32cube.ide.mcu.externaltools.gnu-tools-for-stm32.11.3.rel1.win32_1.1.0.202305231506/tools/bin/../lib/gcc/arm-none-eabi/11.3.1/../../../../arm-none-eabi/lib/thumb/v7e-m+fp/hard\libc_nano.a(libc_a-wbuf.o)
                0x000000000800cde0                __swbuf_r
 *fill*         0x000000000800ce5a        0x2 
 .text.__swsetup_r
                0x000000000800ce5c       0xb0 C:/ST/STM32CubeIDE_1.5.1/STM32CubeIDE/plugins/com.st.stm32cube.ide.mcu.externaltools.gnu-tools-for-stm32.11.3.rel1.win32_1.1.0.202305231506/tools/bin/../lib/gcc/arm-none-eabi/11.3.1/../../../../arm-none-eabi/lib/thumb/v7e-m+fp/hard\libc_nano.a(libc_a-wsetup.o)
                0x000000000800ce5c                __swsetup_r
 .text._raise_r
                0x000000000800cf0c       0x50 C:/ST/STM32CubeIDE_1.5.1/STM32CubeIDE/plugins/com.st.stm32cube.ide.mcu.externaltools.gnu-tools-for-stm32.11.3.rel1.win32_1.1.0.202305231506/tools/bin/../lib/gcc/arm-none-eabi/11.3.1/../../../../arm-none-eabi/lib/thumb/v7e-m+fp/hard\libc_nano.a(libc_a-signal.o)
                0x000000000800cf0c                _raise_r
 .text.raise    0x000000000800cf5c       0x10 C:/ST/STM32CubeIDE_1.5.1/STM32CubeIDE/plugins/com.st.stm32cube.ide.mcu.externaltools.gnu-tools-for-stm32.11.3.rel1.win32_1.1.0.202305231506/tools/bin/../lib/gcc/arm-none-eabi/11.3.1/../../../../arm-none-eabi/lib/thumb/v7e-m+fp/hard\libc_nano.a(libc_a-signal.o)
                0x000000000800cf5c                raise
 .text._kill_r  0x000000000800cf6c       0x24 C:/ST/STM32CubeIDE_1.5.1/STM32CubeIDE/plugins/com.st.stm32cube.ide.mcu.externaltools.gnu-tools-for-stm32.11.3.rel1.win32_1.1.0.202305231506/tools/bin/../lib/gcc/arm-none-eabi/11.3.1/../../../../arm-none-eabi/lib/thumb/v7e-m+fp/hard\libc_nano.a(libc_a-signalr.o)
                0x000000000800cf6c                _kill_r
 .text._getpid_r
                0x000000000800cf90        0x4 C:/ST/STM32CubeIDE_1.5.1/STM32CubeIDE/plugins/com.st.stm32cube.ide.mcu.externaltools.gnu-tools-for-stm32.11.3.rel1.win32_1.1.0.202305231506/tools/bin/../lib/gcc/arm-none-eabi/11.3.1/../../../../arm-none-eabi/lib/thumb/v7e-m+fp/hard\libc_nano.a(libc_a-signalr.o)
                0x000000000800cf90                _getpid_r
 .text.__swhatbuf_r
                0x000000000800cf94       0x4c C:/ST/STM32CubeIDE_1.5.1/STM32CubeIDE/plugins/com.st.stm32cube.ide.mcu.externaltools.gnu-tools-for-stm32.11.3.rel1.win32_1.1.0.202305231506/tools/bin/../lib/gcc/arm-none-eabi/11.3.1/../../../../arm-none-eabi/lib/thumb/v7e-m+fp/hard\libc_nano.a(libc_a-makebuf.o)
                0x000000000800cf94                __swhatbuf_r
 .text.__smakebuf_r
                0x000000000800cfe0       0x78 C:/ST/STM32CubeIDE_1.5.1/STM32CubeIDE/plugins/com.st.stm32cube.ide.mcu.externaltools.gnu-tools-for-stm32.11.3.rel1.win32_1.1.0.202305231506/tools/bin/../lib/gcc/arm-none-eabi/11.3.1/../../../../arm-none-eabi/lib/thumb/v7e-m+fp/hard\libc_nano.a(libc_a-makebuf.o)
                0x000000000800cfe0                __smakebuf_r
 .text._fstat_r
                0x000000000800d058       0x24 C:/ST/STM32CubeIDE_1.5.1/STM32CubeIDE/plugins/com.st.stm32cube.ide.mcu.externaltools.gnu-tools-for-stm32.11.3.rel1.win32_1.1.0.202305231506/tools/bin/../lib/gcc/arm-none-eabi/11.3.1/../../../../arm-none-eabi/lib/thumb/v7e-m+fp/hard\libc_nano.a(libc_a-fstatr.o)
                0x000000000800d058                _fstat_r
 .text._isatty_r
                0x000000000800d07c       0x20 C:/ST/STM32CubeIDE_1.5.1/STM32CubeIDE/plugins/com.st.stm32cube.ide.mcu.externaltools.gnu-tools-for-stm32.11.3.rel1.win32_1.1.0.202305231506/tools/bin/../lib/gcc/arm-none-eabi/11.3.1/../../../../arm-none-eabi/lib/thumb/v7e-m+fp/hard\libc_nano.a(libc_a-isattyr.o)
                0x000000000800d07c                _isatty_r
 *(.glue_7)
 .glue_7        0x000000000800d09c        0x0 linker stubs
 *(.glue_7t)
 .glue_7t       0x000000000800d09c        0x0 linker stubs
 *(.eh_frame)
 .eh_frame      0x000000000800d09c        0x0 C:/ST/STM32CubeIDE_1.5.1/STM32CubeIDE/plugins/com.st.stm32cube.ide.mcu.externaltools.gnu-tools-for-stm32.11.3.rel1.win32_1.1.0.202305231506/tools/bin/../lib/gcc/arm-none-eabi/11.3.1/thumb/v7e-m+fp/hard/crtbegin.o
 *(.init)
 .init          0x000000000800d09c        0x4 C:/ST/STM32CubeIDE_1.5.1/STM32CubeIDE/plugins/com.st.stm32cube.ide.mcu.externaltools.gnu-tools-for-stm32.11.3.rel1.win32_1.1.0.202305231506/tools/bin/../lib/gcc/arm-none-eabi/11.3.1/thumb/v7e-m+fp/hard/crti.o
                0x000000000800d09c                _init
 .init          0x000000000800d0a0        0x8 C:/ST/STM32CubeIDE_1.5.1/STM32CubeIDE/plugins/com.st.stm32cube.ide.mcu.externaltools.gnu-tools-for-stm32.11.3.rel1.win32_1.1.0.202305231506/tools/bin/../lib/gcc/arm-none-eabi/11.3.1/thumb/v7e-m+fp/hard/crtn.o
 *(.fini)
 .fini          0x000000000800d0a8        0x4 C:/ST/STM32CubeIDE_1.5.1/STM32CubeIDE/plugins/com.st.stm32cube.ide.mcu.externaltools.gnu-tools-for-stm32.11.3.rel1.win32_1.1.0.202305231506/tools/bin/../lib/gcc/arm-none-eabi/11.3.1/thumb/v7e-m+fp/hard/crti.o
                0x000000000800d0a8                _fini
 .fini          0x000000000800d0ac        0x8 C:/ST/STM32CubeIDE_1.5.1/STM32CubeIDE/plugins/com.st.stm32cube.ide.mcu.externaltools.gnu-tools-for-stm32.11.3.rel1.win32_1.1.0.202305231506/tools/bin/../lib/gcc/arm-none-eabi/11.3.1/thumb/v7e-m+fp/hard/crtn.o
                0x000000000800d0b4                . = ALIGN (0x4)
                0x000000000800d0b4                _etext = .

.vfp11_veneer   0x000000000800d0b4        0x0
 .vfp11_veneer  0x000000000800d0b4        0x0 linker stubs

.v4_bx          0x000000000800d0b4        0x0
 .v4_bx         0x000000000800d0b4        0x0 linker stubs

.iplt           0x000000000800d0b4        0x0
 .iplt          0x000000000800d0b4        0x0 C:/ST/STM32CubeIDE_1.5.1/STM32CubeIDE/plugins/com.st.stm32cube.ide.mcu.externaltools.gnu-tools-for-stm32.11.3.rel1.win32_1.1.0.202305231506/tools/bin/../lib/gcc/arm-none-eabi/11.3.1/thumb/v7e-m+fp/hard/crtbegin.o

.rodata         0x000000000800d0b8     0x1714
                0x000000000800d0b8                . = ALIGN (0x4)
 *(.rodata)
 .rodata        0x000000000800d0b8      0x218 ./Core/Src/app.o
 .rodata        0x000000000800d2d0      0x569 C:\Users\Gabor\STM32CubeIDE\workspace_1.5.1\GOS2022\Debug\libGOS2022.a(gos_kernel.o)
 *fill*         0x000000000800d839        0x3 
 .rodata        0x000000000800d83c       0xea C:\Users\Gabor\STM32CubeIDE\workspace_1.5.1\GOS2022\Debug\libGOS2022.a(gos.o)
 *fill*         0x000000000800d926        0x2 
 .rodata        0x000000000800d928      0x50d C:\Users\Gabor\STM32CubeIDE\workspace_1.5.1\GOS2022\Debug\libGOS2022.a(gos_error.o)
 *fill*         0x000000000800de35        0x3 
 .rodata        0x000000000800de38       0xd5 C:\Users\Gabor\STM32CubeIDE\workspace_1.5.1\GOS2022\Debug\libGOS2022.a(gos_queue.o)
 *fill*         0x000000000800df0d        0x3 
 .rodata        0x000000000800df10      0x31d C:\Users\Gabor\STM32CubeIDE\workspace_1.5.1\GOS2022\Debug\libGOS2022.a(gos_shell.o)
 *fill*         0x000000000800e22d        0x3 
 .rodata        0x000000000800e230       0x29 C:\Users\Gabor\STM32CubeIDE\workspace_1.5.1\GOS2022\Debug\libGOS2022.a(gos_signal.o)
 *fill*         0x000000000800e259        0x3 
 .rodata        0x000000000800e25c       0x2a C:\Users\Gabor\STM32CubeIDE\workspace_1.5.1\GOS2022\Debug\libGOS2022.a(gos_trace.o)
 *(.rodata*)
 *fill*         0x000000000800e286        0x2 
 .rodata.__func__.1
                0x000000000800e288       0x18 ./Core/Src/app.o
 .rodata.__func__.0
                0x000000000800e2a0       0x11 ./Core/Src/app.o
 *fill*         0x000000000800e2b1        0x3 
 .rodata.AHBPrescTable
                0x000000000800e2b4       0x10 ./Core/Src/system_stm32f4xx.o
                0x000000000800e2b4                AHBPrescTable
 .rodata.APBPrescTable
                0x000000000800e2c4        0x8 ./Core/Src/system_stm32f4xx.o
                0x000000000800e2c4                APBPrescTable
 .rodata.io     0x000000000800e2cc       0x90 ./Core/driver/src/iodef.o
 .rodata.flagBitshiftOffset.0
                0x000000000800e35c        0x8 ./Drivers/STM32F4xx_HAL_Driver/Src/stm32f4xx_hal_dma.o
 .rodata.__func__.7
                0x000000000800e364       0x15 C:\Users\Gabor\STM32CubeIDE\workspace_1.5.1\GOS2022\Debug\libGOS2022.a(gos_kernel.o)
 *fill*         0x000000000800e379        0x3 
 .rodata.__func__.6
                0x000000000800e37c       0x16 C:\Users\Gabor\STM32CubeIDE\workspace_1.5.1\GOS2022\Debug\libGOS2022.a(gos_kernel.o)
 *fill*         0x000000000800e392        0x2 
 .rodata.__func__.5
                0x000000000800e394       0x15 C:\Users\Gabor\STM32CubeIDE\workspace_1.5.1\GOS2022\Debug\libGOS2022.a(gos_kernel.o)
 *fill*         0x000000000800e3a9        0x3 
 .rodata.__func__.4
                0x000000000800e3ac       0x14 C:\Users\Gabor\STM32CubeIDE\workspace_1.5.1\GOS2022\Debug\libGOS2022.a(gos_kernel.o)
 .rodata.__func__.3
                0x000000000800e3c0       0x16 C:\Users\Gabor\STM32CubeIDE\workspace_1.5.1\GOS2022\Debug\libGOS2022.a(gos_kernel.o)
 *fill*         0x000000000800e3d6        0x2 
 .rodata.__func__.2
                0x000000000800e3d8       0x15 C:\Users\Gabor\STM32CubeIDE\workspace_1.5.1\GOS2022\Debug\libGOS2022.a(gos_kernel.o)
 *fill*         0x000000000800e3ed        0x3 
 .rodata.__func__.1
                0x000000000800e3f0       0x1a C:\Users\Gabor\STM32CubeIDE\workspace_1.5.1\GOS2022\Debug\libGOS2022.a(gos_kernel.o)
 *fill*         0x000000000800e40a        0x2 
 .rodata.__func__.0
                0x000000000800e40c       0x22 C:\Users\Gabor\STM32CubeIDE\workspace_1.5.1\GOS2022\Debug\libGOS2022.a(gos_kernel.o)
 *fill*         0x000000000800e42e        0x2 
 .rodata.__func__.2
                0x000000000800e430        0x5 C:\Users\Gabor\STM32CubeIDE\workspace_1.5.1\GOS2022\Debug\libGOS2022.a(gos.o)
 *fill*         0x000000000800e435        0x3 
 .rodata.__func__.0
                0x000000000800e438       0x11 C:\Users\Gabor\STM32CubeIDE\workspace_1.5.1\GOS2022\Debug\libGOS2022.a(gos_signal.o)
 *fill*         0x000000000800e449        0x3 
 .rodata.dayLookupTable
                0x000000000800e44c        0xc C:\Users\Gabor\STM32CubeIDE\workspace_1.5.1\GOS2022\Debug\libGOS2022.a(gos_time.o)
 .rodata._ctype_
                0x000000000800e458      0x101 C:/ST/STM32CubeIDE_1.5.1/STM32CubeIDE/plugins/com.st.stm32cube.ide.mcu.externaltools.gnu-tools-for-stm32.11.3.rel1.win32_1.1.0.202305231506/tools/bin/../lib/gcc/arm-none-eabi/11.3.1/../../../../arm-none-eabi/lib/thumb/v7e-m+fp/hard\libc_nano.a(libc_a-ctype_.o)
                0x000000000800e458                _ctype_
 .rodata._printf_float.str1.1