../os/kernel/src/gos_kernel.c:285:14:gos_kernelInit	20	static
../os/kernel/src/gos_kernel.c:346:14:gos_kernelStart	8	static,ignoring_inline_asm
../os/kernel/src/gos_kernel.c:384:14:gos_kernelRegisterSwapHook	0	static
../os/kernel/src/gos_kernel.c:410:14:gos_kernelRegisterSysTickHook	0	static
../os/kernel/src/gos_kernel.c:436:14:gos_kernelRegisterPrivilegedHook	0	static
../os/kernel/src/gos_kernel.c:462:14:gos_kernelSubscribeDumpReadySignal	0	static
../os/kernel/src/gos_kernel.c:488:8:SysTick_Handler	32	static,ignoring_inline_asm
../os/kernel/src/gos_kernel.c:531:7:gos_kernelGetSysTicks	0	static
../os/kernel/src/gos_kernel.c:542:7:gos_kernelGetCpuUsage	0	static
../os/kernel/src/gos_kernel.c:553:8:gos_kernelReset	0	static,ignoring_inline_asm
../os/kernel/src/gos_kernel.c:565:8:gos_kernelPrivilegedModeSetRequired	0	static,ignoring_inline_asm
../os/kernel/src/gos_kernel.c:578:19:gos_kernelDelayUs	16	static
../os/kernel/src/gos_kernel.c:600:19:gos_kernelDelayMs	0	static
../os/kernel/src/gos_kernel.c:616:19:gos_kernelCalculateTaskCpuUsages	56	static
../os/kernel/src/gos_kernel.c:718:8:gos_kernelDump	176	static
../os/kernel/src/gos_kernel.c:830:14:gos_kernelSetMaxCpuLoad	0	static
../os/kernel/src/gos_kernel.c:856:14:gos_kernelGetMaxCpuLoad	0	static
../os/kernel/src/gos_kernel.c:882:8:gos_kernelIsCallerIsr	0	static
../os/kernel/src/gos_kernel.c:893:8:SVC_Handler	0	static,ignoring_inline_asm
../os/kernel/src/gos_kernel.c:904:8:gos_kernelSVC_HandlerMain	0	static
../os/kernel/src/gos_kernel.c:915:8:PendSV_Handler	0	static,ignoring_inline_asm
../os/kernel/src/gos_kernel.c:941:19:gos_kernelReschedule	0	static,ignoring_inline_asm
../os/kernel/src/gos_kernel.c:1226:8:NMI_Handler	0	static,ignoring_inline_asm
../os/kernel/src/gos_kernel.c:1240:8:HardFault_Handler	0	static,ignoring_inline_asm
../os/kernel/src/gos_kernel.c:1255:8:MemManage_Handler	0	static,ignoring_inline_asm
../os/kernel/src/gos_kernel.c:1269:8:BusFault_Handler	0	static,ignoring_inline_asm
../os/kernel/src/gos_kernel.c:1283:8:UsageFault_Handler	0	static,ignoring_inline_asm
