../os/kernel/src/gos_task.c:1265:8:gos_idleTask	8	static
../os/kernel/src/gos_task.c:157:14:gos_taskRegister	40	static
../os/kernel/src/gos_task.c:109:14:gos_taskRegisterTasks	24	static
../os/kernel/src/gos_task.c:276:25:gos_taskSleep	24	static,ignoring_inline_asm
../os/kernel/src/gos_task.c:325:25:gos_taskWakeup	32	static,ignoring_inline_asm
../os/kernel/src/gos_task.c:376:25:gos_taskSuspend	32	static,ignoring_inline_asm
../os/kernel/src/gos_task.c:450:25:gos_taskResume	24	static,ignoring_inline_asm
../os/kernel/src/gos_task.c:501:25:gos_taskBlock	32	static,ignoring_inline_asm
../os/kernel/src/gos_task.c:576:25:gos_taskUnblock	32	static,ignoring_inline_asm
../os/kernel/src/gos_task.c:633:25:gos_taskDelete	40	static,ignoring_inline_asm
../os/kernel/src/gos_task.c:713:25:gos_taskSetPriority	32	static,ignoring_inline_asm
../os/kernel/src/gos_task.c:759:25:gos_taskSetOriginalPriority	32	static,ignoring_inline_asm
../os/kernel/src/gos_task.c:805:14:gos_taskGetPriority	12	static,ignoring_inline_asm
../os/kernel/src/gos_task.c:836:14:gos_taskGetOriginalPriority	12	static,ignoring_inline_asm
../os/kernel/src/gos_task.c:867:25:gos_taskAddPrivilege	20	static,ignoring_inline_asm
../os/kernel/src/gos_task.c:897:25:gos_taskRemovePrivilege	20	static,ignoring_inline_asm
../os/kernel/src/gos_task.c:927:25:gos_taskSetPrivileges	20	static,ignoring_inline_asm
../os/kernel/src/gos_task.c:957:25:gos_taskGetPrivileges	12	static,ignoring_inline_asm
../os/kernel/src/gos_task.c:989:25:gos_taskYield	8	static
../os/kernel/src/gos_task.c:1006:14:gos_taskGetName	8	static
../os/kernel/src/gos_task.c:1037:14:gos_taskGetId	24	static
../os/kernel/src/gos_task.c:1068:25:gos_taskGetCurrentId	0	static,ignoring_inline_asm
../os/kernel/src/gos_task.c:1096:14:gos_taskGetData	16	static,ignoring_inline_asm
../os/kernel/src/gos_task.c:1129:14:gos_taskGetDataByIndex	16	static,ignoring_inline_asm
../os/kernel/src/gos_task.c:1160:14:gos_taskRegisterIdleHook	0	static
../os/kernel/src/gos_task.c:1186:14:gos_taskSubscribeDeleteSignal	0	static
