../os/services/src/gos_shell.c:471:19:gos_shellCommandHandler	48	static
../os/services/src/gos_shell.c:344:19:gos_shellDaemonTask	32	static
../os/services/src/gos_shell.c:230:14:gos_shellRegisterCommand	16	static
../os/services/src/gos_shell.c:148:14:gos_shellInit	8	static
../os/services/src/gos_shell.c:182:14:gos_shellRegisterCommands	24	static
../os/services/src/gos_shell.c:265:14:gos_shellSuspend	0	static
../os/services/src/gos_shell.c:283:14:gos_shellResume	0	static
../os/services/src/gos_shell.c:301:14:gos_shellEchoOn	0	static
../os/services/src/gos_shell.c:319:14:gos_shellEchoOff	0	static
